 ice

 Timestamp is 3e4bfb3b (Thu Feb 13 21:08:27 2003)

 Preferred load address is 00400000

 Start         Length     Name                   Class
 0001:00000000 00164dd0H .text                   CODE
 0002:00000000 000008fbH .rdata                  DATA
 0002:000008fb 00000000H .edata                  DATA
 0003:00000000 00000104H .CRT$XCA                DATA
 0003:00000104 00000104H .CRT$XCZ                DATA
 0003:00000208 00000104H .CRT$XIA                DATA
 0003:0000030c 0000010eH .CRT$XIC                DATA
 0003:0000041c 00000104H .CRT$XIZ                DATA
 0003:00000520 00000104H .CRT$XPA                DATA
 0003:00000624 00000104H .CRT$XPX                DATA
 0003:00000728 00000104H .CRT$XPZ                DATA
 0003:0000082c 00000104H .CRT$XTA                DATA
 0003:00000930 00000104H .CRT$XTZ                DATA
 0003:00000a40 0002017aH .data                   DATA
 0003:00020bc0 00003658H .bss                    DATA
 0004:00000000 00000014H .idata$2                DATA
 0004:00000014 00000014H .idata$3                DATA
 0004:00000028 00000140H .idata$4                DATA
 0004:00000168 00000140H .idata$5                DATA
 0004:000002a8 00000585H .idata$6                DATA

  Address         Publics by Value              Rva+Base     Lib:Object

 0001:00000020       ?loadModules@@YAXXZ        00401020 f   ice-s.obj
 0001:00000565       ?call_main@@YAXXZ          00401565 f   ice-s.obj
 0001:000006d0       ?metaLoad@CoreClass@@QAEXXZ 004016d0 f   Core:Core.obj
 0001:000079b0       ?finite_ask_type@@YAPAVClaireBoolean@@PAVClaireType@@@Z 004089b0 f   Core:types.obj
 0001:00007ac0       ?enumerate_any@@YAPAVbag@@H@Z 00408ac0 f   Core:types.obj
 0001:00007cb0       ?_equaltype_ask_any@@YAPAVClaireBoolean@@PAVClaireType@@0@Z 00408cb0 f   Core:types.obj
 0001:00007cf0       ?sort_I_type@@YAPAVClaireClass@@PAVClaireType@@@Z 00408cf0 f   Core:types.obj
 0001:00007d50       ?_Z_any1@@YAPAVClaireBoolean@@HPAVClaireClass@@@Z 00408d50 f   Core:types.obj
 0001:00007de0       ?Ztype_any@@YAPAVClaireBoolean@@HH@Z 00408de0 f   Core:types.obj
 0001:00007f30       ?self_print_Union_Core@@YAXPAVUnion@@@Z 00408f30 f   Core:types.obj
 0001:00008020       ?finite_ask_Union@@YAPAVClaireBoolean@@PAVUnion@@@Z 00409020 f   Core:types.obj
 0001:00008130       ?self_print_Interval_Core@@YAXPAVInterval@@@Z 00409130 f   Core:types.obj
 0001:00008170       ?finite_ask_Interval@@YAPAVClaireBoolean@@PAVInterval@@@Z 00409170 f   Core:types.obj
 0001:00008180       ?_dash_dash_integer@@YAPAVInterval@@HH@Z 00409180 f   Core:types.obj
 0001:000081f0       ?self_print_Param_Core@@YAXPAVParam@@@Z 004091f0 f   Core:types.obj
 0001:00008340       ?finite_ask_Param@@YAPAVClaireBoolean@@PAVParam@@@Z 00409340 f   Core:types.obj
 0001:00008360       ?self_print_subtype_Core@@YAXPAVsubtype@@@Z 00409360 f   Core:types.obj
 0001:00008490       ?finite_ask_subtype@@YAPAVClaireBoolean@@PAVsubtype@@@Z 00409490 f   Core:types.obj
 0001:00008570       ?nth_class1@@YAPAVClaireType@@PAVClaireClass@@PAV1@@Z 00409570 f   Core:types.obj
 0001:000086f0       ?nth_class2@@YAPAVClaireType@@PAVClaireClass@@PAVlist@@1@Z 004096f0 f   Core:types.obj
 0001:000088f0       ?param_I_class@@YAPAVClaireType@@PAVClaireClass@@PAV1@@Z 004098f0 f   Core:types.obj
 0001:000089f0       ?nth_type@@YAPAVClaireType@@PAV1@@Z 004099f0 f   Core:types.obj
 0001:00008af0       ?finite_ask_tuple@@YAPAVClaireBoolean@@PAVtuple@@@Z 00409af0 f   Core:types.obj
 0001:00008b70       ?self_print_Reference_Core@@YAXPAVReference@@@Z 00409b70 f   Core:types.obj
 0001:00008c50       ?get_Reference@@YAHPAVReference@@H@Z 00409c50 f   Core:types.obj
 0001:00008d10       ?_at_Reference@@YAHPAVReference@@PAVlist@@H@Z 00409d10 f   Core:types.obj
 0001:00008dd0       ?set_I_collection@@YAPAVset@@PAVClaireCollection@@@Z 00409dd0 f   Core:types.obj
 0001:00008f30       ?size_collection@@YAHPAVClaireCollection@@@Z 00409f30 f   Core:types.obj
 0001:00009060       ?set_I_set@@YAPAVset@@PAV1@@Z 0040a060 f   Core:types.obj
 0001:00009070       ?size_set@@YAHPAVset@@@Z   0040a070 f   Core:types.obj
 0001:00009080       ?size_list2_Core@@YAHPAVlist@@@Z 0040a080 f   Core:types.obj
 0001:000090a0       ?set_I_class@@YAPAVset@@PAVClaireClass@@@Z 0040a0a0 f   Core:types.obj
 0001:00009210       ?size_class@@YAHPAVClaireClass@@@Z 0040a210 f   Core:types.obj
 0001:00009260       ?set_I_Union@@YAPAVset@@PAVUnion@@@Z 0040a260 f   Core:types.obj
 0001:00009380       ?size_Union@@YAHPAVUnion@@@Z 0040a380 f   Core:types.obj
 0001:00009500       ?set_I_Interval@@YAPAVset@@PAVInterval@@@Z 0040a500 f   Core:types.obj
 0001:00009520       ?size_Interval@@YAHPAVInterval@@@Z 0040a520 f   Core:types.obj
 0001:00009530       ?set_I_Param@@YAPAVset@@PAVParam@@@Z 0040a530 f   Core:types.obj
 0001:00009640       ?size_Param@@YAHPAVParam@@@Z 0040a640 f   Core:types.obj
 0001:00009660       ?set_I_subtype@@YAPAVset@@PAVsubtype@@@Z 0040a660 f   Core:types.obj
 0001:000097b0       ?size_subtype@@YAHPAVsubtype@@@Z 0040a7b0 f   Core:types.obj
 0001:00009900       ?set_I_tuple@@YAPAVset@@PAVtuple@@@Z 0040a900 f   Core:types.obj
 0001:00009c10       ?size_tuple@@YAHPAVtuple@@@Z 0040ac10 f   Core:types.obj
 0001:00009c90       ?member_ask_any@@YAPAVClaireBoolean@@HPAVClaireType@@@Z 0040ac90 f   Core:types.obj
 0001:0000a3e0       ?class_I_type@@YAPAVClaireClass@@PAVClaireType@@@Z 0040b3e0 f   Core:types.obj
 0001:0000a680       ?U_type@@YAPAVClaireType@@PAV1@0@Z 0040b680 f   Core:types.obj
 0001:0000ac50       ?_dot_dot_integer@@YAPAVClaireType@@HH@Z 0040bc50 f   Core:types.obj
 0001:0000ac70       ?_dot_dot_integer_type@@YAPAVClaireType@@PAV1@0@Z 0040bc70 f   Core:types.obj
 0001:0000adc0       ?but_any@@YAPAVbag@@HH@Z   0040bdc0 f   Core:types.obj
 0001:0000ae90       ?but_any_type@@YAPAVClaireType@@PAV1@0@Z 0040be90 f   Core:types.obj
 0001:0000af40       ?_backslash_type@@YAPAVset@@PAVClaireType@@0@Z 0040bf40 f   Core:types.obj
 0001:0000b080       ?glb_set@@YAPAVset@@PAV1@PAVClaireType@@@Z 0040c080 f   Core:types.obj
 0001:0000b180       ?glb_Union@@YAPAVClaireType@@PAVUnion@@PAV1@@Z 0040c180 f   Core:types.obj
 0001:0000b2c0       ?glb_Interval@@YAPAVClaireType@@PAVInterval@@PAV1@@Z 0040c2c0 f   Core:types.obj
 0001:0000b4a0       ?glb_class@@YAPAVClaireType@@PAVClaireClass@@PAV1@@Z 0040c4a0 f   Core:types.obj
 0001:0000b730       ?glb_Param@@YAPAVClaireType@@PAVParam@@PAV1@@Z 0040c730 f   Core:types.obj
 0001:0000ba40       ?glb_subtype@@YAPAVClaireType@@PAVsubtype@@PAV1@@Z 0040ca40 f   Core:types.obj
 0001:0000bd60       ?glb_tuple@@YAPAVClaireType@@PAVtuple@@PAV1@@Z 0040cd60 f   Core:types.obj
 0001:0000bfa0       ?glb_Reference@@YAPAVClaireType@@PAVReference@@PAV1@@Z 0040cfa0 f   Core:types.obj
 0001:0000bfb0       ?_exp_type@@YAPAVClaireType@@PAV1@0@Z 0040cfb0 f   Core:types.obj
 0001:0000bff0       ?join_class@@YAPAVClaireType@@PAVClaireClass@@0@Z 0040cff0 f   Core:types.obj
 0001:0000c050       ?_exp_list@@YAPAVlist@@PAV1@0@Z 0040d050 f   Core:types.obj
 0001:0000c170       ?Uall_list@@YAPAVClaireType@@PAVlist@@@Z 0040d170 f   Core:types.obj
 0001:0000c220       ?_inf_equalt_bag2@@YAPAVClaireBoolean@@PAVbag@@PAVClaireType@@@Z 0040d220 f   Core:types.obj
 0001:0000c330       ?_inf_equalt_class@@YAPAVClaireBoolean@@PAVClaireClass@@PAVClaireType@@@Z 0040d330 f   Core:types.obj
 0001:0000c670       ?_inf_equalt_Union@@YAPAVClaireBoolean@@PAVUnion@@PAVClaireType@@@Z 0040d670 f   Core:types.obj
 0001:0000c7e0       ?_inf_equalt_Interval@@YAPAVClaireBoolean@@PAVInterval@@PAVClaireType@@@Z 0040d7e0 f   Core:types.obj
 0001:0000ca00       ?_inf_equalt_subtype@@YAPAVClaireBoolean@@PAVsubtype@@PAVClaireType@@@Z 0040da00 f   Core:types.obj
 0001:0000cb90       ?_inf_equalt_Param@@YAPAVClaireBoolean@@PAVParam@@PAVClaireType@@@Z 0040db90 f   Core:types.obj
 0001:0000cd20       ?_inf_equalt_Reference@@YAPAVClaireBoolean@@PAVReference@@PAVClaireType@@@Z 0040dd20 f   Core:types.obj
 0001:0000cd30       ?_inf_equalt_tuple@@YAPAVClaireBoolean@@PAVtuple@@PAVClaireType@@@Z 0040dd30 f   Core:types.obj
 0001:0000d070       ?_inf_equalt_type@@YAPAVClaireBoolean@@PAVClaireType@@0@Z 0040e070 f   Core:types.obj
 0001:0000d400       ?_inf_equal_type@@YAPAVClaireBoolean@@PAVClaireType@@0@Z 0040e400 f   Core:types.obj
 0001:0000d450       ?member_type@@YAPAVClaireType@@PAV1@@Z 0040e450 f   Core:types.obj
 0001:0000d7f0       ?of_extract_type@@YAPAVClaireType@@PAV1@@Z 0040e7f0 f   Core:types.obj
 0001:0000d8a0       ?_at_type@@YAPAVClaireType@@PAV1@PAVproperty@@@Z 0040e8a0 f   Core:types.obj
 0001:0000db40       ?unique_ask_type@@YAPAVClaireBoolean@@PAVClaireType@@@Z 0040eb40 f   Core:types.obj
 0001:0000dbc0       ?the_type@@YAHPAVClaireType@@@Z 0040ebc0 f   Core:types.obj
 0001:0000dc00       ?integer_I_set@@YAHPAVset@@@Z 0040ec00 f   Core:types.obj
 0001:0000dc50       ?make_set_integer@@YAPAVset@@H@Z 0040ec50 f   Core:types.obj
 0001:0000dd20       ?abstract_type_set@@YAPAVClaireType@@PAVset@@@Z 0040ed20 f   Core:types.obj
 0001:0000de30       ?abstract_type_operation@@YAPAVClaireType@@PAVoperation@@PAV1@1@Z 0040ee30 f   Core:types.obj
 0001:0000e0e0       ?first_arg_type_type@@YAPAVClaireType@@PAV1@0@Z 0040f0e0 f   Core:types.obj
 0001:0000e0f0       ?first_arg_type_type2@@YAPAVClaireType@@PAV1@00@Z 0040f0f0 f   Core:types.obj
 0001:0000e100       ?second_arg_type_type@@YAPAVClaireType@@PAV1@0@Z 0040f100 f   Core:types.obj
 0001:0000e110       ?meet_arg_types_type@@YAPAVClaireType@@PAV1@0@Z 0040f110 f   Core:types.obj
 0001:0000e130       ?nth_get_array_type@@YAPAVClaireType@@PAV1@0@Z 0040f130 f   Core:types.obj
 0001:0000e140       ?nth_array@@YAHPAHH@Z      0040f140 f   Core:types.obj
 0001:0000e1c0       ?nth_array_type@@YAPAVClaireType@@PAV1@0@Z 0040f1c0 f   Core:types.obj
 0001:0000e1d0       ?make_array_integer_type@@YAPAVClaireType@@PAV1@00@Z 0040f1d0 f   Core:types.obj
 0001:0000e2a0       ?make_list_integer2@@YAPAVlist@@HPAVClaireType@@H@Z 0040f2a0 f   Core:types.obj
 0001:0000e2d0       ?make_list_integer2_type@@YAPAVClaireType@@PAV1@00@Z 0040f2d0 f   Core:types.obj
 0001:0000e3a0       ?make_set_array@@YAPAVset@@PAH@Z 0040f3a0 f   Core:types.obj
 0001:0000e450       ?make_set_array_type@@YAPAVClaireType@@PAV1@@Z 0040f450 f   Core:types.obj
 0001:0000e5a0       ?list_I_array_type@@YAPAVClaireType@@PAV1@@Z 0040f5a0 f   Core:types.obj
 0001:0000e6f0       ?array_I_list_type@@YAPAVClaireType@@PAV1@@Z 0040f6f0 f   Core:types.obj
 0001:0000e840       ?set_I_bag_type@@YAPAVClaireType@@PAV1@@Z 0040f840 f   Core:types.obj
 0001:0000e990       ?list_I_set_type@@YAPAVClaireType@@PAV1@@Z 0040f990 f   Core:types.obj
 0001:0000eae0       ?print_in_string_void@@YAXXZ 0040fae0 f   Core:function.obj
 0001:0000eb90       ?end_of_print_void@@YAPADXZ 0040fb90 f   Core:function.obj
 0001:0000ebd0       ?buffer_length_void@@YAHXZ 0040fbd0 f   Core:function.obj
 0001:0000ebf0       ?buffer_set_length_integer@@YAXH@Z 0040fbf0 f   Core:function.obj
 0001:0000ec10       ?apply_self_print_any@@YAXH@Z 0040fc10 f   Core:function.obj
 0001:0000ef60       ?self_print_any_Core@@YAXH@Z 0040ff60 f   Core:function.obj
 0001:0000efd0       ?self_print_boolean_Core@@YAXPAVClaireBoolean@@@Z 0040ffd0 f   Core:function.obj
 0001:0000f000       ?self_print_function_Core@@YAXPAVClaireFunction@@@Z 00410000 f   Core:function.obj
 0001:0000f030       ?self_print_restriction_Core@@YAXPAVrestriction@@@Z 00410030 f   Core:function.obj
 0001:0000f160       ?print_any@@YAXH@Z         00410160 f   Core:function.obj
 0001:0000f330       ?short_enough_integer@@YAPAVClaireBoolean@@H@Z 00410330 f   Core:function.obj
 0001:0000f350       ?complete_I_object@@YAPAVClaireObject@@PAV1@@Z 00410350 f   Core:function.obj
 0001:0000f690       ?not_any@@YAPAVClaireBoolean@@H@Z 00410690 f   Core:function.obj
 0001:0000f6d0       ?_I_equal_any@@YAPAVClaireBoolean@@HH@Z 004106d0 f   Core:function.obj
 0001:0000f700       ?owner_any@@YAPAVClaireClass@@H@Z 00410700 f   Core:function.obj
 0001:0000f730       ?known_ask_any@@YAPAVClaireBoolean@@H@Z 00410730 f   Core:function.obj
 0001:0000f750       ?unknown_ask_any@@YAPAVClaireBoolean@@H@Z 00410750 f   Core:function.obj
 0001:0000f770       ?check_in_any@@YAHHPAVClaireType@@@Z 00410770 f   Core:function.obj
 0001:0000f810       ?check_in_bag@@YAPAVbag@@PAV1@PAVClaireClass@@PAVClaireType@@@Z 00410810 f   Core:function.obj
 0001:0000f920       ?_inf_any@@YAPAVClaireBoolean@@HH@Z 00410920 f   Core:function.obj
 0001:0000f970       ?_sup_any@@YAPAVClaireBoolean@@HH@Z 00410970 f   Core:function.obj
 0001:0000f9c0       ?ephemeral_class@@YAHPAVClaireClass@@@Z 004109c0 f   Core:function.obj
 0001:0000fab0       ?abstract_class@@YAHPAVClaireClass@@@Z 00410ab0 f   Core:function.obj
 0001:0000fb60       ?final_class@@YAHPAVClaireClass@@@Z 00410b60 f   Core:function.obj
 0001:0000fc10       ?new_class1@@YAPAVClaireObject@@PAVClaireClass@@@Z 00410c10 f   Core:function.obj
 0001:0000fd50       ?new_class1_type@@YAPAVClaireType@@PAV1@@Z 00410d50 f   Core:function.obj
 0001:0000fe00       ?new_class2@@YAPAVthing@@PAVClaireClass@@PAVsymbol@@@Z 00410e00 f   Core:function.obj
 0001:0000fe80       ?new_class2_type@@YAPAVClaireType@@PAV1@0@Z 00410e80 f   Core:function.obj
 0001:0000ff30       ?new_object_class_type@@YAPAVClaireType@@PAV1@@Z 00410f30 f   Core:function.obj
 0001:0000ffe0       ?new_thing_class_type@@YAPAVClaireType@@PAV1@0@Z 00410fe0 f   Core:function.obj
 0001:00010090       ?meet_class@@YAPAVClaireClass@@PAV1@0@Z 00411090 f   Core:function.obj
 0001:00010110       ?inherit_ask_class@@YAPAVClaireBoolean@@PAVClaireClass@@0@Z 00411110 f   Core:function.obj
 0001:00010150       ?abstract_property@@YAHPAVproperty@@@Z 00411150 f   Core:function.obj
 0001:000101f0       ?final_relation@@YAXPAVClaireRelation@@@Z 004111f0 f   Core:function.obj
 0001:00010380       ?close_module@@YAPAVmodule@@PAV1@@Z 00411380 f   Core:function.obj
 0001:00010560       ?get_symbol_string@@YAHPAD@Z 00411560 f   Core:function.obj
 0001:00010580       ?gensym_void@@YAPAVsymbol@@XZ 00411580 f   Core:function.obj
 0001:00010590       ?store_list4@@YAHPAVlist@@HH@Z 00411590 f   Core:function.obj
 0001:00010640       ?store_array1@@YAHPAHHH@Z  00411640 f   Core:function.obj
 0001:00010660       ?commit_integer@@YAXH@Z    00411660 f   Core:function.obj
 0001:00010680       ?backtrack_integer@@YAXH@Z 00411680 f   Core:function.obj
 0001:000106a0       ?store_listargs@@YAHPAVlistargs@@@Z 004116a0 f   Core:function.obj
 0001:00010840       ?symbol_I_string2@@YAPAVsymbol@@PAD@Z 00411840 f   Core:function.obj
 0001:00010860       ?externC_string@@YAXPAD@Z  00411860 f   Core:function.obj
 0001:000108c0       ?externC_string2@@YAHPADPAVClaireClass@@@Z 004118c0 f   Core:function.obj
 0001:00010930       ?externC_string2_type@@YAPAVClaireType@@PAV1@0@Z 00411930 f   Core:function.obj
 0001:00010940       ?nth_get_string@@YAPAVClaireChar@@PADHH@Z 00411940 f   Core:function.obj
 0001:000109b0       ?nth_put_string@@YAXPADHPAVClaireChar@@H@Z 004119b0 f   Core:function.obj
 0001:00010a10       ?make_string_symbol@@YAPADPAVsymbol@@@Z 00411a10 f   Core:function.obj
 0001:00010a30       ?self_print_symbol_Core@@YAHPAVsymbol@@@Z 00411a30 f   Core:function.obj
 0001:00010a90       ?_plus_integer@@YAHHH@Z    00411a90 f   Core:function.obj
 0001:00010ac0       ?_plus_integer_type@@YAPAVClaireType@@PAV1@0@Z 00411ac0 f   Core:function.obj
 0001:00010ae0       ?_dash_integer1@@YAHHH@Z   00411ae0 f   Core:function.obj
 0001:00010af0       ?_dash_integer1_type@@YAPAVClaireType@@PAV1@0@Z 00411af0 f   Core:function.obj
 0001:00010b10       ?_inf_inf_integer@@YAHHH@Z 00411b10 f   Core:function.obj
 0001:00010b20       ?_sup_sup_integer@@YAHHH@Z 00411b20 f   Core:function.obj
 0001:00010b30       ?and_integer@@YAHHH@Z      00411b30 f   Core:function.obj
 0001:00010b40       ?or_integer@@YAHHH@Z       00411b40 f   Core:function.obj
 0001:00010b50       ?_inf_integer@@YAPAVClaireBoolean@@HH@Z 00411b50 f   Core:function.obj
 0001:00010b70       ?_inf_equal_integer@@YAPAVClaireBoolean@@HH@Z 00411b70 f   Core:function.obj
 0001:00010b90       ?_sup_integer@@YAPAVClaireBoolean@@HH@Z 00411b90 f   Core:function.obj
 0001:00010bb0       ?nth_integer@@YAPAVClaireBoolean@@HH@Z 00411bb0 f   Core:function.obj
 0001:00010bd0       ?factor_ask_integer@@YAPAVClaireBoolean@@HH@Z 00411bd0 f   Core:function.obj
 0001:00010bf0       ?divide_ask_integer@@YAPAVClaireBoolean@@HH@Z 00411bf0 f   Core:function.obj
 0001:00010c10       ?Id_any@@YAHH@Z            00411c10 f   Core:function.obj
 0001:00010c20       ?Id_any_type@@YAPAVClaireType@@PAV1@@Z 00411c20 f   Core:function.obj
 0001:00010c30       ?pair_any@@YAPAVlist@@HH@Z 00411c30 f   Core:function.obj
 0001:00010c50       ?pair_1_list@@YAHPAVlist@@@Z 00411c50 f   Core:function.obj
 0001:00010c60       ?pair_1_list_type@@YAPAVClaireType@@PAV1@@Z 00411c60 f   Core:function.obj
 0001:00010c70       ?pair_2_list@@YAHPAVlist@@@Z 00411c70 f   Core:function.obj
 0001:00010c80       ?pair_2_list_type@@YAPAVClaireType@@PAV1@@Z 00411c80 f   Core:function.obj
 0001:00010c90       ?_plus_float_@@YAHHH@Z     00411c90 f   Core:function.obj
 0001:00010d40       ?_plus_float@@YANNN@Z      00411d40 f   Core:function.obj
 0001:00010d50       ?_dash_float_@@YAHHH@Z     00411d50 f   Core:function.obj
 0001:00010e00       ?_dash_float@@YANNN@Z      00411e00 f   Core:function.obj
 0001:00010e10       ?_star_float_@@YAHHH@Z     00411e10 f   Core:function.obj
 0001:00010ec0       ?_star_float@@YANNN@Z      00411ec0 f   Core:function.obj
 0001:00010ed0       ?_7_float_@@YAHHH@Z        00411ed0 f   Core:function.obj
 0001:00010f80       ?_7_float@@YANNN@Z         00411f80 f   Core:function.obj
 0001:00010f90       ?_dash_float2_@@YAHH@Z     00411f90 f   Core:function.obj
 0001:00011030       ?_dash_float2@@YANN@Z      00412030 f   Core:function.obj
 0001:00011040       ?sqrt_float_@@YAHH@Z       00412040 f   Core:function.obj
 0001:000110e0       ?sqrt_float@@YANN@Z        004120e0 f   Core:function.obj
 0001:000110f0       ?_exp_float_@@YAHHH@Z      004120f0 f   Core:function.obj
 0001:000111a0       ?_exp_float@@YANNN@Z       004121a0 f   Core:function.obj
 0001:000111b0       ?log_float_@@YAHH@Z        004121b0 f   Core:function.obj
 0001:00011250       ?log_float@@YANN@Z         00412250 f   Core:function.obj
 0001:00011260       ?atan_float_@@YAHH@Z       00412260 f   Core:function.obj
 0001:00011300       ?atan_float@@YANN@Z        00412300 f   Core:function.obj
 0001:00011310       ?string_I_float_@@YAPADH@Z 00412310 f   Core:function.obj
 0001:00011340       ?string_I_float@@YAPADN@Z  00412340 f   Core:function.obj
 0001:00011360       ?length_bag@@YAHPAVbag@@@Z 00412360 f   Core:function.obj
 0001:00011370       ?nth_bag@@YAHPAVbag@@H@Z   00412370 f   Core:function.obj
 0001:000113f0       ?nth_bag_type@@YAPAVClaireType@@PAV1@0@Z 004123f0 f   Core:function.obj
 0001:00011400       ?nth_get_bag@@YAHPAVbag@@H@Z 00412400 f   Core:function.obj
 0001:00011410       ?min_method@@YAHPAVmethod@@PAVbag@@@Z 00412410 f   Core:function.obj
 0001:000114b0       ?min_method_type@@YAPAVClaireType@@PAV1@0@Z 004124b0 f   Core:function.obj
 0001:000114c0       ?max_method@@YAHPAVmethod@@PAVbag@@@Z 004124c0 f   Core:function.obj
 0001:00011560       ?max_method_type@@YAPAVClaireType@@PAV1@0@Z 00412560 f   Core:function.obj
 0001:00011570       ?_7_plus_bag@@YAPAVlist@@PAVbag@@0@Z 00412570 f   Core:function.obj
 0001:000116f0       ?last_list@@YAHPAVlist@@@Z 004126f0 f   Core:function.obj
 0001:00011750       ?last_list_type@@YAPAVClaireType@@PAV1@@Z 00412750 f   Core:function.obj
 0001:00011760       ?rmlast_list@@YAPAVlist@@PAV1@@Z 00412760 f   Core:function.obj
 0001:00011780       ?nth_set_list@@YAHPAVlist@@HH@Z 00412780 f   Core:function.obj
 0001:00011870       ?car_list@@YAHPAVlist@@@Z  00412870 f   Core:function.obj
 0001:000118d0       ?hashlist_integer@@YAPAVlist@@H@Z 004128d0 f   Core:function.obj
 0001:000119a0       ?hashsize_list@@YAHPAVlist@@@Z 004129a0 f   Core:function.obj
 0001:000119e0       ?sort_method@@YAPAVlist@@PAVmethod@@PAV1@@Z 004129e0 f   Core:function.obj
 0001:00011a00       ?quicksort_list@@YAXPAVlist@@PAVmethod@@HH@Z 00412a00 f   Core:function.obj
 0001:00011b10       ?build_powerset_list@@YAPAVset@@PAVlist@@@Z 00412b10 f   Core:function.obj
 0001:00011c90       ?make_copy_list_integer@@YAPAVlist@@HH@Z 00412c90 f   Core:function.obj
 0001:00011e00       ?difference_set@@YAPAVset@@PAV1@0@Z 00412e00 f   Core:function.obj
 0001:00011ef0       ?nth_equal_array@@YAXPAHHH@Z 00412ef0 f   Core:function.obj
 0001:00011fe0       ?self_print_array_Core@@YAHPAH@Z 00412fe0 f   Core:function.obj
 0001:00012030       ?self_print_char_Core@@YAHPAVClaireChar@@@Z 00413030 f   Core:function.obj
 0001:00012060       ?_inf_equal_char@@YAPAVClaireBoolean@@PAVClaireChar@@0@Z 00413060 f   Core:function.obj
 0001:00012080       ?release_void@@YAHXZ       00413080 f   Core:object.obj
 0001:000120c0       ?about_void@@YAHXZ         004130c0 f   Core:object.obj
 0001:00012230       ?get_args_integer@@YAPAVlist@@H@Z 00413230 f   Core:object.obj
 0001:000122e0       ?funcall_method1@@YAHPAVmethod@@H@Z 004132e0 f   Core:object.obj
 0001:00012320       ?funcall_method2@@YAHPAVmethod@@HH@Z 00413320 f   Core:object.obj
 0001:00012380       ?funcall_method3@@YAHPAVmethod@@HHH@Z 00413380 f   Core:object.obj
 0001:00012410       ?apply_function@@YAHPAVClaireFunction@@PAVlist@@1@Z 00413410 f   Core:object.obj
 0001:00012480       ?call_property@@YAHPAVproperty@@PAVlistargs@@@Z 00413480 f   Core:object.obj
 0001:000124a0       ?apply_property@@YAHPAVproperty@@PAVlist@@@Z 004134a0 f   Core:object.obj
 0001:00012550       ?apply_method@@YAHPAVmethod@@PAVlist@@@Z 00413550 f   Core:object.obj
 0001:000125c0       ?push_debug_property@@YAXPAVproperty@@HH@Z 004135c0 f   Core:object.obj
 0001:00012c00       ?pop_debug_property@@YAXPAVproperty@@HH@Z 00413c00 f   Core:object.obj
 0001:00012e10       ?tr_indent_boolean@@YAXPAVClaireBoolean@@H@Z 00413e10 f   Core:object.obj
 0001:00012ea0       ?identified_ask_class@@YAPAVClaireBoolean@@PAVClaireClass@@@Z 00413ea0 f   Core:object.obj
 0001:00012f30       ?identical_ask_any@@YAPAVClaireBoolean@@HH@Z 00413f30 f   Core:object.obj
 0001:00012f50       ?put_property2@@YAHPAVproperty@@PAVClaireObject@@H@Z 00413f50 f   Core:object.obj
 0001:000130a0       ?add_value_property3@@YAXPAVproperty@@PAVClaireObject@@H@Z 004140a0 f   Core:object.obj
 0001:000132a0       ?nth_table1@@YAHPAVtable@@H@Z 004142a0 f   Core:object.obj
 0001:000134f0       ?nth_table1_type@@YAPAVClaireType@@PAV1@0@Z 004144f0 f   Core:object.obj
 0001:000135c0       ?get_table@@YAHPAVtable@@H@Z 004145c0 f   Core:object.obj
 0001:00013610       ?get_table_type@@YAPAVClaireType@@PAV1@0@Z 00414610 f   Core:object.obj
 0001:00013710       ?nth_equal_table1@@YAXPAVtable@@HH@Z 00414710 f   Core:object.obj
 0001:00013810       ?nth_put_table@@YAXPAVtable@@HH@Z 00414810 f   Core:object.obj
 0001:00013b30       ?put_table@@YAXPAVtable@@HH@Z 00414b30 f   Core:object.obj
 0001:00013cb0       ?add_table@@YAXPAVtable@@HH@Z 00414cb0 f   Core:object.obj
 0001:00013dc0       ?add_I_table@@YAXPAVtable@@HH@Z 00414dc0 f   Core:object.obj
 0001:00013e40       ?add_value_array@@YAPAVClaireBoolean@@PAVtable@@HPAVbag@@H@Z 00414e40 f   Core:object.obj
 0001:00013fd0       ?add_value_table3@@YAXPAVtable@@HH@Z 00414fd0 f   Core:object.obj
 0001:00014010       ?delete_table@@YAHPAVtable@@HH@Z 00415010 f   Core:object.obj
 0001:000140c0       ?nth_table2@@YAHPAVtable@@HH@Z 004150c0 f   Core:object.obj
 0001:000142b0       ?nth_table2_type@@YAPAVClaireType@@PAV1@00@Z 004152b0 f   Core:object.obj
 0001:00014380       ?nth_equal_table2@@YAXPAVtable@@HHH@Z 00415380 f   Core:object.obj
 0001:000145c0       ?get_index_table1@@YAHPAVtable@@H@Z 004155c0 f   Core:object.obj
 0001:000146e0       ?get_index_table2@@YAHPAVtable@@HH@Z 004156e0 f   Core:object.obj
 0001:00014710       ?erase_table@@YAHPAVtable@@@Z 00415710 f   Core:object.obj
 0001:000149e0       ?make_table_type@@YAPAVtable@@PAVClaireType@@0H@Z 004159e0 f   Core:object.obj
 0001:00014a40       ?funcall_lambda1@@YAHPAVlambda@@H@Z 00415a40 f   Core:object.obj
 0001:00014b60       ?funcall_lambda2@@YAHPAVlambda@@HH@Z 00415b60 f   Core:object.obj
 0001:00014ca0       ?funcall_lambda3@@YAHPAVlambda@@HHH@Z 00415ca0 f   Core:object.obj
 0001:00014e00       ?check_inverse_any@@YAXHH@Z 00415e00 f   Core:object.obj
 0001:00014fd0       ?invert_relation@@YAPAVbag@@PAVClaireRelation@@H@Z 00415fd0 f   Core:object.obj
 0001:000155a0       ?domain_I_restriction@@YAPAVClaireClass@@PAVrestriction@@@Z 004165a0 f   Core:object.obj
 0001:000155d0       ?methods_class@@YAPAVset@@PAVClaireClass@@0@Z 004165d0 f   Core:object.obj
 0001:00015720       ?reify_listargs@@YAHPAVlistargs@@@Z 00416720 f   Core:object.obj
 0001:00015800       ?self_print_general_error_Core@@YAXPAVgeneral_error@@@Z 00416800 f   Core:object.obj
 0001:000158e0       ?self_print_read_slot_error_Core@@YAXPAVread_slot_error@@@Z 004168e0 f   Core:object.obj
 0001:000159b0       ?self_print_range_error_Core@@YAXPAVrange_error@@@Z 004169b0 f   Core:object.obj
 0001:00015aa0       ?self_print_selector_error_Core@@YAXPAVselector_error@@@Z 00416aa0 f   Core:object.obj
 0001:00015bd0       ?self_print_return_error_Core@@YAXPAVreturn_error@@@Z 00416bd0 f   Core:object.obj
 0001:00015be0       ?self_print_system_error_Core@@YAXPAVsystem_error@@@Z 00416be0 f   Core:object.obj
 0001:00015ee0       ?self_print_contradiction_Core@@YAXPAVcontradiction@@@Z 00416ee0 f   Core:object.obj
 0001:00015ef0       ?format_string@@YAXPADPAVlist@@@Z 00416ef0 f   Core:object.obj
 0001:000160a0       ?tformat_string@@YAHPADHPAVlist@@@Z 004170a0 f   Core:object.obj
 0001:000160f0       ?princ_bag@@YAXPAVbag@@@Z  004170f0 f   Core:object.obj
 0001:00016150       ?close_global_variable@@YAPAVglobal_variable@@PAV1@@Z 00417150 f   Core:object.obj
 0001:000161d0       ?contradiction_I_void@@YAXXZ 004171d0 f   Core:object.obj
 0001:000161f0       ?eval_message_property@@YAHPAVproperty@@PAVClaireObject@@HPAVClaireBoolean@@@Z 004171f0 f   Core:method.obj
 0001:00016420       ?noeval_message_property2@@YAHPAVproperty@@H@Z 00417420 f   Core:method.obj
 0001:00016520       ?execute_method@@YAHPAVmethod@@HPAVClaireBoolean@@@Z 00417520 f   Core:method.obj
 0001:000167b0       ?eval_any@@YAHH@Z          004177b0 f   Core:method.obj
 0001:000167f0       ?self_eval_ClaireObject@@YAHPAVClaireObject@@@Z 004177f0 f   Core:method.obj
 0001:00016810       ?inlineok_ask_method@@YAPAVmethod@@PAV1@PAD@Z 00417810 f   Core:method.obj
 0001:000169e0       ?get_slot@@YAHPAVslot@@PAVClaireObject@@@Z 004179e0 f   Core:method.obj
 0001:00016a00       ?put_slot@@YAHPAVslot@@PAVClaireObject@@H@Z 00417a00 f   Core:method.obj
 0001:00016a30       ?get_property@@YAHPAVproperty@@PAVClaireObject@@@Z 00417a30 f   Core:method.obj
 0001:00016b30       ?funcall_property@@YAHPAVproperty@@H@Z 00417b30 f   Core:method.obj
 0001:00016c40       ?read_property@@YAHPAVproperty@@PAVClaireObject@@@Z 00417c40 f   Core:method.obj
 0001:00016db0       ?hold_ask_property@@YAPAVClaireBoolean@@PAVproperty@@PAVClaireObject@@H@Z 00417db0 f   Core:method.obj
 0001:00016f00       ?write_property@@YAXPAVproperty@@PAVClaireObject@@H@Z 00417f00 f   Core:method.obj
 0001:00017150       ?range_is_wrong_slot@@YAHPAVslot@@H@Z 00418150 f   Core:method.obj
 0001:000171a0       ?put_property1@@YAXPAVproperty@@PAVClaireObject@@HPAVClaireClass@@H@Z 004181a0 f   Core:method.obj
 0001:000171e0       ?update_property@@YAXPAVproperty@@PAVClaireObject@@HPAVClaireClass@@H@Z 004181e0 f   Core:method.obj
 0001:00017410       ?update_plus_relation@@YAXPAVClaireRelation@@HH@Z 00418410 f   Core:method.obj
 0001:000176d0       ?update_dash_relation@@YAXPAVClaireRelation@@HH@Z 004186d0 f   Core:method.obj
 0001:00017a00       ?add_I_property@@YAXPAVproperty@@PAVClaireObject@@HH@Z 00418a00 f   Core:method.obj
 0001:00017aa0       ?add_value_property@@YAPAVClaireBoolean@@PAVproperty@@PAVClaireObject@@HPAVbag@@H@Z 00418aa0 f   Core:method.obj
 0001:00017c20       ?add_property@@YAXPAVproperty@@PAVClaireObject@@H@Z 00418c20 f   Core:method.obj
 0001:00017e60       ?known_ask_property@@YAPAVClaireBoolean@@PAVproperty@@PAVClaireObject@@@Z 00418e60 f   Core:method.obj
 0001:00017f70       ?unknown_ask_property@@YAPAVClaireBoolean@@PAVproperty@@PAVClaireObject@@@Z 00418f70 f   Core:method.obj
 0001:00018080       ?delete_property@@YAHPAVproperty@@PAVClaireObject@@H@Z 00419080 f   Core:method.obj
 0001:00018280       ?erase_property@@YAHPAVproperty@@PAVClaireObject@@@Z 00419280 f   Core:method.obj
 0001:000185d0       ?set_range_property@@YAXPAVproperty@@PAVClaireClass@@PAVClaireType@@@Z 004195d0 f   Core:method.obj
 0001:00018600       ?put_store_property2@@YAXPAVproperty@@PAVClaireObject@@HPAVClaireBoolean@@@Z 00419600 f   Core:method.obj
 0001:00018770       ?multi_ask_any@@YAPAVClaireBoolean@@H@Z 00419770 f   Core:method.obj
 0001:00018820       ?fastcall_relation2@@YAXPAVClaireRelation@@HH@Z 00419820 f   Core:method.obj
 0001:00018a50       ?insert_definition_property@@YAXPAVproperty@@PAVrestriction@@@Z 00419a50 f   Core:method.obj
 0001:00018ae0       ?initialize_restriction1@@YAPAVlist@@PAVrestriction@@PAVClaireClass@@PAV1@@Z 00419ae0 f   Core:method.obj
 0001:00018f00       ?uniform_restriction@@YAPAVClaireBoolean@@PAVrestriction@@@Z 00419f00 f   Core:method.obj
 0001:00019090       ?uniform_property@@YAPAVClaireBoolean@@PAVproperty@@@Z 0041a090 f   Core:method.obj
 0001:00019140       ?initialize_restriction2@@YAPAVlist@@PAVrestriction@@PAV1@@Z 0041a140 f   Core:method.obj
 0001:000192a0       ?hashinsert_restriction@@YAHPAVrestriction@@@Z 0041a2a0 f   Core:method.obj
 0001:00019350       ?hashinsert_class@@YAHPAVClaireClass@@PAVmethod@@@Z 0041a350 f   Core:method.obj
 0001:000193a0       ?hashinsert_list@@YAHPAVlist@@PAVmethod@@@Z 0041a3a0 f   Core:method.obj
 0001:000195e0       ?hashget_class@@YAPAVClaireObject@@PAVClaireClass@@PAVproperty@@@Z 0041a5e0 f   Core:method.obj
 0001:00019670       ?join_list@@YAPAVClaireBoolean@@PAVlist@@0@Z 0041a670 f   Core:method.obj
 0001:000197e0       ?_at_property1@@YAPAVClaireObject@@PAVproperty@@PAVClaireClass@@@Z 0041a7e0 f   Core:method.obj
 0001:000199d0       ?_at_property2@@YAPAVClaireObject@@PAVproperty@@PAVlist@@@Z 0041a9d0 f   Core:method.obj
 0001:00019ae0       ?matching_ask_list@@YAPAVClaireBoolean@@PAVlist@@HH@Z 0041aae0 f   Core:method.obj
 0001:00019dc0       ?vmatch_ask_any@@YAPAVClaireBoolean@@HHH@Z 0041adc0 f   Core:method.obj
 0001:0001a3d0       ?tmatch_ask_list@@YAPAVClaireBoolean@@PAVlist@@0@Z 0041b3d0 f   Core:method.obj
 0001:0001a4c0       ?tmatch_ask_any@@YAPAVClaireBoolean@@HHPAVlist@@@Z 0041b4c0 f   Core:method.obj
 0001:0001ab90       ?find_which_property@@YAPAVClaireObject@@PAVproperty@@HPAVClaireClass@@@Z 0041bb90 f   Core:method.obj
 0001:0001ac50       ?find_which_list@@YAPAVClaireObject@@PAVlist@@PAVClaireClass@@HH@Z 0041bc50 f   Core:method.obj
 0001:0001ace0       ?find_which_class@@YAPAVClaireObject@@PAVClaireClass@@PAVlist@@HH@Z 0041bce0 f   Core:method.obj
 0001:0001adc0       ?metaLoad@LanguageClass@@QAEXXZ 0041bdc0 f   Language:Language.obj
 0001:0001f2b0       ?self_print_Definition_Language@@YAHPAVDefinition@@@Z 004202b0 f   Language:define.obj
 0001:0001f380       ?self_print_Defobj_Language@@YAXPAVDefobj@@@Z 00420380 f   Language:define.obj
 0001:0001f5b0       ?self_print_Defclass_Language@@YAXPAVDefclass@@@Z 004205b0 f   Language:define.obj
 0001:0001f810       ?self_print_Defmethod_Language@@YAXPAVDefmethod@@@Z 00420810 f   Language:define.obj
 0001:0001f980       ?self_print_Defarray_Language@@YAXPAVDefarray@@@Z 00420980 f   Language:define.obj
 0001:0001fab0       ?self_print_Defrule_Language@@YAXPAVDefrule@@@Z 00420ab0 f   Language:define.obj
 0001:0001fbd0       ?self_print_Defvar_Language@@YAXPAVDefvar@@@Z 00420bd0 f   Language:define.obj
 0001:0001fca0       ?self_eval_Definition@@YAHPAVDefinition@@@Z 00420ca0 f   Language:define.obj
 0001:0001fdf0       ?complete_object@@YAHPAVClaireObject@@PAVlist@@@Z 00420df0 f   Language:define.obj
 0001:0001ffe0       ?self_eval_Defobj@@YAHPAVDefobj@@@Z 00420fe0 f   Language:define.obj
 0001:00020180       ?self_eval_Defclass@@YAHPAVDefclass@@@Z 00421180 f   Language:define.obj
 0001:00020770       ?self_eval_Defmethod@@YAHPAVDefmethod@@@Z 00421770 f   Language:define.obj
 0001:00020ca0       ?attach_comment_any@@YAXH@Z 00421ca0 f   Language:define.obj
 0001:00020d90       ?extract_signature_list@@YAPAVlist@@PAV1@@Z 00421d90 f   Language:define.obj
 0001:00021000       ?extract_pattern_any@@YAHHPAVlist@@@Z 00422000 f   Language:define.obj
 0001:00021930       ?extract_type_any@@YAPAVClaireType@@H@Z 00422930 f   Language:define.obj
 0001:00021a60       ?extract_item_any@@YAHHH@Z 00422a60 f   Language:define.obj
 0001:00021cf0       ?extract_pattern_nth_list@@YAHPAVlist@@0@Z 00422cf0 f   Language:define.obj
 0001:000223a0       ?extract_class_call_class@@YAPAVClaireObject@@PAVClaireClass@@PAVlist@@@Z 004233a0 f   Language:define.obj
 0001:00022e20       ?extract_range_any@@YAPAVlist@@HPAV1@0@Z 00423e20 f   Language:define.obj
 0001:00023530       ?bit_vector_listargs2@@YAHPAVlistargs@@@Z 00424530 f   Language:define.obj
 0001:00023570       ?extract_status_any@@YAPAVlist@@H@Z 00424570 f   Language:define.obj
 0001:00023b00       ?type_I_any@@YAPAVClaireType@@H@Z 00424b00 f   Language:define.obj
 0001:00023dc0       ?self_eval_Defarray@@YAHPAVDefarray@@@Z 00424dc0 f   Language:define.obj
 0001:00024740       ?self_print_demon@@YAXPAVdemon@@@Z 00425740 f   Language:define.obj
 0001:00024750       ?funcall_demon1@@YAHPAVdemon@@HH@Z 00425750 f   Language:define.obj
 0001:00024810       ?funcall_demon2@@YAHPAVdemon@@HHH@Z 00425810 f   Language:define.obj
 0001:000248e0       ?self_eval_Defrule@@YAHPAVDefrule@@@Z 004258e0 f   Language:define.obj
 0001:00024c10       ?eventMethod_ask_relation2@@YAPAVClaireBoolean@@PAVClaireRelation@@@Z 00425c10 f   Language:define.obj
 0001:00024cc0       ?make_filter_any_@@YAPAVtuple@@H@Z 00425cc0 f   Language:define.obj
 0001:00024ce0       ?make_filter_any@@YAPAVtuple@@H@Z 00425ce0 f   Language:define.obj
 0001:00025830       ?make_demon_relation@@YAPAVdemon@@PAVClaireRelation@@PAVsymbol@@PAVlist@@HH@Z 00426830 f   Language:define.obj
 0001:00025f20       ?readCall_relation@@YAPAVCall@@PAVClaireRelation@@H@Z 00426f20 f   Language:define.obj
 0001:000260a0       ?putCall_relation2@@YAPAVCall@@PAVClaireRelation@@HH@Z 004270a0 f   Language:define.obj
 0001:00026240       ?eval_if_write_relation@@YAXPAVClaireRelation@@@Z 00427240 f   Language:define.obj
 0001:00026b40       ?eventMethod_property@@YAXPAVproperty@@@Z 00427b40 f   Language:define.obj
 0001:00026bd0       ?interface_property@@YAXPAVproperty@@@Z 00427bd0 f   Language:define.obj
 0001:00026f70       ?interface_class@@YAXPAVClaireClass@@PAVlistargs@@@Z 00427f70 f   Language:define.obj
 0001:00027180       ?self_print_If_Language@@YAXPAVIf@@@Z 00428180 f   Language:control.obj
 0001:000271c0       ?printstat_If@@YAXPAVIf@@@Z 004281c0 f   Language:control.obj
 0001:000272b0       ?printif_any@@YAXH@Z       004282b0 f   Language:control.obj
 0001:00027410       ?printelse_If@@YAXPAVIf@@@Z 00428410 f   Language:control.obj
 0001:00027610       ?self_eval_If@@YAHPAVIf@@@Z 00428610 f   Language:control.obj
 0001:000276d0       ?self_print_Do_Language@@YAXPAVDo@@@Z 004286d0 f   Language:control.obj
 0001:000277a0       ?printdo_list@@YAXPAVlist@@PAVClaireBoolean@@@Z 004287a0 f   Language:control.obj
 0001:000278b0       ?printblock_any@@YAXH@Z    004288b0 f   Language:control.obj
 0001:00027a50       ?self_eval_Do@@YAHPAVDo@@@Z 00428a50 f   Language:control.obj
 0001:00027ac0       ?self_print_Let_Language@@YAXPAVLet@@@Z 00428ac0 f   Language:control.obj
 0001:00027bc0       ?printbody_Let@@YAXPAVLet@@@Z 00428bc0 f   Language:control.obj
 0001:00027d70       ?self_eval_Let@@YAHPAVLet@@@Z 00428d70 f   Language:control.obj
 0001:00027ea0       ?self_print_When_Language@@YAXPAVWhen@@@Z 00428ea0 f   Language:control.obj
 0001:00028000       ?self_eval_When@@YAHPAVWhen@@@Z 00429000 f   Language:control.obj
 0001:00028150       ?self_print_Let_plus_Language@@YAXPAVLet_plus@@@Z 00429150 f   Language:control.obj
 0001:000282c0       ?self_print_Let_star_Language@@YAXPAVLet_star@@@Z 004292c0 f   Language:control.obj
 0001:000286a0       ?self_print_For_Language@@YAXPAVFor@@@Z 004296a0 f   Language:control.obj
 0001:000287c0       ?self_eval_For@@YAHPAVFor@@@Z 004297c0 f   Language:control.obj
 0001:00028e10       ?self_print_Collect_Language@@YAXPAVCollect@@@Z 00429e10 f   Language:control.obj
 0001:00028f40       ?self_eval_Collect@@YAHPAVCollect@@@Z 00429f40 f   Language:control.obj
 0001:00029330       ?self_print_Image_Language@@YAXPAVImage@@@Z 0042a330 f   Language:control.obj
 0001:00029460       ?self_eval_Image@@YAHPAVImage@@@Z 0042a460 f   Language:control.obj
 0001:000296b0       ?self_print_Select_Language@@YAXPAVSelect@@@Z 0042a6b0 f   Language:control.obj
 0001:000297d0       ?self_eval_Select@@YAHPAVSelect@@@Z 0042a7d0 f   Language:control.obj
 0001:00029c10       ?self_print_Lselect_Language@@YAXPAVLselect@@@Z 0042ac10 f   Language:control.obj
 0001:00029d30       ?self_eval_Lselect@@YAHPAVLselect@@@Z 0042ad30 f   Language:control.obj
 0001:0002a1c0       ?self_print_Exists_Language@@YAXPAVExists@@@Z 0042b1c0 f   Language:control.obj
 0001:0002a370       ?self_eval_Exists@@YAHPAVExists@@@Z 0042b370 f   Language:control.obj
 0001:0002a710       ?self_print_Case_Language@@YAXPAVCase@@@Z 0042b710 f   Language:control.obj
 0001:0002a8c0       ?self_eval_Case@@YAHPAVCase@@@Z 0042b8c0 f   Language:control.obj
 0001:0002aaa0       ?self_print_While_Language@@YAXPAVWhile@@@Z 0042baa0 f   Language:control.obj
 0001:0002abb0       ?self_eval_While@@YAHPAVWhile@@@Z 0042bbb0 f   Language:control.obj
 0001:0002ae70       ?self_print_Handle_Language@@YAXPAVClaireHandle@@@Z 0042be70 f   Language:control.obj
 0001:0002af80       ?self_eval_Handle@@YAHPAVClaireHandle@@@Z 0042bf80 f   Language:control.obj
 0001:0002b1b0       ?self_print_Construct_Language@@YAXPAVConstruct@@@Z 0042c1b0 f   Language:control.obj
 0001:0002b420       ?self_eval_List@@YAHPAVList@@@Z 0042c420 f   Language:control.obj
 0001:0002b610       ?self_eval_Set@@YAHPAVSet@@@Z 0042c610 f   Language:control.obj
 0001:0002b800       ?self_eval_Tuple@@YAHPAVTuple@@@Z 0042c800 f   Language:control.obj
 0001:0002b910       ?self_eval_Array2@@YAHPAVArray@@@Z 0042c910 f   Language:control.obj
 0001:0002bb00       ?self_eval_Macro2@@YAHPAVMacro@@@Z 0042cb00 f   Language:control.obj
 0001:0002bbc0       ?self_eval_Error@@YAXPAVError@@@Z 0042cbc0 f   Language:control.obj
 0001:0002bdb0       ?self_eval_Printf@@YAHPAVPrintf@@@Z 0042cdb0 f   Language:control.obj
 0001:0002c190       ?self_eval_Trace@@YAHPAVTrace@@@Z 0042d190 f   Language:control.obj
 0001:0002c420       ?self_eval_Assert@@YAHPAVAssert@@@Z 0042d420 f   Language:control.obj
 0001:0002c620       ?self_eval_Branch@@YAHPAVBranch@@@Z 0042d620 f   Language:control.obj
 0001:0002c7c0       ?self_print_Call_Language@@YAXPAVCall@@@Z 0042d7c0 f   Language:call.obj
 0001:0002d0e0       ?self_print_Call_plus_Language@@YAHPAVCall_plus@@@Z 0042e0e0 f   Language:call.obj
 0001:0002d140       ?self_eval_Call@@YAHPAVCall@@@Z 0042e140 f   Language:call.obj
 0001:0002d270       ?self_eval_Call_plus@@YAHPAVCall_plus@@@Z 0042e270 f   Language:call.obj
 0001:0002d510       ?printe_any@@YAXHPAVproperty@@@Z 0042e510 f   Language:call.obj
 0001:0002d600       ?sugar_ask_any@@YAHHHHH@Z  0042e600 f   Language:call.obj
 0001:0002d9a0       ?self_print_Assign_Language@@YAXPAVAssign@@@Z 0042e9a0 f   Language:call.obj
 0001:0002dc30       ?self_eval_Assign@@YAHPAVAssign@@@Z 0042ec30 f   Language:call.obj
 0001:0002dde0       ?self_print_Gassign_Language@@YAXPAVGassign@@@Z 0042ede0 f   Language:call.obj
 0001:0002e080       ?self_eval_Gassign@@YAHPAVGassign@@@Z 0042f080 f   Language:call.obj
 0001:0002e130       ?self_print_And_Language@@YAXPAVAnd@@@Z 0042f130 f   Language:call.obj
 0001:0002e1f0       ?self_eval_And@@YAHPAVAnd@@@Z 0042f1f0 f   Language:call.obj
 0001:0002e340       ?self_print_Or_Language@@YAXPAVOr@@@Z 0042f340 f   Language:call.obj
 0001:0002e400       ?self_eval_Or@@YAHPAVOr@@@Z 0042f400 f   Language:call.obj
 0001:0002e550       ?self_print_Quote_Language@@YAXPAVQuote@@@Z 0042f550 f   Language:call.obj
 0001:0002e600       ?self_eval_Quote@@YAHPAVQuote@@@Z 0042f600 f   Language:call.obj
 0001:0002e610       ?self_print_Call_method_Language@@YAXPAVCall_method@@@Z 0042f610 f   Language:call.obj
 0001:0002e6e0       ?self_eval_Call_method@@YAHPAVCall_method@@@Z 0042f6e0 f   Language:call.obj
 0001:0002e830       ?self_eval_Call_method1@@YAHPAVCall_method1@@@Z 0042f830 f   Language:call.obj
 0001:0002e910       ?self_eval_Call_method2@@YAHPAVCall_method2@@@Z 0042f910 f   Language:call.obj
 0001:0002ea40       ?self_print_Call_slot_Language@@YAXPAVCall_slot@@@Z 0042fa40 f   Language:call.obj
 0001:0002eb10       ?self_eval_Call_slot@@YAHPAVCall_slot@@@Z 0042fb10 f   Language:call.obj
 0001:0002ebf0       ?self_print_Call_array_Language@@YAXPAVCall_array@@@Z 0042fbf0 f   Language:call.obj
 0001:0002ecb0       ?self_eval_Call_array@@YAHPAVCall_array@@@Z 0042fcb0 f   Language:call.obj
 0001:0002edc0       ?self_print_Call_table_Language@@YAXPAVCall_table@@@Z 0042fdc0 f   Language:call.obj
 0001:0002ee90       ?self_eval_Call_table@@YAHPAVCall_table@@@Z 0042fe90 f   Language:call.obj
 0001:0002efb0       ?self_print_Update_Language@@YAXPAVUpdate@@@Z 0042ffb0 f   Language:call.obj
 0001:0002f0a0       ?self_eval_Update@@YAHPAVUpdate@@@Z 004300a0 f   Language:call.obj
 0001:0002f2e0       ?self_print_Super_Language@@YAXPAVSuper@@@Z 004302e0 f   Language:call.obj
 0001:0002f3f0       ?self_eval_Super@@YAHPAVSuper@@@Z 004303f0 f   Language:call.obj
 0001:0002f570       ?self_print_Cast_Language@@YAXPAVCast@@@Z 00430570 f   Language:call.obj
 0001:0002f660       ?self_eval_Cast@@YAHPAVCast@@@Z 00430660 f   Language:call.obj
 0001:0002f800       ?self_print_Return_Language@@YAXPAVReturn@@@Z 00430800 f   Language:call.obj
 0001:0002f8d0       ?self_eval_Return@@YAHPAVReturn@@@Z 004308d0 f   Language:call.obj
 0001:0002f9b0       ?substitution_any@@YAHHPAVVariable@@H@Z 004309b0 f   Language:call.obj
 0001:0002fed0       ?occurrence_any@@YAHHPAVVariable@@@Z 00430ed0 f   Language:call.obj
 0001:00030170       ?instruction_copy_any@@YAHH@Z 00431170 f   Language:call.obj
 0001:00030470       ?no_eval_Instruction@@YAHPAVInstruction@@@Z 00431470 f   Language:pretty.obj
 0001:00030500       ?self_print_unbound_symbol_Language@@YAXPAVunbound_symbol@@@Z 00431500 f   Language:pretty.obj
 0001:00030520       ?self_eval_unbound_symbol@@YAHPAVunbound_symbol@@@Z 00431520 f   Language:pretty.obj
 0001:00030610       ?self_print_Variable_Language@@YAXPAVVariable@@@Z 00431610 f   Language:pretty.obj
 0001:00030640       ?ppvariable_Variable@@YAXPAVVariable@@@Z 00431640 f   Language:pretty.obj
 0001:00030730       ?ppvariable_list@@YAXPAVlist@@@Z 00431730 f   Language:pretty.obj
 0001:00030830       ?self_eval_Variable@@YAHPAVVariable@@@Z 00431830 f   Language:pretty.obj
 0001:00030850       ?write_value_Variable@@YAHPAVVariable@@H@Z 00431850 f   Language:pretty.obj
 0001:000308e0       ?self_eval_Vardef@@YAHPAVVardef@@@Z 004318e0 f   Language:pretty.obj
 0001:00030970       ?self_eval_global_variable@@YAHPAVglobal_variable@@@Z 00431970 f   Language:pretty.obj
 0001:00030980       ?write_value_global_variable@@YAHPAVglobal_variable@@H@Z 00431980 f   Language:pretty.obj
 0001:00030a10       ?apply_lambda@@YAHPAVlambda@@PAVlist@@@Z 00431a10 f   Language:pretty.obj
 0001:00030b50       ?call_lambda2@@YAHPAVlambda@@PAVlistargs@@@Z 00431b50 f   Language:pretty.obj
 0001:00030b70       ?self_print_lambda_Language@@YAHPAVlambda@@@Z 00431b70 f   Language:pretty.obj
 0001:00030c50       ?lambda_I_list@@YAPAVlambda@@PAVlist@@H@Z 00431c50 f   Language:pretty.obj
 0001:00030d90       ?lexical_build_any@@YAHHPAVlist@@H@Z 00431d90 f   Language:pretty.obj
 0001:000314f0       ?lexical_change_any@@YAHHPAVlist@@@Z 004324f0 f   Language:pretty.obj
 0001:000315d0       ?close_class@@YAPAVClaireClass@@PAV1@@Z 004325d0 f   Language:pretty.obj
 0001:000315e0       ?extract_symbol_any@@YAPAVsymbol@@H@Z 004325e0 f   Language:pretty.obj
 0001:000318b0       ?make_a_property_any@@YAPAVproperty@@H@Z 004328b0 f   Language:pretty.obj
 0001:00031c90       ?lbreak_void@@YAHXZ        00432c90 f   Language:pretty.obj
 0001:00031d00       ?put_buffer_void@@YAHXZ    00432d00 f   Language:pretty.obj
 0001:00031d30       ?checkfar_void@@YAHXZ      00432d30 f   Language:pretty.obj
 0001:00031d80       ?lbreak_integer@@YAHH@Z    00432d80 f   Language:pretty.obj
 0001:00031da0       ?indent_integer@@YAHH@Z    00432da0 f   Language:pretty.obj
 0001:00031df0       ?set_level_void@@YAXXZ     00432df0 f   Language:pretty.obj
 0001:00031e00       ?set_level_integer@@YAXH@Z 00432e00 f   Language:pretty.obj
 0001:00031e20       ?printbox_bag1@@YAHPAVbag@@HHPAD@Z 00432e20 f   Language:pretty.obj
 0001:000320a0       ?printbox_bag2@@YAHPAVbag@@@Z 004330a0 f   Language:pretty.obj
 0001:000320d0       ?printbox_bag3@@YAHPAVbag@@PAD@Z 004330d0 f   Language:pretty.obj
 0001:00032100       ?printl_bag@@YAXPAVbag@@PAD@Z 00433100 f   Language:pretty.obj
 0001:00032350       ?printexp_any@@YAXHPAVClaireBoolean@@@Z 00433350 f   Language:pretty.obj
 0001:00032950       ?pretty_print_any@@YAXH@Z  00433950 f   Language:pretty.obj
 0001:000329b0       ?self_print_list_Language@@YAXPAVlist@@@Z 004339b0 f   Language:pretty.obj
 0001:00032a50       ?self_print_set_Language@@YAXPAVset@@@Z 00433a50 f   Language:pretty.obj
 0001:00032b10       ?self_print_tuple_Language@@YAXPAVtuple@@@Z 00433b10 f   Language:pretty.obj
 0001:00032b40       ?metaLoad@ReaderClass@@QAEXXZ 00433b40 f   Reader:Reader.obj
 0001:00036380       ?inspect_any@@YAHH@Z       00437380 f   Reader:inspect.obj
 0001:00036760       ?inspect_loop_any@@YAHHPAVlist@@@Z 00437760 f   Reader:inspect.obj
 0001:00036b40       ?get_from_integer_any@@YAHHH@Z 00437b40 f   Reader:inspect.obj
 0001:00036ca0       ?trace_on_any@@YAHH@Z      00437ca0 f   Reader:inspect.obj
 0001:000370d0       ?untrace_any@@YAHH@Z       004380d0 f   Reader:inspect.obj
 0001:00037400       ?spy_listargs2_Reader@@YAHPAVlistargs@@@Z 00438400 f   Reader:inspect.obj
 0001:000375e0       ?self_trace_Trace@@YAHPAVTrace@@@Z 004385e0 f   Reader:inspect.obj
 0001:000376f0       ?trace_rule_relation@@YAXPAVClaireRelation@@PADHHHH@Z 004386f0 f   Reader:inspect.obj
 0001:000378f0       ?stop_property@@YAHPAVproperty@@PAVlistargs@@@Z 004388f0 f   Reader:inspect.obj
 0001:00037a00       ?debug_void@@YAXXZ         00438a00 f   Reader:inspect.obj
 0001:00037a60       ?call_debug_void@@YAHXZ    00438a60 f   Reader:inspect.obj
 0001:00037cd0       ?breakpoint_void@@YAXXZ    00438cd0 f   Reader:inspect.obj
 0001:00037f30       ?dn_integer@@YAXH@Z        00438f30 f   Reader:inspect.obj
 0001:00038090       ?up_integer@@YAXH@Z        00439090 f   Reader:inspect.obj
 0001:000381d0       ?where_integer@@YAXH@Z     004391d0 f   Reader:inspect.obj
 0001:00038230       ?print_debug_info_integer@@YAXHHH@Z 00439230 f   Reader:inspect.obj
 0001:000383c0       ?Show_integer@@YAHH@Z      004393c0 f   Reader:inspect.obj
 0001:000385c0       ?block_integer@@YAXH@Z     004395c0 f   Reader:inspect.obj
 0001:000388f0       ?closure_build_lambda@@YAPAVlist@@PAVlambda@@@Z 004398f0 f   Reader:inspect.obj
 0001:00038a20       ?closure_build_any@@YAXHPAVlist@@@Z 00439a20 f   Reader:inspect.obj
 0001:00038c10       ?call_step_property_Reader@@YAXPAVproperty@@@Z 00439c10 f   Reader:inspect.obj
 0001:00038cc0       ?step_any@@YAXH@Z          00439cc0 f   Reader:inspect.obj
 0001:00038e60       ?mem_class@@YAHPAVClaireClass@@@Z 00439e60 f   Reader:inspect.obj
 0001:00038ff0       ?PRget_property@@YAPAVPRcount@@PAVproperty@@@Z 00439ff0 f   Reader:inspect.obj
 0001:00039170       ?PRlook_property2@@YAHPAVproperty@@@Z 0043a170 f   Reader:inspect.obj
 0001:000391a0       ?PRshow_property@@YAXPAVproperty@@@Z 0043a1a0 f   Reader:inspect.obj
 0001:000392c0       ?PRtime_property@@YAHPAVproperty@@@Z 0043a2c0 f   Reader:inspect.obj
 0001:00039310       ?PRshow_void@@YAHXZ        0043a310 f   Reader:inspect.obj
 0001:000396b0       ?dependents_method@@YAPAVset@@PAVmethod@@@Z 0043a6b0 f   Reader:inspect.obj
 0001:00039860       ?dependents_any@@YAHH@Z    0043a860 f   Reader:inspect.obj
 0001:00039c00       ?PRdepends_property@@YAHPAVproperty@@0@Z 0043ac00 f   Reader:inspect.obj
 0001:00039c40       ?self_eval_delimiter@@YAHPAVdelimiter@@@Z 0043ac40 f   Reader:file.obj
 0001:00039cc0       ?useless_c_integer@@YAPAVClaireBoolean@@H@Z 0043acc0 f   Reader:file.obj
 0001:00039d20       ?skipc_meta_reader@@YAHPAVmeta_reader@@@Z 0043ad20 f   Reader:file.obj
 0001:00039db0       ?skipc_I_meta_reader@@YAHPAVmeta_reader@@@Z 0043adb0 f   Reader:file.obj
 0001:00039e80       ?cnext_meta_reader@@YAPAVmeta_reader@@PAV1@@Z 0043ae80 f   Reader:file.obj
 0001:00039ea0       ?findeol_meta_reader@@YAPAVClaireBoolean@@PAVmeta_reader@@@Z 0043aea0 f   Reader:file.obj
 0001:00039f50       ?checkno_meta_reader@@YAHPAVmeta_reader@@HH@Z 0043af50 f   Reader:file.obj
 0001:00039fc0       ?verify_any@@YAHHHH@Z      0043afc0 f   Reader:file.obj
 0001:0003a010       ?Serror_string@@YAXPADPAVlist@@@Z 0043b010 f   Reader:file.obj
 0001:0003a090       ?extract_variable_any@@YAPAVVariable@@H@Z 0043b090 f   Reader:file.obj
 0001:0003a260       ?bind_I_meta_reader@@YAPAVlist@@PAVmeta_reader@@PAVVariable@@@Z 0043b260 f   Reader:file.obj
 0001:0003a2d0       ?unbind_I_meta_reader@@YAHPAVmeta_reader@@PAVlist@@@Z 0043b2d0 f   Reader:file.obj
 0001:0003a310       ?_7_string@@YAPADPAD0@Z    0043b310 f   Reader:file.obj
 0001:0003a3e0       ?restore_state_meta_reader@@YAXPAVmeta_reader@@@Z 0043b3e0 f   Reader:file.obj
 0001:0003a450       ?load_file_string@@YAHPADPAVClaireBoolean@@@Z 0043b450 f   Reader:file.obj
 0001:0003aa10       ?load_string@@YAHPAD@Z     0043ba10 f   Reader:file.obj
 0001:0003aa30       ?sload_string@@YAHPAD@Z    0043ba30 f   Reader:file.obj
 0001:0003aa50       ?load_file_module@@YAXPAVmodule@@PAVClaireBoolean@@@Z 0043ba50 f   Reader:file.obj
 0001:0003ac10       ?load_module@@YAHPAVmodule@@@Z 0043bc10 f   Reader:file.obj
 0001:0003ad30       ?sload_module@@YAHPAVmodule@@@Z 0043bd30 f   Reader:file.obj
 0001:0003ae50       ?add_modules_module@@YAPAVlist@@PAVmodule@@PAVset@@PAV1@@Z 0043be50 f   Reader:file.obj
 0001:0003b0e0       ?add_modules_list@@YAPAVlist@@PAV1@@Z 0043c0e0 f   Reader:file.obj
 0001:0003b1b0       ?eload_string@@YAHPAD@Z    0043c1b0 f   Reader:file.obj
 0001:0003b580       ?readblock_port@@YAHPAVClairePort@@@Z 0043c580 f   Reader:file.obj
 0001:0003b720       ?read_port@@YAHPAVClairePort@@@Z 0043c720 f   Reader:file.obj
 0001:0003b910       ?read_string@@YAHPAD@Z     0043c910 f   Reader:file.obj
 0001:0003bad0       ?debug_if_possible_void@@YAHXZ 0043cad0 f   Reader:file.obj
 0001:0003bb20       ?print_exception_void@@YAHXZ 0043cb20 f   Reader:file.obj
 0001:0003bd60       ?show_any@@YAHH@Z          0043cd60 f   Reader:file.obj
 0001:0003bea0       ?kill_object@@YAHPAVClaireObject@@@Z 0043cea0 f   Reader:file.obj
 0001:0003bf30       ?kill_class@@YAHPAVClaireClass@@@Z 0043cf30 f   Reader:file.obj
 0001:0003bfb0       ?min_integer@@YAHHH@Z      0043cfb0 f   Reader:file.obj
 0001:0003bfc0       ?max_integer@@YAHHH@Z      0043cfc0 f   Reader:file.obj
 0001:0003bfd0       ?min_any@@YAHHH@Z          0043cfd0 f   Reader:file.obj
 0001:0003c010       ?max_any@@YAHHH@Z          0043d010 f   Reader:file.obj
 0001:0003c050       ?hashgrow_list@@YAPAVlist@@PAV1@PAVproperty@@@Z 0043d050 f   Reader:file.obj
 0001:0003c160       ?known_ask_table@@YAPAVClaireBoolean@@PAVtable@@H@Z 0043d160 f   Reader:file.obj
 0001:0003c190       ?unknown_ask_table@@YAPAVClaireBoolean@@PAVtable@@H@Z 0043d190 f   Reader:file.obj
 0001:0003c1c0       ?float_I_string_@@YAHPAD@Z 0043d1c0 f   Reader:file.obj
 0001:0003c250       ?float_I_string@@YANPAD@Z  0043d250 f   Reader:file.obj
 0001:0003c3a0       ?_sup_equal_any@@YAPAVClaireBoolean@@HH@Z 0043d3a0 f   Reader:file.obj
 0001:0003c3d0       ?DBregister_Call@@YAPAVCall@@PAV1@@Z 0043d3d0 f   Reader:syntax.obj
 0001:0003c590       ?Call_I_property@@YAPAVCall@@PAVproperty@@PAVlist@@@Z 0043d590 f   Reader:syntax.obj
 0001:0003c670       ?operation_ask_any@@YAPAVClaireBoolean@@H@Z 0043d670 f   Reader:syntax.obj
 0001:0003c790       ?combine_any@@YAHHHH@Z     0043d790 f   Reader:syntax.obj
 0001:0003c8b0       ?combine_I_any@@YAHHHH@Z   0043d8b0 f   Reader:syntax.obj
 0001:0003d450       ?operation_I_any@@YAHH@Z   0043e450 f   Reader:syntax.obj
 0001:0003d730       ?operand_I_any@@YAHHH@Z    0043e730 f   Reader:syntax.obj
 0001:0003dbb0       ?precedence_I_any@@YAHH@Z  0043ebb0 f   Reader:syntax.obj
 0001:0003dc50       ?nextstruct_meta_reader@@YAHPAVmeta_reader@@PAVkeyword@@1@Z 0043ec50 f   Reader:syntax.obj
 0001:0003df70       ?readlet_meta_reader@@YAHPAVmeta_reader@@PAVkeyword@@@Z 0043ef70 f   Reader:syntax.obj
 0001:0003e670       ?readlet_star_meta_reader@@YAHPAVmeta_reader@@PAVlist@@HPAVkeyword@@@Z 0043f670 f   Reader:syntax.obj
 0001:0003e7f0       ?readwhen_meta_reader@@YAHPAVmeta_reader@@PAVkeyword@@@Z 0043f7f0 f   Reader:syntax.obj
 0001:0003ea30       ?readif_meta_reader@@YAHPAVmeta_reader@@H@Z 0043fa30 f   Reader:syntax.obj
 0001:0003ec00       ?readcase_meta_reader@@YAHPAVmeta_reader@@PAVkeyword@@@Z 0043fc00 f   Reader:syntax.obj
 0001:0003ee70       ?readset_meta_reader@@YAHPAVmeta_reader@@H@Z 0043fe70 f   Reader:syntax.obj
 0001:0003f310       ?dereference_any@@YAHH@Z   00440310 f   Reader:syntax.obj
 0001:0003f4c0       ?nextseq_meta_reader@@YAHPAVmeta_reader@@H@Z 004404c0 f   Reader:syntax.obj
 0001:0003f660       ?readblock_meta_reader@@YAHPAVmeta_reader@@HH@Z 00440660 f   Reader:syntax.obj
 0001:0003f9b0       ?Do_I_any@@YAHHH@Z         004409b0 f   Reader:syntax.obj
 0001:0003fb50       ?extract_of_type_Call@@YAPAVClaireType@@PAVCall@@@Z 00440b50 f   Reader:syntax.obj
 0001:0003fd10       ?readcall_meta_reader@@YAHPAVmeta_reader@@HH@Z 00440d10 f   Reader:syntax.obj
 0001:00040c40       ?nextdefinition_meta_reader@@YAHPAVmeta_reader@@HHPAVClaireBoolean@@@Z 00441c40 f   Reader:syntax.obj
 0001:00041410       ?nextmethod_meta_reader@@YAHPAVmeta_reader@@HHPAVClaireBoolean@@11@Z 00442410 f   Reader:syntax.obj
 0001:00041600       ?nextinst_meta_reader@@YAHPAVmeta_reader@@H@Z 00442600 f   Reader:syntax.obj
 0001:00041d90       ?nextDefclass_meta_reader@@YAPAVDefclass@@PAVmeta_reader@@HPAVClaireBoolean@@@Z 00442d90 f   Reader:syntax.obj
 0001:00042400       ?next_meta_reader@@YAHPAVmeta_reader@@@Z 00443400 f   Reader:read.obj
 0001:00042410       ?firstc_meta_reader@@YAHPAVmeta_reader@@@Z 00443410 f   Reader:read.obj
 0001:00042420       ?keyword_ask_any@@YAHH@Z   00443420 f   Reader:read.obj
 0001:00042470       ?stop_ask_integer@@YAHH@Z  00443470 f   Reader:read.obj
 0001:000424f0       ?nextunit_meta_reader@@YAHPAVmeta_reader@@@Z 004434f0 f   Reader:read.obj
 0001:00042e50       ?nexts_meta_reader@@YAHPAVmeta_reader@@PAVkeyword@@@Z 00443e50 f   Reader:read.obj
 0001:00043090       ?loopexp_meta_reader@@YAHPAVmeta_reader@@HPAVkeyword@@PAVClaireBoolean@@@Z 00444090 f   Reader:read.obj
 0001:00043740       ?nexte_meta_reader@@YAHPAVmeta_reader@@@Z 00444740 f   Reader:read.obj
 0001:00043860       ?nextexp_meta_reader@@YAHPAVmeta_reader@@PAVClaireBoolean@@@Z 00444860 f   Reader:read.obj
 0001:00044010       ?nexti_meta_reader@@YAHPAVmeta_reader@@H@Z 00445010 f   Reader:read.obj
 0001:000449e0       ?read_escape_meta_reader@@YAHPAVmeta_reader@@@Z 004459e0 f   Reader:read.obj
 0001:00044ac0       ?nextvariable_meta_reader@@YAHPAVmeta_reader@@H@Z 00445ac0 f   Reader:read.obj
 0001:00044c10       ?nexts_I_meta_reader1@@YAHPAVmeta_reader@@PAVkeyword@@@Z 00445c10 f   Reader:read.obj
 0001:00044d10       ?nexte_I_meta_reader@@YAHPAVmeta_reader@@PAVkeyword@@@Z 00445d10 f   Reader:read.obj
 0001:00044df0       ?nexts_I_meta_reader2@@YAHPAVmeta_reader@@H@Z 00445df0 f   Reader:read.obj
 0001:00044ef0       ?nexts_I_meta_reader3@@YAHPAVmeta_reader@@PAVkeyword@@H@Z 00445ef0 f   Reader:read.obj
 0001:00045000       ?extended_comment_ask_meta_reader@@YAPAVClaireBoolean@@PAVmeta_reader@@PAD@Z 00446000 f   Reader:read.obj
 0001:000450b0       ?extended_comment_I_meta_reader@@YAHPAVmeta_reader@@PAD@Z 004460b0 f   Reader:read.obj
 0001:00045370       ?choco_getNbVars@AbstractConstraint@@QAEHXZ 00446370 f   choco:choco.obj
 0001:0004538a       ?choco_assignIndices@AbstractConstraint@@QAEHPAV1@H@Z 0044638a f   choco:choco.obj
 0001:000453ab       ?choco_getConstraintIdx@AbstractConstraint@@QAEHH@Z 004463ab f   choco:choco.obj
 0001:000453cb       ?choco_setConstraintIndex@AbstractConstraint@@QAEXHH@Z 004463cb f   choco:choco.obj
 0001:000453ec       ?choco_askIfEntailed@AbstractConstraint@@QAEHXZ 004463ec f   choco:choco.obj
 0001:00045406       ?choco_testIfSatisfied@AbstractConstraint@@QAEPAVClaireBoolean@@XZ 00446406 f   choco:choco.obj
 0001:00045420       ?choco_testIfCompletelyInstantiated@AbstractConstraint@@QAEPAVClaireBoolean@@XZ 00446420 f   choco:choco.obj
 0001:0004543a       ?choco_propagate@AbstractConstraint@@QAEXXZ 0044643a f   choco:choco.obj
 0001:00045454       ?choco_awakeOnInf@AbstractConstraint@@QAEXH@Z 00446454 f   choco:choco.obj
 0001:00045474       ?choco_awakeOnSup@AbstractConstraint@@QAEXH@Z 00446474 f   choco:choco.obj
 0001:00045494       ?choco_awakeOnInst@AbstractConstraint@@QAEXH@Z 00446494 f   choco:choco.obj
 0001:000454b4       ?choco_awakeOnRem@AbstractConstraint@@QAEXHH@Z 004464b4 f   choco:choco.obj
 0001:000454d8       ?choco_domainIncludedIn@IntVar@@QAEPAVClaireBoolean@@PAVlist@@@Z 004464d8 f   choco:choco.obj
 0001:000454f8       ?choco_hasExactDomain@IntVar@@QAEPAVClaireBoolean@@XZ 004464f8 f   choco:choco.obj
 0001:00045512       ?choco_getInf@IntVar@@QAEHXZ 00446512 f   choco:choco.obj
 0001:0004552c       ?choco_getSup@IntVar@@QAEHXZ 0044652c f   choco:choco.obj
 0001:00045546       ?choco_getNextActiveEventQueue@PropagationEngine@@QAEHXZ 00446546 f   choco:choco.obj
 0001:00045560       ?choco_selectBranchingObject@AbstractBranching@@QAEHXZ 00446560 f   choco:choco.obj
 0001:0004557a       ?choco_goDownBranch@AbstractBranching@@QAEXHH@Z 0044657a f   choco:choco.obj
 0001:0004559e       ?choco_traceDownBranch@AbstractBranching@@QAEXHH@Z 0044659e f   choco:choco.obj
 0001:000455c2       ?choco_goUpBranch@AbstractBranching@@QAEXHH@Z 004465c2 f   choco:choco.obj
 0001:000455e6       ?choco_traceUpBranch@AbstractBranching@@QAEXHH@Z 004465e6 f   choco:choco.obj
 0001:0004560a       ?choco_getFirstBranch@AbstractBranching@@QAEHH@Z 0044660a f   choco:choco.obj
 0001:0004562a       ?choco_getNextBranch@AbstractBranching@@QAEHHH@Z 0044662a f   choco:choco.obj
 0001:0004564e       ?choco_finishedBranching@AbstractBranching@@QAEPAVClaireBoolean@@HH@Z 0044664e f   choco:choco.obj
 0001:00045672       ?choco_branchOn@AbstractBranching@@QAEPAVClaireBoolean@@HH@Z 00446672 f   choco:choco.obj
 0001:00045696       ?choco_mayExpandNewNode@GlobalSearchLimit@@QAEPAVClaireBoolean@@PAVGlobalSearchSolver@@@Z 00446696 f   choco:choco.obj
 0001:000456b3       ?choco_domainSequence@AbstractIntDomain@@QAEPAVlist@@XZ 004466b3 f   choco:choco.obj
 0001:000456cd       ?choco_domainSet@AbstractIntDomain@@QAEPAVset@@XZ 004466cd f   choco:choco.obj
 0001:000456e7       ?choco_updateDomainInf@AbstractIntDomain@@QAEHH@Z 004466e7 f   choco:choco.obj
 0001:00045707       ?choco_updateDomainSup@AbstractIntDomain@@QAEHH@Z 00446707 f   choco:choco.obj
 0001:00045727       ?choco_getDomainInf@AbstractIntDomain@@QAEHXZ 00446727 f   choco:choco.obj
 0001:00045741       ?choco_getDomainSup@AbstractIntDomain@@QAEHXZ 00446741 f   choco:choco.obj
 0001:0004575b       ?choco_containsValInDomain@AbstractIntDomain@@QAEPAVClaireBoolean@@H@Z 0044675b f   choco:choco.obj
 0001:0004577b       ?choco_getNextValue@AbstractIntDomain@@QAEHH@Z 0044677b f   choco:choco.obj
 0001:0004579b       ?choco_getPrevValue@AbstractIntDomain@@QAEHH@Z 0044679b f   choco:choco.obj
 0001:000457bb       ?choco_removeDomainVal@AbstractIntDomain@@QAEPAVClaireBoolean@@H@Z 004467bb f   choco:choco.obj
 0001:000457db       ?choco_restrict@AbstractIntDomain@@QAEXH@Z 004467db f   choco:choco.obj
 0001:000457fb       ?choco_getDomainCard@AbstractIntDomain@@QAEHXZ 004467fb f   choco:choco.obj
 0001:00045815       ?choco_getKernel@AbstractSetDomain@@QAEPAVlist@@XZ 00446815 f   choco:choco.obj
 0001:0004582f       ?choco_getEnveloppe@AbstractSetDomain@@QAEPAVlist@@XZ 0044682f f   choco:choco.obj
 0001:00045849       ?choco_getKernelSize@AbstractSetDomain@@QAEHXZ 00446849 f   choco:choco.obj
 0001:00045863       ?choco_getEnveloppeSize@AbstractSetDomain@@QAEHXZ 00446863 f   choco:choco.obj
 0001:0004587d       ?choco_getEnveloppeInf@AbstractSetDomain@@QAEHXZ 0044687d f   choco:choco.obj
 0001:00045897       ?choco_getEnveloppeSup@AbstractSetDomain@@QAEHXZ 00446897 f   choco:choco.obj
 0001:000458b1       ?choco_isInKernel@AbstractSetDomain@@QAEPAVClaireBoolean@@H@Z 004468b1 f   choco:choco.obj
 0001:000458d1       ?choco_isInEnveloppe@AbstractSetDomain@@QAEPAVClaireBoolean@@H@Z 004468d1 f   choco:choco.obj
 0001:000458f1       ?choco_updateKernel@AbstractSetDomain@@QAEPAVClaireBoolean@@H@Z 004468f1 f   choco:choco.obj
 0001:00045911       ?choco_updateEnveloppe@AbstractSetDomain@@QAEPAVClaireBoolean@@H@Z 00446911 f   choco:choco.obj
 0001:00045931       ?choco_popSomeEvents@EventCollection@@QAEXXZ 00446931 f   choco:choco.obj
 0001:0004594b       ?choco_getTruthValue@BinRelation@@QAEPAVClaireBoolean@@HH@Z 0044694b f   choco:choco.obj
 0001:0004596f       ?choco_filter@LinComb@@QAEXPAVClaireBoolean@@H@Z 0044696f f   choco:choco.obj
 0001:00045993       ?choco_filterOnImprovedLowerBound@LinComb@@QAEPAVClaireBoolean@@XZ 00446993 f   choco:choco.obj
 0001:000459ad       ?choco_filterOnImprovedUpperBound@LinComb@@QAEPAVClaireBoolean@@XZ 004469ad f   choco:choco.obj
 0001:000459c7       ?choco_selectVar@VarSelector@@QAEHXZ 004469c7 f   choco:choco.obj
 0001:000459e1       ?choco_isOver@ValIterator@@QAEPAVClaireBoolean@@PAVIntVar@@H@Z 004469e1 f   choco:choco.obj
 0001:00045a05       ?choco_getFirstVal@ValIterator@@QAEHPAVIntVar@@@Z 00446a05 f   choco:choco.obj
 0001:00045a25       ?choco_getNextVal@ValIterator@@QAEHPAVIntVar@@H@Z 00446a25 f   choco:choco.obj
 0001:00045a49       ?choco_getBestVal@ValSelector@@QAEHPAVIntVar@@@Z 00446a49 f   choco:choco.obj
 0001:00045a69       ?metaLoad@chocoClass@@QAEXXZ 00446a69 f   choco:choco.obj
 0001:00069db0       ?fcall@property@@QAEHH@Z   0046adb0 f i choco:choco.obj
 0001:00069df0       ?fcall@property@@QAEHHH@Z  0046adf0 f i choco:choco.obj
 0001:00069e40       ?fcall@property@@QAEHHHH@Z 0046ae40 f i choco:choco.obj
 0001:00069e90       ?_float_@@YAHN@Z           0046ae90 f i choco:choco.obj
 0001:00069f50       ?choco_closeLargeIntConstraint_LargeIntConstraint@@YAXPAVLargeIntConstraint@@@Z 0046af50 f   choco:const.obj
 0001:00069f82       ?choco_delay_IntConstraint@@YAPAVDelayer@@PAVIntConstraint@@H@Z 0046af82 f   choco:const.obj
 0001:0006a092       ?claire_self_print_Delayer_choco@@YAXPAVDelayer@@@Z 0046b092 f   choco:const.obj
 0001:0006a1c5       ?choco_closeCompositeConstraint_BinCompositeConstraint@@YAXPAVBinCompositeConstraint@@@Z 0046b1c5 f   choco:const.obj
 0001:0006a2db       ?choco_closeCompositeConstraint_LargeCompositeConstraint@@YAXPAVLargeCompositeConstraint@@@Z 0046b2db f   choco:const.obj
 0001:0006a480       ?choco_getNbVarsFromSubConst_LargeCompositeConstraint@@YAHPAVLargeCompositeConstraint@@@Z 0046b480 f   choco:const.obj
 0001:0006a494       ?choco_connectHook_any_choco@@YAHHPAVAbstractConstraint@@@Z 0046b494 f   choco:const.obj
 0001:0006a4a1       ?choco_reconnectHook_any_choco@@YAHHPAVAbstractConstraint@@@Z 0046b4a1 f   choco:const.obj
 0001:0006a4ae       ?choco_disconnectHook_any_choco@@YAHHPAVAbstractConstraint@@@Z 0046b4ae f   choco:const.obj
 0001:0006a4bb       ?choco_assignIndices_AbstractConstraint@@YAHPAVAbstractConstraint@@0H@Z 0046b4bb f   choco:const.obj
 0001:0006a533       ?choco_assignIndices_UnIntConstraint@@YAHPAVUnIntConstraint@@PAVAbstractConstraint@@H@Z 0046b533 f   choco:const.obj
 0001:0006a667       ?choco_assignIndices_BinIntConstraint@@YAHPAVBinIntConstraint@@PAVAbstractConstraint@@H@Z 0046b667 f   choco:const.obj
 0001:0006a7de       ?choco_assignIndices_TernIntConstraint@@YAHPAVTernIntConstraint@@PAVAbstractConstraint@@H@Z 0046b7de f   choco:const.obj
 0001:0006a999       ?choco_assignIndices_LargeIntConstraint@@YAHPAVLargeIntConstraint@@PAVAbstractConstraint@@H@Z 0046b999 f   choco:const.obj
 0001:0006aa4d       ?choco_assignIndices_BinCompositeConstraint@@YAHPAVBinCompositeConstraint@@PAVAbstractConstraint@@H@Z 0046ba4d f   choco:const.obj
 0001:0006abc3       ?choco_assignIndices_LargeCompositeConstraint@@YAHPAVLargeCompositeConstraint@@PAVAbstractConstraint@@H@Z 0046bbc3 f   choco:const.obj
 0001:0006acfa       ?choco_setConstraintIndex_AbstractConstraint@@YAXPAVAbstractConstraint@@HH@Z 0046bcfa f   choco:const.obj
 0001:0006ad5e       ?choco_setConstraintIndex_UnIntConstraint@@YAXPAVUnIntConstraint@@HH@Z 0046bd5e f   choco:const.obj
 0001:0006add3       ?choco_setConstraintIndex_BinIntConstraint@@YAXPAVBinIntConstraint@@HH@Z 0046bdd3 f   choco:const.obj
 0001:0006ae5a       ?choco_setConstraintIndex_TernIntConstraint@@YAXPAVTernIntConstraint@@HH@Z 0046be5a f   choco:const.obj
 0001:0006aef4       ?choco_setConstraintIndex_LargeIntConstraint@@YAXPAVLargeIntConstraint@@HH@Z 0046bef4 f   choco:const.obj
 0001:0006af7c       ?choco_setConstraintIndex_BinCompositeConstraint@@YAXPAVBinCompositeConstraint@@HH@Z 0046bf7c f   choco:const.obj
 0001:0006b0cc       ?choco_setConstraintIndex_LargeCompositeConstraint@@YAXPAVLargeCompositeConstraint@@HH@Z 0046c0cc f   choco:const.obj
 0001:0006b302       ?choco_setConstraintIndex_Delayer@@YAXPAVDelayer@@HH@Z 0046c302 f   choco:const.obj
 0001:0006b40b       ?choco_getConstraintIdx_AbstractConstraint@@YAHPAVAbstractConstraint@@H@Z 0046c40b f   choco:const.obj
 0001:0006b46e       ?choco_getConstraintIdx_UnIntConstraint@@YAHPAVUnIntConstraint@@H@Z 0046c46e f   choco:const.obj
 0001:0006b4f4       ?choco_getConstraintIdx_BinIntConstraint@@YAHPAVBinIntConstraint@@H@Z 0046c4f4 f   choco:const.obj
 0001:0006b58a       ?choco_getConstraintIdx_TernIntConstraint@@YAHPAVTernIntConstraint@@H@Z 0046c58a f   choco:const.obj
 0001:0006b634       ?choco_getConstraintIdx_LargeIntConstraint@@YAHPAVLargeIntConstraint@@H@Z 0046c634 f   choco:const.obj
 0001:0006b6cc       ?choco_getConstraintIdx_BinCompositeConstraint@@YAHPAVBinCompositeConstraint@@H@Z 0046c6cc f   choco:const.obj
 0001:0006b851       ?choco_getConstraintIdx_LargeCompositeConstraint@@YAHPAVLargeCompositeConstraint@@H@Z 0046c851 f   choco:const.obj
 0001:0006baa4       ?choco_getConstraintIdx_Delayer@@YAHPAVDelayer@@H@Z 0046caa4 f   choco:const.obj
 0001:0006bbc7       ?choco_getPriority_AbstractConstraint_choco@@YAHPAVAbstractConstraint@@@Z 0046cbc7 f   choco:const.obj
 0001:0006bbd1       ?choco_getPriority_Delayer_choco@@YAHPAVDelayer@@@Z 0046cbd1 f   choco:const.obj
 0001:0006bbdc       ?choco_testIfCompletelyInstantiated_IntConstraint@@YAPAVClaireBoolean@@PAVIntConstraint@@@Z 0046cbdc f   choco:const.obj
 0001:0006bda4       ?choco_testIfCompletelyInstantiated_UnIntConstraint@@YAPAVClaireBoolean@@PAVUnIntConstraint@@@Z 0046cda4 f   choco:const.obj
 0001:0006bed8       ?choco_testIfCompletelyInstantiated_BinIntConstraint@@YAPAVClaireBoolean@@PAVBinIntConstraint@@@Z 0046ced8 f   choco:const.obj
 0001:0006c099       ?choco_testIfCompletelyInstantiated_TernIntConstraint@@YAPAVClaireBoolean@@PAVTernIntConstraint@@@Z 0046d099 f   choco:const.obj
 0001:0006c2cc       ?choco_testIfCompletelyInstantiated_LargeIntConstraint@@YAPAVClaireBoolean@@PAVLargeIntConstraint@@@Z 0046d2cc f   choco:const.obj
 0001:0006c47f       ?choco_testIfCompletelyInstantiated_BinCompositeConstraint@@YAPAVClaireBoolean@@PAVBinCompositeConstraint@@@Z 0046d47f f   choco:const.obj
 0001:0006c640       ?choco_testIfCompletelyInstantiated_LargeCompositeConstraint@@YAPAVClaireBoolean@@PAVLargeCompositeConstraint@@@Z 0046d640 f   choco:const.obj
 0001:0006c8fc       ?choco_getNbVars_AbstractConstraint@@YAHPAVAbstractConstraint@@@Z 0046d8fc f   choco:const.obj
 0001:0006c95a       ?choco_getNbVars_UnIntConstraint@@YAHPAVUnIntConstraint@@@Z 0046d95a f   choco:const.obj
 0001:0006c964       ?choco_getNbVars_BinIntConstraint@@YAHPAVBinIntConstraint@@@Z 0046d964 f   choco:const.obj
 0001:0006c96e       ?choco_getNbVars_TernIntConstraint@@YAHPAVTernIntConstraint@@@Z 0046d96e f   choco:const.obj
 0001:0006c978       ?choco_getNbVars_LargeIntConstraint@@YAHPAVLargeIntConstraint@@@Z 0046d978 f   choco:const.obj
 0001:0006c983       ?choco_getNbVars_LargeCompositeConstraint@@YAHPAVLargeCompositeConstraint@@@Z 0046d983 f   choco:const.obj
 0001:0006c9c7       ?choco_getNbVars_BinCompositeConstraint@@YAHPAVBinCompositeConstraint@@@Z 0046d9c7 f   choco:const.obj
 0001:0006caed       ?choco_getVar_AbstractConstraint_choco@@YAPAVAbstractVar@@PAVAbstractConstraint@@H@Z 0046daed f   choco:const.obj
 0001:0006cc6e       ?choco_getVar_UnIntConstraint_choco@@YAPAVAbstractVar@@PAVUnIntConstraint@@H@Z 0046dc6e f   choco:const.obj
 0001:0006ccdc       ?choco_getVar_BinIntConstraint_choco@@YAPAVAbstractVar@@PAVBinIntConstraint@@H@Z 0046dcdc f   choco:const.obj
 0001:0006cd6d       ?choco_getVar_TernIntConstraint_choco@@YAPAVAbstractVar@@PAVTernIntConstraint@@H@Z 0046dd6d f   choco:const.obj
 0001:0006ce12       ?choco_getVar_LargeIntConstraint_choco@@YAPAVAbstractVar@@PAVLargeIntConstraint@@H@Z 0046de12 f   choco:const.obj
 0001:0006ced0       ?choco_getVar_LargeCompositeConstraint_choco@@YAPAVAbstractVar@@PAVLargeCompositeConstraint@@H@Z 0046ded0 f   choco:const.obj
 0001:0006d157       ?choco_getVar_BinCompositeConstraint_choco@@YAPAVAbstractVar@@PAVBinCompositeConstraint@@H@Z 0046e157 f   choco:const.obj
 0001:0006d2ce       ?choco_disconnect_AbstractConstraint_choco@@YAXPAVAbstractConstraint@@@Z 0046e2ce f   choco:const.obj
 0001:0006d32a       ?choco_connect_AbstractConstraint_choco@@YAXPAVAbstractConstraint@@@Z 0046e32a f   choco:const.obj
 0001:0006d386       ?choco_opposite_AbstractConstraint@@YAPAVAbstractConstraint@@PAV1@@Z 0046e386 f   choco:const.obj
 0001:0006d3e5       ?choco_askIfEntailed_AbstractConstraint@@YAHPAVAbstractConstraint@@@Z 0046e3e5 f   choco:const.obj
 0001:0006d456       ?choco_propagate_Ephemeral@@YAXPAVEphemeral@@@Z 0046e456 f   choco:const.obj
 0001:0006d4b2       ?choco_awakeOnInf_AbstractConstraint@@YAXPAVAbstractConstraint@@H@Z 0046e4b2 f   choco:const.obj
 0001:0006d4c6       ?choco_awakeOnSup_AbstractConstraint@@YAXPAVAbstractConstraint@@H@Z 0046e4c6 f   choco:const.obj
 0001:0006d4da       ?choco_awakeOnInst_AbstractConstraint@@YAXPAVAbstractConstraint@@H@Z 0046e4da f   choco:const.obj
 0001:0006d4ee       ?choco_awakeOnRem_AbstractConstraint@@YAXPAVAbstractConstraint@@HH@Z 0046e4ee f   choco:const.obj
 0001:0006d502       ?choco_awakeOnVar_AbstractConstraint@@YAXPAVAbstractConstraint@@H@Z 0046e502 f   choco:const.obj
 0001:0006d516       ?choco_awake_AbstractConstraint_choco@@YAXPAVAbstractConstraint@@@Z 0046e516 f   choco:const.obj
 0001:0006d52a       ?choco_awakeOnKer_AbstractConstraint@@YAXPAVAbstractConstraint@@H@Z 0046e52a f   choco:const.obj
 0001:0006d53e       ?choco_awakeOnEnv_AbstractConstraint@@YAXPAVAbstractConstraint@@H@Z 0046e53e f   choco:const.obj
 0001:0006d552       ?choco_awakeOnInstSet_AbstractConstraint@@YAXPAVAbstractConstraint@@H@Z 0046e552 f   choco:const.obj
 0001:0006d566       ?choco_testIfSatisfied_AbstractConstraint@@YAPAVClaireBoolean@@PAVAbstractConstraint@@@Z 0046e566 f   choco:const.obj
 0001:0006d5c7       ?choco_testIfCompletelyInstantiated_AbstractConstraint@@YAPAVClaireBoolean@@PAVAbstractConstraint@@@Z 0046e5c7 f   choco:const.obj
 0001:0006d628       ?choco_propagate_UnIntConstraint@@YAXPAVUnIntConstraint@@@Z 0046e628 f   choco:const.obj
 0001:0006d64f       ?choco_propagate_BinIntConstraint@@YAXPAVBinIntConstraint@@@Z 0046e64f f   choco:const.obj
 0001:0006d698       ?choco_propagate_LargeIntConstraint@@YAXPAVLargeIntConstraint@@@Z 0046e698 f   choco:const.obj
 0001:0006d6eb       ?choco_doAwake_AbstractConstraint@@YAXPAVAbstractConstraint@@@Z 0046e6eb f   choco:const.obj
 0001:0006d70d       ?choco_doPropagate_AbstractConstraint@@YAXPAVAbstractConstraint@@@Z 0046e70d f   choco:const.obj
 0001:0006d721       ?choco_doAwakeOnInf_AbstractConstraint@@YAXPAVAbstractConstraint@@H@Z 0046e721 f   choco:const.obj
 0001:0006d739       ?choco_doAwakeOnSup_AbstractConstraint@@YAXPAVAbstractConstraint@@H@Z 0046e739 f   choco:const.obj
 0001:0006d751       ?choco_doAwakeOnInst_AbstractConstraint@@YAXPAVAbstractConstraint@@H@Z 0046e751 f   choco:const.obj
 0001:0006d769       ?choco_doAwakeOnKer_AbstractConstraint@@YAXPAVAbstractConstraint@@H@Z 0046e769 f   choco:const.obj
 0001:0006d790       ?choco_doAwakeOnEnv_AbstractConstraint@@YAXPAVAbstractConstraint@@H@Z 0046e790 f   choco:const.obj
 0001:0006d7b7       ?choco_doAwakeOnInstSet_AbstractConstraint@@YAXPAVAbstractConstraint@@H@Z 0046e7b7 f   choco:const.obj
 0001:0006d7de       ?choco_doAwakeOnRem_AbstractConstraint@@YAXPAVAbstractConstraint@@HH@Z 0046e7de f   choco:const.obj
 0001:0006d7fa       ?choco_doAwakeOnVar_AbstractConstraint@@YAXPAVAbstractConstraint@@H@Z 0046e7fa f   choco:const.obj
 0001:0006d812       ?choco_askIfTrue_AbstractConstraint@@YAHPAVAbstractConstraint@@@Z 0046e812 f   choco:const.obj
 0001:0006d826       ?choco_testIfTrue_AbstractConstraint@@YAPAVClaireBoolean@@PAVAbstractConstraint@@@Z 0046e826 f   choco:const.obj
 0001:0006d857       ?choco_testIfInstantiated_AbstractConstraint@@YAPAVClaireBoolean@@PAVAbstractConstraint@@@Z 0046e857 f   choco:const.obj
 0001:0006d888       ?choco_abstractIncInf_AbstractConstraint@@YAPAVClaireBoolean@@PAVAbstractConstraint@@H@Z 0046e888 f   choco:const.obj
 0001:0006d892       ?choco_abstractDecSup_AbstractConstraint@@YAPAVClaireBoolean@@PAVAbstractConstraint@@H@Z 0046e892 f   choco:const.obj
 0001:0006d89c       ?choco_abstractInstantiate_AbstractConstraint@@YAPAVClaireBoolean@@PAVAbstractConstraint@@H@Z 0046e89c f   choco:const.obj
 0001:0006d8a6       ?choco_abstractRemoveVal_AbstractConstraint@@YAPAVClaireBoolean@@PAVAbstractConstraint@@HH@Z 0046e8a6 f   choco:const.obj
 0001:0006d8b0       ?choco_awakeOnInf_Delayer@@YAXPAVDelayer@@H@Z 0046e8b0 f   choco:const.obj
 0001:0006d9e4       ?choco_awakeOnSup_Delayer@@YAXPAVDelayer@@H@Z 0046e9e4 f   choco:const.obj
 0001:0006db18       ?choco_awakeOnInst_Delayer@@YAXPAVDelayer@@H@Z 0046eb18 f   choco:const.obj
 0001:0006dc4c       ?choco_awakeOnRem_Delayer@@YAXPAVDelayer@@HH@Z 0046ec4c f   choco:const.obj
 0001:0006dd83       ?choco_testIfSatisfied_Delayer@@YAPAVClaireBoolean@@PAVDelayer@@@Z 0046ed83 f   choco:const.obj
 0001:0006deb7       ?choco_testIfCompletelyInstantiated_Delayer@@YAPAVClaireBoolean@@PAVDelayer@@@Z 0046eeb7 f   choco:const.obj
 0001:0006dfeb       ?choco_getNbVars_Delayer@@YAHPAVDelayer@@@Z 0046efeb f   choco:const.obj
 0001:0006e109       ?choco_askIfEntailed_Delayer@@YAHPAVDelayer@@@Z 0046f109 f   choco:const.obj
 0001:0006e227       ?choco_propagate_Delayer@@YAXPAVDelayer@@@Z 0046f227 f   choco:const.obj
 0001:0006e336       ?choco_awake_Delayer_choco@@YAXPAVDelayer@@@Z 0046f336 f   choco:const.obj
 0001:0006e436       ?choco_getVar_Delayer_choco@@YAPAVAbstractVar@@PAVDelayer@@H@Z 0046f436 f   choco:const.obj
 0001:0006e552       ?choco_addIntVar_Problem@@YAXPAVProblem@@PAVIntVar@@@Z 0046f552 f   choco:const.obj
 0001:0006e67f       ?choco_connect_IntConstraint_choco@@YAXPAVIntConstraint@@@Z 0046f67f f   choco:const.obj
 0001:0006e82d       ?choco_connect_UnIntConstraint_choco@@YAXPAVUnIntConstraint@@@Z 0046f82d f   choco:const.obj
 0001:0006e95e       ?choco_connect_BinIntConstraint_choco@@YAXPAVBinIntConstraint@@@Z 0046f95e f   choco:const.obj
 0001:0006eaad       ?choco_connect_TernIntConstraint_choco@@YAXPAVTernIntConstraint@@@Z 0046faad f   choco:const.obj
 0001:0006ec1a       ?choco_connect_LargeIntConstraint_choco@@YAXPAVLargeIntConstraint@@@Z 0046fc1a f   choco:const.obj
 0001:0006ed82       ?choco_connect_CompositeConstraint_choco@@YAXPAVCompositeConstraint@@@Z 0046fd82 f   choco:const.obj
 0001:0006eebd       ?choco_connect_Delayer_choco@@YAXPAVDelayer@@@Z 0046febd f   choco:const.obj
 0001:0006f017       ?choco_connectIntVar_AbstractConstraint1@@YAXPAVAbstractConstraint@@PAVIntVar@@H@Z 00470017 f   choco:const.obj
 0001:0006f04a       ?choco_connectIntVar_AbstractConstraint2@@YAXPAVAbstractConstraint@@PAVIntVar@@HPAVClaireBoolean@@222@Z 0047004a f   choco:const.obj
 0001:0006f212       ?choco_connectIntVarEvents_IntVar_choco@@YAXPAVIntVar@@PAVClaireBoolean@@111@Z 00470212 f   choco:const.obj
 0001:0006f375       ?choco_connectEvent_VarEvent@@YAXPAVVarEvent@@HPAVClaireBoolean@@@Z 00470375 f   choco:const.obj
 0001:0006f562       ?choco_disconnectIntVar_IntVar@@YAXPAVIntVar@@H@Z 00470562 f   choco:const.obj
 0001:0006f5a3       ?choco_disconnectIntVarEvents_IntVar_choco@@YAXPAVIntVar@@HPAVClaireBoolean@@111@Z 004705a3 f   choco:const.obj
 0001:0006f716       ?choco_disconnectEvent_VarEvent@@YAXPAVVarEvent@@H@Z 00470716 f   choco:const.obj
 0001:0006f9eb       ?choco_connectSetVar_AbstractConstraint1@@YAXPAVAbstractConstraint@@PAVSetVar@@H@Z 004709eb f   choco:const.obj
 0001:0006fa18       ?choco_connectSetVar_AbstractConstraint2@@YAXPAVAbstractConstraint@@PAVSetVar@@HPAVClaireBoolean@@22@Z 00470a18 f   choco:const.obj
 0001:0006fbce       ?choco_connectSetVarEvents_SetVar_choco@@YAXPAVSetVar@@PAVClaireBoolean@@11@Z 00470bce f   choco:const.obj
 0001:0006fd0f       ?choco_disconnectSetVar_SetVar@@YAXPAVSetVar@@H@Z 00470d0f f   choco:const.obj
 0001:0006fd4a       ?choco_disconnectSetVarEvents_SetVar_choco@@YAXPAVSetVar@@HPAVClaireBoolean@@11@Z 00470d4a f   choco:const.obj
 0001:0006fe97       ?choco_reconnectSetVar_SetVar@@YAXPAVSetVar@@H@Z 00470e97 f   choco:const.obj
 0001:0006fed2       ?choco_reconnectSetVarEvents_SetVar_choco@@YAXPAVSetVar@@HPAVClaireBoolean@@11@Z 00470ed2 f   choco:const.obj
 0001:0007001f       ?choco_disconnect_UnIntConstraint_choco@@YAXPAVUnIntConstraint@@@Z 0047101f f   choco:const.obj
 0001:00070152       ?choco_disconnect_BinIntConstraint_choco@@YAXPAVBinIntConstraint@@@Z 00471152 f   choco:const.obj
 0001:000702a2       ?choco_disconnect_TernIntConstraint_choco@@YAXPAVTernIntConstraint@@@Z 004712a2 f   choco:const.obj
 0001:00070412       ?choco_disconnect_LargeIntConstraint_choco@@YAXPAVLargeIntConstraint@@@Z 00471412 f   choco:const.obj
 0001:00070586       ?choco_disconnect_Delayer_choco@@YAXPAVDelayer@@@Z 00471586 f   choco:const.obj
 0001:000706b8       ?choco_reconnect_UnIntConstraint_choco@@YAXPAVUnIntConstraint@@@Z 004716b8 f   choco:const.obj
[...]
 0003:0001a2e4       ??_C@_04MGKK@_sup?$AA@     005812e4     Kernel:Clport.obj
 0003:0001a2ec       ??_C@_04GBFI@_inf?$AA@     005812ec     Kernel:Clport.obj
 0003:0001a2f4       ??_C@_02EPOC@_I?$AA@       005812f4     Kernel:Clport.obj
 0003:0001a2f8       ??_C@_04DGGD@_ask?$AA@     005812f8     Kernel:Clport.obj
 0003:0001a300       ??_C@_05GCKN@_star?$AA@    00581300     Kernel:Clport.obj
 0003:0001a308       ??_C@_02BJCL@_Z?$AA@       00581308     Kernel:Clport.obj
 0003:0001a30c       ??_C@_05CGBA@_plus?$AA@    0058130c     Kernel:Clport.obj
 0003:0001a314       ??_C@_05BJAO@_dash?$AA@    00581314     Kernel:Clport.obj
 0003:0001a31c       ??_C@_04KEMD@_and?$AA@     0058131c     Kernel:Clport.obj
 0003:0001a324       ??_C@_0L@LJCJ@_backslash?$AA@ 00581324     Kernel:Clport.obj
 0003:0001a330       ??_C@_02LKHI@_7?$AA@       00581330     Kernel:Clport.obj
 0003:0001a334       ??_C@_04BFF@_dot?$AA@      00581334     Kernel:Clport.obj
 0003:0001a33c       ??_C@_05CKH@ms?4?5?6?$AA@  0058133c     Kernel:Clport.obj
 0003:0001a344       ??_C@_0BB@NFFF@?$FN?5Elapsed?5time?3?5?$AA@ 00581344     Kernel:Clport.obj
 0003:0001a358       ??_C@_08OMEM@Counter?$FL?$AA@ 00581358     Kernel:Clport.obj
 0003:0001a368       ?CKernelRelease@@3NA       00581368     Kernel:Clenv.obj
 0003:0001a370       ??_C@_0P@GBCA@System?5Error?3?5?$AA@ 00581370     Kernel:Clenv.obj
 0003:0001a380       ??_C@_07FELA@?5?$FLline?5?$AA@ 00581380     Kernel:Clenv.obj
 0003:0001a388       ??_C@_0BN@BEGA@Assertion?5violation?5in?5file?5?$AA@ 00581388     Kernel:Clenv.obj
 0003:0001a3a8       ??_C@_0CK@JDPK@Aha?5?$CB?5?$FOC?5was?5entered?5on?5a?5PC?5?4?4?4@ 005813a8     Kernel:Clenv.obj
 0003:0001a3d4       ??_C@_0DA@BAAD@?6An?5error?5has?5occured?5in?5the?5com@ 005813d4     Kernel:Clenv.obj
 0003:0001a404       ??_C@_0CK@JLGA@increasing?5memory?5size?5by?52?$FO?$CFd?5a@ 00581404     Console:clConsole.obj
 0003:0001a430       ??_C@_02INOP@?9s?$AA@      00581430     Console:clConsole.obj
 0003:0001a434       ??_C@_0DK@KICL@There?5is?5not?5enough?5memory?5for?5C@ 00581434     Console:clConsole.obj
 0003:0001a470       ??_C@_08JOEH@?0?5line?3?5?$AA@ 00581470     Console:clConsole.obj
 0003:0001a47c       ??_C@_0M@PJAG@?9?9?9?9?5file?3?5?$AA@ 0058147c     Console:clConsole.obj
 0003:0001a488       ??_C@_03BIJ@?$FN?$DO?5?$AA@ 00581488     Console:clConsole.obj
 0003:0001a48c       ??_C@_05PLJF@eval?$FL?$AA@ 0058148c     Console:clConsole.obj
 0003:0001a494       ??_C@_02CPLA@?$DO?5?$AA@   00581494     Console:clConsole.obj
 0003:0001a498       ??_C@_0CO@MOBO@?$DO?$DO?$DO?$DO?$DO?$DO?$DO?$DO?$DO?$DO?$DO?$DO?$DO?$DO?5please?5fix?5the?5in@ 00581498     Console:clConsole.obj
 0003:0001a4c8       ??_C@_0CA@IELM@d?3?2claire?2v2?49?2src?2make?2init?4cl?$AA@ 005814c8     Console:clConsole.obj
 0003:0001a4e8       ??_C@_0CL@PFHB@?9?9?9?9?9?9?9?9?9?9?9?9?9?9?9?5Debug?5?9?9?9?9?9?9?9?9?9?9@ 005814e8     Console:clConsole.obj
 0003:0001a514       ??_C@_02CEFE@?9f?$AA@      00581514     Console:clConsole.obj
 0003:0001a518       ??_C@_0L@MAIF@?$CFs?$FL?$CFd?3?$CFd?$FN?$CI?$AA@ 00581518     Console:clConsole.obj
 0003:0001a524       ??_C@_07NPDM@?$DM?$CFs?3?$CFd?$DO?$AA@ 00581524     Console:clConsole.obj
 0003:0001a52c       ??_C@_07BKHE@method?$DM?$AA@ 0058152c     Console:clConsole.obj
 0003:0001a534       ??_C@_05NPA@slot?$DM?$AA@  00581534     Console:clConsole.obj
 0003:0001a53c       ??_C@_04ELGI@?8?$CFc?8?$AA@ 0058153c     Console:clConsole.obj
 0003:0001a544       ??_C@_06GNAI@CFALSE?$AA@   00581544     Console:clConsole.obj
 0003:0001a54c       ??_C@_05FEDN@CTRUE?$AA@    0058154c     Console:clConsole.obj
 0003:0001a554       ??_C@_03MEAP@?8?$CFs?$AA@  00581554     Console:clConsole.obj
 0003:0001a558       ??_C@_06HLEI@?$EA?$CFd?6?0?5?$AA@ 00581558     Console:clConsole.obj
 0003:0001a560       ??_C@_05CLBC@EMPTY?$AA@    00581560     Console:clConsole.obj
 0003:0001a568       ??_C@_0O@PCKO@Chunk?$FL?$CFd?3?$CFd?$FN?$CI?$AA@ 00581568     Console:clConsole.obj
 0003:0001a578       ??_C@_07DBHD@NOTHING?$AA@  00581578     Console:clConsole.obj
 0003:0001a580       ??_C@_05OIDB@CNULL?$AA@    00581580     Console:clConsole.obj
 0003:0001a588       ??_C@_04HPGM@?$CFs?3?5?$AA@ 00581588     Console:clConsole.obj
 0003:0001a590       __aexit_rtn                00581590     LIBC:crt0.obj
 0003:0001a594       ___app_type                00581594     LIBC:crt0.obj
 0003:0001a5a0       __fltused                  005815a0     LIBC:fpinit.obj
 0003:0001a5a4       __ldused                   005815a4     LIBC:fpinit.obj
 0003:0001a5a8       __FPinit                   005815a8     LIBC:fpinit.obj
 0003:0001a5ac       __FPmtinit                 005815ac     LIBC:fpinit.obj
 0003:0001a5b0       __FPmtterm                 005815b0     LIBC:fpinit.obj
 0003:0001a5c0       __half                     005815c0     LIBC:pow.obj
 0003:0001a5d8       __iob                      005815d8     LIBC:_file.obj
 0003:0001a858       __XcptActTab               00581858     LIBC:winxfltr.obj
 0003:0001a8d0       __First_FPE_Indx           005818d0     LIBC:winxfltr.obj
 0003:0001a8d4       __Num_FPE                  005818d4     LIBC:winxfltr.obj
 0003:0001a8d8       __XcptActTabCount          005818d8     LIBC:winxfltr.obj
 0003:0001a8dc       __fpecode                  005818dc     LIBC:winxfltr.obj
 0003:0001a8e0       ___badioinfo               005818e0     LIBC:ioinit.obj
 0003:0001a8e8       __amblksiz                 005818e8     LIBC:heapinit.obj
 0003:0001a8ec       __NLG_Destination          005818ec     LIBC:exsup.obj
 0003:0001a990       __cfltcvt_tab              00581990     LIBC:cmiscdat.obj
 0003:0001a9b0       __infinity                 005819b0     LIBC:87tran.obj
 0003:0001a9ba       __minfinity                005819ba     LIBC:87tran.obj
 0003:0001a9c4       __logemax                  005819c4     LIBC:87tran.obj
 0003:0001a9f4       __OP_EXPjmptab             005819f4     LIBC:87tran.obj
 0003:0001aa20       __indefinite               00581a20     LIBC:87disp.obj
 0003:0001aa2a       __piby2                    00581a2a     LIBC:87disp.obj
 0003:0001aa3c       __cpower                   00581a3c     LIBC:87disp.obj
 0003:0001aa50       __pctype                   00581a50     LIBC:ctype.obj
 0003:0001aa54       __pwctype                  00581a54     LIBC:ctype.obj
 0003:0001aa58       __ctype                    00581a58     LIBC:ctype.obj
 0003:0001ac5c       ___mb_cur_max              00581c5c     LIBC:nlsdata1.obj
 0003:0001ac60       ___decimal_point           00581c60     LIBC:nlsdata1.obj
 0003:0001ac64       ___decimal_point_length    00581c64     LIBC:nlsdata1.obj
 0003:0001ac68       __timezone                 00581c68     LIBC:timeset.obj
 0003:0001ac6c       __daylight                 00581c6c     LIBC:timeset.obj
 0003:0001ac70       __dstbias                  00581c70     LIBC:timeset.obj
 0003:0001acf4       __tzname                   00581cf4     LIBC:timeset.obj
 0003:0001ad1c       ___nullstring              00581d1c     LIBC:output.obj
 0003:0001ad20       ___wnullstring             00581d20     LIBC:output.obj
 0003:0001ae00       __d_inf                    00581e00     LIBC:util.obj
 0003:0001ae08       __d_ind                    00581e08     LIBC:util.obj
 0003:0001ae10       __d_max                    00581e10     LIBC:util.obj
 0003:0001ae18       __d_min                    00581e18     LIBC:util.obj
 0003:0001ae20       __d_mzero                  00581e20     LIBC:util.obj
 0003:0001ae60       ___sbh_threshold           00581e60     LIBC:sbheap.obj
 0003:0001b100       __lpdays                   00582100     LIBC:days.obj
 0003:0001b134       __days                     00582134     LIBC:days.obj
 0003:0001b170       __matherr_flag             00582170     LIBC:matherr.obj
 0003:0001b2e8       __p_overlay                005822e8     LIBC:dospawn.obj
 0003:0001b2f0       __pow10pos                 005822f0     LIBC:constpow.obj
 0003:0001b450       __pow10neg                 00582450     LIBC:constpow.obj
 0003:00020bc8       ?Core@@3VCoreClass@@A      00587bc8     Core:Core.obj
 0003:00020ed0       ??_C@_00A@?$AA@            00587ed0     Core:function.obj
 0003:00020ed8       ?Language@@3VLanguageClass@@A 00587ed8     Language:Language.obj
 0003:00021124       ?iClaire@@3VNameSpace@@A   00588124     Language:Language.obj
 0003:00021128       ?Reader@@3VReaderClass@@A  00588128     Reader:Reader.obj
 0003:000213e0       ?choco@@3VchocoClass@@A    005883e0     choco:choco.obj
 0003:00022148       ?ice@@3ViceClass@@A        00589148     ice:ice.obj
 0003:00022358       ?mClaire@@3VNameSpace@@A   00589358     Kernel:Kernel.obj
 0003:0002235c       ?claire@@3VNameSpace@@A    0058935c     Kernel:Kernel.obj
 0003:00022360       ?Kernel@@3VKernelClass@@A  00589360     Kernel:Kernel.obj
 0003:000226a0       ?ClEnv@@3PAVClaireEnvironment@@A 005896a0     Kernel:Kernel.obj
 0003:000226a4       ?CNULL@@3HA                005896a4     Kernel:Kernel.obj
 0003:000226a8       ?ClRes@@3PAVClaireResource@@A 005896a8     Kernel:Kernel.obj
 0003:000226ac       ?CFALSE@@3PAVClaireBoolean@@A 005896ac     Kernel:Kernel.obj
 0003:000226b0       ?ClAlloc@@3PAVClaireAllocation@@A 005896b0     Kernel:Clalloc.OBJ
 0003:000226b4       ?CL_dummy@@3PAHA           005896b4     Kernel:Clalloc.OBJ
 0003:000226b8       ?Cmemory@@3PAHA            005896b8     Kernel:Clalloc.OBJ
 0003:000226bc       ?BadGuy@@3HA               005896bc     Kernel:Clalloc.OBJ
 0003:000226c0       ?maxIndex@@3HA             005896c0     Kernel:Clalloc.OBJ
 0003:000226c4       ?MyMark@@3PAVCPFile@@A     005896c4     Kernel:Clport.obj
 0003:0002272c       ?store_d@@3HA              0058972c     Console:clConsole.obj
 0003:00022730       ?store_i@@3HA              00589730     Console:clConsole.obj
 0003:00022734       ?store_b@@3HA              00589734     Console:clConsole.obj
 0003:00022738       ?STACK@@3PAVlist@@A        00589738     Console:clConsole.obj
 0003:0002273c       ?NBEVAL@@3HA               0058973c     Console:clConsole.obj
 0003:00022740       ?MODE@@3HA                 00589740     Console:clConsole.obj
 0003:00022744       __aenvptr                  00589744     LIBC:crt0.obj
 0003:00022748       __wenvptr                  00589748     LIBC:crt0.obj
 0003:0002274c       ___error_mode              0058974c     LIBC:crt0.obj
 0003:00022750       ___fastflag                00589750     LIBC:fpinit.obj
 0003:00022754       __adjust_fdiv              00589754     LIBC:fpinit.obj
 0003:000227ac       _errno                     005897ac     LIBC:crt0dat.obj
 0003:000227b0       __doserrno                 005897b0     LIBC:crt0dat.obj
 0003:000227b4       __umaskval                 005897b4     LIBC:crt0dat.obj
 0003:000227b8       __osver                    005897b8     LIBC:crt0dat.obj
 0003:000227bc       __winver                   005897bc     LIBC:crt0dat.obj
 0003:000227c0       __winmajor                 005897c0     LIBC:crt0dat.obj
 0003:000227c4       __winminor                 005897c4     LIBC:crt0dat.obj
 0003:000227c8       ___argc                    005897c8     LIBC:crt0dat.obj
 0003:000227cc       ___argv                    005897cc     LIBC:crt0dat.obj
 0003:000227d0       ___wargv                   005897d0     LIBC:crt0dat.obj
 0003:000227d4       __environ                  005897d4     LIBC:crt0dat.obj
 0003:000227d8       ___initenv                 005897d8     LIBC:crt0dat.obj
 0003:000227dc       __wenviron                 005897dc     LIBC:crt0dat.obj
 0003:000227e0       ___winitenv                005897e0     LIBC:crt0dat.obj
 0003:000227e4       __pgmptr                   005897e4     LIBC:crt0dat.obj
 0003:000227e8       __wpgmptr                  005897e8     LIBC:crt0dat.obj
 0003:000227ec       __exitflag                 005897ec     LIBC:crt0dat.obj
 0003:000227f0       __C_Termination_Done       005897f0     LIBC:crt0dat.obj
 0003:000227f4       __C_Exit_Done              005897f4     LIBC:crt0dat.obj
 0003:000227f8       __cflush                   005897f8     LIBC:_file.obj
 0003:000227fc       __pxcptinfoptrs            005897fc     LIBC:winxfltr.obj
 0003:00022908       __adbgmsg                  00589908     LIBC:crt0msg.obj
 0003:00022a04       __stdbuf                   00589a04     LIBC:_sftbuf.obj
 0003:00022a0c       __newmode                  00589a0c     LIBC:_newmode.obj
 0003:00022a10       ?_pnhHeap@@3P6AHI@ZA       00589a10     LIBC:handler.obj
 0003:00022a5c       ___lc_handle               00589a5c     LIBC:nlsdata2.obj
 0003:00022a74       ___lc_codepage             00589a74     LIBC:nlsdata2.obj
 0003:00022a78       ___lc_collate_cp           00589a78     LIBC:nlsdata2.obj
 0003:00022a84       __commode                  00589a84     LIBC:ncommode.obj
 0003:00022a88       __fmode                    00589a88     LIBC:txtmode.obj
 0003:00022a8c       ___mbcodepage              00589a8c     <common>
 0003:00022b10       ___mbulinfo                00589b10     <common>
 0003:00022b1c       ___ismbcodepage            00589b1c     <common>
 0003:00022b20       __mbcasemap                00589b20     <common>
 0003:00022c20       __mbctype                  00589c20     <common>
 0003:00022d24       ___mblcid                  00589d24     <common>
 0003:00022d28       ___sbh_sizeHeaderList      00589d28     <common>
 0003:00022d38       ___sbh_indGroupDefer       00589d38     <common>
 0003:00022d3c       ___sbh_pHeaderScan         00589d3c     <common>
 0003:00022d40       ___sbh_pHeaderDefer        00589d40     <common>
 0003:00022d44       ___sbh_cntHeaderList       00589d44     <common>
 0003:00022d48       ___sbh_pHeaderList         00589d48     <common>
 0003:00022d4c       __crtheap                  00589d4c     <common>
 0003:00022d60       ___pioinfo                 00589d60     <common>
 0003:00022e9c       __nhandle                  00589e9c     <common>
 0003:00022ea0       ___piob                    00589ea0     <common>
 0003:000231e0       __bufin                    0058a1e0     <common>
 0003:000241e0       __nstream                  0058b1e0     <common>
 0003:000241e4       ___env_initialized         0058b1e4     <common>
 0003:000241f4       ___mbctype_initialized     0058b1f4     <common>
 0003:000241f8       ___onexitend               0058b1f8     <common>
 0003:000241fc       ___onexitbegin             0058b1fc     <common>
 0003:00024200       __setjmpexused             0058b200     <common>
 0003:0002420c       __acmdln                   0058b20c     <common>
 0004:00000000       __IMPORT_DESCRIPTOR_KERNEL32 0058c000     kernel32:KERNEL32.dll
 0004:00000014       __NULL_IMPORT_DESCRIPTOR   0058c014     kernel32:KERNEL32.dll
 0004:00000168       __imp__GetProcAddress@8    0058c168     kernel32:KERNEL32.dll
 0004:0000016c       __imp__GetVersion@0        0058c16c     kernel32:KERNEL32.dll
 0004:00000170       __imp__ExitProcess@4       0058c170     kernel32:KERNEL32.dll
 0004:00000174       __imp__GetTimeZoneInformation@4 0058c174     kernel32:KERNEL32.dll
 0004:00000178       __imp__GetSystemTime@4     0058c178     kernel32:KERNEL32.dll
 0004:0000017c       __imp__GetLocalTime@4      0058c17c     kernel32:KERNEL32.dll
 0004:00000180       __imp__GetSystemTimeAsFileTime@4 0058c180     kernel32:KERNEL32.dll
 0004:00000184       __imp__GetLastError@0      0058c184     kernel32:KERNEL32.dll
 0004:00000188       __imp__SetConsoleCtrlHandler@8 0058c188     kernel32:KERNEL32.dll
 0004:0000018c       __imp__TerminateProcess@8  0058c18c     kernel32:KERNEL32.dll
 0004:00000190       __imp__GetCurrentProcess@0 0058c190     kernel32:KERNEL32.dll
 0004:00000194       __imp__HeapAlloc@12        0058c194     kernel32:KERNEL32.dll
 0004:00000198       __imp__UnhandledExceptionFilter@4 0058c198     kernel32:KERNEL32.dll
 0004:0000019c       __imp__GetModuleFileNameA@12 0058c19c     kernel32:KERNEL32.dll
 0004:000001a0       __imp__FreeEnvironmentStringsA@4 0058c1a0     kernel32:KERNEL32.dll
 0004:000001a4       __imp__FreeEnvironmentStringsW@4 0058c1a4     kernel32:KERNEL32.dll
 0004:000001a8       __imp__WideCharToMultiByte@32 0058c1a8     kernel32:KERNEL32.dll
 0004:000001ac       __imp__GetEnvironmentStrings@0 0058c1ac     kernel32:KERNEL32.dll
 0004:000001b0       __imp__GetEnvironmentStringsW@0 0058c1b0     kernel32:KERNEL32.dll
 0004:000001b4       __imp__SetHandleCount@4    0058c1b4     kernel32:KERNEL32.dll
 0004:000001b8       __imp__GetStdHandle@4      0058c1b8     kernel32:KERNEL32.dll
 0004:000001bc       __imp__GetFileType@4       0058c1bc     kernel32:KERNEL32.dll
 0004:000001c0       __imp__GetStartupInfoA@4   0058c1c0     kernel32:KERNEL32.dll
 0004:000001c4       __imp__HeapDestroy@4       0058c1c4     kernel32:KERNEL32.dll
 0004:000001c8       __imp__HeapCreate@12       0058c1c8     kernel32:KERNEL32.dll
 0004:000001cc       __imp__VirtualFree@12      0058c1cc     kernel32:KERNEL32.dll
 0004:000001d0       __imp__HeapFree@12         0058c1d0     kernel32:KERNEL32.dll
 0004:000001d4       __imp__RtlUnwind@16        0058c1d4     kernel32:KERNEL32.dll
 0004:000001d8       __imp__WriteFile@20        0058c1d8     kernel32:KERNEL32.dll
 0004:000001dc       __imp__GetCommandLineA@0   0058c1dc     kernel32:KERNEL32.dll
 0004:000001e0       __imp__GetModuleHandleA@4  0058c1e0     kernel32:KERNEL32.dll
 0004:000001e4       __imp__RaiseException@16   0058c1e4     kernel32:KERNEL32.dll
 0004:000001e8       __imp__ReadFile@20         0058c1e8     kernel32:KERNEL32.dll
 0004:000001ec       __imp__SetFilePointer@16   0058c1ec     kernel32:KERNEL32.dll
 0004:000001f0       __imp__FlushFileBuffers@4  0058c1f0     kernel32:KERNEL32.dll
 0004:000001f4       __imp__CloseHandle@4       0058c1f4     kernel32:KERNEL32.dll
 0004:000001f8       __imp__GetFileAttributesA@4 0058c1f8     kernel32:KERNEL32.dll
 0004:000001fc       __imp__VirtualAlloc@16     0058c1fc     kernel32:KERNEL32.dll
 0004:00000200       __imp__HeapReAlloc@16      0058c200     kernel32:KERNEL32.dll
 0004:00000204       __imp__IsBadWritePtr@8     0058c204     kernel32:KERNEL32.dll
 0004:00000208       __imp__GetCPInfo@8         0058c208     kernel32:KERNEL32.dll
 0004:0000020c       __imp__GetACP@0            0058c20c     kernel32:KERNEL32.dll
 0004:00000210       __imp__GetOEMCP@0          0058c210     kernel32:KERNEL32.dll
 0004:00000214       __imp__LoadLibraryA@4      0058c214     kernel32:KERNEL32.dll
 0004:00000218       __imp__MultiByteToWideChar@24 0058c218     kernel32:KERNEL32.dll
 0004:0000021c       __imp__LCMapStringA@24     0058c21c     kernel32:KERNEL32.dll
 0004:00000220       __imp__LCMapStringW@24     0058c220     kernel32:KERNEL32.dll
 0004:00000224       __imp__GetStringTypeA@20   0058c224     kernel32:KERNEL32.dll
 0004:00000228       __imp__GetStringTypeW@16   0058c228     kernel32:KERNEL32.dll
 0004:0000022c       __imp__CompareStringA@24   0058c22c     kernel32:KERNEL32.dll
 0004:00000230       __imp__CompareStringW@24   0058c230     kernel32:KERNEL32.dll
 0004:00000234       __imp__SetEnvironmentVariableA@8 0058c234     kernel32:KERNEL32.dll
 0004:00000238       __imp__SetStdHandle@8      0058c238     kernel32:KERNEL32.dll
 0004:0000023c       __imp__CreateFileA@28      0058c23c     kernel32:KERNEL32.dll
 0004:00000240       __imp__GetExitCodeProcess@8 0058c240     kernel32:KERNEL32.dll
 0004:00000244       __imp__WaitForSingleObject@8 0058c244     kernel32:KERNEL32.dll
 0004:00000248       __imp__CreateProcessA@40   0058c248     kernel32:KERNEL32.dll
 0004:0000024c       __imp__SetEndOfFile@4      0058c24c     kernel32:KERNEL32.dll
 0004:00000250       \177KERNEL32_NULL_THUNK_DATA 0058c250     kernel32:KERNEL32.dll

 entry point at        0001:00110350

