 palm

 Timestamp is 3e4bfcc5 (Thu Feb 13 21:15:01 2003)

 Preferred load address is 00400000

 Start         Length     Name                   Class
 0001:00000000 0020709eH .text                   CODE
 0002:00000000 000008e8H .rdata                  DATA
 0002:000008e8 00000000H .edata                  DATA
 0003:00000000 00000104H .CRT$XCA                DATA
 0003:00000104 00000104H .CRT$XCZ                DATA
 0003:00000208 00000104H .CRT$XIA                DATA
 0003:0000030c 0000010eH .CRT$XIC                DATA
 0003:0000041c 00000104H .CRT$XIZ                DATA
 0003:00000520 00000104H .CRT$XPA                DATA
 0003:00000624 00000104H .CRT$XPX                DATA
 0003:00000728 00000104H .CRT$XPZ                DATA
 0003:0000082c 00000104H .CRT$XTA                DATA
 0003:00000930 00000104H .CRT$XTZ                DATA
 0003:00000a40 0002dac2H .data                   DATA
 0003:0002e508 00004170H .bss                    DATA
 0004:00000000 00000014H .idata$2                DATA
 0004:00000014 00000014H .idata$3                DATA
 0004:00000028 00000140H .idata$4                DATA
 0004:00000168 00000140H .idata$5                DATA
 0004:000002a8 00000585H .idata$6                DATA

  Address         Publics by Value              Rva+Base     Lib:Object

 0001:00000020       ?loadModules@@YAXXZ        00401020 f   palm-s.obj
 0001:00000684       ?call_main@@YAXXZ          00401684 f   palm-s.obj
 0001:00000830       ?metaLoad@CoreClass@@QAEXXZ 00401830 f   Core:Core.obj
 0001:00007b10       ?finite_ask_type@@YAPAVClaireBoolean@@PAVClaireType@@@Z 00408b10 f   Core:types.obj
 0001:00007c20       ?enumerate_any@@YAPAVbag@@H@Z 00408c20 f   Core:types.obj
 0001:00007e10       ?_equaltype_ask_any@@YAPAVClaireBoolean@@PAVClaireType@@0@Z 00408e10 f   Core:types.obj
 0001:00007e50       ?sort_I_type@@YAPAVClaireClass@@PAVClaireType@@@Z 00408e50 f   Core:types.obj
 0001:00007eb0       ?_Z_any1@@YAPAVClaireBoolean@@HPAVClaireClass@@@Z 00408eb0 f   Core:types.obj
 0001:00007f40       ?Ztype_any@@YAPAVClaireBoolean@@HH@Z 00408f40 f   Core:types.obj
 0001:00008090       ?self_print_Union_Core@@YAXPAVUnion@@@Z 00409090 f   Core:types.obj
 0001:00008180       ?finite_ask_Union@@YAPAVClaireBoolean@@PAVUnion@@@Z 00409180 f   Core:types.obj
 0001:00008290       ?self_print_Interval_Core@@YAXPAVInterval@@@Z 00409290 f   Core:types.obj
 0001:000082d0       ?finite_ask_Interval@@YAPAVClaireBoolean@@PAVInterval@@@Z 004092d0 f   Core:types.obj
 0001:000082e0       ?_dash_dash_integer@@YAPAVInterval@@HH@Z 004092e0 f   Core:types.obj
 0001:00008350       ?self_print_Param_Core@@YAXPAVParam@@@Z 00409350 f   Core:types.obj
 0001:000084a0       ?finite_ask_Param@@YAPAVClaireBoolean@@PAVParam@@@Z 004094a0 f   Core:types.obj
 0001:000084c0       ?self_print_subtype_Core@@YAXPAVsubtype@@@Z 004094c0 f   Core:types.obj
 0001:000085f0       ?finite_ask_subtype@@YAPAVClaireBoolean@@PAVsubtype@@@Z 004095f0 f   Core:types.obj
 0001:000086d0       ?nth_class1@@YAPAVClaireType@@PAVClaireClass@@PAV1@@Z 004096d0 f   Core:types.obj
 0001:00008850       ?nth_class2@@YAPAVClaireType@@PAVClaireClass@@PAVlist@@1@Z 00409850 f   Core:types.obj
 0001:00008a50       ?param_I_class@@YAPAVClaireType@@PAVClaireClass@@PAV1@@Z 00409a50 f   Core:types.obj
 0001:00008b50       ?nth_type@@YAPAVClaireType@@PAV1@@Z 00409b50 f   Core:types.obj
 0001:00008c50       ?finite_ask_tuple@@YAPAVClaireBoolean@@PAVtuple@@@Z 00409c50 f   Core:types.obj
 0001:00008cd0       ?self_print_Reference_Core@@YAXPAVReference@@@Z 00409cd0 f   Core:types.obj
 0001:00008db0       ?get_Reference@@YAHPAVReference@@H@Z 00409db0 f   Core:types.obj
 0001:00008e70       ?_at_Reference@@YAHPAVReference@@PAVlist@@H@Z 00409e70 f   Core:types.obj
 0001:00008f30       ?set_I_collection@@YAPAVset@@PAVClaireCollection@@@Z 00409f30 f   Core:types.obj
 0001:00009090       ?size_collection@@YAHPAVClaireCollection@@@Z 0040a090 f   Core:types.obj
 0001:000091c0       ?set_I_set@@YAPAVset@@PAV1@@Z 0040a1c0 f   Core:types.obj
 0001:000091d0       ?size_set@@YAHPAVset@@@Z   0040a1d0 f   Core:types.obj
 0001:000091e0       ?size_list2_Core@@YAHPAVlist@@@Z 0040a1e0 f   Core:types.obj
 0001:00009200       ?set_I_class@@YAPAVset@@PAVClaireClass@@@Z 0040a200 f   Core:types.obj
 0001:00009370       ?size_class@@YAHPAVClaireClass@@@Z 0040a370 f   Core:types.obj
 0001:000093c0       ?set_I_Union@@YAPAVset@@PAVUnion@@@Z 0040a3c0 f   Core:types.obj
 0001:000094e0       ?size_Union@@YAHPAVUnion@@@Z 0040a4e0 f   Core:types.obj
 0001:00009660       ?set_I_Interval@@YAPAVset@@PAVInterval@@@Z 0040a660 f   Core:types.obj
 0001:00009680       ?size_Interval@@YAHPAVInterval@@@Z 0040a680 f   Core:types.obj
 0001:00009690       ?set_I_Param@@YAPAVset@@PAVParam@@@Z 0040a690 f   Core:types.obj
 0001:000097a0       ?size_Param@@YAHPAVParam@@@Z 0040a7a0 f   Core:types.obj
 0001:000097c0       ?set_I_subtype@@YAPAVset@@PAVsubtype@@@Z 0040a7c0 f   Core:types.obj
 0001:00009910       ?size_subtype@@YAHPAVsubtype@@@Z 0040a910 f   Core:types.obj
 0001:00009a60       ?set_I_tuple@@YAPAVset@@PAVtuple@@@Z 0040aa60 f   Core:types.obj
 0001:00009d70       ?size_tuple@@YAHPAVtuple@@@Z 0040ad70 f   Core:types.obj
 0001:00009df0       ?member_ask_any@@YAPAVClaireBoolean@@HPAVClaireType@@@Z 0040adf0 f   Core:types.obj
 0001:0000a540       ?class_I_type@@YAPAVClaireClass@@PAVClaireType@@@Z 0040b540 f   Core:types.obj
 0001:0000a7e0       ?U_type@@YAPAVClaireType@@PAV1@0@Z 0040b7e0 f   Core:types.obj
 0001:0000adb0       ?_dot_dot_integer@@YAPAVClaireType@@HH@Z 0040bdb0 f   Core:types.obj
 0001:0000add0       ?_dot_dot_integer_type@@YAPAVClaireType@@PAV1@0@Z 0040bdd0 f   Core:types.obj
 0001:0000af20       ?but_any@@YAPAVbag@@HH@Z   0040bf20 f   Core:types.obj
 0001:0000aff0       ?but_any_type@@YAPAVClaireType@@PAV1@0@Z 0040bff0 f   Core:types.obj
 0001:0000b0a0       ?_backslash_type@@YAPAVset@@PAVClaireType@@0@Z 0040c0a0 f   Core:types.obj
 0001:0000b1e0       ?glb_set@@YAPAVset@@PAV1@PAVClaireType@@@Z 0040c1e0 f   Core:types.obj
 0001:0000b2e0       ?glb_Union@@YAPAVClaireType@@PAVUnion@@PAV1@@Z 0040c2e0 f   Core:types.obj
 0001:0000b420       ?glb_Interval@@YAPAVClaireType@@PAVInterval@@PAV1@@Z 0040c420 f   Core:types.obj
 0001:0000b600       ?glb_class@@YAPAVClaireType@@PAVClaireClass@@PAV1@@Z 0040c600 f   Core:types.obj
 0001:0000b890       ?glb_Param@@YAPAVClaireType@@PAVParam@@PAV1@@Z 0040c890 f   Core:types.obj
 0001:0000bba0       ?glb_subtype@@YAPAVClaireType@@PAVsubtype@@PAV1@@Z 0040cba0 f   Core:types.obj
 0001:0000bec0       ?glb_tuple@@YAPAVClaireType@@PAVtuple@@PAV1@@Z 0040cec0 f   Core:types.obj
 0001:0000c100       ?glb_Reference@@YAPAVClaireType@@PAVReference@@PAV1@@Z 0040d100 f   Core:types.obj
 0001:0000c110       ?_exp_type@@YAPAVClaireType@@PAV1@0@Z 0040d110 f   Core:types.obj
 0001:0000c150       ?join_class@@YAPAVClaireType@@PAVClaireClass@@0@Z 0040d150 f   Core:types.obj
 0001:0000c1b0       ?_exp_list@@YAPAVlist@@PAV1@0@Z 0040d1b0 f   Core:types.obj
 0001:0000c2d0       ?Uall_list@@YAPAVClaireType@@PAVlist@@@Z 0040d2d0 f   Core:types.obj
 0001:0000c380       ?_inf_equalt_bag2@@YAPAVClaireBoolean@@PAVbag@@PAVClaireType@@@Z 0040d380 f   Core:types.obj
 0001:0000c490       ?_inf_equalt_class@@YAPAVClaireBoolean@@PAVClaireClass@@PAVClaireType@@@Z 0040d490 f   Core:types.obj
 0001:0000c7d0       ?_inf_equalt_Union@@YAPAVClaireBoolean@@PAVUnion@@PAVClaireType@@@Z 0040d7d0 f   Core:types.obj
 0001:0000c940       ?_inf_equalt_Interval@@YAPAVClaireBoolean@@PAVInterval@@PAVClaireType@@@Z 0040d940 f   Core:types.obj
 0001:0000cb60       ?_inf_equalt_subtype@@YAPAVClaireBoolean@@PAVsubtype@@PAVClaireType@@@Z 0040db60 f   Core:types.obj
 0001:0000ccf0       ?_inf_equalt_Param@@YAPAVClaireBoolean@@PAVParam@@PAVClaireType@@@Z 0040dcf0 f   Core:types.obj
 0001:0000ce80       ?_inf_equalt_Reference@@YAPAVClaireBoolean@@PAVReference@@PAVClaireType@@@Z 0040de80 f   Core:types.obj
 0001:0000ce90       ?_inf_equalt_tuple@@YAPAVClaireBoolean@@PAVtuple@@PAVClaireType@@@Z 0040de90 f   Core:types.obj
 0001:0000d1d0       ?_inf_equalt_type@@YAPAVClaireBoolean@@PAVClaireType@@0@Z 0040e1d0 f   Core:types.obj
 0001:0000d560       ?_inf_equal_type@@YAPAVClaireBoolean@@PAVClaireType@@0@Z 0040e560 f   Core:types.obj
 0001:0000d5b0       ?member_type@@YAPAVClaireType@@PAV1@@Z 0040e5b0 f   Core:types.obj
 0001:0000d950       ?of_extract_type@@YAPAVClaireType@@PAV1@@Z 0040e950 f   Core:types.obj
 0001:0000da00       ?_at_type@@YAPAVClaireType@@PAV1@PAVproperty@@@Z 0040ea00 f   Core:types.obj
 0001:0000dca0       ?unique_ask_type@@YAPAVClaireBoolean@@PAVClaireType@@@Z 0040eca0 f   Core:types.obj
 0001:0000dd20       ?the_type@@YAHPAVClaireType@@@Z 0040ed20 f   Core:types.obj
 0001:0000dd60       ?integer_I_set@@YAHPAVset@@@Z 0040ed60 f   Core:types.obj
 0001:0000ddb0       ?make_set_integer@@YAPAVset@@H@Z 0040edb0 f   Core:types.obj
 0001:0000de80       ?abstract_type_set@@YAPAVClaireType@@PAVset@@@Z 0040ee80 f   Core:types.obj
 0001:0000df90       ?abstract_type_operation@@YAPAVClaireType@@PAVoperation@@PAV1@1@Z 0040ef90 f   Core:types.obj
 0001:0000e240       ?first_arg_type_type@@YAPAVClaireType@@PAV1@0@Z 0040f240 f   Core:types.obj
 0001:0000e250       ?first_arg_type_type2@@YAPAVClaireType@@PAV1@00@Z 0040f250 f   Core:types.obj
 0001:0000e260       ?second_arg_type_type@@YAPAVClaireType@@PAV1@0@Z 0040f260 f   Core:types.obj
 0001:0000e270       ?meet_arg_types_type@@YAPAVClaireType@@PAV1@0@Z 0040f270 f   Core:types.obj
 0001:0000e290       ?nth_get_array_type@@YAPAVClaireType@@PAV1@0@Z 0040f290 f   Core:types.obj
 0001:0000e2a0       ?nth_array@@YAHPAHH@Z      0040f2a0 f   Core:types.obj
 0001:0000e320       ?nth_array_type@@YAPAVClaireType@@PAV1@0@Z 0040f320 f   Core:types.obj
 0001:0000e330       ?make_array_integer_type@@YAPAVClaireType@@PAV1@00@Z 0040f330 f   Core:types.obj
 0001:0000e400       ?make_list_integer2@@YAPAVlist@@HPAVClaireType@@H@Z 0040f400 f   Core:types.obj
 0001:0000e430       ?make_list_integer2_type@@YAPAVClaireType@@PAV1@00@Z 0040f430 f   Core:types.obj
 0001:0000e500       ?make_set_array@@YAPAVset@@PAH@Z 0040f500 f   Core:types.obj
 0001:0000e5b0       ?make_set_array_type@@YAPAVClaireType@@PAV1@@Z 0040f5b0 f   Core:types.obj
 0001:0000e700       ?list_I_array_type@@YAPAVClaireType@@PAV1@@Z 0040f700 f   Core:types.obj
 0001:0000e850       ?array_I_list_type@@YAPAVClaireType@@PAV1@@Z 0040f850 f   Core:types.obj
 0001:0000e9a0       ?set_I_bag_type@@YAPAVClaireType@@PAV1@@Z 0040f9a0 f   Core:types.obj
 0001:0000eaf0       ?list_I_set_type@@YAPAVClaireType@@PAV1@@Z 0040faf0 f   Core:types.obj
 0001:0000ec40       ?print_in_string_void@@YAXXZ 0040fc40 f   Core:function.obj
 0001:0000ecf0       ?end_of_print_void@@YAPADXZ 0040fcf0 f   Core:function.obj
 0001:0000ed30       ?buffer_length_void@@YAHXZ 0040fd30 f   Core:function.obj
 0001:0000ed50       ?buffer_set_length_integer@@YAXH@Z 0040fd50 f   Core:function.obj
 0001:0000ed70       ?apply_self_print_any@@YAXH@Z 0040fd70 f   Core:function.obj
 0001:0000f0c0       ?self_print_any_Core@@YAXH@Z 004100c0 f   Core:function.obj
 0001:0000f130       ?self_print_boolean_Core@@YAXPAVClaireBoolean@@@Z 00410130 f   Core:function.obj
 0001:0000f160       ?self_print_function_Core@@YAXPAVClaireFunction@@@Z 00410160 f   Core:function.obj
 0001:0000f190       ?self_print_restriction_Core@@YAXPAVrestriction@@@Z 00410190 f   Core:function.obj
 0001:0000f2c0       ?print_any@@YAXH@Z         004102c0 f   Core:function.obj
 0001:0000f490       ?short_enough_integer@@YAPAVClaireBoolean@@H@Z 00410490 f   Core:function.obj
 0001:0000f4b0       ?complete_I_object@@YAPAVClaireObject@@PAV1@@Z 004104b0 f   Core:function.obj
 0001:0000f7f0       ?not_any@@YAPAVClaireBoolean@@H@Z 004107f0 f   Core:function.obj
 0001:0000f830       ?_I_equal_any@@YAPAVClaireBoolean@@HH@Z 00410830 f   Core:function.obj
 0001:0000f860       ?owner_any@@YAPAVClaireClass@@H@Z 00410860 f   Core:function.obj
 0001:0000f890       ?known_ask_any@@YAPAVClaireBoolean@@H@Z 00410890 f   Core:function.obj
 0001:0000f8b0       ?unknown_ask_any@@YAPAVClaireBoolean@@H@Z 004108b0 f   Core:function.obj
 0001:0000f8d0       ?check_in_any@@YAHHPAVClaireType@@@Z 004108d0 f   Core:function.obj
 0001:0000f970       ?check_in_bag@@YAPAVbag@@PAV1@PAVClaireClass@@PAVClaireType@@@Z 00410970 f   Core:function.obj
 0001:0000fa80       ?_inf_any@@YAPAVClaireBoolean@@HH@Z 00410a80 f   Core:function.obj
 0001:0000fad0       ?_sup_any@@YAPAVClaireBoolean@@HH@Z 00410ad0 f   Core:function.obj
 0001:0000fb20       ?ephemeral_class@@YAHPAVClaireClass@@@Z 00410b20 f   Core:function.obj
 0001:0000fc10       ?abstract_class@@YAHPAVClaireClass@@@Z 00410c10 f   Core:function.obj
 0001:0000fcc0       ?final_class@@YAHPAVClaireClass@@@Z 00410cc0 f   Core:function.obj
 0001:0000fd70       ?new_class1@@YAPAVClaireObject@@PAVClaireClass@@@Z 00410d70 f   Core:function.obj
 0001:0000feb0       ?new_class1_type@@YAPAVClaireType@@PAV1@@Z 00410eb0 f   Core:function.obj
 0001:0000ff60       ?new_class2@@YAPAVthing@@PAVClaireClass@@PAVsymbol@@@Z 00410f60 f   Core:function.obj
 0001:0000ffe0       ?new_class2_type@@YAPAVClaireType@@PAV1@0@Z 00410fe0 f   Core:function.obj
 0001:00010090       ?new_object_class_type@@YAPAVClaireType@@PAV1@@Z 00411090 f   Core:function.obj
 0001:00010140       ?new_thing_class_type@@YAPAVClaireType@@PAV1@0@Z 00411140 f   Core:function.obj
 0001:000101f0       ?meet_class@@YAPAVClaireClass@@PAV1@0@Z 004111f0 f   Core:function.obj
 0001:00010270       ?inherit_ask_class@@YAPAVClaireBoolean@@PAVClaireClass@@0@Z 00411270 f   Core:function.obj
 0001:000102b0       ?abstract_property@@YAHPAVproperty@@@Z 004112b0 f   Core:function.obj
 0001:00010350       ?final_relation@@YAXPAVClaireRelation@@@Z 00411350 f   Core:function.obj
 0001:000104e0       ?close_module@@YAPAVmodule@@PAV1@@Z 004114e0 f   Core:function.obj
 0001:000106c0       ?get_symbol_string@@YAHPAD@Z 004116c0 f   Core:function.obj
 0001:000106e0       ?gensym_void@@YAPAVsymbol@@XZ 004116e0 f   Core:function.obj
 0001:000106f0       ?store_list4@@YAHPAVlist@@HH@Z 004116f0 f   Core:function.obj
 0001:000107a0       ?store_array1@@YAHPAHHH@Z  004117a0 f   Core:function.obj
 0001:000107c0       ?commit_integer@@YAXH@Z    004117c0 f   Core:function.obj
 0001:000107e0       ?backtrack_integer@@YAXH@Z 004117e0 f   Core:function.obj
 0001:00010800       ?store_listargs@@YAHPAVlistargs@@@Z 00411800 f   Core:function.obj
 0001:000109a0       ?symbol_I_string2@@YAPAVsymbol@@PAD@Z 004119a0 f   Core:function.obj
 0001:000109c0       ?externC_string@@YAXPAD@Z  004119c0 f   Core:function.obj
 0001:00010a20       ?externC_string2@@YAHPADPAVClaireClass@@@Z 00411a20 f   Core:function.obj
 0001:00010a90       ?externC_string2_type@@YAPAVClaireType@@PAV1@0@Z 00411a90 f   Core:function.obj
 0001:00010aa0       ?nth_get_string@@YAPAVClaireChar@@PADHH@Z 00411aa0 f   Core:function.obj
 0001:00010b10       ?nth_put_string@@YAXPADHPAVClaireChar@@H@Z 00411b10 f   Core:function.obj
 0001:00010b70       ?make_string_symbol@@YAPADPAVsymbol@@@Z 00411b70 f   Core:function.obj
 0001:00010b90       ?self_print_symbol_Core@@YAHPAVsymbol@@@Z 00411b90 f   Core:function.obj
 0001:00010bf0       ?_plus_integer@@YAHHH@Z    00411bf0 f   Core:function.obj
 0001:00010c20       ?_plus_integer_type@@YAPAVClaireType@@PAV1@0@Z 00411c20 f   Core:function.obj
 0001:00010c40       ?_dash_integer1@@YAHHH@Z   00411c40 f   Core:function.obj
 0001:00010c50       ?_dash_integer1_type@@YAPAVClaireType@@PAV1@0@Z 00411c50 f   Core:function.obj
 0001:00010c70       ?_inf_inf_integer@@YAHHH@Z 00411c70 f   Core:function.obj
 0001:00010c80       ?_sup_sup_integer@@YAHHH@Z 00411c80 f   Core:function.obj
 0001:00010c90       ?and_integer@@YAHHH@Z      00411c90 f   Core:function.obj
 0001:00010ca0       ?or_integer@@YAHHH@Z       00411ca0 f   Core:function.obj
 0001:00010cb0       ?_inf_integer@@YAPAVClaireBoolean@@HH@Z 00411cb0 f   Core:function.obj
 0001:00010cd0       ?_inf_equal_integer@@YAPAVClaireBoolean@@HH@Z 00411cd0 f   Core:function.obj
 0001:00010cf0       ?_sup_integer@@YAPAVClaireBoolean@@HH@Z 00411cf0 f   Core:function.obj
 0001:00010d10       ?nth_integer@@YAPAVClaireBoolean@@HH@Z 00411d10 f   Core:function.obj
 0001:00010d30       ?factor_ask_integer@@YAPAVClaireBoolean@@HH@Z 00411d30 f   Core:function.obj
 0001:00010d50       ?divide_ask_integer@@YAPAVClaireBoolean@@HH@Z 00411d50 f   Core:function.obj
 0001:00010d70       ?Id_any@@YAHH@Z            00411d70 f   Core:function.obj
 0001:00010d80       ?Id_any_type@@YAPAVClaireType@@PAV1@@Z 00411d80 f   Core:function.obj
 0001:00010d90       ?pair_any@@YAPAVlist@@HH@Z 00411d90 f   Core:function.obj
 0001:00010db0       ?pair_1_list@@YAHPAVlist@@@Z 00411db0 f   Core:function.obj
 0001:00010dc0       ?pair_1_list_type@@YAPAVClaireType@@PAV1@@Z 00411dc0 f   Core:function.obj
 0001:00010dd0       ?pair_2_list@@YAHPAVlist@@@Z 00411dd0 f   Core:function.obj
 0001:00010de0       ?pair_2_list_type@@YAPAVClaireType@@PAV1@@Z 00411de0 f   Core:function.obj
 0001:00010df0       ?_plus_float_@@YAHHH@Z     00411df0 f   Core:function.obj
 0001:00010ea0       ?_plus_float@@YANNN@Z      00411ea0 f   Core:function.obj
 0001:00010eb0       ?_dash_float_@@YAHHH@Z     00411eb0 f   Core:function.obj
 0001:00010f60       ?_dash_float@@YANNN@Z      00411f60 f   Core:function.obj
 0001:00010f70       ?_star_float_@@YAHHH@Z     00411f70 f   Core:function.obj
 0001:00011020       ?_star_float@@YANNN@Z      00412020 f   Core:function.obj
 0001:00011030       ?_7_float_@@YAHHH@Z        00412030 f   Core:function.obj
 0001:000110e0       ?_7_float@@YANNN@Z         004120e0 f   Core:function.obj
 0001:000110f0       ?_dash_float2_@@YAHH@Z     004120f0 f   Core:function.obj
 0001:00011190       ?_dash_float2@@YANN@Z      00412190 f   Core:function.obj
 0001:000111a0       ?sqrt_float_@@YAHH@Z       004121a0 f   Core:function.obj
 0001:00011240       ?sqrt_float@@YANN@Z        00412240 f   Core:function.obj
 0001:00011250       ?_exp_float_@@YAHHH@Z      00412250 f   Core:function.obj
 0001:00011300       ?_exp_float@@YANNN@Z       00412300 f   Core:function.obj
 0001:00011310       ?log_float_@@YAHH@Z        00412310 f   Core:function.obj
 0001:000113b0       ?log_float@@YANN@Z         004123b0 f   Core:function.obj
 0001:000113c0       ?atan_float_@@YAHH@Z       004123c0 f   Core:function.obj
 0001:00011460       ?atan_float@@YANN@Z        00412460 f   Core:function.obj
 0001:00011470       ?string_I_float_@@YAPADH@Z 00412470 f   Core:function.obj
 0001:000114a0       ?string_I_float@@YAPADN@Z  004124a0 f   Core:function.obj
 0001:000114c0       ?length_bag@@YAHPAVbag@@@Z 004124c0 f   Core:function.obj
 0001:000114d0       ?nth_bag@@YAHPAVbag@@H@Z   004124d0 f   Core:function.obj
 0001:00011550       ?nth_bag_type@@YAPAVClaireType@@PAV1@0@Z 00412550 f   Core:function.obj
 0001:00011560       ?nth_get_bag@@YAHPAVbag@@H@Z 00412560 f   Core:function.obj
 0001:00011570       ?min_method@@YAHPAVmethod@@PAVbag@@@Z 00412570 f   Core:function.obj
 0001:00011610       ?min_method_type@@YAPAVClaireType@@PAV1@0@Z 00412610 f   Core:function.obj
 0001:00011620       ?max_method@@YAHPAVmethod@@PAVbag@@@Z 00412620 f   Core:function.obj
 0001:000116c0       ?max_method_type@@YAPAVClaireType@@PAV1@0@Z 004126c0 f   Core:function.obj
 0001:000116d0       ?_7_plus_bag@@YAPAVlist@@PAVbag@@0@Z 004126d0 f   Core:function.obj
 0001:00011850       ?last_list@@YAHPAVlist@@@Z 00412850 f   Core:function.obj
 0001:000118b0       ?last_list_type@@YAPAVClaireType@@PAV1@@Z 004128b0 f   Core:function.obj
 0001:000118c0       ?rmlast_list@@YAPAVlist@@PAV1@@Z 004128c0 f   Core:function.obj
 0001:000118e0       ?nth_set_list@@YAHPAVlist@@HH@Z 004128e0 f   Core:function.obj
 0001:000119d0       ?car_list@@YAHPAVlist@@@Z  004129d0 f   Core:function.obj
 0001:00011a30       ?hashlist_integer@@YAPAVlist@@H@Z 00412a30 f   Core:function.obj
 0001:00011b00       ?hashsize_list@@YAHPAVlist@@@Z 00412b00 f   Core:function.obj
 0001:00011b40       ?sort_method@@YAPAVlist@@PAVmethod@@PAV1@@Z 00412b40 f   Core:function.obj
 0001:00011b60       ?quicksort_list@@YAXPAVlist@@PAVmethod@@HH@Z 00412b60 f   Core:function.obj
 0001:00011c70       ?build_powerset_list@@YAPAVset@@PAVlist@@@Z 00412c70 f   Core:function.obj
 0001:00011df0       ?make_copy_list_integer@@YAPAVlist@@HH@Z 00412df0 f   Core:function.obj
 0001:00011f60       ?difference_set@@YAPAVset@@PAV1@0@Z 00412f60 f   Core:function.obj
 0001:00012050       ?nth_equal_array@@YAXPAHHH@Z 00413050 f   Core:function.obj
 0001:00012140       ?self_print_array_Core@@YAHPAH@Z 00413140 f   Core:function.obj
 0001:00012190       ?self_print_char_Core@@YAHPAVClaireChar@@@Z 00413190 f   Core:function.obj
 0001:000121c0       ?_inf_equal_char@@YAPAVClaireBoolean@@PAVClaireChar@@0@Z 004131c0 f   Core:function.obj
 0001:000121e0       ?release_void@@YAHXZ       004131e0 f   Core:object.obj
 0001:00012220       ?about_void@@YAHXZ         00413220 f   Core:object.obj
 0001:00012390       ?get_args_integer@@YAPAVlist@@H@Z 00413390 f   Core:object.obj
 0001:00012440       ?funcall_method1@@YAHPAVmethod@@H@Z 00413440 f   Core:object.obj
 0001:00012480       ?funcall_method2@@YAHPAVmethod@@HH@Z 00413480 f   Core:object.obj
 0001:000124e0       ?funcall_method3@@YAHPAVmethod@@HHH@Z 004134e0 f   Core:object.obj
 0001:00012570       ?apply_function@@YAHPAVClaireFunction@@PAVlist@@1@Z 00413570 f   Core:object.obj
 0001:000125e0       ?call_property@@YAHPAVproperty@@PAVlistargs@@@Z 004135e0 f   Core:object.obj
 0001:00012600       ?apply_property@@YAHPAVproperty@@PAVlist@@@Z 00413600 f   Core:object.obj
 0001:000126b0       ?apply_method@@YAHPAVmethod@@PAVlist@@@Z 004136b0 f   Core:object.obj
 0001:00012720       ?push_debug_property@@YAXPAVproperty@@HH@Z 00413720 f   Core:object.obj
 0001:00012d60       ?pop_debug_property@@YAXPAVproperty@@HH@Z 00413d60 f   Core:object.obj
 0001:00012f70       ?tr_indent_boolean@@YAXPAVClaireBoolean@@H@Z 00413f70 f   Core:object.obj
 0001:00013000       ?identified_ask_class@@YAPAVClaireBoolean@@PAVClaireClass@@@Z 00414000 f   Core:object.obj
 0001:00013090       ?identical_ask_any@@YAPAVClaireBoolean@@HH@Z 00414090 f   Core:object.obj
 0001:000130b0       ?put_property2@@YAHPAVproperty@@PAVClaireObject@@H@Z 004140b0 f   Core:object.obj
 0001:00013200       ?add_value_property3@@YAXPAVproperty@@PAVClaireObject@@H@Z 00414200 f   Core:object.obj
 0001:00013400       ?nth_table1@@YAHPAVtable@@H@Z 00414400 f   Core:object.obj
 0001:00013650       ?nth_table1_type@@YAPAVClaireType@@PAV1@0@Z 00414650 f   Core:object.obj
 0001:00013720       ?get_table@@YAHPAVtable@@H@Z 00414720 f   Core:object.obj
 0001:00013770       ?get_table_type@@YAPAVClaireType@@PAV1@0@Z 00414770 f   Core:object.obj
 0001:00013870       ?nth_equal_table1@@YAXPAVtable@@HH@Z 00414870 f   Core:object.obj
 0001:00013970       ?nth_put_table@@YAXPAVtable@@HH@Z 00414970 f   Core:object.obj
 0001:00013c90       ?put_table@@YAXPAVtable@@HH@Z 00414c90 f   Core:object.obj
 0001:00013e10       ?add_table@@YAXPAVtable@@HH@Z 00414e10 f   Core:object.obj
 0001:00013f20       ?add_I_table@@YAXPAVtable@@HH@Z 00414f20 f   Core:object.obj
 0001:00013fa0       ?add_value_array@@YAPAVClaireBoolean@@PAVtable@@HPAVbag@@H@Z 00414fa0 f   Core:object.obj
 0001:00014130       ?add_value_table3@@YAXPAVtable@@HH@Z 00415130 f   Core:object.obj
 0001:00014170       ?delete_table@@YAHPAVtable@@HH@Z 00415170 f   Core:object.obj
 0001:00014220       ?nth_table2@@YAHPAVtable@@HH@Z 00415220 f   Core:object.obj
 0001:00014410       ?nth_table2_type@@YAPAVClaireType@@PAV1@00@Z 00415410 f   Core:object.obj
 0001:000144e0       ?nth_equal_table2@@YAXPAVtable@@HHH@Z 004154e0 f   Core:object.obj
 0001:00014720       ?get_index_table1@@YAHPAVtable@@H@Z 00415720 f   Core:object.obj
 0001:00014840       ?get_index_table2@@YAHPAVtable@@HH@Z 00415840 f   Core:object.obj
 0001:00014870       ?erase_table@@YAHPAVtable@@@Z 00415870 f   Core:object.obj
 0001:00014b40       ?make_table_type@@YAPAVtable@@PAVClaireType@@0H@Z 00415b40 f   Core:object.obj
 0001:00014ba0       ?funcall_lambda1@@YAHPAVlambda@@H@Z 00415ba0 f   Core:object.obj
 0001:00014cc0       ?funcall_lambda2@@YAHPAVlambda@@HH@Z 00415cc0 f   Core:object.obj
 0001:00014e00       ?funcall_lambda3@@YAHPAVlambda@@HHH@Z 00415e00 f   Core:object.obj
 0001:00014f60       ?check_inverse_any@@YAXHH@Z 00415f60 f   Core:object.obj
 0001:00015130       ?invert_relation@@YAPAVbag@@PAVClaireRelation@@H@Z 00416130 f   Core:object.obj
 0001:00015700       ?domain_I_restriction@@YAPAVClaireClass@@PAVrestriction@@@Z 00416700 f   Core:object.obj
 0001:00015730       ?methods_class@@YAPAVset@@PAVClaireClass@@0@Z 00416730 f   Core:object.obj
 0001:00015880       ?reify_listargs@@YAHPAVlistargs@@@Z 00416880 f   Core:object.obj
 0001:00015960       ?self_print_general_error_Core@@YAXPAVgeneral_error@@@Z 00416960 f   Core:object.obj
 0001:00015a40       ?self_print_read_slot_error_Core@@YAXPAVread_slot_error@@@Z 00416a40 f   Core:object.obj
 0001:00015b10       ?self_print_range_error_Core@@YAXPAVrange_error@@@Z 00416b10 f   Core:object.obj
 0001:00015c00       ?self_print_selector_error_Core@@YAXPAVselector_error@@@Z 00416c00 f   Core:object.obj
 0001:00015d30       ?self_print_return_error_Core@@YAXPAVreturn_error@@@Z 00416d30 f   Core:object.obj
 0001:00015d40       ?self_print_system_error_Core@@YAXPAVsystem_error@@@Z 00416d40 f   Core:object.obj
 0001:00016040       ?self_print_contradiction_Core@@YAXPAVcontradiction@@@Z 00417040 f   Core:object.obj
 0001:00016050       ?format_string@@YAXPADPAVlist@@@Z 00417050 f   Core:object.obj
 0001:00016200       ?tformat_string@@YAHPADHPAVlist@@@Z 00417200 f   Core:object.obj
 0001:00016250       ?princ_bag@@YAXPAVbag@@@Z  00417250 f   Core:object.obj
 0001:000162b0       ?close_global_variable@@YAPAVglobal_variable@@PAV1@@Z 004172b0 f   Core:object.obj
 0001:00016330       ?contradiction_I_void@@YAXXZ 00417330 f   Core:object.obj
 0001:00016350       ?eval_message_property@@YAHPAVproperty@@PAVClaireObject@@HPAVClaireBoolean@@@Z 00417350 f   Core:method.obj
 0001:00016580       ?noeval_message_property2@@YAHPAVproperty@@H@Z 00417580 f   Core:method.obj
 0001:00016680       ?execute_method@@YAHPAVmethod@@HPAVClaireBoolean@@@Z 00417680 f   Core:method.obj
 0001:00016910       ?eval_any@@YAHH@Z          00417910 f   Core:method.obj
 0001:00016950       ?self_eval_ClaireObject@@YAHPAVClaireObject@@@Z 00417950 f   Core:method.obj
 0001:00016970       ?inlineok_ask_method@@YAPAVmethod@@PAV1@PAD@Z 00417970 f   Core:method.obj
 0001:00016b40       ?get_slot@@YAHPAVslot@@PAVClaireObject@@@Z 00417b40 f   Core:method.obj
 0001:00016b60       ?put_slot@@YAHPAVslot@@PAVClaireObject@@H@Z 00417b60 f   Core:method.obj
 0001:00016b90       ?get_property@@YAHPAVproperty@@PAVClaireObject@@@Z 00417b90 f   Core:method.obj
 0001:00016c90       ?funcall_property@@YAHPAVproperty@@H@Z 00417c90 f   Core:method.obj
 0001:00016da0       ?read_property@@YAHPAVproperty@@PAVClaireObject@@@Z 00417da0 f   Core:method.obj
 0001:00016f10       ?hold_ask_property@@YAPAVClaireBoolean@@PAVproperty@@PAVClaireObject@@H@Z 00417f10 f   Core:method.obj
 0001:00017060       ?write_property@@YAXPAVproperty@@PAVClaireObject@@H@Z 00418060 f   Core:method.obj
 0001:000172b0       ?range_is_wrong_slot@@YAHPAVslot@@H@Z 004182b0 f   Core:method.obj
 0001:00017300       ?put_property1@@YAXPAVproperty@@PAVClaireObject@@HPAVClaireClass@@H@Z 00418300 f   Core:method.obj
 0001:00017340       ?update_property@@YAXPAVproperty@@PAVClaireObject@@HPAVClaireClass@@H@Z 00418340 f   Core:method.obj
 0001:00017570       ?update_plus_relation@@YAXPAVClaireRelation@@HH@Z 00418570 f   Core:method.obj
 0001:00017830       ?update_dash_relation@@YAXPAVClaireRelation@@HH@Z 00418830 f   Core:method.obj
 0001:00017b60       ?add_I_property@@YAXPAVproperty@@PAVClaireObject@@HH@Z 00418b60 f   Core:method.obj
 0001:00017c00       ?add_value_property@@YAPAVClaireBoolean@@PAVproperty@@PAVClaireObject@@HPAVbag@@H@Z 00418c00 f   Core:method.obj
 0001:00017d80       ?add_property@@YAXPAVproperty@@PAVClaireObject@@H@Z 00418d80 f   Core:method.obj
 0001:00017fc0       ?known_ask_property@@YAPAVClaireBoolean@@PAVproperty@@PAVClaireObject@@@Z 00418fc0 f   Core:method.obj
 0001:000180d0       ?unknown_ask_property@@YAPAVClaireBoolean@@PAVproperty@@PAVClaireObject@@@Z 004190d0 f   Core:method.obj
 0001:000181e0       ?delete_property@@YAHPAVproperty@@PAVClaireObject@@H@Z 004191e0 f   Core:method.obj
 0001:000183e0       ?erase_property@@YAHPAVproperty@@PAVClaireObject@@@Z 004193e0 f   Core:method.obj
 0001:00018730       ?set_range_property@@YAXPAVproperty@@PAVClaireClass@@PAVClaireType@@@Z 00419730 f   Core:method.obj
 0001:00018760       ?put_store_property2@@YAXPAVproperty@@PAVClaireObject@@HPAVClaireBoolean@@@Z 00419760 f   Core:method.obj
 0001:000188d0       ?multi_ask_any@@YAPAVClaireBoolean@@H@Z 004198d0 f   Core:method.obj
 0001:00018980       ?fastcall_relation2@@YAXPAVClaireRelation@@HH@Z 00419980 f   Core:method.obj
 0001:00018bb0       ?insert_definition_property@@YAXPAVproperty@@PAVrestriction@@@Z 00419bb0 f   Core:method.obj
 0001:00018c40       ?initialize_restriction1@@YAPAVlist@@PAVrestriction@@PAVClaireClass@@PAV1@@Z 00419c40 f   Core:method.obj
 0001:00019060       ?uniform_restriction@@YAPAVClaireBoolean@@PAVrestriction@@@Z 0041a060 f   Core:method.obj
 0001:000191f0       ?uniform_property@@YAPAVClaireBoolean@@PAVproperty@@@Z 0041a1f0 f   Core:method.obj
 0001:000192a0       ?initialize_restriction2@@YAPAVlist@@PAVrestriction@@PAV1@@Z 0041a2a0 f   Core:method.obj
 0001:00019400       ?hashinsert_restriction@@YAHPAVrestriction@@@Z 0041a400 f   Core:method.obj
 0001:000194b0       ?hashinsert_class@@YAHPAVClaireClass@@PAVmethod@@@Z 0041a4b0 f   Core:method.obj
 0001:00019500       ?hashinsert_list@@YAHPAVlist@@PAVmethod@@@Z 0041a500 f   Core:method.obj
 0001:00019740       ?hashget_class@@YAPAVClaireObject@@PAVClaireClass@@PAVproperty@@@Z 0041a740 f   Core:method.obj
 0001:000197d0       ?join_list@@YAPAVClaireBoolean@@PAVlist@@0@Z 0041a7d0 f   Core:method.obj
 0001:00019940       ?_at_property1@@YAPAVClaireObject@@PAVproperty@@PAVClaireClass@@@Z 0041a940 f   Core:method.obj
 0001:00019b30       ?_at_property2@@YAPAVClaireObject@@PAVproperty@@PAVlist@@@Z 0041ab30 f   Core:method.obj
 0001:00019c40       ?matching_ask_list@@YAPAVClaireBoolean@@PAVlist@@HH@Z 0041ac40 f   Core:method.obj
 0001:00019f20       ?vmatch_ask_any@@YAPAVClaireBoolean@@HHH@Z 0041af20 f   Core:method.obj
 0001:0001a530       ?tmatch_ask_list@@YAPAVClaireBoolean@@PAVlist@@0@Z 0041b530 f   Core:method.obj
 0001:0001a620       ?tmatch_ask_any@@YAPAVClaireBoolean@@HHPAVlist@@@Z 0041b620 f   Core:method.obj
 0001:0001acf0       ?find_which_property@@YAPAVClaireObject@@PAVproperty@@HPAVClaireClass@@@Z 0041bcf0 f   Core:method.obj
 0001:0001adb0       ?find_which_list@@YAPAVClaireObject@@PAVlist@@PAVClaireClass@@HH@Z 0041bdb0 f   Core:method.obj
 0001:0001ae40       ?find_which_class@@YAPAVClaireObject@@PAVClaireClass@@PAVlist@@HH@Z 0041be40 f   Core:method.obj
 0001:0001af20       ?metaLoad@LanguageClass@@QAEXXZ 0041bf20 f   Language:Language.obj
 0001:0001f410       ?self_print_Definition_Language@@YAHPAVDefinition@@@Z 00420410 f   Language:define.obj
 0001:0001f4e0       ?self_print_Defobj_Language@@YAXPAVDefobj@@@Z 004204e0 f   Language:define.obj
 0001:0001f710       ?self_print_Defclass_Language@@YAXPAVDefclass@@@Z 00420710 f   Language:define.obj
 0001:0001f970       ?self_print_Defmethod_Language@@YAXPAVDefmethod@@@Z 00420970 f   Language:define.obj
 0001:0001fae0       ?self_print_Defarray_Language@@YAXPAVDefarray@@@Z 00420ae0 f   Language:define.obj
 0001:0001fc10       ?self_print_Defrule_Language@@YAXPAVDefrule@@@Z 00420c10 f   Language:define.obj
 0001:0001fd30       ?self_print_Defvar_Language@@YAXPAVDefvar@@@Z 00420d30 f   Language:define.obj
 0001:0001fe00       ?self_eval_Definition@@YAHPAVDefinition@@@Z 00420e00 f   Language:define.obj
 0001:0001ff50       ?complete_object@@YAHPAVClaireObject@@PAVlist@@@Z 00420f50 f   Language:define.obj
 0001:00020140       ?self_eval_Defobj@@YAHPAVDefobj@@@Z 00421140 f   Language:define.obj
 0001:000202e0       ?self_eval_Defclass@@YAHPAVDefclass@@@Z 004212e0 f   Language:define.obj
 0001:000208d0       ?self_eval_Defmethod@@YAHPAVDefmethod@@@Z 004218d0 f   Language:define.obj
 0001:00020e00       ?attach_comment_any@@YAXH@Z 00421e00 f   Language:define.obj
 0001:00020ef0       ?extract_signature_list@@YAPAVlist@@PAV1@@Z 00421ef0 f   Language:define.obj
 0001:00021160       ?extract_pattern_any@@YAHHPAVlist@@@Z 00422160 f   Language:define.obj
 0001:00021a90       ?extract_type_any@@YAPAVClaireType@@H@Z 00422a90 f   Language:define.obj
 0001:00021bc0       ?extract_item_any@@YAHHH@Z 00422bc0 f   Language:define.obj
 0001:00021e50       ?extract_pattern_nth_list@@YAHPAVlist@@0@Z 00422e50 f   Language:define.obj
 0001:00022500       ?extract_class_call_class@@YAPAVClaireObject@@PAVClaireClass@@PAVlist@@@Z 00423500 f   Language:define.obj
 0001:00022f80       ?extract_range_any@@YAPAVlist@@HPAV1@0@Z 00423f80 f   Language:define.obj
 0001:00023690       ?bit_vector_listargs2@@YAHPAVlistargs@@@Z 00424690 f   Language:define.obj
 0001:000236d0       ?extract_status_any@@YAPAVlist@@H@Z 004246d0 f   Language:define.obj
 0001:00023c60       ?type_I_any@@YAPAVClaireType@@H@Z 00424c60 f   Language:define.obj
 0001:00023f20       ?self_eval_Defarray@@YAHPAVDefarray@@@Z 00424f20 f   Language:define.obj
 0001:000248a0       ?self_print_demon@@YAXPAVdemon@@@Z 004258a0 f   Language:define.obj
 0001:000248b0       ?funcall_demon1@@YAHPAVdemon@@HH@Z 004258b0 f   Language:define.obj
 0001:00024970       ?funcall_demon2@@YAHPAVdemon@@HHH@Z 00425970 f   Language:define.obj
 0001:00024a40       ?self_eval_Defrule@@YAHPAVDefrule@@@Z 00425a40 f   Language:define.obj
 0001:00024d70       ?eventMethod_ask_relation2@@YAPAVClaireBoolean@@PAVClaireRelation@@@Z 00425d70 f   Language:define.obj
 0001:00024e20       ?make_filter_any_@@YAPAVtuple@@H@Z 00425e20 f   Language:define.obj
 0001:00024e40       ?make_filter_any@@YAPAVtuple@@H@Z 00425e40 f   Language:define.obj
 0001:00025990       ?make_demon_relation@@YAPAVdemon@@PAVClaireRelation@@PAVsymbol@@PAVlist@@HH@Z 00426990 f   Language:define.obj
 0001:00026080       ?readCall_relation@@YAPAVCall@@PAVClaireRelation@@H@Z 00427080 f   Language:define.obj
 0001:00026200       ?putCall_relation2@@YAPAVCall@@PAVClaireRelation@@HH@Z 00427200 f   Language:define.obj
 0001:000263a0       ?eval_if_write_relation@@YAXPAVClaireRelation@@@Z 004273a0 f   Language:define.obj
 0001:00026ca0       ?eventMethod_property@@YAXPAVproperty@@@Z 00427ca0 f   Language:define.obj
 0001:00026d30       ?interface_property@@YAXPAVproperty@@@Z 00427d30 f   Language:define.obj
 0001:000270d0       ?interface_class@@YAXPAVClaireClass@@PAVlistargs@@@Z 004280d0 f   Language:define.obj
 0001:000272e0       ?self_print_If_Language@@YAXPAVIf@@@Z 004282e0 f   Language:control.obj
 0001:00027320       ?printstat_If@@YAXPAVIf@@@Z 00428320 f   Language:control.obj
 0001:00027410       ?printif_any@@YAXH@Z       00428410 f   Language:control.obj
 0001:00027570       ?printelse_If@@YAXPAVIf@@@Z 00428570 f   Language:control.obj
 0001:00027770       ?self_eval_If@@YAHPAVIf@@@Z 00428770 f   Language:control.obj
 0001:00027830       ?self_print_Do_Language@@YAXPAVDo@@@Z 00428830 f   Language:control.obj
 0001:00027900       ?printdo_list@@YAXPAVlist@@PAVClaireBoolean@@@Z 00428900 f   Language:control.obj
 0001:00027a10       ?printblock_any@@YAXH@Z    00428a10 f   Language:control.obj
 0001:00027bb0       ?self_eval_Do@@YAHPAVDo@@@Z 00428bb0 f   Language:control.obj
 0001:00027c20       ?self_print_Let_Language@@YAXPAVLet@@@Z 00428c20 f   Language:control.obj
 0001:00027d20       ?printbody_Let@@YAXPAVLet@@@Z 00428d20 f   Language:control.obj
 0001:00027ed0       ?self_eval_Let@@YAHPAVLet@@@Z 00428ed0 f   Language:control.obj
 0001:00028000       ?self_print_When_Language@@YAXPAVWhen@@@Z 00429000 f   Language:control.obj
 0001:00028160       ?self_eval_When@@YAHPAVWhen@@@Z 00429160 f   Language:control.obj
 0001:000282b0       ?self_print_Let_plus_Language@@YAXPAVLet_plus@@@Z 004292b0 f   Language:control.obj
 0001:00028420       ?self_print_Let_star_Language@@YAXPAVLet_star@@@Z 00429420 f   Language:control.obj
 0001:00028800       ?self_print_For_Language@@YAXPAVFor@@@Z 00429800 f   Language:control.obj
 0001:00028920       ?self_eval_For@@YAHPAVFor@@@Z 00429920 f   Language:control.obj
 0001:00028f70       ?self_print_Collect_Language@@YAXPAVCollect@@@Z 00429f70 f   Language:control.obj
 0001:000290a0       ?self_eval_Collect@@YAHPAVCollect@@@Z 0042a0a0 f   Language:control.obj
 0001:00029490       ?self_print_Image_Language@@YAXPAVImage@@@Z 0042a490 f   Language:control.obj
 0001:000295c0       ?self_eval_Image@@YAHPAVImage@@@Z 0042a5c0 f   Language:control.obj
 0001:00029810       ?self_print_Select_Language@@YAXPAVSelect@@@Z 0042a810 f   Language:control.obj
 0001:00029930       ?self_eval_Select@@YAHPAVSelect@@@Z 0042a930 f   Language:control.obj
 0001:00029d70       ?self_print_Lselect_Language@@YAXPAVLselect@@@Z 0042ad70 f   Language:control.obj
 0001:00029e90       ?self_eval_Lselect@@YAHPAVLselect@@@Z 0042ae90 f   Language:control.obj
 0001:0002a320       ?self_print_Exists_Language@@YAXPAVExists@@@Z 0042b320 f   Language:control.obj
 0001:0002a4d0       ?self_eval_Exists@@YAHPAVExists@@@Z 0042b4d0 f   Language:control.obj
 0001:0002a870       ?self_print_Case_Language@@YAXPAVCase@@@Z 0042b870 f   Language:control.obj
 0001:0002aa20       ?self_eval_Case@@YAHPAVCase@@@Z 0042ba20 f   Language:control.obj
 0001:0002ac00       ?self_print_While_Language@@YAXPAVWhile@@@Z 0042bc00 f   Language:control.obj
 0001:0002ad10       ?self_eval_While@@YAHPAVWhile@@@Z 0042bd10 f   Language:control.obj
 0001:0002afd0       ?self_print_Handle_Language@@YAXPAVClaireHandle@@@Z 0042bfd0 f   Language:control.obj
 0001:0002b0e0       ?self_eval_Handle@@YAHPAVClaireHandle@@@Z 0042c0e0 f   Language:control.obj
 0001:0002b310       ?self_print_Construct_Language@@YAXPAVConstruct@@@Z 0042c310 f   Language:control.obj
 0001:0002b580       ?self_eval_List@@YAHPAVList@@@Z 0042c580 f   Language:control.obj
 0001:0002b770       ?self_eval_Set@@YAHPAVSet@@@Z 0042c770 f   Language:control.obj
 0001:0002b960       ?self_eval_Tuple@@YAHPAVTuple@@@Z 0042c960 f   Language:control.obj
 0001:0002ba70       ?self_eval_Array2@@YAHPAVArray@@@Z 0042ca70 f   Language:control.obj
 0001:0002bc60       ?self_eval_Macro2@@YAHPAVMacro@@@Z 0042cc60 f   Language:control.obj
 0001:0002bd20       ?self_eval_Error@@YAXPAVError@@@Z 0042cd20 f   Language:control.obj
 0001:0002bf10       ?self_eval_Printf@@YAHPAVPrintf@@@Z 0042cf10 f   Language:control.obj
 0001:0002c2f0       ?self_eval_Trace@@YAHPAVTrace@@@Z 0042d2f0 f   Language:control.obj
 0001:0002c580       ?self_eval_Assert@@YAHPAVAssert@@@Z 0042d580 f   Language:control.obj
 0001:0002c780       ?self_eval_Branch@@YAHPAVBranch@@@Z 0042d780 f   Language:control.obj
 0001:0002c920       ?self_print_Call_Language@@YAXPAVCall@@@Z 0042d920 f   Language:call.obj
 0001:0002d240       ?self_print_Call_plus_Language@@YAHPAVCall_plus@@@Z 0042e240 f   Language:call.obj
 0001:0002d2a0       ?self_eval_Call@@YAHPAVCall@@@Z 0042e2a0 f   Language:call.obj
 0001:0002d3d0       ?self_eval_Call_plus@@YAHPAVCall_plus@@@Z 0042e3d0 f   Language:call.obj
 0001:0002d670       ?printe_any@@YAXHPAVproperty@@@Z 0042e670 f   Language:call.obj
 0001:0002d760       ?sugar_ask_any@@YAHHHHH@Z  0042e760 f   Language:call.obj
 0001:0002db00       ?self_print_Assign_Language@@YAXPAVAssign@@@Z 0042eb00 f   Language:call.obj
 0001:0002dd90       ?self_eval_Assign@@YAHPAVAssign@@@Z 0042ed90 f   Language:call.obj
 0001:0002df40       ?self_print_Gassign_Language@@YAXPAVGassign@@@Z 0042ef40 f   Language:call.obj
 0001:0002e1e0       ?self_eval_Gassign@@YAHPAVGassign@@@Z 0042f1e0 f   Language:call.obj
 0001:0002e290       ?self_print_And_Language@@YAXPAVAnd@@@Z 0042f290 f   Language:call.obj
 0001:0002e350       ?self_eval_And@@YAHPAVAnd@@@Z 0042f350 f   Language:call.obj
 0001:0002e4a0       ?self_print_Or_Language@@YAXPAVOr@@@Z 0042f4a0 f   Language:call.obj
 0001:0002e560       ?self_eval_Or@@YAHPAVOr@@@Z 0042f560 f   Language:call.obj
 0001:0002e6b0       ?self_print_Quote_Language@@YAXPAVQuote@@@Z 0042f6b0 f   Language:call.obj
 0001:0002e760       ?self_eval_Quote@@YAHPAVQuote@@@Z 0042f760 f   Language:call.obj
 0001:0002e770       ?self_print_Call_method_Language@@YAXPAVCall_method@@@Z 0042f770 f   Language:call.obj
 0001:0002e840       ?self_eval_Call_method@@YAHPAVCall_method@@@Z 0042f840 f   Language:call.obj
 0001:0002e990       ?self_eval_Call_method1@@YAHPAVCall_method1@@@Z 0042f990 f   Language:call.obj
 0001:0002ea70       ?self_eval_Call_method2@@YAHPAVCall_method2@@@Z 0042fa70 f   Language:call.obj
 0001:0002eba0       ?self_print_Call_slot_Language@@YAXPAVCall_slot@@@Z 0042fba0 f   Language:call.obj
 0001:0002ec70       ?self_eval_Call_slot@@YAHPAVCall_slot@@@Z 0042fc70 f   Language:call.obj
 0001:0002ed50       ?self_print_Call_array_Language@@YAXPAVCall_array@@@Z 0042fd50 f   Language:call.obj
 0001:0002ee10       ?self_eval_Call_array@@YAHPAVCall_array@@@Z 0042fe10 f   Language:call.obj
 0001:0002ef20       ?self_print_Call_table_Language@@YAXPAVCall_table@@@Z 0042ff20 f   Language:call.obj
 0001:0002eff0       ?self_eval_Call_table@@YAHPAVCall_table@@@Z 0042fff0 f   Language:call.obj
 0001:0002f110       ?self_print_Update_Language@@YAXPAVUpdate@@@Z 00430110 f   Language:call.obj
 0001:0002f200       ?self_eval_Update@@YAHPAVUpdate@@@Z 00430200 f   Language:call.obj
 0001:0002f440       ?self_print_Super_Language@@YAXPAVSuper@@@Z 00430440 f   Language:call.obj
 0001:0002f550       ?self_eval_Super@@YAHPAVSuper@@@Z 00430550 f   Language:call.obj
 0001:0002f6d0       ?self_print_Cast_Language@@YAXPAVCast@@@Z 004306d0 f   Language:call.obj
 0001:0002f7c0       ?self_eval_Cast@@YAHPAVCast@@@Z 004307c0 f   Language:call.obj
 0001:0002f960       ?self_print_Return_Language@@YAXPAVReturn@@@Z 00430960 f   Language:call.obj
 0001:0002fa30       ?self_eval_Return@@YAHPAVReturn@@@Z 00430a30 f   Language:call.obj
 0001:0002fb10       ?substitution_any@@YAHHPAVVariable@@H@Z 00430b10 f   Language:call.obj
 0001:00030030       ?occurrence_any@@YAHHPAVVariable@@@Z 00431030 f   Language:call.obj
 0001:000302d0       ?instruction_copy_any@@YAHH@Z 004312d0 f   Language:call.obj
 0001:000305d0       ?no_eval_Instruction@@YAHPAVInstruction@@@Z 004315d0 f   Language:pretty.obj
 0001:00030660       ?self_print_unbound_symbol_Language@@YAXPAVunbound_symbol@@@Z 00431660 f   Language:pretty.obj
 0001:00030680       ?self_eval_unbound_symbol@@YAHPAVunbound_symbol@@@Z 00431680 f   Language:pretty.obj
 0001:00030770       ?self_print_Variable_Language@@YAXPAVVariable@@@Z 00431770 f   Language:pretty.obj
 0001:000307a0       ?ppvariable_Variable@@YAXPAVVariable@@@Z 004317a0 f   Language:pretty.obj
 0001:00030890       ?ppvariable_list@@YAXPAVlist@@@Z 00431890 f   Language:pretty.obj
 0001:00030990       ?self_eval_Variable@@YAHPAVVariable@@@Z 00431990 f   Language:pretty.obj
 0001:000309b0       ?write_value_Variable@@YAHPAVVariable@@H@Z 004319b0 f   Language:pretty.obj
 0001:00030a40       ?self_eval_Vardef@@YAHPAVVardef@@@Z 00431a40 f   Language:pretty.obj
 0001:00030ad0       ?self_eval_global_variable@@YAHPAVglobal_variable@@@Z 00431ad0 f   Language:pretty.obj
 0001:00030ae0       ?write_value_global_variable@@YAHPAVglobal_variable@@H@Z 00431ae0 f   Language:pretty.obj
 0001:00030b70       ?apply_lambda@@YAHPAVlambda@@PAVlist@@@Z 00431b70 f   Language:pretty.obj
 0001:00030cb0       ?call_lambda2@@YAHPAVlambda@@PAVlistargs@@@Z 00431cb0 f   Language:pretty.obj
 0001:00030cd0       ?self_print_lambda_Language@@YAHPAVlambda@@@Z 00431cd0 f   Language:pretty.obj
 0001:00030db0       ?lambda_I_list@@YAPAVlambda@@PAVlist@@H@Z 00431db0 f   Language:pretty.obj
 0001:00030ef0       ?lexical_build_any@@YAHHPAVlist@@H@Z 00431ef0 f   Language:pretty.obj
 0001:00031650       ?lexical_change_any@@YAHHPAVlist@@@Z 00432650 f   Language:pretty.obj
 0001:00031730       ?close_class@@YAPAVClaireClass@@PAV1@@Z 00432730 f   Language:pretty.obj
 0001:00031740       ?extract_symbol_any@@YAPAVsymbol@@H@Z 00432740 f   Language:pretty.obj
 0001:00031a10       ?make_a_property_any@@YAPAVproperty@@H@Z 00432a10 f   Language:pretty.obj
 0001:00031df0       ?lbreak_void@@YAHXZ        00432df0 f   Language:pretty.obj
 0001:00031e60       ?put_buffer_void@@YAHXZ    00432e60 f   Language:pretty.obj
 0001:00031e90       ?checkfar_void@@YAHXZ      00432e90 f   Language:pretty.obj
 0001:00031ee0       ?lbreak_integer@@YAHH@Z    00432ee0 f   Language:pretty.obj
 0001:00031f00       ?indent_integer@@YAHH@Z    00432f00 f   Language:pretty.obj
 0001:00031f50       ?set_level_void@@YAXXZ     00432f50 f   Language:pretty.obj
 0001:00031f60       ?set_level_integer@@YAXH@Z 00432f60 f   Language:pretty.obj
 0001:00031f80       ?printbox_bag1@@YAHPAVbag@@HHPAD@Z 00432f80 f   Language:pretty.obj
 0001:00032200       ?printbox_bag2@@YAHPAVbag@@@Z 00433200 f   Language:pretty.obj
 0001:00032230       ?printbox_bag3@@YAHPAVbag@@PAD@Z 00433230 f   Language:pretty.obj
 0001:00032260       ?printl_bag@@YAXPAVbag@@PAD@Z 00433260 f   Language:pretty.obj
 0001:000324b0       ?printexp_any@@YAXHPAVClaireBoolean@@@Z 004334b0 f   Language:pretty.obj
 0001:00032ab0       ?pretty_print_any@@YAXH@Z  00433ab0 f   Language:pretty.obj
 0001:00032b10       ?self_print_list_Language@@YAXPAVlist@@@Z 00433b10 f   Language:pretty.obj
 0001:00032bb0       ?self_print_set_Language@@YAXPAVset@@@Z 00433bb0 f   Language:pretty.obj
 0001:00032c70       ?self_print_tuple_Language@@YAXPAVtuple@@@Z 00433c70 f   Language:pretty.obj
 0001:00032ca0       ?metaLoad@ReaderClass@@QAEXXZ 00433ca0 f   Reader:Reader.obj
 0001:000364e0       ?inspect_any@@YAHH@Z       004374e0 f   Reader:inspect.obj
 0001:000368c0       ?inspect_loop_any@@YAHHPAVlist@@@Z 004378c0 f   Reader:inspect.obj
 0001:00036ca0       ?get_from_integer_any@@YAHHH@Z 00437ca0 f   Reader:inspect.obj
 0001:00036e00       ?trace_on_any@@YAHH@Z      00437e00 f   Reader:inspect.obj
 0001:00037230       ?untrace_any@@YAHH@Z       00438230 f   Reader:inspect.obj
 0001:00037560       ?spy_listargs2_Reader@@YAHPAVlistargs@@@Z 00438560 f   Reader:inspect.obj
 0001:00037740       ?self_trace_Trace@@YAHPAVTrace@@@Z 00438740 f   Reader:inspect.obj
 0001:00037850       ?trace_rule_relation@@YAXPAVClaireRelation@@PADHHHH@Z 00438850 f   Reader:inspect.obj
 0001:00037a50       ?stop_property@@YAHPAVproperty@@PAVlistargs@@@Z 00438a50 f   Reader:inspect.obj
 0001:00037b60       ?debug_void@@YAXXZ         00438b60 f   Reader:inspect.obj
 0001:00037bc0       ?call_debug_void@@YAHXZ    00438bc0 f   Reader:inspect.obj
 0001:00037e30       ?breakpoint_void@@YAXXZ    00438e30 f   Reader:inspect.obj
 0001:00038090       ?dn_integer@@YAXH@Z        00439090 f   Reader:inspect.obj
 0001:000381f0       ?up_integer@@YAXH@Z        004391f0 f   Reader:inspect.obj
 0001:00038330       ?where_integer@@YAXH@Z     00439330 f   Reader:inspect.obj
 0001:00038390       ?print_debug_info_integer@@YAXHHH@Z 00439390 f   Reader:inspect.obj
 0001:00038520       ?Show_integer@@YAHH@Z      00439520 f   Reader:inspect.obj
 0001:00038720       ?block_integer@@YAXH@Z     00439720 f   Reader:inspect.obj
 0001:00038a50       ?closure_build_lambda@@YAPAVlist@@PAVlambda@@@Z 00439a50 f   Reader:inspect.obj
 0001:00038b80       ?closure_build_any@@YAXHPAVlist@@@Z 00439b80 f   Reader:inspect.obj
 0001:00038d70       ?call_step_property_Reader@@YAXPAVproperty@@@Z 00439d70 f   Reader:inspect.obj
 0001:00038e20       ?step_any@@YAXH@Z          00439e20 f   Reader:inspect.obj
 0001:00038fc0       ?mem_class@@YAHPAVClaireClass@@@Z 00439fc0 f   Reader:inspect.obj
 0001:00039150       ?PRget_property@@YAPAVPRcount@@PAVproperty@@@Z 0043a150 f   Reader:inspect.obj
 0001:000392d0       ?PRlook_property2@@YAHPAVproperty@@@Z 0043a2d0 f   Reader:inspect.obj
 0001:00039300       ?PRshow_property@@YAXPAVproperty@@@Z 0043a300 f   Reader:inspect.obj
 0001:00039420       ?PRtime_property@@YAHPAVproperty@@@Z 0043a420 f   Reader:inspect.obj
 0001:00039470       ?PRshow_void@@YAHXZ        0043a470 f   Reader:inspect.obj
 0001:00039810       ?dependents_method@@YAPAVset@@PAVmethod@@@Z 0043a810 f   Reader:inspect.obj
 0001:000399c0       ?dependents_any@@YAHH@Z    0043a9c0 f   Reader:inspect.obj
 0001:00039d60       ?PRdepends_property@@YAHPAVproperty@@0@Z 0043ad60 f   Reader:inspect.obj
 0001:00039da0       ?self_eval_delimiter@@YAHPAVdelimiter@@@Z 0043ada0 f   Reader:file.obj
 0001:00039e20       ?useless_c_integer@@YAPAVClaireBoolean@@H@Z 0043ae20 f   Reader:file.obj
 0001:00039e80       ?skipc_meta_reader@@YAHPAVmeta_reader@@@Z 0043ae80 f   Reader:file.obj
 0001:00039f10       ?skipc_I_meta_reader@@YAHPAVmeta_reader@@@Z 0043af10 f   Reader:file.obj
 0001:00039fe0       ?cnext_meta_reader@@YAPAVmeta_reader@@PAV1@@Z 0043afe0 f   Reader:file.obj
 0001:0003a000       ?findeol_meta_reader@@YAPAVClaireBoolean@@PAVmeta_reader@@@Z 0043b000 f   Reader:file.obj
 0001:0003a0b0       ?checkno_meta_reader@@YAHPAVmeta_reader@@HH@Z 0043b0b0 f   Reader:file.obj
 0001:0003a120       ?verify_any@@YAHHHH@Z      0043b120 f   Reader:file.obj
 0001:0003a170       ?Serror_string@@YAXPADPAVlist@@@Z 0043b170 f   Reader:file.obj
 0001:0003a1f0       ?extract_variable_any@@YAPAVVariable@@H@Z 0043b1f0 f   Reader:file.obj
 0001:0003a3c0       ?bind_I_meta_reader@@YAPAVlist@@PAVmeta_reader@@PAVVariable@@@Z 0043b3c0 f   Reader:file.obj
 0001:0003a430       ?unbind_I_meta_reader@@YAHPAVmeta_reader@@PAVlist@@@Z 0043b430 f   Reader:file.obj
 0001:0003a470       ?_7_string@@YAPADPAD0@Z    0043b470 f   Reader:file.obj
 0001:0003a540       ?restore_state_meta_reader@@YAXPAVmeta_reader@@@Z 0043b540 f   Reader:file.obj
 0001:0003a5b0       ?load_file_string@@YAHPADPAVClaireBoolean@@@Z 0043b5b0 f   Reader:file.obj
 0001:0003ab70       ?load_string@@YAHPAD@Z     0043bb70 f   Reader:file.obj
 0001:0003ab90       ?sload_string@@YAHPAD@Z    0043bb90 f   Reader:file.obj
 0001:0003abb0       ?load_file_module@@YAXPAVmodule@@PAVClaireBoolean@@@Z 0043bbb0 f   Reader:file.obj
 0001:0003ad70       ?load_module@@YAHPAVmodule@@@Z 0043bd70 f   Reader:file.obj
 0001:0003ae90       ?sload_module@@YAHPAVmodule@@@Z 0043be90 f   Reader:file.obj
 0001:0003afb0       ?add_modules_module@@YAPAVlist@@PAVmodule@@PAVset@@PAV1@@Z 0043bfb0 f   Reader:file.obj
 0001:0003b240       ?add_modules_list@@YAPAVlist@@PAV1@@Z 0043c240 f   Reader:file.obj
 0001:0003b310       ?eload_string@@YAHPAD@Z    0043c310 f   Reader:file.obj
 0001:0003b6e0       ?readblock_port@@YAHPAVClairePort@@@Z 0043c6e0 f   Reader:file.obj
 0001:0003b880       ?read_port@@YAHPAVClairePort@@@Z 0043c880 f   Reader:file.obj
 0001:0003ba70       ?read_string@@YAHPAD@Z     0043ca70 f   Reader:file.obj
 0001:0003bc30       ?debug_if_possible_void@@YAHXZ 0043cc30 f   Reader:file.obj
 0001:0003bc80       ?print_exception_void@@YAHXZ 0043cc80 f   Reader:file.obj
 0001:0003bec0       ?show_any@@YAHH@Z          0043cec0 f   Reader:file.obj
 0001:0003c000       ?kill_object@@YAHPAVClaireObject@@@Z 0043d000 f   Reader:file.obj
 0001:0003c090       ?kill_class@@YAHPAVClaireClass@@@Z 0043d090 f   Reader:file.obj
 0001:0003c110       ?min_integer@@YAHHH@Z      0043d110 f   Reader:file.obj
 0001:0003c120       ?max_integer@@YAHHH@Z      0043d120 f   Reader:file.obj
 0001:0003c130       ?min_any@@YAHHH@Z          0043d130 f   Reader:file.obj
 0001:0003c170       ?max_any@@YAHHH@Z          0043d170 f   Reader:file.obj
 0001:0003c1b0       ?hashgrow_list@@YAPAVlist@@PAV1@PAVproperty@@@Z 0043d1b0 f   Reader:file.obj
 0001:0003c2c0       ?known_ask_table@@YAPAVClaireBoolean@@PAVtable@@H@Z 0043d2c0 f   Reader:file.obj
 0001:0003c2f0       ?unknown_ask_table@@YAPAVClaireBoolean@@PAVtable@@H@Z 0043d2f0 f   Reader:file.obj
 0001:0003c320       ?float_I_string_@@YAHPAD@Z 0043d320 f   Reader:file.obj
 0001:0003c3b0       ?float_I_string@@YANPAD@Z  0043d3b0 f   Reader:file.obj
 0001:0003c500       ?_sup_equal_any@@YAPAVClaireBoolean@@HH@Z 0043d500 f   Reader:file.obj
 0001:0003c530       ?DBregister_Call@@YAPAVCall@@PAV1@@Z 0043d530 f   Reader:syntax.obj
 0001:0003c6f0       ?Call_I_property@@YAPAVCall@@PAVproperty@@PAVlist@@@Z 0043d6f0 f   Reader:syntax.obj
 0001:0003c7d0       ?operation_ask_any@@YAPAVClaireBoolean@@H@Z 0043d7d0 f   Reader:syntax.obj
 0001:0003c8f0       ?combine_any@@YAHHHH@Z     0043d8f0 f   Reader:syntax.obj
 0001:0003ca10       ?combine_I_any@@YAHHHH@Z   0043da10 f   Reader:syntax.obj
 0001:0003d5b0       ?operation_I_any@@YAHH@Z   0043e5b0 f   Reader:syntax.obj
 0001:0003d890       ?operand_I_any@@YAHHH@Z    0043e890 f   Reader:syntax.obj
 0001:0003dd10       ?precedence_I_any@@YAHH@Z  0043ed10 f   Reader:syntax.obj
 0001:0003ddb0       ?nextstruct_meta_reader@@YAHPAVmeta_reader@@PAVkeyword@@1@Z 0043edb0 f   Reader:syntax.obj
 0001:0003e0d0       ?readlet_meta_reader@@YAHPAVmeta_reader@@PAVkeyword@@@Z 0043f0d0 f   Reader:syntax.obj
 0001:0003e7d0       ?readlet_star_meta_reader@@YAHPAVmeta_reader@@PAVlist@@HPAVkeyword@@@Z 0043f7d0 f   Reader:syntax.obj
 0001:0003e950       ?readwhen_meta_reader@@YAHPAVmeta_reader@@PAVkeyword@@@Z 0043f950 f   Reader:syntax.obj
 0001:0003eb90       ?readif_meta_reader@@YAHPAVmeta_reader@@H@Z 0043fb90 f   Reader:syntax.obj
 0001:0003ed60       ?readcase_meta_reader@@YAHPAVmeta_reader@@PAVkeyword@@@Z 0043fd60 f   Reader:syntax.obj
 0001:0003efd0       ?readset_meta_reader@@YAHPAVmeta_reader@@H@Z 0043ffd0 f   Reader:syntax.obj
 0001:0003f470       ?dereference_any@@YAHH@Z   00440470 f   Reader:syntax.obj
 0001:0003f620       ?nextseq_meta_reader@@YAHPAVmeta_reader@@H@Z 00440620 f   Reader:syntax.obj
 0001:0003f7c0       ?readblock_meta_reader@@YAHPAVmeta_reader@@HH@Z 004407c0 f   Reader:syntax.obj
 0001:0003fb10       ?Do_I_any@@YAHHH@Z         00440b10 f   Reader:syntax.obj
 0001:0003fcb0       ?extract_of_type_Call@@YAPAVClaireType@@PAVCall@@@Z 00440cb0 f   Reader:syntax.obj
 0001:0003fe70       ?readcall_meta_reader@@YAHPAVmeta_reader@@HH@Z 00440e70 f   Reader:syntax.obj
 0001:00040da0       ?nextdefinition_meta_reader@@YAHPAVmeta_reader@@HHPAVClaireBoolean@@@Z 00441da0 f   Reader:syntax.obj
 0001:00041570       ?nextmethod_meta_reader@@YAHPAVmeta_reader@@HHPAVClaireBoolean@@11@Z 00442570 f   Reader:syntax.obj
 0001:00041760       ?nextinst_meta_reader@@YAHPAVmeta_reader@@H@Z 00442760 f   Reader:syntax.obj
 0001:00041ef0       ?nextDefclass_meta_reader@@YAPAVDefclass@@PAVmeta_reader@@HPAVClaireBoolean@@@Z 00442ef0 f   Reader:syntax.obj
 0001:00042560       ?next_meta_reader@@YAHPAVmeta_reader@@@Z 00443560 f   Reader:read.obj
 0001:00042570       ?firstc_meta_reader@@YAHPAVmeta_reader@@@Z 00443570 f   Reader:read.obj
 0001:00042580       ?keyword_ask_any@@YAHH@Z   00443580 f   Reader:read.obj
 0001:000425d0       ?stop_ask_integer@@YAHH@Z  004435d0 f   Reader:read.obj
 0001:00042650       ?nextunit_meta_reader@@YAHPAVmeta_reader@@@Z 00443650 f   Reader:read.obj
 0001:00042fb0       ?nexts_meta_reader@@YAHPAVmeta_reader@@PAVkeyword@@@Z 00443fb0 f   Reader:read.obj
 0001:000431f0       ?loopexp_meta_reader@@YAHPAVmeta_reader@@HPAVkeyword@@PAVClaireBoolean@@@Z 004441f0 f   Reader:read.obj
 0001:000438a0       ?nexte_meta_reader@@YAHPAVmeta_reader@@@Z 004448a0 f   Reader:read.obj
 0001:000439c0       ?nextexp_meta_reader@@YAHPAVmeta_reader@@PAVClaireBoolean@@@Z 004449c0 f   Reader:read.obj
 0001:00044170       ?nexti_meta_reader@@YAHPAVmeta_reader@@H@Z 00445170 f   Reader:read.obj
 0001:00044b40       ?read_escape_meta_reader@@YAHPAVmeta_reader@@@Z 00445b40 f   Reader:read.obj
 0001:00044c20       ?nextvariable_meta_reader@@YAHPAVmeta_reader@@H@Z 00445c20 f   Reader:read.obj
 0001:00044d70       ?nexts_I_meta_reader1@@YAHPAVmeta_reader@@PAVkeyword@@@Z 00445d70 f   Reader:read.obj
 0001:00044e70       ?nexte_I_meta_reader@@YAHPAVmeta_reader@@PAVkeyword@@@Z 00445e70 f   Reader:read.obj
 0001:00044f50       ?nexts_I_meta_reader2@@YAHPAVmeta_reader@@H@Z 00445f50 f   Reader:read.obj
 0001:00045050       ?nexts_I_meta_reader3@@YAHPAVmeta_reader@@PAVkeyword@@H@Z 00446050 f   Reader:read.obj
 0001:00045160       ?extended_comment_ask_meta_reader@@YAPAVClaireBoolean@@PAVmeta_reader@@PAD@Z 00446160 f   Reader:read.obj
 0001:00045210       ?extended_comment_I_meta_reader@@YAHPAVmeta_reader@@PAD@Z 00446210 f   Reader:read.obj
 0001:000454d0       ?choco_getNbVars@AbstractConstraint@@QAEHXZ 004464d0 f   choco:choco.obj
 0001:000454ea       ?choco_assignIndices@AbstractConstraint@@QAEHPAV1@H@Z 004464ea f   choco:choco.obj
 0001:0004550b       ?choco_getConstraintIdx@AbstractConstraint@@QAEHH@Z 0044650b f   choco:choco.obj
 0001:0004552b       ?choco_setConstraintIndex@AbstractConstraint@@QAEXHH@Z 0044652b f   choco:choco.obj
 0001:0004554c       ?choco_askIfEntailed@AbstractConstraint@@QAEHXZ 0044654c f   choco:choco.obj
 0001:00045566       ?choco_testIfSatisfied@AbstractConstraint@@QAEPAVClaireBoolean@@XZ 00446566 f   choco:choco.obj
 0001:00045580       ?choco_testIfCompletelyInstantiated@AbstractConstraint@@QAEPAVClaireBoolean@@XZ 00446580 f   choco:choco.obj
 0001:0004559a       ?choco_propagate@AbstractConstraint@@QAEXXZ 0044659a f   choco:choco.obj
 0001:000455b4       ?choco_awakeOnInf@AbstractConstraint@@QAEXH@Z 004465b4 f   choco:choco.obj
 0001:000455d4       ?choco_awakeOnSup@AbstractConstraint@@QAEXH@Z 004465d4 f   choco:choco.obj
 0001:000455f4       ?choco_awakeOnInst@AbstractConstraint@@QAEXH@Z 004465f4 f   choco:choco.obj
 0001:00045614       ?choco_awakeOnRem@AbstractConstraint@@QAEXHH@Z 00446614 f   choco:choco.obj
 0001:00045638       ?choco_domainIncludedIn@IntVar@@QAEPAVClaireBoolean@@PAVlist@@@Z 00446638 f   choco:choco.obj
 0001:00045658       ?choco_hasExactDomain@IntVar@@QAEPAVClaireBoolean@@XZ 00446658 f   choco:choco.obj
 0001:00045672       ?choco_getInf@IntVar@@QAEHXZ 00446672 f   choco:choco.obj
 0001:0004568c       ?choco_getSup@IntVar@@QAEHXZ 0044668c f   choco:choco.obj
 0001:000456a6       ?choco_getNextActiveEventQueue@PropagationEngine@@QAEHXZ 004466a6 f   choco:choco.obj
 0001:000456c0       ?choco_selectBranchingObject@AbstractBranching@@QAEHXZ 004466c0 f   choco:choco.obj
 0001:000456da       ?choco_goDownBranch@AbstractBranching@@QAEXHH@Z 004466da f   choco:choco.obj
 0001:000456fe       ?choco_traceDownBranch@AbstractBranching@@QAEXHH@Z 004466fe f   choco:choco.obj
 0001:00045722       ?choco_goUpBranch@AbstractBranching@@QAEXHH@Z 00446722 f   choco:choco.obj
 0001:00045746       ?choco_traceUpBranch@AbstractBranching@@QAEXHH@Z 00446746 f   choco:choco.obj
 0001:0004576a       ?choco_getFirstBranch@AbstractBranching@@QAEHH@Z 0044676a f   choco:choco.obj
 0001:0004578a       ?choco_getNextBranch@AbstractBranching@@QAEHHH@Z 0044678a f   choco:choco.obj
 0001:000457ae       ?choco_finishedBranching@AbstractBranching@@QAEPAVClaireBoolean@@HH@Z 004467ae f   choco:choco.obj
 0001:000457d2       ?choco_branchOn@AbstractBranching@@QAEPAVClaireBoolean@@HH@Z 004467d2 f   choco:choco.obj
 0001:000457f6       ?choco_mayExpandNewNode@GlobalSearchLimit@@QAEPAVClaireBoolean@@PAVGlobalSearchSolver@@@Z 004467f6 f   choco:choco.obj
 0001:00045813       ?choco_domainSequence@AbstractIntDomain@@QAEPAVlist@@XZ 00446813 f   choco:choco.obj
 0001:0004582d       ?choco_domainSet@AbstractIntDomain@@QAEPAVset@@XZ 0044682d f   choco:choco.obj
 0001:00045847       ?choco_updateDomainInf@AbstractIntDomain@@QAEHH@Z 00446847 f   choco:choco.obj
 0001:00045867       ?choco_updateDomainSup@AbstractIntDomain@@QAEHH@Z 00446867 f   choco:choco.obj
 0001:00045887       ?choco_getDomainInf@AbstractIntDomain@@QAEHXZ 00446887 f   choco:choco.obj
 0001:000458a1       ?choco_getDomainSup@AbstractIntDomain@@QAEHXZ 004468a1 f   choco:choco.obj
 0001:000458bb       ?choco_containsValInDomain@AbstractIntDomain@@QAEPAVClaireBoolean@@H@Z 004468bb f   choco:choco.obj
 0001:000458db       ?choco_getNextValue@AbstractIntDomain@@QAEHH@Z 004468db f   choco:choco.obj
 0001:000458fb       ?choco_getPrevValue@AbstractIntDomain@@QAEHH@Z 004468fb f   choco:choco.obj
 0001:0004591b       ?choco_removeDomainVal@AbstractIntDomain@@QAEPAVClaireBoolean@@H@Z 0044691b f   choco:choco.obj
 0001:0004593b       ?choco_restrict@AbstractIntDomain@@QAEXH@Z 0044693b f   choco:choco.obj
 0001:0004595b       ?choco_getDomainCard@AbstractIntDomain@@QAEHXZ 0044695b f   choco:choco.obj
 0001:00045975       ?choco_getKernel@AbstractSetDomain@@QAEPAVlist@@XZ 00446975 f   choco:choco.obj
 0001:0004598f       ?choco_getEnveloppe@AbstractSetDomain@@QAEPAVlist@@XZ 0044698f f   choco:choco.obj
 0001:000459a9       ?choco_getKernelSize@AbstractSetDomain@@QAEHXZ 004469a9 f   choco:choco.obj
 0001:000459c3       ?choco_getEnveloppeSize@AbstractSetDomain@@QAEHXZ 004469c3 f   choco:choco.obj
 0001:000459dd       ?choco_getEnveloppeInf@AbstractSetDomain@@QAEHXZ 004469dd f   choco:choco.obj
 0001:000459f7       ?choco_getEnveloppeSup@AbstractSetDomain@@QAEHXZ 004469f7 f   choco:choco.obj
 0001:00045a11       ?choco_isInKernel@AbstractSetDomain@@QAEPAVClaireBoolean@@H@Z 00446a11 f   choco:choco.obj
 0001:00045a31       ?choco_isInEnveloppe@AbstractSetDomain@@QAEPAVClaireBoolean@@H@Z 00446a31 f   choco:choco.obj
 0001:00045a51       ?choco_updateKernel@AbstractSetDomain@@QAEPAVClaireBoolean@@H@Z 00446a51 f   choco:choco.obj
 0001:00045a71       ?choco_updateEnveloppe@AbstractSetDomain@@QAEPAVClaireBoolean@@H@Z 00446a71 f   choco:choco.obj
 0001:00045a91       ?choco_popSomeEvents@EventCollection@@QAEXXZ 00446a91 f   choco:choco.obj
 0001:00045aab       ?choco_getTruthValue@BinRelation@@QAEPAVClaireBoolean@@HH@Z 00446aab f   choco:choco.obj
 0001:00045acf       ?choco_filter@LinComb@@QAEXPAVClaireBoolean@@H@Z 00446acf f   choco:choco.obj
 0001:00045af3       ?choco_filterOnImprovedLowerBound@LinComb@@QAEPAVClaireBoolean@@XZ 00446af3 f   choco:choco.obj
 0001:00045b0d       ?choco_filterOnImprovedUpperBound@LinComb@@QAEPAVClaireBoolean@@XZ 00446b0d f   choco:choco.obj
 0001:00045b27       ?choco_selectVar@VarSelector@@QAEHXZ 00446b27 f   choco:choco.obj
 0001:00045b41       ?choco_isOver@ValIterator@@QAEPAVClaireBoolean@@PAVIntVar@@H@Z 00446b41 f   choco:choco.obj
 0001:00045b65       ?choco_getFirstVal@ValIterator@@QAEHPAVIntVar@@@Z 00446b65 f   choco:choco.obj
 0001:00045b85       ?choco_getNextVal@ValIterator@@QAEHPAVIntVar@@H@Z 00446b85 f   choco:choco.obj
 0001:00045ba9       ?choco_getBestVal@ValSelector@@QAEHPAVIntVar@@@Z 00446ba9 f   choco:choco.obj
 0001:00045bc9       ?metaLoad@chocoClass@@QAEXXZ 00446bc9 f   choco:choco.obj
 0001:00069f10       ?fcall@property@@QAEHH@Z   0046af10 f i choco:choco.obj
 0001:00069f50       ?fcall@property@@QAEHHH@Z  0046af50 f i choco:choco.obj
 0001:00069fa0       ?fcall@property@@QAEHHHH@Z 0046afa0 f i choco:choco.obj
 0001:00069ff0       ?_float_@@YAHN@Z           0046aff0 f i choco:choco.obj
 0001:0006a0b0       ?choco_closeLargeIntConstraint_LargeIntConstraint@@YAXPAVLargeIntConstraint@@@Z 0046b0b0 f   choco:const.obj
 0001:0006a0e2       ?choco_delay_IntConstraint@@YAPAVDelayer@@PAVIntConstraint@@H@Z 0046b0e2 f   choco:const.obj
 0001:0006a1f2       ?claire_self_print_Delayer_choco@@YAXPAVDelayer@@@Z 0046b1f2 f   choco:const.obj
 0001:0006a325       ?choco_closeCompositeConstraint_BinCompositeConstraint@@YAXPAVBinCompositeConstraint@@@Z 0046b325 f   choco:const.obj
 0001:0006a43b       ?choco_closeCompositeConstraint_LargeCompositeConstraint@@YAXPAVLargeCompositeConstraint@@@Z 0046b43b f   choco:const.obj
 0001:0006a5e0       ?choco_getNbVarsFromSubConst_LargeCompositeConstraint@@YAHPAVLargeCompositeConstraint@@@Z 0046b5e0 f   choco:const.obj
 0001:0006a5f4       ?choco_connectHook_any_choco@@YAHHPAVAbstractConstraint@@@Z 0046b5f4 f   choco:const.obj
 0001:0006a601       ?choco_reconnectHook_any_choco@@YAHHPAVAbstractConstraint@@@Z 0046b601 f   choco:const.obj
 0001:0006a60e       ?choco_disconnectHook_any_choco@@YAHHPAVAbstractConstraint@@@Z 0046b60e f   choco:const.obj
 0001:0006a61b       ?choco_assignIndices_AbstractConstraint@@YAHPAVAbstractConstraint@@0H@Z 0046b61b f   choco:const.obj
 0001:0006a693       ?choco_assignIndices_UnIntConstraint@@YAHPAVUnIntConstraint@@PAVAbstractConstraint@@H@Z 0046b693 f   choco:const.obj
 0001:0006a7c7       ?choco_assignIndices_BinIntConstraint@@YAHPAVBinIntConstraint@@PAVAbstractConstraint@@H@Z 0046b7c7 f   choco:const.obj
 0001:0006a93e       ?choco_assignIndices_TernIntConstraint@@YAHPAVTernIntConstraint@@PAVAbstractConstraint@@H@Z 0046b93e f   choco:const.obj
 0001:0006aaf9       ?choco_assignIndices_LargeIntConstraint@@YAHPAVLargeIntConstraint@@PAVAbstractConstraint@@H@Z 0046baf9 f   choco:const.obj
 0001:0006abad       ?choco_assignIndices_BinCompositeConstraint@@YAHPAVBinCompositeConstraint@@PAVAbstractConstraint@@H@Z 0046bbad f   choco:const.obj
 0001:0006ad23       ?choco_assignIndices_LargeCompositeConstraint@@YAHPAVLargeCompositeConstraint@@PAVAbstractConstraint@@H@Z 0046bd23 f   choco:const.obj
 0001:0006ae5a       ?choco_setConstraintIndex_AbstractConstraint@@YAXPAVAbstractConstraint@@HH@Z 0046be5a f   choco:const.obj
 0001:0006aebe       ?choco_setConstraintIndex_UnIntConstraint@@YAXPAVUnIntConstraint@@HH@Z 0046bebe f   choco:const.obj
 0001:0006af33       ?choco_setConstraintIndex_BinIntConstraint@@YAXPAVBinIntConstraint@@HH@Z 0046bf33 f   choco:const.obj
 0001:0006afba       ?choco_setConstraintIndex_TernIntConstraint@@YAXPAVTernIntConstraint@@HH@Z 0046bfba f   choco:const.obj
 0001:0006b054       ?choco_setConstraintIndex_LargeIntConstraint@@YAXPAVLargeIntConstraint@@HH@Z 0046c054 f   choco:const.obj
 0001:0006b0dc       ?choco_setConstraintIndex_BinCompositeConstraint@@YAXPAVBinCompositeConstraint@@HH@Z 0046c0dc f   choco:const.obj
 0001:0006b22c       ?choco_setConstraintIndex_LargeCompositeConstraint@@YAXPAVLargeCompositeConstraint@@HH@Z 0046c22c f   choco:const.obj
 0001:0006b462       ?choco_setConstraintIndex_Delayer@@YAXPAVDelayer@@HH@Z 0046c462 f   choco:const.obj
 0001:0006b56b       ?choco_getConstraintIdx_AbstractConstraint@@YAHPAVAbstractConstraint@@H@Z 0046c56b f   choco:const.obj
 0001:0006b5ce       ?choco_getConstraintIdx_UnIntConstraint@@YAHPAVUnIntConstraint@@H@Z 0046c5ce f   choco:const.obj
 0001:0006b654       ?choco_getConstraintIdx_BinIntConstraint@@YAHPAVBinIntConstraint@@H@Z 0046c654 f   choco:const.obj
 0001:0006b6ea       ?choco_getConstraintIdx_TernIntConstraint@@YAHPAVTernIntConstraint@@H@Z 0046c6ea f   choco:const.obj
 0001:0006b794       ?choco_getConstraintIdx_LargeIntConstraint@@YAHPAVLargeIntConstraint@@H@Z 0046c794 f   choco:const.obj
 0001:0006b82c       ?choco_getConstraintIdx_BinCompositeConstraint@@YAHPAVBinCompositeConstraint@@H@Z 0046c82c f   choco:const.obj
 0001:0006b9b1       ?choco_getConstraintIdx_LargeCompositeConstraint@@YAHPAVLargeCompositeConstraint@@H@Z 0046c9b1 f   choco:const.obj
 0001:0006bc04       ?choco_getConstraintIdx_Delayer@@YAHPAVDelayer@@H@Z 0046cc04 f   choco:const.obj
 0001:0006bd27       ?choco_getPriority_AbstractConstraint_choco@@YAHPAVAbstractConstraint@@@Z 0046cd27 f   choco:const.obj
 0001:0006bd31       ?choco_getPriority_Delayer_choco@@YAHPAVDelayer@@@Z 0046cd31 f   choco:const.obj
 0001:0006bd3c       ?choco_testIfCompletelyInstantiated_IntConstraint@@YAPAVClaireBoolean@@PAVIntConstraint@@@Z 0046cd3c f   choco:const.obj
 0001:0006bf04       ?choco_testIfCompletelyInstantiated_UnIntConstraint@@YAPAVClaireBoolean@@PAVUnIntConstraint@@@Z 0046cf04 f   choco:const.obj
 0001:0006c038       ?choco_testIfCompletelyInstantiated_BinIntConstraint@@YAPAVClaireBoolean@@PAVBinIntConstraint@@@Z 0046d038 f   choco:const.obj
 0001:0006c1f9       ?choco_testIfCompletelyInstantiated_TernIntConstraint@@YAPAVClaireBoolean@@PAVTernIntConstraint@@@Z 0046d1f9 f   choco:const.obj
 0001:0006c42c       ?choco_testIfCompletelyInstantiated_LargeIntConstraint@@YAPAVClaireBoolean@@PAVLargeIntConstraint@@@Z 0046d42c f   choco:const.obj
 0001:0006c5df       ?choco_testIfCompletelyInstantiated_BinCompositeConstraint@@YAPAVClaireBoolean@@PAVBinCompositeConstraint@@@Z 0046d5df f   choco:const.obj
 0001:0006c7a0       ?choco_testIfCompletelyInstantiated_LargeCompositeConstraint@@YAPAVClaireBoolean@@PAVLargeCompositeConstraint@@@Z 0046d7a0 f   choco:const.obj
 0001:0006ca5c       ?choco_getNbVars_AbstractConstraint@@YAHPAVAbstractConstraint@@@Z 0046da5c f   choco:const.obj
 0001:0006caba       ?choco_getNbVars_UnIntConstraint@@YAHPAVUnIntConstraint@@@Z 0046daba f   choco:const.obj
 0001:0006cac4       ?choco_getNbVars_BinIntConstraint@@YAHPAVBinIntConstraint@@@Z 0046dac4 f   choco:const.obj
 0001:0006cace       ?choco_getNbVars_TernIntConstraint@@YAHPAVTernIntConstraint@@@Z 0046dace f   choco:const.obj
 0001:0006cad8       ?choco_getNbVars_LargeIntConstraint@@YAHPAVLargeIntConstraint@@@Z 0046dad8 f   choco:const.obj
 0001:0006cae3       ?choco_getNbVars_LargeCompositeConstraint@@YAHPAVLargeCompositeConstraint@@@Z 0046dae3 f   choco:const.obj
 0001:0006cb27       ?choco_getNbVars_BinCompositeConstraint@@YAHPAVBinCompositeConstraint@@@Z 0046db27 f   choco:const.obj
 0001:0006cc4d       ?choco_getVar_AbstractConstraint_choco@@YAPAVAbstractVar@@PAVAbstractConstraint@@H@Z 0046dc4d f   choco:const.obj
 0001:0006cdce       ?choco_getVar_UnIntConstraint_choco@@YAPAVAbstractVar@@PAVUnIntConstraint@@H@Z 0046ddce f   choco:const.obj
 0001:0006ce3c       ?choco_getVar_BinIntConstraint_choco@@YAPAVAbstractVar@@PAVBinIntConstraint@@H@Z 0046de3c f   choco:const.obj
 0001:0006cecd       ?choco_getVar_TernIntConstraint_choco@@YAPAVAbstractVar@@PAVTernIntConstraint@@H@Z 0046decd f   choco:const.obj
 0001:0006cf72       ?choco_getVar_LargeIntConstraint_choco@@YAPAVAbstractVar@@PAVLargeIntConstraint@@H@Z 0046df72 f   choco:const.obj
 0001:0006d030       ?choco_getVar_LargeCompositeConstraint_choco@@YAPAVAbstractVar@@PAVLargeCompositeConstraint@@H@Z 0046e030 f   choco:const.obj
 0001:0006d2b7       ?choco_getVar_BinCompositeConstraint_choco@@YAPAVAbstractVar@@PAVBinCompositeConstraint@@H@Z 0046e2b7 f   choco:const.obj
 0001:0006d42e       ?choco_disconnect_AbstractConstraint_choco@@YAXPAVAbstractConstraint@@@Z 0046e42e f   choco:const.obj
 0001:0006d48a       ?choco_connect_AbstractConstraint_choco@@YAXPAVAbstractConstraint@@@Z 0046e48a f   choco:const.obj
 0001:0006d4e6       ?choco_opposite_AbstractConstraint@@YAPAVAbstractConstraint@@PAV1@@Z 0046e4e6 f   choco:const.obj
 0001:0006d545       ?choco_askIfEntailed_AbstractConstraint@@YAHPAVAbstractConstraint@@@Z 0046e545 f   choco:const.obj
 0001:0006d5b6       ?choco_propagate_Ephemeral@@YAXPAVEphemeral@@@Z 0046e5b6 f   choco:const.obj
 0001:0006d612       ?choco_awakeOnInf_AbstractConstraint@@YAXPAVAbstractConstraint@@H@Z 0046e612 f   choco:const.obj
 0001:0006d626       ?choco_awakeOnSup_AbstractConstraint@@YAXPAVAbstractConstraint@@H@Z 0046e626 f   choco:const.obj
 0001:0006d63a       ?choco_awakeOnInst_AbstractConstraint@@YAXPAVAbstractConstraint@@H@Z 0046e63a f   choco:const.obj
 0001:0006d64e       ?choco_awakeOnRem_AbstractConstraint@@YAXPAVAbstractConstraint@@HH@Z 0046e64e f   choco:const.obj
 0001:0006d662       ?choco_awakeOnVar_AbstractConstraint@@YAXPAVAbstractConstraint@@H@Z 0046e662 f   choco:const.obj
 0001:0006d676       ?choco_awake_AbstractConstraint_choco@@YAXPAVAbstractConstraint@@@Z 0046e676 f   choco:const.obj
 0001:0006d68a       ?choco_awakeOnKer_AbstractConstraint@@YAXPAVAbstractConstraint@@H@Z 0046e68a f   choco:const.obj
 0001:0006d69e       ?choco_awakeOnEnv_AbstractConstraint@@YAXPAVAbstractConstraint@@H@Z 0046e69e f   choco:const.obj
 0001:0006d6b2       ?choco_awakeOnInstSet_AbstractConstraint@@YAXPAVAbstractConstraint@@H@Z 0046e6b2 f   choco:const.obj
 0001:0006d6c6       ?choco_testIfSatisfied_AbstractConstraint@@YAPAVClaireBoolean@@PAVAbstractConstraint@@@Z 0046e6c6 f   choco:const.obj
 0001:0006d727       ?choco_testIfCompletelyInstantiated_AbstractConstraint@@YAPAVClaireBoolean@@PAVAbstractConstraint@@@Z 0046e727 f   choco:const.obj
 0001:0006d788       ?choco_propagate_UnIntConstraint@@YAXPAVUnIntConstraint@@@Z 0046e788 f   choco:const.obj
 0001:0006d7af       ?choco_propagate_BinIntConstraint@@YAXPAVBinIntConstraint@@@Z 0046e7af f   choco:const.obj
 0001:0006d7f8       ?choco_propagate_LargeIntConstraint@@YAXPAVLargeIntConstraint@@@Z 0046e7f8 f   choco:const.obj
 0001:0006d84b       ?choco_doAwake_AbstractConstraint@@YAXPAVAbstractConstraint@@@Z 0046e84b f   choco:const.obj
 0001:0006d86d       ?choco_doPropagate_AbstractConstraint@@YAXPAVAbstractConstraint@@@Z 0046e86d f   choco:const.obj
 0001:0006d881       ?choco_doAwakeOnInf_AbstractConstraint@@YAXPAVAbstractConstraint@@H@Z 0046e881 f   choco:const.obj
 0001:0006d899       ?choco_doAwakeOnSup_AbstractConstraint@@YAXPAVAbstractConstraint@@H@Z 0046e899 f   choco:const.obj
 0001:0006d8b1       ?choco_doAwakeOnInst_AbstractConstraint@@YAXPAVAbstractConstraint@@H@Z 0046e8b1 f   choco:const.obj
 0001:0006d8c9       ?choco_doAwakeOnKer_AbstractConstraint@@YAXPAVAbstractConstraint@@H@Z 0046e8c9 f   choco:const.obj
 0001:0006d8f0       ?choco_doAwakeOnEnv_AbstractConstraint@@YAXPAVAbstractConstraint@@H@Z 0046e8f0 f   choco:const.obj
 0001:0006d917       ?choco_doAwakeOnInstSet_AbstractConstraint@@YAXPAVAbstractConstraint@@H@Z 0046e917 f   choco:const.obj
 0001:0006d93e       ?choco_doAwakeOnRem_AbstractConstraint@@YAXPAVAbstractConstraint@@HH@Z 0046e93e f   choco:const.obj
 0001:0006d95a       ?choco_doAwakeOnVar_AbstractConstraint@@YAXPAVAbstractConstraint@@H@Z 0046e95a f   choco:const.obj
 0001:0006d972       ?choco_askIfTrue_AbstractConstraint@@YAHPAVAbstractConstraint@@@Z 0046e972 f   choco:const.obj
 0001:0006d986       ?choco_testIfTrue_AbstractConstraint@@YAPAVClaireBoolean@@PAVAbstractConstraint@@@Z 0046e986 f   choco:const.obj
 0001:0006d9b7       ?choco_testIfInstantiated_AbstractConstraint@@YAPAVClaireBoolean@@PAVAbstractConstraint@@@Z 0046e9b7 f   choco:const.obj
 0001:0006d9e8       ?choco_abstractIncInf_AbstractConstraint@@YAPAVClaireBoolean@@PAVAbstractConstraint@@H@Z 0046e9e8 f   choco:const.obj
 0001:0006d9f2       ?choco_abstractDecSup_AbstractConstraint@@YAPAVClaireBoolean@@PAVAbstractConstraint@@H@Z 0046e9f2 f   choco:const.obj
 0001:0006d9fc       ?choco_abstractInstantiate_AbstractConstraint@@YAPAVClaireBoolean@@PAVAbstractConstraint@@H@Z 0046e9fc f   choco:const.obj
 0001:0006da06       ?choco_abstractRemoveVal_AbstractConstraint@@YAPAVClaireBoolean@@PAVAbstractConstraint@@HH@Z 0046ea06 f   choco:const.obj
 0001:0006da10       ?choco_awakeOnInf_Delayer@@YAXPAVDelayer@@H@Z 0046ea10 f   choco:const.obj
 0001:0006db44       ?choco_awakeOnSup_Delayer@@YAXPAVDelayer@@H@Z 0046eb44 f   choco:const.obj
 0001:0006dc78       ?choco_awakeOnInst_Delayer@@YAXPAVDelayer@@H@Z 0046ec78 f   choco:const.obj
 0001:0006ddac       ?choco_awakeOnRem_Delayer@@YAXPAVDelayer@@HH@Z 0046edac f   choco:const.obj
 0001:0006dee3       ?choco_testIfSatisfied_Delayer@@YAPAVClaireBoolean@@PAVDelayer@@@Z 0046eee3 f   choco:const.obj
 0001:0006e017       ?choco_testIfCompletelyInstantiated_Delayer@@YAPAVClaireBoolean@@PAVDelayer@@@Z 0046f017 f   choco:const.obj
 0001:0006e14b       ?choco_getNbVars_Delayer@@YAHPAVDelayer@@@Z 0046f14b f   choco:const.obj
 0001:0006e269       ?choco_askIfEntailed_Delayer@@YAHPAVDelayer@@@Z 0046f269 f   choco:const.obj
 0001:0006e387       ?choco_propagate_Delayer@@YAXPAVDelayer@@@Z 0046f387 f   choco:const.obj
 0001:0006e496       ?choco_awake_Delayer_choco@@YAXPAVDelayer@@@Z 0046f496 f   choco:const.obj
 0001:0006e596       ?choco_getVar_Delayer_choco@@YAPAVAbstractVar@@PAVDelayer@@H@Z 0046f596 f   choco:const.obj
 0001:0006e6b2       ?choco_addIntVar_Problem@@YAXPAVProblem@@PAVIntVar@@@Z 0046f6b2 f   choco:const.obj
 0001:0006e7df       ?choco_connect_IntConstraint_choco@@YAXPAVIntConstraint@@@Z 0046f7df f   choco:const.obj
 0001:0006e98d       ?choco_connect_UnIntConstraint_choco@@YAXPAVUnIntConstraint@@@Z 0046f98d f   choco:const.obj
 0001:0006eabe       ?choco_connect_BinIntConstraint_choco@@YAXPAVBinIntConstraint@@@Z 0046fabe f   choco:const.obj
 0001:0006ec0d       ?choco_connect_TernIntConstraint_choco@@YAXPAVTernIntConstraint@@@Z 0046fc0d f   choco:const.obj
 0001:0006ed7a       ?choco_connect_LargeIntConstraint_choco@@YAXPAVLargeIntConstraint@@@Z 0046fd7a f   choco:const.obj
 0001:0006eee2       ?choco_connect_CompositeConstraint_choco@@YAXPAVCompositeConstraint@@@Z 0046fee2 f   choco:const.obj
 0001:0006f01d       ?choco_connect_Delayer_choco@@YAXPAVDelayer@@@Z 0047001d f   choco:const.obj
 0001:0006f177       ?choco_connectIntVar_AbstractConstraint1@@YAXPAVAbstractConstraint@@PAVIntVar@@H@Z 00470177 f   choco:const.obj
 0001:0006f1aa       ?choco_connectIntVar_AbstractConstraint2@@YAXPAVAbstractConstraint@@PAVIntVar@@HPAVClaireBoolean@@222@Z 004701aa f   choco:const.obj
 0001:0006f372       ?choco_connectIntVarEvents_IntVar_choco@@YAXPAVIntVar@@PAVClaireBoolean@@111@Z 00470372 f   choco:const.obj
 0001:0006f4d5       ?choco_connectEvent_VarEvent@@YAXPAVVarEvent@@HPAVClaireBoolean@@@Z 004704d5 f   choco:const.obj
 0001:0006f6c2       ?choco_disconnectIntVar_IntVar@@YAXPAVIntVar@@H@Z 004706c2 f   choco:const.obj
 0001:0006f703       ?choco_disconnectIntVarEvents_IntVar_choco@@YAXPAVIntVar@@HPAVClaireBoolean@@111@Z 00470703 f   choco:const.obj
 0001:0006f876       ?choco_disconnectEvent_VarEvent@@YAXPAVVarEvent@@H@Z 00470876 f   choco:const.obj
 0001:0006fb4b       ?choco_connectSetVar_AbstractConstraint1@@YAXPAVAbstractConstraint@@PAVSetVar@@H@Z 00470b4b f   choco:const.obj
 0001:0006fb78       ?choco_connectSetVar_AbstractConstraint2@@YAXPAVAbstractConstraint@@PAVSetVar@@HPAVClaireBoolean@@22@Z 00470b78 f   choco:const.obj
 0001:0006fd2e       ?choco_connectSetVarEvents_SetVar_choco@@YAXPAVSetVar@@PAVClaireBoolean@@11@Z 00470d2e f   choco:const.obj
 0001:0006fe6f       ?choco_disconnectSetVar_SetVar@@YAXPAVSetVar@@H@Z 00470e6f f   choco:const.obj
 0001:0006feaa       ?choco_disconnectSetVarEvents_SetVar_choco@@YAXPAVSetVar@@HPAVClaireBoolean@@11@Z 00470eaa f   choco:const.obj
 0001:0006fff7       ?choco_reconnectSetVar_SetVar@@YAXPAVSetVar@@H@Z 00470ff7 f   choco:const.obj
 0001:00070032       ?choco_reconnectSetVarEvents_SetVar_choco@@YAXPAVSetVar@@HPAVClaireBoolean@@11@Z 00471032 f   choco:const.obj
 0001:0007017f       ?choco_disconnect_UnIntConstraint_choco@@YAXPAVUnIntConstraint@@@Z 0047117f f   choco:const.obj
 0001:000702b2       ?choco_disconnect_BinIntConstraint_choco@@YAXPAVBinIntConstraint@@@Z 004712b2 f   choco:const.obj
 0001:00070402       ?choco_disconnect_TernIntConstraint_choco@@YAXPAVTernIntConstraint@@@Z 00471402 f   choco:const.obj
 0001:00070572       ?choco_disconnect_LargeIntConstraint_choco@@YAXPAVLargeIntConstraint@@@Z 00471572 f   choco:const.obj
 0001:000706e6       ?choco_disconnect_Delayer_choco@@YAXPAVDelayer@@@Z 004716e6 f   choco:const.obj
 0001:00070818       ?choco_reconnect_UnIntConstraint_choco@@YAXPAVUnIntConstraint@@@Z 00471818 f   choco:const.obj
[...]
 0003:0002581c       ??_C@_04GBFI@_inf?$AA@     0062f81c     Kernel:Clport.obj
 0003:00025824       ??_C@_02EPOC@_I?$AA@       0062f824     Kernel:Clport.obj
 0003:00025828       ??_C@_04DGGD@_ask?$AA@     0062f828     Kernel:Clport.obj
 0003:00025830       ??_C@_05GCKN@_star?$AA@    0062f830     Kernel:Clport.obj
 0003:00025838       ??_C@_02BJCL@_Z?$AA@       0062f838     Kernel:Clport.obj
 0003:0002583c       ??_C@_05CGBA@_plus?$AA@    0062f83c     Kernel:Clport.obj
 0003:00025844       ??_C@_05BJAO@_dash?$AA@    0062f844     Kernel:Clport.obj
 0003:0002584c       ??_C@_04KEMD@_and?$AA@     0062f84c     Kernel:Clport.obj
 0003:00025854       ??_C@_0L@LJCJ@_backslash?$AA@ 0062f854     Kernel:Clport.obj
 0003:00025860       ??_C@_02LKHI@_7?$AA@       0062f860     Kernel:Clport.obj
 0003:00025864       ??_C@_04BFF@_dot?$AA@      0062f864     Kernel:Clport.obj
 0003:0002586c       ??_C@_05CKH@ms?4?5?6?$AA@  0062f86c     Kernel:Clport.obj
 0003:00025874       ??_C@_0BB@NFFF@?$FN?5Elapsed?5time?3?5?$AA@ 0062f874     Kernel:Clport.obj
 0003:00025888       ??_C@_08OMEM@Counter?$FL?$AA@ 0062f888     Kernel:Clport.obj
 0003:00025898       ?CKernelRelease@@3NA       0062f898     Kernel:Clenv.obj
 0003:000258a0       ??_C@_0P@GBCA@System?5Error?3?5?$AA@ 0062f8a0     Kernel:Clenv.obj
 0003:000258b0       ??_C@_07FELA@?5?$FLline?5?$AA@ 0062f8b0     Kernel:Clenv.obj
 0003:000258b8       ??_C@_0BN@BEGA@Assertion?5violation?5in?5file?5?$AA@ 0062f8b8     Kernel:Clenv.obj
 0003:000258d8       ??_C@_0CK@JDPK@Aha?5?$CB?5?$FOC?5was?5entered?5on?5a?5PC?5?4?4?4@ 0062f8d8     Kernel:Clenv.obj
 0003:00025904       ??_C@_0DA@BAAD@?6An?5error?5has?5occured?5in?5the?5com@ 0062f904     Kernel:Clenv.obj
 0003:00025934       ??_C@_0CK@JLGA@increasing?5memory?5size?5by?52?$FO?$CFd?5a@ 0062f934     Console:clConsole.obj
 0003:00025960       ??_C@_02INOP@?9s?$AA@      0062f960     Console:clConsole.obj
 0003:00025964       ??_C@_0DK@KICL@There?5is?5not?5enough?5memory?5for?5C@ 0062f964     Console:clConsole.obj
 0003:000259a0       ??_C@_08JOEH@?0?5line?3?5?$AA@ 0062f9a0     Console:clConsole.obj
 0003:000259ac       ??_C@_0M@PJAG@?9?9?9?9?5file?3?5?$AA@ 0062f9ac     Console:clConsole.obj
 0003:000259b8       ??_C@_03BIJ@?$FN?$DO?5?$AA@ 0062f9b8     Console:clConsole.obj
 0003:000259bc       ??_C@_05PLJF@eval?$FL?$AA@ 0062f9bc     Console:clConsole.obj
 0003:000259c4       ??_C@_02CPLA@?$DO?5?$AA@   0062f9c4     Console:clConsole.obj
 0003:000259c8       ??_C@_0CO@MOBO@?$DO?$DO?$DO?$DO?$DO?$DO?$DO?$DO?$DO?$DO?$DO?$DO?$DO?$DO?5please?5fix?5the?5in@ 0062f9c8     Console:clConsole.obj
 0003:000259f8       ??_C@_0CA@IELM@d?3?2claire?2v2?49?2src?2make?2init?4cl?$AA@ 0062f9f8     Console:clConsole.obj
 0003:00025a18       ??_C@_0CL@PFHB@?9?9?9?9?9?9?9?9?9?9?9?9?9?9?9?5Debug?5?9?9?9?9?9?9?9?9?9?9@ 0062fa18     Console:clConsole.obj
 0003:00025a44       ??_C@_02CEFE@?9f?$AA@      0062fa44     Console:clConsole.obj
 0003:00025a48       ??_C@_0L@MAIF@?$CFs?$FL?$CFd?3?$CFd?$FN?$CI?$AA@ 0062fa48     Console:clConsole.obj
 0003:00025a54       ??_C@_07NPDM@?$DM?$CFs?3?$CFd?$DO?$AA@ 0062fa54     Console:clConsole.obj
 0003:00025a5c       ??_C@_07BKHE@method?$DM?$AA@ 0062fa5c     Console:clConsole.obj
 0003:00025a64       ??_C@_05NPA@slot?$DM?$AA@  0062fa64     Console:clConsole.obj
 0003:00025a6c       ??_C@_04ELGI@?8?$CFc?8?$AA@ 0062fa6c     Console:clConsole.obj
 0003:00025a74       ??_C@_06GNAI@CFALSE?$AA@   0062fa74     Console:clConsole.obj
 0003:00025a7c       ??_C@_05FEDN@CTRUE?$AA@    0062fa7c     Console:clConsole.obj
 0003:00025a84       ??_C@_03MEAP@?8?$CFs?$AA@  0062fa84     Console:clConsole.obj
 0003:00025a88       ??_C@_06HLEI@?$EA?$CFd?6?0?5?$AA@ 0062fa88     Console:clConsole.obj
 0003:00025a90       ??_C@_05CLBC@EMPTY?$AA@    0062fa90     Console:clConsole.obj
 0003:00025a98       ??_C@_0O@PCKO@Chunk?$FL?$CFd?3?$CFd?$FN?$CI?$AA@ 0062fa98     Console:clConsole.obj
 0003:00025aa8       ??_C@_07DBHD@NOTHING?$AA@  0062faa8     Console:clConsole.obj
 0003:00025ab0       ??_C@_05OIDB@CNULL?$AA@    0062fab0     Console:clConsole.obj
 0003:00025ab8       ??_C@_04HPGM@?$CFs?3?5?$AA@ 0062fab8     Console:clConsole.obj
 0003:00025ac0       __aexit_rtn                0062fac0     LIBC:crt0.obj
 0003:00025ac4       ___app_type                0062fac4     LIBC:crt0.obj
 0003:00025ad0       __fltused                  0062fad0     LIBC:fpinit.obj
 0003:00025ad4       __ldused                   0062fad4     LIBC:fpinit.obj
 0003:00025ad8       __FPinit                   0062fad8     LIBC:fpinit.obj
 0003:00025adc       __FPmtinit                 0062fadc     LIBC:fpinit.obj
 0003:00025ae0       __FPmtterm                 0062fae0     LIBC:fpinit.obj
 0003:00025af0       __half                     0062faf0     LIBC:pow.obj
 0003:00025b08       __iob                      0062fb08     LIBC:_file.obj
 0003:00025d88       __XcptActTab               0062fd88     LIBC:winxfltr.obj
 0003:00025e00       __First_FPE_Indx           0062fe00     LIBC:winxfltr.obj
 0003:00025e04       __Num_FPE                  0062fe04     LIBC:winxfltr.obj
 0003:00025e08       __XcptActTabCount          0062fe08     LIBC:winxfltr.obj
 0003:00025e0c       __fpecode                  0062fe0c     LIBC:winxfltr.obj
 0003:00025e10       ___badioinfo               0062fe10     LIBC:ioinit.obj
 0003:00025e18       __amblksiz                 0062fe18     LIBC:heapinit.obj
 0003:00025e1c       __NLG_Destination          0062fe1c     LIBC:exsup.obj
 0003:00025ec0       __cfltcvt_tab              0062fec0     LIBC:cmiscdat.obj
 0003:00025ee0       __infinity                 0062fee0     LIBC:87tran.obj
 0003:00025eea       __minfinity                0062feea     LIBC:87tran.obj
 0003:00025ef4       __logemax                  0062fef4     LIBC:87tran.obj
 0003:00025f24       __OP_EXPjmptab             0062ff24     LIBC:87tran.obj
 0003:00025f50       __indefinite               0062ff50     LIBC:87disp.obj
 0003:00025f5a       __piby2                    0062ff5a     LIBC:87disp.obj
 0003:00025f6c       __cpower                   0062ff6c     LIBC:87disp.obj
 0003:00025f80       __pctype                   0062ff80     LIBC:ctype.obj
 0003:00025f84       __pwctype                  0062ff84     LIBC:ctype.obj
 0003:00025f88       __ctype                    0062ff88     LIBC:ctype.obj
 0003:0002618c       ___mb_cur_max              0063018c     LIBC:nlsdata1.obj
 0003:00026190       ___decimal_point           00630190     LIBC:nlsdata1.obj
 0003:00026194       ___decimal_point_length    00630194     LIBC:nlsdata1.obj
 0003:00026198       __timezone                 00630198     LIBC:timeset.obj
 0003:0002619c       __daylight                 0063019c     LIBC:timeset.obj
 0003:000261a0       __dstbias                  006301a0     LIBC:timeset.obj
 0003:00026224       __tzname                   00630224     LIBC:timeset.obj
 0003:0002624c       ___nullstring              0063024c     LIBC:output.obj
 0003:00026250       ___wnullstring             00630250     LIBC:output.obj
 0003:00026330       __d_inf                    00630330     LIBC:util.obj
 0003:00026338       __d_ind                    00630338     LIBC:util.obj
 0003:00026340       __d_max                    00630340     LIBC:util.obj
 0003:00026348       __d_min                    00630348     LIBC:util.obj
 0003:00026350       __d_mzero                  00630350     LIBC:util.obj
 0003:00026390       ___sbh_threshold           00630390     LIBC:sbheap.obj
 0003:00026630       __lpdays                   00630630     LIBC:days.obj
 0003:00026664       __days                     00630664     LIBC:days.obj
 0003:000266a0       __matherr_flag             006306a0     LIBC:matherr.obj
 0003:00026818       __p_overlay                00630818     LIBC:dospawn.obj
 0003:00026820       __pow10pos                 00630820     LIBC:constpow.obj
 0003:00026980       __pow10neg                 00630980     LIBC:constpow.obj
 0003:0002e510       ?Core@@3VCoreClass@@A      00638510     Core:Core.obj
 0003:0002e818       ??_C@_00A@?$AA@            00638818     Core:function.obj
 0003:0002e820       ?Language@@3VLanguageClass@@A 00638820     Language:Language.obj
 0003:0002ea6c       ?iClaire@@3VNameSpace@@A   00638a6c     Language:Language.obj
 0003:0002ea70       ?Reader@@3VReaderClass@@A  00638a70     Reader:Reader.obj
 0003:0002ed28       ?choco@@3VchocoClass@@A    00638d28     choco:choco.obj
 0003:0002fa90       ?ice@@3ViceClass@@A        00639a90     ice:ice.obj
 0003:0002fca0       ?palm@@3VpalmClass@@A      00639ca0     palm:palm.obj
 0003:000307a8       ?mClaire@@3VNameSpace@@A   0063a7a8     Kernel:Kernel.obj
 0003:000307ac       ?claire@@3VNameSpace@@A    0063a7ac     Kernel:Kernel.obj
 0003:000307b0       ?Kernel@@3VKernelClass@@A  0063a7b0     Kernel:Kernel.obj
 0003:00030af0       ?ClEnv@@3PAVClaireEnvironment@@A 0063aaf0     Kernel:Kernel.obj
 0003:00030af4       ?CNULL@@3HA                0063aaf4     Kernel:Kernel.obj
 0003:00030af8       ?ClRes@@3PAVClaireResource@@A 0063aaf8     Kernel:Kernel.obj
 0003:00030afc       ?CFALSE@@3PAVClaireBoolean@@A 0063aafc     Kernel:Kernel.obj
 0003:00030b00       ?ClAlloc@@3PAVClaireAllocation@@A 0063ab00     Kernel:Clalloc.OBJ
 0003:00030b04       ?CL_dummy@@3PAHA           0063ab04     Kernel:Clalloc.OBJ
 0003:00030b08       ?Cmemory@@3PAHA            0063ab08     Kernel:Clalloc.OBJ
 0003:00030b0c       ?BadGuy@@3HA               0063ab0c     Kernel:Clalloc.OBJ
 0003:00030b10       ?maxIndex@@3HA             0063ab10     Kernel:Clalloc.OBJ
 0003:00030b14       ?MyMark@@3PAVCPFile@@A     0063ab14     Kernel:Clport.obj
 0003:00030b7c       ?store_d@@3HA              0063ab7c     Console:clConsole.obj
 0003:00030b80       ?store_i@@3HA              0063ab80     Console:clConsole.obj
 0003:00030b84       ?store_b@@3HA              0063ab84     Console:clConsole.obj
 0003:00030b88       ?STACK@@3PAVlist@@A        0063ab88     Console:clConsole.obj
 0003:00030b8c       ?NBEVAL@@3HA               0063ab8c     Console:clConsole.obj
 0003:00030b90       ?MODE@@3HA                 0063ab90     Console:clConsole.obj
 0003:00030b94       __aenvptr                  0063ab94     LIBC:crt0.obj
 0003:00030b98       __wenvptr                  0063ab98     LIBC:crt0.obj
 0003:00030b9c       ___error_mode              0063ab9c     LIBC:crt0.obj
 0003:00030ba0       ___fastflag                0063aba0     LIBC:fpinit.obj
 0003:00030ba4       __adjust_fdiv              0063aba4     LIBC:fpinit.obj
 0003:00030bfc       _errno                     0063abfc     LIBC:crt0dat.obj
 0003:00030c00       __doserrno                 0063ac00     LIBC:crt0dat.obj
 0003:00030c04       __umaskval                 0063ac04     LIBC:crt0dat.obj
 0003:00030c08       __osver                    0063ac08     LIBC:crt0dat.obj
 0003:00030c0c       __winver                   0063ac0c     LIBC:crt0dat.obj
 0003:00030c10       __winmajor                 0063ac10     LIBC:crt0dat.obj
 0003:00030c14       __winminor                 0063ac14     LIBC:crt0dat.obj
 0003:00030c18       ___argc                    0063ac18     LIBC:crt0dat.obj
 0003:00030c1c       ___argv                    0063ac1c     LIBC:crt0dat.obj
 0003:00030c20       ___wargv                   0063ac20     LIBC:crt0dat.obj
 0003:00030c24       __environ                  0063ac24     LIBC:crt0dat.obj
 0003:00030c28       ___initenv                 0063ac28     LIBC:crt0dat.obj
 0003:00030c2c       __wenviron                 0063ac2c     LIBC:crt0dat.obj
 0003:00030c30       ___winitenv                0063ac30     LIBC:crt0dat.obj
 0003:00030c34       __pgmptr                   0063ac34     LIBC:crt0dat.obj
 0003:00030c38       __wpgmptr                  0063ac38     LIBC:crt0dat.obj
 0003:00030c3c       __exitflag                 0063ac3c     LIBC:crt0dat.obj
 0003:00030c40       __C_Termination_Done       0063ac40     LIBC:crt0dat.obj
 0003:00030c44       __C_Exit_Done              0063ac44     LIBC:crt0dat.obj
 0003:00030c48       __cflush                   0063ac48     LIBC:_file.obj
 0003:00030c4c       __pxcptinfoptrs            0063ac4c     LIBC:winxfltr.obj
 0003:00030d58       __adbgmsg                  0063ad58     LIBC:crt0msg.obj
 0003:00030e54       __stdbuf                   0063ae54     LIBC:_sftbuf.obj
 0003:00030e5c       __newmode                  0063ae5c     LIBC:_newmode.obj
 0003:00030e60       ?_pnhHeap@@3P6AHI@ZA       0063ae60     LIBC:handler.obj
 0003:00030eac       ___lc_handle               0063aeac     LIBC:nlsdata2.obj
 0003:00030ec4       ___lc_codepage             0063aec4     LIBC:nlsdata2.obj
 0003:00030ec8       ___lc_collate_cp           0063aec8     LIBC:nlsdata2.obj
 0003:00030ed4       __commode                  0063aed4     LIBC:ncommode.obj
 0003:00030ed8       __fmode                    0063aed8     LIBC:txtmode.obj
 0003:00030edc       ___mbcodepage              0063aedc     <common>
 0003:00030f60       ___mbulinfo                0063af60     <common>
 0003:00030f6c       ___ismbcodepage            0063af6c     <common>
 0003:00030f80       __mbcasemap                0063af80     <common>
 0003:00031080       __mbctype                  0063b080     <common>
 0003:00031184       ___mblcid                  0063b184     <common>
 0003:00031188       ___sbh_sizeHeaderList      0063b188     <common>
 0003:00031198       ___sbh_indGroupDefer       0063b198     <common>
 0003:0003119c       ___sbh_pHeaderScan         0063b19c     <common>
 0003:000311a0       ___sbh_pHeaderDefer        0063b1a0     <common>
 0003:000311a4       ___sbh_cntHeaderList       0063b1a4     <common>
 0003:000311a8       ___sbh_pHeaderList         0063b1a8     <common>
 0003:000311ac       __crtheap                  0063b1ac     <common>
 0003:000311c0       ___pioinfo                 0063b1c0     <common>
 0003:000312fc       __nhandle                  0063b2fc     <common>
 0003:00031300       ___piob                    0063b300     <common>
 0003:00031640       __bufin                    0063b640     <common>
 0003:00032640       __nstream                  0063c640     <common>
 0003:00032644       ___env_initialized         0063c644     <common>
 0003:00032654       ___mbctype_initialized     0063c654     <common>
 0003:00032658       ___onexitend               0063c658     <common>
 0003:0003265c       ___onexitbegin             0063c65c     <common>
 0003:00032660       __setjmpexused             0063c660     <common>
 0003:0003266c       __acmdln                   0063c66c     <common>
 0004:00000000       __IMPORT_DESCRIPTOR_KERNEL32 0063d000     kernel32:KERNEL32.dll
 0004:00000014       __NULL_IMPORT_DESCRIPTOR   0063d014     kernel32:KERNEL32.dll
 0004:00000168       __imp__GetProcAddress@8    0063d168     kernel32:KERNEL32.dll
 0004:0000016c       __imp__GetVersion@0        0063d16c     kernel32:KERNEL32.dll
 0004:00000170       __imp__ExitProcess@4       0063d170     kernel32:KERNEL32.dll
 0004:00000174       __imp__GetTimeZoneInformation@4 0063d174     kernel32:KERNEL32.dll
 0004:00000178       __imp__GetSystemTime@4     0063d178     kernel32:KERNEL32.dll
 0004:0000017c       __imp__GetLocalTime@4      0063d17c     kernel32:KERNEL32.dll
 0004:00000180       __imp__GetSystemTimeAsFileTime@4 0063d180     kernel32:KERNEL32.dll
 0004:00000184       __imp__GetLastError@0      0063d184     kernel32:KERNEL32.dll
 0004:00000188       __imp__SetConsoleCtrlHandler@8 0063d188     kernel32:KERNEL32.dll
 0004:0000018c       __imp__TerminateProcess@8  0063d18c     kernel32:KERNEL32.dll
 0004:00000190       __imp__GetCurrentProcess@0 0063d190     kernel32:KERNEL32.dll
 0004:00000194       __imp__HeapAlloc@12        0063d194     kernel32:KERNEL32.dll
 0004:00000198       __imp__UnhandledExceptionFilter@4 0063d198     kernel32:KERNEL32.dll
 0004:0000019c       __imp__GetModuleFileNameA@12 0063d19c     kernel32:KERNEL32.dll
 0004:000001a0       __imp__FreeEnvironmentStringsA@4 0063d1a0     kernel32:KERNEL32.dll
 0004:000001a4       __imp__FreeEnvironmentStringsW@4 0063d1a4     kernel32:KERNEL32.dll
 0004:000001a8       __imp__WideCharToMultiByte@32 0063d1a8     kernel32:KERNEL32.dll
 0004:000001ac       __imp__GetEnvironmentStrings@0 0063d1ac     kernel32:KERNEL32.dll
 0004:000001b0       __imp__GetEnvironmentStringsW@0 0063d1b0     kernel32:KERNEL32.dll
 0004:000001b4       __imp__SetHandleCount@4    0063d1b4     kernel32:KERNEL32.dll
 0004:000001b8       __imp__GetStdHandle@4      0063d1b8     kernel32:KERNEL32.dll
 0004:000001bc       __imp__GetFileType@4       0063d1bc     kernel32:KERNEL32.dll
 0004:000001c0       __imp__GetStartupInfoA@4   0063d1c0     kernel32:KERNEL32.dll
 0004:000001c4       __imp__HeapDestroy@4       0063d1c4     kernel32:KERNEL32.dll
 0004:000001c8       __imp__HeapCreate@12       0063d1c8     kernel32:KERNEL32.dll
 0004:000001cc       __imp__VirtualFree@12      0063d1cc     kernel32:KERNEL32.dll
 0004:000001d0       __imp__HeapFree@12         0063d1d0     kernel32:KERNEL32.dll
 0004:000001d4       __imp__RtlUnwind@16        0063d1d4     kernel32:KERNEL32.dll
 0004:000001d8       __imp__WriteFile@20        0063d1d8     kernel32:KERNEL32.dll
 0004:000001dc       __imp__GetCommandLineA@0   0063d1dc     kernel32:KERNEL32.dll
 0004:000001e0       __imp__GetModuleHandleA@4  0063d1e0     kernel32:KERNEL32.dll
 0004:000001e4       __imp__RaiseException@16   0063d1e4     kernel32:KERNEL32.dll
 0004:000001e8       __imp__ReadFile@20         0063d1e8     kernel32:KERNEL32.dll
 0004:000001ec       __imp__SetFilePointer@16   0063d1ec     kernel32:KERNEL32.dll
 0004:000001f0       __imp__FlushFileBuffers@4  0063d1f0     kernel32:KERNEL32.dll
 0004:000001f4       __imp__CloseHandle@4       0063d1f4     kernel32:KERNEL32.dll
 0004:000001f8       __imp__GetFileAttributesA@4 0063d1f8     kernel32:KERNEL32.dll
 0004:000001fc       __imp__VirtualAlloc@16     0063d1fc     kernel32:KERNEL32.dll
 0004:00000200       __imp__HeapReAlloc@16      0063d200     kernel32:KERNEL32.dll
 0004:00000204       __imp__IsBadWritePtr@8     0063d204     kernel32:KERNEL32.dll
 0004:00000208       __imp__GetCPInfo@8         0063d208     kernel32:KERNEL32.dll
 0004:0000020c       __imp__GetACP@0            0063d20c     kernel32:KERNEL32.dll
 0004:00000210       __imp__GetOEMCP@0          0063d210     kernel32:KERNEL32.dll
 0004:00000214       __imp__LoadLibraryA@4      0063d214     kernel32:KERNEL32.dll
 0004:00000218       __imp__MultiByteToWideChar@24 0063d218     kernel32:KERNEL32.dll
 0004:0000021c       __imp__LCMapStringA@24     0063d21c     kernel32:KERNEL32.dll
 0004:00000220       __imp__LCMapStringW@24     0063d220     kernel32:KERNEL32.dll
 0004:00000224       __imp__GetStringTypeA@20   0063d224     kernel32:KERNEL32.dll
 0004:00000228       __imp__GetStringTypeW@16   0063d228     kernel32:KERNEL32.dll
 0004:0000022c       __imp__CompareStringA@24   0063d22c     kernel32:KERNEL32.dll
 0004:00000230       __imp__CompareStringW@24   0063d230     kernel32:KERNEL32.dll
 0004:00000234       __imp__SetEnvironmentVariableA@8 0063d234     kernel32:KERNEL32.dll
 0004:00000238       __imp__SetStdHandle@8      0063d238     kernel32:KERNEL32.dll
 0004:0000023c       __imp__CreateFileA@28      0063d23c     kernel32:KERNEL32.dll
 0004:00000240       __imp__GetExitCodeProcess@8 0063d240     kernel32:KERNEL32.dll
 0004:00000244       __imp__WaitForSingleObject@8 0063d244     kernel32:KERNEL32.dll
 0004:00000248       __imp__CreateProcessA@40   0063d248     kernel32:KERNEL32.dll
 0004:0000024c       __imp__SetEndOfFile@4      0063d24c     kernel32:KERNEL32.dll
 0004:00000250       \177KERNEL32_NULL_THUNK_DATA 0063d250     kernel32:KERNEL32.dll

 entry point at        0001:00191f70

