 cclaire

 Timestamp is 3e4bfaea (Thu Feb 13 21:07:06 2003)

 Preferred load address is 00400000

 Start         Length     Name                   Class
 0001:00000000 000de03bH .text                   CODE
 0002:00000000 000008e8H .rdata                  DATA
 0002:000008e8 00000000H .edata                  DATA
 0003:00000000 00000104H .CRT$XCA                DATA
 0003:00000104 00000104H .CRT$XCZ                DATA
 0003:00000208 00000104H .CRT$XIA                DATA
 0003:0000030c 0000010eH .CRT$XIC                DATA
 0003:0000041c 00000104H .CRT$XIZ                DATA
 0003:00000520 00000104H .CRT$XPA                DATA
 0003:00000624 00000104H .CRT$XPX                DATA
 0003:00000728 00000104H .CRT$XPZ                DATA
 0003:0000082c 00000104H .CRT$XTA                DATA
 0003:00000930 00000104H .CRT$XTZ                DATA
 0003:00000a40 0001222cH .data                   DATA
 0003:00012c70 00002ca8H .bss                    DATA
 0004:00000000 00000014H .idata$2                DATA
 0004:00000014 00000014H .idata$3                DATA
 0004:00000028 00000140H .idata$4                DATA
 0004:00000168 00000140H .idata$5                DATA
 0004:000002a8 00000585H .idata$6                DATA

  Address         Publics by Value              Rva+Base     Lib:Object

 0001:00000090       ?loadModules@@YAXXZ        00401090 f   cclaire-s.obj
 0001:00000582       ?call_main@@YAXXZ          00401582 f   cclaire-s.obj
 0001:000006e0       ?external_I_module@@YAPADPAVmodule@@@Z 004016e0 f   ccmain.obj
 0001:00000719       ?string2module_string@@YAPAVmodule@@PAD@Z 00401719 f   ccmain.obj
 0001:00000854       ?printHelp_void@@YAXXZ     00401854 f   ccmain.obj
 0001:0000096c       ?main_list@@YAXPAVlist@@@Z 0040196c f   ccmain.obj
 0001:00002103       ?function_compile_string@@YAXPAD0@Z 00403103 f   ccmain.obj
 0001:000024db       ?lib_I_any@@YAXHPAVlist@@@Z 004034db f   ccmain.obj
 0001:00002983       ?files_I_any@@YAXHPAVClaireBoolean@@PAD@Z 00403983 f   ccmain.obj
 0001:00002dff       ?cmakefile_any@@YAXHPAD@Z  00403dff f   ccmain.obj
 0001:00003238       ?create_makefile_nt_any@@YAXHPADPAVlist@@@Z 00404238 f   ccmain.obj
 0001:00003bdd       ?create_makefile_unix_any@@YAXHPADPAVlist@@@Z 00404bdd f   ccmain.obj
 0001:00005340       ??Abag@@QAEAAHH@Z          00406340 f i ccmain.obj
 0001:00005360       ?metaLoad@CoreClass@@QAEXXZ 00406360 f   Core:Core.obj
 0001:0000c640       ?release_void@@YAHXZ       0040d640 f   Core:object.obj
 0001:0000c680       ?about_void@@YAHXZ         0040d680 f   Core:object.obj
 0001:0000c7f0       ?get_args_integer@@YAPAVlist@@H@Z 0040d7f0 f   Core:object.obj
 0001:0000c8a0       ?funcall_method1@@YAHPAVmethod@@H@Z 0040d8a0 f   Core:object.obj
 0001:0000c8e0       ?funcall_method2@@YAHPAVmethod@@HH@Z 0040d8e0 f   Core:object.obj
 0001:0000c940       ?funcall_method3@@YAHPAVmethod@@HHH@Z 0040d940 f   Core:object.obj
 0001:0000c9d0       ?apply_function@@YAHPAVClaireFunction@@PAVlist@@1@Z 0040d9d0 f   Core:object.obj
 0001:0000ca40       ?call_property@@YAHPAVproperty@@PAVlistargs@@@Z 0040da40 f   Core:object.obj
 0001:0000ca60       ?apply_property@@YAHPAVproperty@@PAVlist@@@Z 0040da60 f   Core:object.obj
 0001:0000cb10       ?apply_method@@YAHPAVmethod@@PAVlist@@@Z 0040db10 f   Core:object.obj
 0001:0000cb80       ?push_debug_property@@YAXPAVproperty@@HH@Z 0040db80 f   Core:object.obj
 0001:0000d1c0       ?pop_debug_property@@YAXPAVproperty@@HH@Z 0040e1c0 f   Core:object.obj
 0001:0000d3d0       ?tr_indent_boolean@@YAXPAVClaireBoolean@@H@Z 0040e3d0 f   Core:object.obj
 0001:0000d460       ?identified_ask_class@@YAPAVClaireBoolean@@PAVClaireClass@@@Z 0040e460 f   Core:object.obj
 0001:0000d4f0       ?identical_ask_any@@YAPAVClaireBoolean@@HH@Z 0040e4f0 f   Core:object.obj
 0001:0000d510       ?put_property2@@YAHPAVproperty@@PAVClaireObject@@H@Z 0040e510 f   Core:object.obj
 0001:0000d660       ?add_value_property3@@YAXPAVproperty@@PAVClaireObject@@H@Z 0040e660 f   Core:object.obj
 0001:0000d860       ?nth_table1@@YAHPAVtable@@H@Z 0040e860 f   Core:object.obj
 0001:0000dab0       ?nth_table1_type@@YAPAVClaireType@@PAV1@0@Z 0040eab0 f   Core:object.obj
 0001:0000db80       ?get_table@@YAHPAVtable@@H@Z 0040eb80 f   Core:object.obj
 0001:0000dbd0       ?get_table_type@@YAPAVClaireType@@PAV1@0@Z 0040ebd0 f   Core:object.obj
 0001:0000dcd0       ?nth_equal_table1@@YAXPAVtable@@HH@Z 0040ecd0 f   Core:object.obj
 0001:0000ddd0       ?nth_put_table@@YAXPAVtable@@HH@Z 0040edd0 f   Core:object.obj
 0001:0000e0f0       ?put_table@@YAXPAVtable@@HH@Z 0040f0f0 f   Core:object.obj
 0001:0000e270       ?add_table@@YAXPAVtable@@HH@Z 0040f270 f   Core:object.obj
 0001:0000e380       ?add_I_table@@YAXPAVtable@@HH@Z 0040f380 f   Core:object.obj
 0001:0000e400       ?add_value_array@@YAPAVClaireBoolean@@PAVtable@@HPAVbag@@H@Z 0040f400 f   Core:object.obj
 0001:0000e590       ?add_value_table3@@YAXPAVtable@@HH@Z 0040f590 f   Core:object.obj
 0001:0000e5d0       ?delete_table@@YAHPAVtable@@HH@Z 0040f5d0 f   Core:object.obj
 0001:0000e680       ?nth_table2@@YAHPAVtable@@HH@Z 0040f680 f   Core:object.obj
 0001:0000e870       ?nth_table2_type@@YAPAVClaireType@@PAV1@00@Z 0040f870 f   Core:object.obj
 0001:0000e940       ?nth_equal_table2@@YAXPAVtable@@HHH@Z 0040f940 f   Core:object.obj
 0001:0000eb80       ?get_index_table1@@YAHPAVtable@@H@Z 0040fb80 f   Core:object.obj
 0001:0000eca0       ?get_index_table2@@YAHPAVtable@@HH@Z 0040fca0 f   Core:object.obj
 0001:0000ecd0       ?erase_table@@YAHPAVtable@@@Z 0040fcd0 f   Core:object.obj
 0001:0000efa0       ?make_table_type@@YAPAVtable@@PAVClaireType@@0H@Z 0040ffa0 f   Core:object.obj
 0001:0000f000       ?funcall_lambda1@@YAHPAVlambda@@H@Z 00410000 f   Core:object.obj
 0001:0000f120       ?funcall_lambda2@@YAHPAVlambda@@HH@Z 00410120 f   Core:object.obj
 0001:0000f260       ?funcall_lambda3@@YAHPAVlambda@@HHH@Z 00410260 f   Core:object.obj
 0001:0000f3c0       ?check_inverse_any@@YAXHH@Z 004103c0 f   Core:object.obj
 0001:0000f590       ?invert_relation@@YAPAVbag@@PAVClaireRelation@@H@Z 00410590 f   Core:object.obj
 0001:0000fb60       ?domain_I_restriction@@YAPAVClaireClass@@PAVrestriction@@@Z 00410b60 f   Core:object.obj
 0001:0000fb90       ?methods_class@@YAPAVset@@PAVClaireClass@@0@Z 00410b90 f   Core:object.obj
 0001:0000fce0       ?reify_listargs@@YAHPAVlistargs@@@Z 00410ce0 f   Core:object.obj
 0001:0000fdc0       ?self_print_general_error_Core@@YAXPAVgeneral_error@@@Z 00410dc0 f   Core:object.obj
 0001:0000fea0       ?self_print_read_slot_error_Core@@YAXPAVread_slot_error@@@Z 00410ea0 f   Core:object.obj
 0001:0000ff70       ?self_print_range_error_Core@@YAXPAVrange_error@@@Z 00410f70 f   Core:object.obj
 0001:00010060       ?self_print_selector_error_Core@@YAXPAVselector_error@@@Z 00411060 f   Core:object.obj
 0001:00010190       ?self_print_return_error_Core@@YAXPAVreturn_error@@@Z 00411190 f   Core:object.obj
 0001:000101a0       ?self_print_system_error_Core@@YAXPAVsystem_error@@@Z 004111a0 f   Core:object.obj
 0001:000104a0       ?self_print_contradiction_Core@@YAXPAVcontradiction@@@Z 004114a0 f   Core:object.obj
 0001:000104b0       ?format_string@@YAXPADPAVlist@@@Z 004114b0 f   Core:object.obj
 0001:00010660       ?tformat_string@@YAHPADHPAVlist@@@Z 00411660 f   Core:object.obj
 0001:000106b0       ?princ_bag@@YAXPAVbag@@@Z  004116b0 f   Core:object.obj
 0001:00010710       ?close_global_variable@@YAPAVglobal_variable@@PAV1@@Z 00411710 f   Core:object.obj
 0001:00010790       ?contradiction_I_void@@YAXXZ 00411790 f   Core:object.obj
 0001:000107b0       ?print_in_string_void@@YAXXZ 004117b0 f   Core:function.obj
 0001:00010860       ?end_of_print_void@@YAPADXZ 00411860 f   Core:function.obj
 0001:000108a0       ?buffer_length_void@@YAHXZ 004118a0 f   Core:function.obj
 0001:000108c0       ?buffer_set_length_integer@@YAXH@Z 004118c0 f   Core:function.obj
 0001:000108e0       ?apply_self_print_any@@YAXH@Z 004118e0 f   Core:function.obj
 0001:00010c30       ?self_print_any_Core@@YAXH@Z 00411c30 f   Core:function.obj
 0001:00010ca0       ?self_print_boolean_Core@@YAXPAVClaireBoolean@@@Z 00411ca0 f   Core:function.obj
 0001:00010cd0       ?self_print_function_Core@@YAXPAVClaireFunction@@@Z 00411cd0 f   Core:function.obj
 0001:00010d00       ?self_print_restriction_Core@@YAXPAVrestriction@@@Z 00411d00 f   Core:function.obj
 0001:00010e30       ?print_any@@YAXH@Z         00411e30 f   Core:function.obj
 0001:00011000       ?short_enough_integer@@YAPAVClaireBoolean@@H@Z 00412000 f   Core:function.obj
 0001:00011020       ?complete_I_object@@YAPAVClaireObject@@PAV1@@Z 00412020 f   Core:function.obj
 0001:00011360       ?not_any@@YAPAVClaireBoolean@@H@Z 00412360 f   Core:function.obj
 0001:000113a0       ?_I_equal_any@@YAPAVClaireBoolean@@HH@Z 004123a0 f   Core:function.obj
 0001:000113d0       ?owner_any@@YAPAVClaireClass@@H@Z 004123d0 f   Core:function.obj
 0001:00011400       ?known_ask_any@@YAPAVClaireBoolean@@H@Z 00412400 f   Core:function.obj
 0001:00011420       ?unknown_ask_any@@YAPAVClaireBoolean@@H@Z 00412420 f   Core:function.obj
 0001:00011440       ?check_in_any@@YAHHPAVClaireType@@@Z 00412440 f   Core:function.obj
 0001:000114e0       ?check_in_bag@@YAPAVbag@@PAV1@PAVClaireClass@@PAVClaireType@@@Z 004124e0 f   Core:function.obj
 0001:000115f0       ?_inf_any@@YAPAVClaireBoolean@@HH@Z 004125f0 f   Core:function.obj
 0001:00011640       ?_sup_any@@YAPAVClaireBoolean@@HH@Z 00412640 f   Core:function.obj
 0001:00011690       ?ephemeral_class@@YAHPAVClaireClass@@@Z 00412690 f   Core:function.obj
 0001:00011780       ?abstract_class@@YAHPAVClaireClass@@@Z 00412780 f   Core:function.obj
 0001:00011830       ?final_class@@YAHPAVClaireClass@@@Z 00412830 f   Core:function.obj
 0001:000118e0       ?new_class1@@YAPAVClaireObject@@PAVClaireClass@@@Z 004128e0 f   Core:function.obj
 0001:00011a20       ?new_class1_type@@YAPAVClaireType@@PAV1@@Z 00412a20 f   Core:function.obj
 0001:00011ad0       ?new_class2@@YAPAVthing@@PAVClaireClass@@PAVsymbol@@@Z 00412ad0 f   Core:function.obj
 0001:00011b50       ?new_class2_type@@YAPAVClaireType@@PAV1@0@Z 00412b50 f   Core:function.obj
 0001:00011c00       ?new_object_class_type@@YAPAVClaireType@@PAV1@@Z 00412c00 f   Core:function.obj
 0001:00011cb0       ?new_thing_class_type@@YAPAVClaireType@@PAV1@0@Z 00412cb0 f   Core:function.obj
 0001:00011d60       ?meet_class@@YAPAVClaireClass@@PAV1@0@Z 00412d60 f   Core:function.obj
 0001:00011de0       ?inherit_ask_class@@YAPAVClaireBoolean@@PAVClaireClass@@0@Z 00412de0 f   Core:function.obj
 0001:00011e20       ?abstract_property@@YAHPAVproperty@@@Z 00412e20 f   Core:function.obj
 0001:00011ec0       ?final_relation@@YAXPAVClaireRelation@@@Z 00412ec0 f   Core:function.obj
 0001:00012050       ?close_module@@YAPAVmodule@@PAV1@@Z 00413050 f   Core:function.obj
 0001:00012230       ?get_symbol_string@@YAHPAD@Z 00413230 f   Core:function.obj
 0001:00012250       ?gensym_void@@YAPAVsymbol@@XZ 00413250 f   Core:function.obj
 0001:00012260       ?store_list4@@YAHPAVlist@@HH@Z 00413260 f   Core:function.obj
 0001:00012310       ?store_array1@@YAHPAHHH@Z  00413310 f   Core:function.obj
 0001:00012330       ?commit_integer@@YAXH@Z    00413330 f   Core:function.obj
 0001:00012350       ?backtrack_integer@@YAXH@Z 00413350 f   Core:function.obj
 0001:00012370       ?store_listargs@@YAHPAVlistargs@@@Z 00413370 f   Core:function.obj
 0001:00012510       ?symbol_I_string2@@YAPAVsymbol@@PAD@Z 00413510 f   Core:function.obj
 0001:00012530       ?externC_string@@YAXPAD@Z  00413530 f   Core:function.obj
 0001:00012590       ?externC_string2@@YAHPADPAVClaireClass@@@Z 00413590 f   Core:function.obj
 0001:00012600       ?externC_string2_type@@YAPAVClaireType@@PAV1@0@Z 00413600 f   Core:function.obj
 0001:00012610       ?nth_get_string@@YAPAVClaireChar@@PADHH@Z 00413610 f   Core:function.obj
 0001:00012680       ?nth_put_string@@YAXPADHPAVClaireChar@@H@Z 00413680 f   Core:function.obj
 0001:000126e0       ?make_string_symbol@@YAPADPAVsymbol@@@Z 004136e0 f   Core:function.obj
 0001:00012700       ?self_print_symbol_Core@@YAHPAVsymbol@@@Z 00413700 f   Core:function.obj
 0001:00012760       ?_plus_integer@@YAHHH@Z    00413760 f   Core:function.obj
 0001:00012790       ?_plus_integer_type@@YAPAVClaireType@@PAV1@0@Z 00413790 f   Core:function.obj
 0001:000127b0       ?_dash_integer1@@YAHHH@Z   004137b0 f   Core:function.obj
 0001:000127c0       ?_dash_integer1_type@@YAPAVClaireType@@PAV1@0@Z 004137c0 f   Core:function.obj
 0001:000127e0       ?_inf_inf_integer@@YAHHH@Z 004137e0 f   Core:function.obj
 0001:000127f0       ?_sup_sup_integer@@YAHHH@Z 004137f0 f   Core:function.obj
 0001:00012800       ?and_integer@@YAHHH@Z      00413800 f   Core:function.obj
 0001:00012810       ?or_integer@@YAHHH@Z       00413810 f   Core:function.obj
 0001:00012820       ?_inf_integer@@YAPAVClaireBoolean@@HH@Z 00413820 f   Core:function.obj
 0001:00012840       ?_inf_equal_integer@@YAPAVClaireBoolean@@HH@Z 00413840 f   Core:function.obj
 0001:00012860       ?_sup_integer@@YAPAVClaireBoolean@@HH@Z 00413860 f   Core:function.obj
 0001:00012880       ?nth_integer@@YAPAVClaireBoolean@@HH@Z 00413880 f   Core:function.obj
 0001:000128a0       ?factor_ask_integer@@YAPAVClaireBoolean@@HH@Z 004138a0 f   Core:function.obj
 0001:000128c0       ?divide_ask_integer@@YAPAVClaireBoolean@@HH@Z 004138c0 f   Core:function.obj
 0001:000128e0       ?Id_any@@YAHH@Z            004138e0 f   Core:function.obj
 0001:000128f0       ?Id_any_type@@YAPAVClaireType@@PAV1@@Z 004138f0 f   Core:function.obj
 0001:00012900       ?pair_any@@YAPAVlist@@HH@Z 00413900 f   Core:function.obj
 0001:00012920       ?pair_1_list@@YAHPAVlist@@@Z 00413920 f   Core:function.obj
 0001:00012930       ?pair_1_list_type@@YAPAVClaireType@@PAV1@@Z 00413930 f   Core:function.obj
 0001:00012940       ?pair_2_list@@YAHPAVlist@@@Z 00413940 f   Core:function.obj
 0001:00012950       ?pair_2_list_type@@YAPAVClaireType@@PAV1@@Z 00413950 f   Core:function.obj
 0001:00012960       ?_plus_float_@@YAHHH@Z     00413960 f   Core:function.obj
 0001:00012a10       ?_plus_float@@YANNN@Z      00413a10 f   Core:function.obj
 0001:00012a20       ?_dash_float_@@YAHHH@Z     00413a20 f   Core:function.obj
 0001:00012ad0       ?_dash_float@@YANNN@Z      00413ad0 f   Core:function.obj
 0001:00012ae0       ?_star_float_@@YAHHH@Z     00413ae0 f   Core:function.obj
 0001:00012b90       ?_star_float@@YANNN@Z      00413b90 f   Core:function.obj
 0001:00012ba0       ?_7_float_@@YAHHH@Z        00413ba0 f   Core:function.obj
 0001:00012c50       ?_7_float@@YANNN@Z         00413c50 f   Core:function.obj
 0001:00012c60       ?_dash_float2_@@YAHH@Z     00413c60 f   Core:function.obj
 0001:00012d00       ?_dash_float2@@YANN@Z      00413d00 f   Core:function.obj
 0001:00012d10       ?sqrt_float_@@YAHH@Z       00413d10 f   Core:function.obj
 0001:00012db0       ?sqrt_float@@YANN@Z        00413db0 f   Core:function.obj
 0001:00012dc0       ?_exp_float_@@YAHHH@Z      00413dc0 f   Core:function.obj
 0001:00012e70       ?_exp_float@@YANNN@Z       00413e70 f   Core:function.obj
 0001:00012e80       ?log_float_@@YAHH@Z        00413e80 f   Core:function.obj
 0001:00012f20       ?log_float@@YANN@Z         00413f20 f   Core:function.obj
 0001:00012f30       ?atan_float_@@YAHH@Z       00413f30 f   Core:function.obj
 0001:00012fd0       ?atan_float@@YANN@Z        00413fd0 f   Core:function.obj
 0001:00012fe0       ?string_I_float_@@YAPADH@Z 00413fe0 f   Core:function.obj
 0001:00013010       ?string_I_float@@YAPADN@Z  00414010 f   Core:function.obj
 0001:00013030       ?length_bag@@YAHPAVbag@@@Z 00414030 f   Core:function.obj
 0001:00013040       ?nth_bag@@YAHPAVbag@@H@Z   00414040 f   Core:function.obj
 0001:000130c0       ?nth_bag_type@@YAPAVClaireType@@PAV1@0@Z 004140c0 f   Core:function.obj
 0001:000130d0       ?nth_get_bag@@YAHPAVbag@@H@Z 004140d0 f   Core:function.obj
 0001:000130e0       ?min_method@@YAHPAVmethod@@PAVbag@@@Z 004140e0 f   Core:function.obj
 0001:00013180       ?min_method_type@@YAPAVClaireType@@PAV1@0@Z 00414180 f   Core:function.obj
 0001:00013190       ?max_method@@YAHPAVmethod@@PAVbag@@@Z 00414190 f   Core:function.obj
 0001:00013230       ?max_method_type@@YAPAVClaireType@@PAV1@0@Z 00414230 f   Core:function.obj
 0001:00013240       ?_7_plus_bag@@YAPAVlist@@PAVbag@@0@Z 00414240 f   Core:function.obj
 0001:000133c0       ?last_list@@YAHPAVlist@@@Z 004143c0 f   Core:function.obj
 0001:00013420       ?last_list_type@@YAPAVClaireType@@PAV1@@Z 00414420 f   Core:function.obj
 0001:00013430       ?rmlast_list@@YAPAVlist@@PAV1@@Z 00414430 f   Core:function.obj
 0001:00013450       ?nth_set_list@@YAHPAVlist@@HH@Z 00414450 f   Core:function.obj
 0001:00013540       ?car_list@@YAHPAVlist@@@Z  00414540 f   Core:function.obj
 0001:000135a0       ?hashlist_integer@@YAPAVlist@@H@Z 004145a0 f   Core:function.obj
 0001:00013670       ?hashsize_list@@YAHPAVlist@@@Z 00414670 f   Core:function.obj
 0001:000136b0       ?sort_method@@YAPAVlist@@PAVmethod@@PAV1@@Z 004146b0 f   Core:function.obj
 0001:000136d0       ?quicksort_list@@YAXPAVlist@@PAVmethod@@HH@Z 004146d0 f   Core:function.obj
 0001:000137e0       ?build_powerset_list@@YAPAVset@@PAVlist@@@Z 004147e0 f   Core:function.obj
 0001:00013960       ?make_copy_list_integer@@YAPAVlist@@HH@Z 00414960 f   Core:function.obj
 0001:00013ad0       ?difference_set@@YAPAVset@@PAV1@0@Z 00414ad0 f   Core:function.obj
 0001:00013bc0       ?nth_equal_array@@YAXPAHHH@Z 00414bc0 f   Core:function.obj
 0001:00013cb0       ?self_print_array_Core@@YAHPAH@Z 00414cb0 f   Core:function.obj
 0001:00013d00       ?self_print_char_Core@@YAHPAVClaireChar@@@Z 00414d00 f   Core:function.obj
 0001:00013d30       ?_inf_equal_char@@YAPAVClaireBoolean@@PAVClaireChar@@0@Z 00414d30 f   Core:function.obj
 0001:00013d50       ?eval_message_property@@YAHPAVproperty@@PAVClaireObject@@HPAVClaireBoolean@@@Z 00414d50 f   Core:method.obj
 0001:00013f80       ?noeval_message_property2@@YAHPAVproperty@@H@Z 00414f80 f   Core:method.obj
 0001:00014080       ?execute_method@@YAHPAVmethod@@HPAVClaireBoolean@@@Z 00415080 f   Core:method.obj
 0001:00014310       ?eval_any@@YAHH@Z          00415310 f   Core:method.obj
 0001:00014350       ?self_eval_ClaireObject@@YAHPAVClaireObject@@@Z 00415350 f   Core:method.obj
 0001:00014370       ?inlineok_ask_method@@YAPAVmethod@@PAV1@PAD@Z 00415370 f   Core:method.obj
 0001:00014540       ?get_slot@@YAHPAVslot@@PAVClaireObject@@@Z 00415540 f   Core:method.obj
 0001:00014560       ?put_slot@@YAHPAVslot@@PAVClaireObject@@H@Z 00415560 f   Core:method.obj
 0001:00014590       ?get_property@@YAHPAVproperty@@PAVClaireObject@@@Z 00415590 f   Core:method.obj
 0001:00014690       ?funcall_property@@YAHPAVproperty@@H@Z 00415690 f   Core:method.obj
 0001:000147a0       ?read_property@@YAHPAVproperty@@PAVClaireObject@@@Z 004157a0 f   Core:method.obj
 0001:00014910       ?hold_ask_property@@YAPAVClaireBoolean@@PAVproperty@@PAVClaireObject@@H@Z 00415910 f   Core:method.obj
 0001:00014a60       ?write_property@@YAXPAVproperty@@PAVClaireObject@@H@Z 00415a60 f   Core:method.obj
 0001:00014cb0       ?range_is_wrong_slot@@YAHPAVslot@@H@Z 00415cb0 f   Core:method.obj
 0001:00014d00       ?put_property1@@YAXPAVproperty@@PAVClaireObject@@HPAVClaireClass@@H@Z 00415d00 f   Core:method.obj
 0001:00014d40       ?update_property@@YAXPAVproperty@@PAVClaireObject@@HPAVClaireClass@@H@Z 00415d40 f   Core:method.obj
 0001:00014f70       ?update_plus_relation@@YAXPAVClaireRelation@@HH@Z 00415f70 f   Core:method.obj
 0001:00015230       ?update_dash_relation@@YAXPAVClaireRelation@@HH@Z 00416230 f   Core:method.obj
 0001:00015560       ?add_I_property@@YAXPAVproperty@@PAVClaireObject@@HH@Z 00416560 f   Core:method.obj
 0001:00015600       ?add_value_property@@YAPAVClaireBoolean@@PAVproperty@@PAVClaireObject@@HPAVbag@@H@Z 00416600 f   Core:method.obj
 0001:00015780       ?add_property@@YAXPAVproperty@@PAVClaireObject@@H@Z 00416780 f   Core:method.obj
 0001:000159c0       ?known_ask_property@@YAPAVClaireBoolean@@PAVproperty@@PAVClaireObject@@@Z 004169c0 f   Core:method.obj
 0001:00015ad0       ?unknown_ask_property@@YAPAVClaireBoolean@@PAVproperty@@PAVClaireObject@@@Z 00416ad0 f   Core:method.obj
 0001:00015be0       ?delete_property@@YAHPAVproperty@@PAVClaireObject@@H@Z 00416be0 f   Core:method.obj
 0001:00015de0       ?erase_property@@YAHPAVproperty@@PAVClaireObject@@@Z 00416de0 f   Core:method.obj
 0001:00016130       ?set_range_property@@YAXPAVproperty@@PAVClaireClass@@PAVClaireType@@@Z 00417130 f   Core:method.obj
 0001:00016160       ?put_store_property2@@YAXPAVproperty@@PAVClaireObject@@HPAVClaireBoolean@@@Z 00417160 f   Core:method.obj
 0001:000162d0       ?multi_ask_any@@YAPAVClaireBoolean@@H@Z 004172d0 f   Core:method.obj
 0001:00016380       ?fastcall_relation2@@YAXPAVClaireRelation@@HH@Z 00417380 f   Core:method.obj
 0001:000165b0       ?insert_definition_property@@YAXPAVproperty@@PAVrestriction@@@Z 004175b0 f   Core:method.obj
 0001:00016640       ?initialize_restriction1@@YAPAVlist@@PAVrestriction@@PAVClaireClass@@PAV1@@Z 00417640 f   Core:method.obj
 0001:00016a60       ?uniform_restriction@@YAPAVClaireBoolean@@PAVrestriction@@@Z 00417a60 f   Core:method.obj
 0001:00016bf0       ?uniform_property@@YAPAVClaireBoolean@@PAVproperty@@@Z 00417bf0 f   Core:method.obj
 0001:00016ca0       ?initialize_restriction2@@YAPAVlist@@PAVrestriction@@PAV1@@Z 00417ca0 f   Core:method.obj
 0001:00016e00       ?hashinsert_restriction@@YAHPAVrestriction@@@Z 00417e00 f   Core:method.obj
 0001:00016eb0       ?hashinsert_class@@YAHPAVClaireClass@@PAVmethod@@@Z 00417eb0 f   Core:method.obj
 0001:00016f00       ?hashinsert_list@@YAHPAVlist@@PAVmethod@@@Z 00417f00 f   Core:method.obj
 0001:00017140       ?hashget_class@@YAPAVClaireObject@@PAVClaireClass@@PAVproperty@@@Z 00418140 f   Core:method.obj
 0001:000171d0       ?join_list@@YAPAVClaireBoolean@@PAVlist@@0@Z 004181d0 f   Core:method.obj
 0001:00017340       ?_at_property1@@YAPAVClaireObject@@PAVproperty@@PAVClaireClass@@@Z 00418340 f   Core:method.obj
 0001:00017530       ?_at_property2@@YAPAVClaireObject@@PAVproperty@@PAVlist@@@Z 00418530 f   Core:method.obj
 0001:00017640       ?matching_ask_list@@YAPAVClaireBoolean@@PAVlist@@HH@Z 00418640 f   Core:method.obj
 0001:00017920       ?vmatch_ask_any@@YAPAVClaireBoolean@@HHH@Z 00418920 f   Core:method.obj
 0001:00017f30       ?tmatch_ask_list@@YAPAVClaireBoolean@@PAVlist@@0@Z 00418f30 f   Core:method.obj
 0001:00018020       ?tmatch_ask_any@@YAPAVClaireBoolean@@HHPAVlist@@@Z 00419020 f   Core:method.obj
 0001:000186f0       ?find_which_property@@YAPAVClaireObject@@PAVproperty@@HPAVClaireClass@@@Z 004196f0 f   Core:method.obj
 0001:000187b0       ?find_which_list@@YAPAVClaireObject@@PAVlist@@PAVClaireClass@@HH@Z 004197b0 f   Core:method.obj
 0001:00018840       ?find_which_class@@YAPAVClaireObject@@PAVClaireClass@@PAVlist@@HH@Z 00419840 f   Core:method.obj
 0001:00018920       ?finite_ask_type@@YAPAVClaireBoolean@@PAVClaireType@@@Z 00419920 f   Core:types.obj
 0001:00018a30       ?enumerate_any@@YAPAVbag@@H@Z 00419a30 f   Core:types.obj
 0001:00018c20       ?_equaltype_ask_any@@YAPAVClaireBoolean@@PAVClaireType@@0@Z 00419c20 f   Core:types.obj
 0001:00018c60       ?sort_I_type@@YAPAVClaireClass@@PAVClaireType@@@Z 00419c60 f   Core:types.obj
 0001:00018cc0       ?_Z_any1@@YAPAVClaireBoolean@@HPAVClaireClass@@@Z 00419cc0 f   Core:types.obj
 0001:00018d50       ?Ztype_any@@YAPAVClaireBoolean@@HH@Z 00419d50 f   Core:types.obj
 0001:00018ea0       ?self_print_Union_Core@@YAXPAVUnion@@@Z 00419ea0 f   Core:types.obj
 0001:00018f90       ?finite_ask_Union@@YAPAVClaireBoolean@@PAVUnion@@@Z 00419f90 f   Core:types.obj
 0001:000190a0       ?self_print_Interval_Core@@YAXPAVInterval@@@Z 0041a0a0 f   Core:types.obj
 0001:000190e0       ?finite_ask_Interval@@YAPAVClaireBoolean@@PAVInterval@@@Z 0041a0e0 f   Core:types.obj
 0001:000190f0       ?_dash_dash_integer@@YAPAVInterval@@HH@Z 0041a0f0 f   Core:types.obj
 0001:00019160       ?self_print_Param_Core@@YAXPAVParam@@@Z 0041a160 f   Core:types.obj
 0001:000192b0       ?finite_ask_Param@@YAPAVClaireBoolean@@PAVParam@@@Z 0041a2b0 f   Core:types.obj
 0001:000192d0       ?self_print_subtype_Core@@YAXPAVsubtype@@@Z 0041a2d0 f   Core:types.obj
 0001:00019400       ?finite_ask_subtype@@YAPAVClaireBoolean@@PAVsubtype@@@Z 0041a400 f   Core:types.obj
 0001:000194e0       ?nth_class1@@YAPAVClaireType@@PAVClaireClass@@PAV1@@Z 0041a4e0 f   Core:types.obj
 0001:00019660       ?nth_class2@@YAPAVClaireType@@PAVClaireClass@@PAVlist@@1@Z 0041a660 f   Core:types.obj
 0001:00019860       ?param_I_class@@YAPAVClaireType@@PAVClaireClass@@PAV1@@Z 0041a860 f   Core:types.obj
 0001:00019960       ?nth_type@@YAPAVClaireType@@PAV1@@Z 0041a960 f   Core:types.obj
 0001:00019a60       ?finite_ask_tuple@@YAPAVClaireBoolean@@PAVtuple@@@Z 0041aa60 f   Core:types.obj
 0001:00019ae0       ?self_print_Reference_Core@@YAXPAVReference@@@Z 0041aae0 f   Core:types.obj
 0001:00019bc0       ?get_Reference@@YAHPAVReference@@H@Z 0041abc0 f   Core:types.obj
 0001:00019c80       ?_at_Reference@@YAHPAVReference@@PAVlist@@H@Z 0041ac80 f   Core:types.obj
 0001:00019d40       ?set_I_collection@@YAPAVset@@PAVClaireCollection@@@Z 0041ad40 f   Core:types.obj
 0001:00019ea0       ?size_collection@@YAHPAVClaireCollection@@@Z 0041aea0 f   Core:types.obj
 0001:00019fd0       ?set_I_set@@YAPAVset@@PAV1@@Z 0041afd0 f   Core:types.obj
 0001:00019fe0       ?size_set@@YAHPAVset@@@Z   0041afe0 f   Core:types.obj
 0001:00019ff0       ?size_list2_Core@@YAHPAVlist@@@Z 0041aff0 f   Core:types.obj
 0001:0001a010       ?set_I_class@@YAPAVset@@PAVClaireClass@@@Z 0041b010 f   Core:types.obj
 0001:0001a180       ?size_class@@YAHPAVClaireClass@@@Z 0041b180 f   Core:types.obj
 0001:0001a1d0       ?set_I_Union@@YAPAVset@@PAVUnion@@@Z 0041b1d0 f   Core:types.obj
 0001:0001a2f0       ?size_Union@@YAHPAVUnion@@@Z 0041b2f0 f   Core:types.obj
 0001:0001a470       ?set_I_Interval@@YAPAVset@@PAVInterval@@@Z 0041b470 f   Core:types.obj
 0001:0001a490       ?size_Interval@@YAHPAVInterval@@@Z 0041b490 f   Core:types.obj
 0001:0001a4a0       ?set_I_Param@@YAPAVset@@PAVParam@@@Z 0041b4a0 f   Core:types.obj
 0001:0001a5b0       ?size_Param@@YAHPAVParam@@@Z 0041b5b0 f   Core:types.obj
 0001:0001a5d0       ?set_I_subtype@@YAPAVset@@PAVsubtype@@@Z 0041b5d0 f   Core:types.obj
 0001:0001a720       ?size_subtype@@YAHPAVsubtype@@@Z 0041b720 f   Core:types.obj
 0001:0001a870       ?set_I_tuple@@YAPAVset@@PAVtuple@@@Z 0041b870 f   Core:types.obj
 0001:0001ab80       ?size_tuple@@YAHPAVtuple@@@Z 0041bb80 f   Core:types.obj
 0001:0001ac00       ?member_ask_any@@YAPAVClaireBoolean@@HPAVClaireType@@@Z 0041bc00 f   Core:types.obj
 0001:0001b350       ?class_I_type@@YAPAVClaireClass@@PAVClaireType@@@Z 0041c350 f   Core:types.obj
 0001:0001b5f0       ?U_type@@YAPAVClaireType@@PAV1@0@Z 0041c5f0 f   Core:types.obj
 0001:0001bbc0       ?_dot_dot_integer@@YAPAVClaireType@@HH@Z 0041cbc0 f   Core:types.obj
 0001:0001bbe0       ?_dot_dot_integer_type@@YAPAVClaireType@@PAV1@0@Z 0041cbe0 f   Core:types.obj
 0001:0001bd30       ?but_any@@YAPAVbag@@HH@Z   0041cd30 f   Core:types.obj
 0001:0001be00       ?but_any_type@@YAPAVClaireType@@PAV1@0@Z 0041ce00 f   Core:types.obj
 0001:0001beb0       ?_backslash_type@@YAPAVset@@PAVClaireType@@0@Z 0041ceb0 f   Core:types.obj
 0001:0001bff0       ?glb_set@@YAPAVset@@PAV1@PAVClaireType@@@Z 0041cff0 f   Core:types.obj
 0001:0001c0f0       ?glb_Union@@YAPAVClaireType@@PAVUnion@@PAV1@@Z 0041d0f0 f   Core:types.obj
 0001:0001c230       ?glb_Interval@@YAPAVClaireType@@PAVInterval@@PAV1@@Z 0041d230 f   Core:types.obj
 0001:0001c410       ?glb_class@@YAPAVClaireType@@PAVClaireClass@@PAV1@@Z 0041d410 f   Core:types.obj
 0001:0001c6a0       ?glb_Param@@YAPAVClaireType@@PAVParam@@PAV1@@Z 0041d6a0 f   Core:types.obj
 0001:0001c9b0       ?glb_subtype@@YAPAVClaireType@@PAVsubtype@@PAV1@@Z 0041d9b0 f   Core:types.obj
 0001:0001ccd0       ?glb_tuple@@YAPAVClaireType@@PAVtuple@@PAV1@@Z 0041dcd0 f   Core:types.obj
 0001:0001cf10       ?glb_Reference@@YAPAVClaireType@@PAVReference@@PAV1@@Z 0041df10 f   Core:types.obj
 0001:0001cf20       ?_exp_type@@YAPAVClaireType@@PAV1@0@Z 0041df20 f   Core:types.obj
 0001:0001cf60       ?join_class@@YAPAVClaireType@@PAVClaireClass@@0@Z 0041df60 f   Core:types.obj
 0001:0001cfc0       ?_exp_list@@YAPAVlist@@PAV1@0@Z 0041dfc0 f   Core:types.obj
 0001:0001d0e0       ?Uall_list@@YAPAVClaireType@@PAVlist@@@Z 0041e0e0 f   Core:types.obj
 0001:0001d190       ?_inf_equalt_bag2@@YAPAVClaireBoolean@@PAVbag@@PAVClaireType@@@Z 0041e190 f   Core:types.obj
 0001:0001d2a0       ?_inf_equalt_class@@YAPAVClaireBoolean@@PAVClaireClass@@PAVClaireType@@@Z 0041e2a0 f   Core:types.obj
 0001:0001d5e0       ?_inf_equalt_Union@@YAPAVClaireBoolean@@PAVUnion@@PAVClaireType@@@Z 0041e5e0 f   Core:types.obj
 0001:0001d750       ?_inf_equalt_Interval@@YAPAVClaireBoolean@@PAVInterval@@PAVClaireType@@@Z 0041e750 f   Core:types.obj
 0001:0001d970       ?_inf_equalt_subtype@@YAPAVClaireBoolean@@PAVsubtype@@PAVClaireType@@@Z 0041e970 f   Core:types.obj
 0001:0001db00       ?_inf_equalt_Param@@YAPAVClaireBoolean@@PAVParam@@PAVClaireType@@@Z 0041eb00 f   Core:types.obj
 0001:0001dc90       ?_inf_equalt_Reference@@YAPAVClaireBoolean@@PAVReference@@PAVClaireType@@@Z 0041ec90 f   Core:types.obj
 0001:0001dca0       ?_inf_equalt_tuple@@YAPAVClaireBoolean@@PAVtuple@@PAVClaireType@@@Z 0041eca0 f   Core:types.obj
 0001:0001dfe0       ?_inf_equalt_type@@YAPAVClaireBoolean@@PAVClaireType@@0@Z 0041efe0 f   Core:types.obj
 0001:0001e370       ?_inf_equal_type@@YAPAVClaireBoolean@@PAVClaireType@@0@Z 0041f370 f   Core:types.obj
 0001:0001e3c0       ?member_type@@YAPAVClaireType@@PAV1@@Z 0041f3c0 f   Core:types.obj
 0001:0001e760       ?of_extract_type@@YAPAVClaireType@@PAV1@@Z 0041f760 f   Core:types.obj
 0001:0001e810       ?_at_type@@YAPAVClaireType@@PAV1@PAVproperty@@@Z 0041f810 f   Core:types.obj
 0001:0001eab0       ?unique_ask_type@@YAPAVClaireBoolean@@PAVClaireType@@@Z 0041fab0 f   Core:types.obj
 0001:0001eb30       ?the_type@@YAHPAVClaireType@@@Z 0041fb30 f   Core:types.obj
 0001:0001eb70       ?integer_I_set@@YAHPAVset@@@Z 0041fb70 f   Core:types.obj
 0001:0001ebc0       ?make_set_integer@@YAPAVset@@H@Z 0041fbc0 f   Core:types.obj
 0001:0001ec90       ?abstract_type_set@@YAPAVClaireType@@PAVset@@@Z 0041fc90 f   Core:types.obj
 0001:0001eda0       ?abstract_type_operation@@YAPAVClaireType@@PAVoperation@@PAV1@1@Z 0041fda0 f   Core:types.obj
 0001:0001f050       ?first_arg_type_type@@YAPAVClaireType@@PAV1@0@Z 00420050 f   Core:types.obj
 0001:0001f060       ?first_arg_type_type2@@YAPAVClaireType@@PAV1@00@Z 00420060 f   Core:types.obj
 0001:0001f070       ?second_arg_type_type@@YAPAVClaireType@@PAV1@0@Z 00420070 f   Core:types.obj
 0001:0001f080       ?meet_arg_types_type@@YAPAVClaireType@@PAV1@0@Z 00420080 f   Core:types.obj
 0001:0001f0a0       ?nth_get_array_type@@YAPAVClaireType@@PAV1@0@Z 004200a0 f   Core:types.obj
 0001:0001f0b0       ?nth_array@@YAHPAHH@Z      004200b0 f   Core:types.obj
 0001:0001f130       ?nth_array_type@@YAPAVClaireType@@PAV1@0@Z 00420130 f   Core:types.obj
 0001:0001f140       ?make_array_integer_type@@YAPAVClaireType@@PAV1@00@Z 00420140 f   Core:types.obj
 0001:0001f210       ?make_list_integer2@@YAPAVlist@@HPAVClaireType@@H@Z 00420210 f   Core:types.obj
 0001:0001f240       ?make_list_integer2_type@@YAPAVClaireType@@PAV1@00@Z 00420240 f   Core:types.obj
 0001:0001f310       ?make_set_array@@YAPAVset@@PAH@Z 00420310 f   Core:types.obj
 0001:0001f3c0       ?make_set_array_type@@YAPAVClaireType@@PAV1@@Z 004203c0 f   Core:types.obj
 0001:0001f510       ?list_I_array_type@@YAPAVClaireType@@PAV1@@Z 00420510 f   Core:types.obj
 0001:0001f660       ?array_I_list_type@@YAPAVClaireType@@PAV1@@Z 00420660 f   Core:types.obj
 0001:0001f7b0       ?set_I_bag_type@@YAPAVClaireType@@PAV1@@Z 004207b0 f   Core:types.obj
 0001:0001f900       ?list_I_set_type@@YAPAVClaireType@@PAV1@@Z 00420900 f   Core:types.obj
 0001:0001fa50       ?metaLoad@LanguageClass@@QAEXXZ 00420a50 f   Language:Language.obj
 0001:00023f40       ?self_print_Definition_Language@@YAHPAVDefinition@@@Z 00424f40 f   Language:define.obj
 0001:00024010       ?self_print_Defobj_Language@@YAXPAVDefobj@@@Z 00425010 f   Language:define.obj
 0001:00024240       ?self_print_Defclass_Language@@YAXPAVDefclass@@@Z 00425240 f   Language:define.obj
 0001:000244a0       ?self_print_Defmethod_Language@@YAXPAVDefmethod@@@Z 004254a0 f   Language:define.obj
 0001:00024610       ?self_print_Defarray_Language@@YAXPAVDefarray@@@Z 00425610 f   Language:define.obj
 0001:00024740       ?self_print_Defrule_Language@@YAXPAVDefrule@@@Z 00425740 f   Language:define.obj
 0001:00024860       ?self_print_Defvar_Language@@YAXPAVDefvar@@@Z 00425860 f   Language:define.obj
 0001:00024930       ?self_eval_Definition@@YAHPAVDefinition@@@Z 00425930 f   Language:define.obj
 0001:00024a80       ?complete_object@@YAHPAVClaireObject@@PAVlist@@@Z 00425a80 f   Language:define.obj
 0001:00024c70       ?self_eval_Defobj@@YAHPAVDefobj@@@Z 00425c70 f   Language:define.obj
 0001:00024e10       ?self_eval_Defclass@@YAHPAVDefclass@@@Z 00425e10 f   Language:define.obj
 0001:00025400       ?self_eval_Defmethod@@YAHPAVDefmethod@@@Z 00426400 f   Language:define.obj
 0001:00025930       ?attach_comment_any@@YAXH@Z 00426930 f   Language:define.obj
 0001:00025a20       ?extract_signature_list@@YAPAVlist@@PAV1@@Z 00426a20 f   Language:define.obj
 0001:00025c90       ?extract_pattern_any@@YAHHPAVlist@@@Z 00426c90 f   Language:define.obj
 0001:000265c0       ?extract_type_any@@YAPAVClaireType@@H@Z 004275c0 f   Language:define.obj
 0001:000266f0       ?extract_item_any@@YAHHH@Z 004276f0 f   Language:define.obj
 0001:00026980       ?extract_pattern_nth_list@@YAHPAVlist@@0@Z 00427980 f   Language:define.obj
 0001:00027030       ?extract_class_call_class@@YAPAVClaireObject@@PAVClaireClass@@PAVlist@@@Z 00428030 f   Language:define.obj
 0001:00027ab0       ?extract_range_any@@YAPAVlist@@HPAV1@0@Z 00428ab0 f   Language:define.obj
 0001:000281c0       ?bit_vector_listargs2@@YAHPAVlistargs@@@Z 004291c0 f   Language:define.obj
 0001:00028200       ?extract_status_any@@YAPAVlist@@H@Z 00429200 f   Language:define.obj
 0001:00028790       ?type_I_any@@YAPAVClaireType@@H@Z 00429790 f   Language:define.obj
 0001:00028a50       ?self_eval_Defarray@@YAHPAVDefarray@@@Z 00429a50 f   Language:define.obj
 0001:000293d0       ?self_print_demon@@YAXPAVdemon@@@Z 0042a3d0 f   Language:define.obj
 0001:000293e0       ?funcall_demon1@@YAHPAVdemon@@HH@Z 0042a3e0 f   Language:define.obj
 0001:000294a0       ?funcall_demon2@@YAHPAVdemon@@HHH@Z 0042a4a0 f   Language:define.obj
 0001:00029570       ?self_eval_Defrule@@YAHPAVDefrule@@@Z 0042a570 f   Language:define.obj
 0001:000298a0       ?eventMethod_ask_relation2@@YAPAVClaireBoolean@@PAVClaireRelation@@@Z 0042a8a0 f   Language:define.obj
 0001:00029950       ?make_filter_any_@@YAPAVtuple@@H@Z 0042a950 f   Language:define.obj
 0001:00029970       ?make_filter_any@@YAPAVtuple@@H@Z 0042a970 f   Language:define.obj
 0001:0002a4c0       ?make_demon_relation@@YAPAVdemon@@PAVClaireRelation@@PAVsymbol@@PAVlist@@HH@Z 0042b4c0 f   Language:define.obj
 0001:0002abb0       ?readCall_relation@@YAPAVCall@@PAVClaireRelation@@H@Z 0042bbb0 f   Language:define.obj
 0001:0002ad30       ?putCall_relation2@@YAPAVCall@@PAVClaireRelation@@HH@Z 0042bd30 f   Language:define.obj
 0001:0002aed0       ?eval_if_write_relation@@YAXPAVClaireRelation@@@Z 0042bed0 f   Language:define.obj
 0001:0002b7d0       ?eventMethod_property@@YAXPAVproperty@@@Z 0042c7d0 f   Language:define.obj
 0001:0002b860       ?interface_property@@YAXPAVproperty@@@Z 0042c860 f   Language:define.obj
 0001:0002bc00       ?interface_class@@YAXPAVClaireClass@@PAVlistargs@@@Z 0042cc00 f   Language:define.obj
 0001:0002be10       ?self_print_If_Language@@YAXPAVIf@@@Z 0042ce10 f   Language:control.obj
 0001:0002be50       ?printstat_If@@YAXPAVIf@@@Z 0042ce50 f   Language:control.obj
 0001:0002bf40       ?printif_any@@YAXH@Z       0042cf40 f   Language:control.obj
 0001:0002c0a0       ?printelse_If@@YAXPAVIf@@@Z 0042d0a0 f   Language:control.obj
 0001:0002c2a0       ?self_eval_If@@YAHPAVIf@@@Z 0042d2a0 f   Language:control.obj
 0001:0002c360       ?self_print_Do_Language@@YAXPAVDo@@@Z 0042d360 f   Language:control.obj
 0001:0002c430       ?printdo_list@@YAXPAVlist@@PAVClaireBoolean@@@Z 0042d430 f   Language:control.obj
 0001:0002c540       ?printblock_any@@YAXH@Z    0042d540 f   Language:control.obj
 0001:0002c6e0       ?self_eval_Do@@YAHPAVDo@@@Z 0042d6e0 f   Language:control.obj
 0001:0002c750       ?self_print_Let_Language@@YAXPAVLet@@@Z 0042d750 f   Language:control.obj
 0001:0002c850       ?printbody_Let@@YAXPAVLet@@@Z 0042d850 f   Language:control.obj
 0001:0002ca00       ?self_eval_Let@@YAHPAVLet@@@Z 0042da00 f   Language:control.obj
 0001:0002cb30       ?self_print_When_Language@@YAXPAVWhen@@@Z 0042db30 f   Language:control.obj
 0001:0002cc90       ?self_eval_When@@YAHPAVWhen@@@Z 0042dc90 f   Language:control.obj
 0001:0002cde0       ?self_print_Let_plus_Language@@YAXPAVLet_plus@@@Z 0042dde0 f   Language:control.obj
 0001:0002cf50       ?self_print_Let_star_Language@@YAXPAVLet_star@@@Z 0042df50 f   Language:control.obj
 0001:0002d330       ?self_print_For_Language@@YAXPAVFor@@@Z 0042e330 f   Language:control.obj
 0001:0002d450       ?self_eval_For@@YAHPAVFor@@@Z 0042e450 f   Language:control.obj
 0001:0002daa0       ?self_print_Collect_Language@@YAXPAVCollect@@@Z 0042eaa0 f   Language:control.obj
 0001:0002dbd0       ?self_eval_Collect@@YAHPAVCollect@@@Z 0042ebd0 f   Language:control.obj
 0001:0002dfc0       ?self_print_Image_Language@@YAXPAVImage@@@Z 0042efc0 f   Language:control.obj
 0001:0002e0f0       ?self_eval_Image@@YAHPAVImage@@@Z 0042f0f0 f   Language:control.obj
 0001:0002e340       ?self_print_Select_Language@@YAXPAVSelect@@@Z 0042f340 f   Language:control.obj
 0001:0002e460       ?self_eval_Select@@YAHPAVSelect@@@Z 0042f460 f   Language:control.obj
 0001:0002e8a0       ?self_print_Lselect_Language@@YAXPAVLselect@@@Z 0042f8a0 f   Language:control.obj
 0001:0002e9c0       ?self_eval_Lselect@@YAHPAVLselect@@@Z 0042f9c0 f   Language:control.obj
 0001:0002ee50       ?self_print_Exists_Language@@YAXPAVExists@@@Z 0042fe50 f   Language:control.obj
 0001:0002f000       ?self_eval_Exists@@YAHPAVExists@@@Z 00430000 f   Language:control.obj
 0001:0002f3a0       ?self_print_Case_Language@@YAXPAVCase@@@Z 004303a0 f   Language:control.obj
 0001:0002f550       ?self_eval_Case@@YAHPAVCase@@@Z 00430550 f   Language:control.obj
 0001:0002f730       ?self_print_While_Language@@YAXPAVWhile@@@Z 00430730 f   Language:control.obj
 0001:0002f840       ?self_eval_While@@YAHPAVWhile@@@Z 00430840 f   Language:control.obj
 0001:0002fb00       ?self_print_Handle_Language@@YAXPAVClaireHandle@@@Z 00430b00 f   Language:control.obj
 0001:0002fc10       ?self_eval_Handle@@YAHPAVClaireHandle@@@Z 00430c10 f   Language:control.obj
 0001:0002fe40       ?self_print_Construct_Language@@YAXPAVConstruct@@@Z 00430e40 f   Language:control.obj
 0001:000300b0       ?self_eval_List@@YAHPAVList@@@Z 004310b0 f   Language:control.obj
 0001:000302a0       ?self_eval_Set@@YAHPAVSet@@@Z 004312a0 f   Language:control.obj
 0001:00030490       ?self_eval_Tuple@@YAHPAVTuple@@@Z 00431490 f   Language:control.obj
 0001:000305a0       ?self_eval_Array2@@YAHPAVArray@@@Z 004315a0 f   Language:control.obj
 0001:00030790       ?self_eval_Macro2@@YAHPAVMacro@@@Z 00431790 f   Language:control.obj
 0001:00030850       ?self_eval_Error@@YAXPAVError@@@Z 00431850 f   Language:control.obj
 0001:00030a40       ?self_eval_Printf@@YAHPAVPrintf@@@Z 00431a40 f   Language:control.obj
 0001:00030e20       ?self_eval_Trace@@YAHPAVTrace@@@Z 00431e20 f   Language:control.obj
 0001:000310b0       ?self_eval_Assert@@YAHPAVAssert@@@Z 004320b0 f   Language:control.obj
 0001:000312b0       ?self_eval_Branch@@YAHPAVBranch@@@Z 004322b0 f   Language:control.obj
 0001:00031450       ?self_print_Call_Language@@YAXPAVCall@@@Z 00432450 f   Language:call.obj
 0001:00031d70       ?self_print_Call_plus_Language@@YAHPAVCall_plus@@@Z 00432d70 f   Language:call.obj
 0001:00031dd0       ?self_eval_Call@@YAHPAVCall@@@Z 00432dd0 f   Language:call.obj
 0001:00031f00       ?self_eval_Call_plus@@YAHPAVCall_plus@@@Z 00432f00 f   Language:call.obj
 0001:000321a0       ?printe_any@@YAXHPAVproperty@@@Z 004331a0 f   Language:call.obj
 0001:00032290       ?sugar_ask_any@@YAHHHHH@Z  00433290 f   Language:call.obj
 0001:00032630       ?self_print_Assign_Language@@YAXPAVAssign@@@Z 00433630 f   Language:call.obj
 0001:000328c0       ?self_eval_Assign@@YAHPAVAssign@@@Z 004338c0 f   Language:call.obj
 0001:00032a70       ?self_print_Gassign_Language@@YAXPAVGassign@@@Z 00433a70 f   Language:call.obj
 0001:00032d10       ?self_eval_Gassign@@YAHPAVGassign@@@Z 00433d10 f   Language:call.obj
 0001:00032dc0       ?self_print_And_Language@@YAXPAVAnd@@@Z 00433dc0 f   Language:call.obj
 0001:00032e80       ?self_eval_And@@YAHPAVAnd@@@Z 00433e80 f   Language:call.obj
 0001:00032fd0       ?self_print_Or_Language@@YAXPAVOr@@@Z 00433fd0 f   Language:call.obj
 0001:00033090       ?self_eval_Or@@YAHPAVOr@@@Z 00434090 f   Language:call.obj
 0001:000331e0       ?self_print_Quote_Language@@YAXPAVQuote@@@Z 004341e0 f   Language:call.obj
 0001:00033290       ?self_eval_Quote@@YAHPAVQuote@@@Z 00434290 f   Language:call.obj
 0001:000332a0       ?self_print_Call_method_Language@@YAXPAVCall_method@@@Z 004342a0 f   Language:call.obj
 0001:00033370       ?self_eval_Call_method@@YAHPAVCall_method@@@Z 00434370 f   Language:call.obj
 0001:000334c0       ?self_eval_Call_method1@@YAHPAVCall_method1@@@Z 004344c0 f   Language:call.obj
 0001:000335a0       ?self_eval_Call_method2@@YAHPAVCall_method2@@@Z 004345a0 f   Language:call.obj
 0001:000336d0       ?self_print_Call_slot_Language@@YAXPAVCall_slot@@@Z 004346d0 f   Language:call.obj
 0001:000337a0       ?self_eval_Call_slot@@YAHPAVCall_slot@@@Z 004347a0 f   Language:call.obj
 0001:00033880       ?self_print_Call_array_Language@@YAXPAVCall_array@@@Z 00434880 f   Language:call.obj
 0001:00033940       ?self_eval_Call_array@@YAHPAVCall_array@@@Z 00434940 f   Language:call.obj
 0001:00033a50       ?self_print_Call_table_Language@@YAXPAVCall_table@@@Z 00434a50 f   Language:call.obj
 0001:00033b20       ?self_eval_Call_table@@YAHPAVCall_table@@@Z 00434b20 f   Language:call.obj
 0001:00033c40       ?self_print_Update_Language@@YAXPAVUpdate@@@Z 00434c40 f   Language:call.obj
 0001:00033d30       ?self_eval_Update@@YAHPAVUpdate@@@Z 00434d30 f   Language:call.obj
 0001:00033f70       ?self_print_Super_Language@@YAXPAVSuper@@@Z 00434f70 f   Language:call.obj
 0001:00034080       ?self_eval_Super@@YAHPAVSuper@@@Z 00435080 f   Language:call.obj
 0001:00034200       ?self_print_Cast_Language@@YAXPAVCast@@@Z 00435200 f   Language:call.obj
 0001:000342f0       ?self_eval_Cast@@YAHPAVCast@@@Z 004352f0 f   Language:call.obj
 0001:00034490       ?self_print_Return_Language@@YAXPAVReturn@@@Z 00435490 f   Language:call.obj
 0001:00034560       ?self_eval_Return@@YAHPAVReturn@@@Z 00435560 f   Language:call.obj
 0001:00034640       ?substitution_any@@YAHHPAVVariable@@H@Z 00435640 f   Language:call.obj
 0001:00034b60       ?occurrence_any@@YAHHPAVVariable@@@Z 00435b60 f   Language:call.obj
 0001:00034e00       ?instruction_copy_any@@YAHH@Z 00435e00 f   Language:call.obj
 0001:00035100       ?no_eval_Instruction@@YAHPAVInstruction@@@Z 00436100 f   Language:pretty.obj
 0001:00035190       ?self_print_unbound_symbol_Language@@YAXPAVunbound_symbol@@@Z 00436190 f   Language:pretty.obj
 0001:000351b0       ?self_eval_unbound_symbol@@YAHPAVunbound_symbol@@@Z 004361b0 f   Language:pretty.obj
 0001:000352a0       ?self_print_Variable_Language@@YAXPAVVariable@@@Z 004362a0 f   Language:pretty.obj
 0001:000352d0       ?ppvariable_Variable@@YAXPAVVariable@@@Z 004362d0 f   Language:pretty.obj
 0001:000353c0       ?ppvariable_list@@YAXPAVlist@@@Z 004363c0 f   Language:pretty.obj
 0001:000354c0       ?self_eval_Variable@@YAHPAVVariable@@@Z 004364c0 f   Language:pretty.obj
 0001:000354e0       ?write_value_Variable@@YAHPAVVariable@@H@Z 004364e0 f   Language:pretty.obj
 0001:00035570       ?self_eval_Vardef@@YAHPAVVardef@@@Z 00436570 f   Language:pretty.obj
 0001:00035600       ?self_eval_global_variable@@YAHPAVglobal_variable@@@Z 00436600 f   Language:pretty.obj
 0001:00035610       ?write_value_global_variable@@YAHPAVglobal_variable@@H@Z 00436610 f   Language:pretty.obj
 0001:000356a0       ?apply_lambda@@YAHPAVlambda@@PAVlist@@@Z 004366a0 f   Language:pretty.obj
 0001:000357e0       ?call_lambda2@@YAHPAVlambda@@PAVlistargs@@@Z 004367e0 f   Language:pretty.obj
 0001:00035800       ?self_print_lambda_Language@@YAHPAVlambda@@@Z 00436800 f   Language:pretty.obj
 0001:000358e0       ?lambda_I_list@@YAPAVlambda@@PAVlist@@H@Z 004368e0 f   Language:pretty.obj
 0001:00035a20       ?lexical_build_any@@YAHHPAVlist@@H@Z 00436a20 f   Language:pretty.obj
 0001:00036180       ?lexical_change_any@@YAHHPAVlist@@@Z 00437180 f   Language:pretty.obj
 0001:00036260       ?close_class@@YAPAVClaireClass@@PAV1@@Z 00437260 f   Language:pretty.obj
 0001:00036270       ?extract_symbol_any@@YAPAVsymbol@@H@Z 00437270 f   Language:pretty.obj
 0001:00036540       ?make_a_property_any@@YAPAVproperty@@H@Z 00437540 f   Language:pretty.obj
 0001:00036920       ?lbreak_void@@YAHXZ        00437920 f   Language:pretty.obj
 0001:00036990       ?put_buffer_void@@YAHXZ    00437990 f   Language:pretty.obj
 0001:000369c0       ?checkfar_void@@YAHXZ      004379c0 f   Language:pretty.obj
 0001:00036a10       ?lbreak_integer@@YAHH@Z    00437a10 f   Language:pretty.obj
 0001:00036a30       ?indent_integer@@YAHH@Z    00437a30 f   Language:pretty.obj
 0001:00036a80       ?set_level_void@@YAXXZ     00437a80 f   Language:pretty.obj
 0001:00036a90       ?set_level_integer@@YAXH@Z 00437a90 f   Language:pretty.obj
 0001:00036ab0       ?printbox_bag1@@YAHPAVbag@@HHPAD@Z 00437ab0 f   Language:pretty.obj
 0001:00036d30       ?printbox_bag2@@YAHPAVbag@@@Z 00437d30 f   Language:pretty.obj
 0001:00036d60       ?printbox_bag3@@YAHPAVbag@@PAD@Z 00437d60 f   Language:pretty.obj
 0001:00036d90       ?printl_bag@@YAXPAVbag@@PAD@Z 00437d90 f   Language:pretty.obj
 0001:00036fe0       ?printexp_any@@YAXHPAVClaireBoolean@@@Z 00437fe0 f   Language:pretty.obj
 0001:000375e0       ?pretty_print_any@@YAXH@Z  004385e0 f   Language:pretty.obj
 0001:00037640       ?self_print_list_Language@@YAXPAVlist@@@Z 00438640 f   Language:pretty.obj
 0001:000376e0       ?self_print_set_Language@@YAXPAVset@@@Z 004386e0 f   Language:pretty.obj
 0001:000377a0       ?self_print_tuple_Language@@YAXPAVtuple@@@Z 004387a0 f   Language:pretty.obj
 0001:000377d0       ?metaLoad@ReaderClass@@QAEXXZ 004387d0 f   Reader:Reader.obj
 0001:0003b010       ?self_eval_delimiter@@YAHPAVdelimiter@@@Z 0043c010 f   Reader:file.obj
 0001:0003b090       ?useless_c_integer@@YAPAVClaireBoolean@@H@Z 0043c090 f   Reader:file.obj
 0001:0003b0f0       ?skipc_meta_reader@@YAHPAVmeta_reader@@@Z 0043c0f0 f   Reader:file.obj
 0001:0003b180       ?skipc_I_meta_reader@@YAHPAVmeta_reader@@@Z 0043c180 f   Reader:file.obj
 0001:0003b250       ?cnext_meta_reader@@YAPAVmeta_reader@@PAV1@@Z 0043c250 f   Reader:file.obj
 0001:0003b270       ?findeol_meta_reader@@YAPAVClaireBoolean@@PAVmeta_reader@@@Z 0043c270 f   Reader:file.obj
 0001:0003b320       ?checkno_meta_reader@@YAHPAVmeta_reader@@HH@Z 0043c320 f   Reader:file.obj
 0001:0003b390       ?verify_any@@YAHHHH@Z      0043c390 f   Reader:file.obj
 0001:0003b3e0       ?Serror_string@@YAXPADPAVlist@@@Z 0043c3e0 f   Reader:file.obj
 0001:0003b460       ?extract_variable_any@@YAPAVVariable@@H@Z 0043c460 f   Reader:file.obj
 0001:0003b630       ?bind_I_meta_reader@@YAPAVlist@@PAVmeta_reader@@PAVVariable@@@Z 0043c630 f   Reader:file.obj
 0001:0003b6a0       ?unbind_I_meta_reader@@YAHPAVmeta_reader@@PAVlist@@@Z 0043c6a0 f   Reader:file.obj
 0001:0003b6e0       ?_7_string@@YAPADPAD0@Z    0043c6e0 f   Reader:file.obj
 0001:0003b7b0       ?restore_state_meta_reader@@YAXPAVmeta_reader@@@Z 0043c7b0 f   Reader:file.obj
 0001:0003b820       ?load_file_string@@YAHPADPAVClaireBoolean@@@Z 0043c820 f   Reader:file.obj
 0001:0003bde0       ?load_string@@YAHPAD@Z     0043cde0 f   Reader:file.obj
 0001:0003be00       ?sload_string@@YAHPAD@Z    0043ce00 f   Reader:file.obj
 0001:0003be20       ?load_file_module@@YAXPAVmodule@@PAVClaireBoolean@@@Z 0043ce20 f   Reader:file.obj
 0001:0003bfe0       ?load_module@@YAHPAVmodule@@@Z 0043cfe0 f   Reader:file.obj
 0001:0003c100       ?sload_module@@YAHPAVmodule@@@Z 0043d100 f   Reader:file.obj
 0001:0003c220       ?add_modules_module@@YAPAVlist@@PAVmodule@@PAVset@@PAV1@@Z 0043d220 f   Reader:file.obj
 0001:0003c4b0       ?add_modules_list@@YAPAVlist@@PAV1@@Z 0043d4b0 f   Reader:file.obj
 0001:0003c580       ?eload_string@@YAHPAD@Z    0043d580 f   Reader:file.obj
 0001:0003c950       ?readblock_port@@YAHPAVClairePort@@@Z 0043d950 f   Reader:file.obj
 0001:0003caf0       ?read_port@@YAHPAVClairePort@@@Z 0043daf0 f   Reader:file.obj
 0001:0003cce0       ?read_string@@YAHPAD@Z     0043dce0 f   Reader:file.obj
 0001:0003cea0       ?debug_if_possible_void@@YAHXZ 0043dea0 f   Reader:file.obj
 0001:0003cef0       ?print_exception_void@@YAHXZ 0043def0 f   Reader:file.obj
 0001:0003d130       ?show_any@@YAHH@Z          0043e130 f   Reader:file.obj
 0001:0003d270       ?kill_object@@YAHPAVClaireObject@@@Z 0043e270 f   Reader:file.obj
 0001:0003d300       ?kill_class@@YAHPAVClaireClass@@@Z 0043e300 f   Reader:file.obj
 0001:0003d380       ?min_integer@@YAHHH@Z      0043e380 f   Reader:file.obj
 0001:0003d390       ?max_integer@@YAHHH@Z      0043e390 f   Reader:file.obj
 0001:0003d3a0       ?min_any@@YAHHH@Z          0043e3a0 f   Reader:file.obj
 0001:0003d3e0       ?max_any@@YAHHH@Z          0043e3e0 f   Reader:file.obj
 0001:0003d420       ?hashgrow_list@@YAPAVlist@@PAV1@PAVproperty@@@Z 0043e420 f   Reader:file.obj
 0001:0003d530       ?known_ask_table@@YAPAVClaireBoolean@@PAVtable@@H@Z 0043e530 f   Reader:file.obj
 0001:0003d560       ?unknown_ask_table@@YAPAVClaireBoolean@@PAVtable@@H@Z 0043e560 f   Reader:file.obj
 0001:0003d590       ?float_I_string_@@YAHPAD@Z 0043e590 f   Reader:file.obj
 0001:0003d620       ?float_I_string@@YANPAD@Z  0043e620 f   Reader:file.obj
 0001:0003d770       ?_sup_equal_any@@YAPAVClaireBoolean@@HH@Z 0043e770 f   Reader:file.obj
 0001:0003d7a0       ?inspect_any@@YAHH@Z       0043e7a0 f   Reader:inspect.obj
 0001:0003db80       ?inspect_loop_any@@YAHHPAVlist@@@Z 0043eb80 f   Reader:inspect.obj
 0001:0003df60       ?get_from_integer_any@@YAHHH@Z 0043ef60 f   Reader:inspect.obj
 0001:0003e0c0       ?trace_on_any@@YAHH@Z      0043f0c0 f   Reader:inspect.obj
 0001:0003e4f0       ?untrace_any@@YAHH@Z       0043f4f0 f   Reader:inspect.obj
 0001:0003e820       ?spy_listargs2_Reader@@YAHPAVlistargs@@@Z 0043f820 f   Reader:inspect.obj
 0001:0003ea00       ?self_trace_Trace@@YAHPAVTrace@@@Z 0043fa00 f   Reader:inspect.obj
 0001:0003eb10       ?trace_rule_relation@@YAXPAVClaireRelation@@PADHHHH@Z 0043fb10 f   Reader:inspect.obj
 0001:0003ed10       ?stop_property@@YAHPAVproperty@@PAVlistargs@@@Z 0043fd10 f   Reader:inspect.obj
 0001:0003ee20       ?debug_void@@YAXXZ         0043fe20 f   Reader:inspect.obj
 0001:0003ee80       ?call_debug_void@@YAHXZ    0043fe80 f   Reader:inspect.obj
 0001:0003f0f0       ?breakpoint_void@@YAXXZ    004400f0 f   Reader:inspect.obj
 0001:0003f350       ?dn_integer@@YAXH@Z        00440350 f   Reader:inspect.obj
 0001:0003f4b0       ?up_integer@@YAXH@Z        004404b0 f   Reader:inspect.obj
 0001:0003f5f0       ?where_integer@@YAXH@Z     004405f0 f   Reader:inspect.obj
 0001:0003f650       ?print_debug_info_integer@@YAXHHH@Z 00440650 f   Reader:inspect.obj
 0001:0003f7e0       ?Show_integer@@YAHH@Z      004407e0 f   Reader:inspect.obj
 0001:0003f9e0       ?block_integer@@YAXH@Z     004409e0 f   Reader:inspect.obj
 0001:0003fd10       ?closure_build_lambda@@YAPAVlist@@PAVlambda@@@Z 00440d10 f   Reader:inspect.obj
 0001:0003fe40       ?closure_build_any@@YAXHPAVlist@@@Z 00440e40 f   Reader:inspect.obj
 0001:00040030       ?call_step_property_Reader@@YAXPAVproperty@@@Z 00441030 f   Reader:inspect.obj
 0001:000400e0       ?step_any@@YAXH@Z          004410e0 f   Reader:inspect.obj
 0001:00040280       ?mem_class@@YAHPAVClaireClass@@@Z 00441280 f   Reader:inspect.obj
 0001:00040410       ?PRget_property@@YAPAVPRcount@@PAVproperty@@@Z 00441410 f   Reader:inspect.obj
 0001:00040590       ?PRlook_property2@@YAHPAVproperty@@@Z 00441590 f   Reader:inspect.obj
 0001:000405c0       ?PRshow_property@@YAXPAVproperty@@@Z 004415c0 f   Reader:inspect.obj
 0001:000406e0       ?PRtime_property@@YAHPAVproperty@@@Z 004416e0 f   Reader:inspect.obj
 0001:00040730       ?PRshow_void@@YAHXZ        00441730 f   Reader:inspect.obj
 0001:00040ad0       ?dependents_method@@YAPAVset@@PAVmethod@@@Z 00441ad0 f   Reader:inspect.obj
 0001:00040c80       ?dependents_any@@YAHH@Z    00441c80 f   Reader:inspect.obj
 0001:00041020       ?PRdepends_property@@YAHPAVproperty@@0@Z 00442020 f   Reader:inspect.obj
 0001:00041060       ?DBregister_Call@@YAPAVCall@@PAV1@@Z 00442060 f   Reader:syntax.obj
 0001:00041220       ?Call_I_property@@YAPAVCall@@PAVproperty@@PAVlist@@@Z 00442220 f   Reader:syntax.obj
 0001:00041300       ?operation_ask_any@@YAPAVClaireBoolean@@H@Z 00442300 f   Reader:syntax.obj
 0001:00041420       ?combine_any@@YAHHHH@Z     00442420 f   Reader:syntax.obj
 0001:00041540       ?combine_I_any@@YAHHHH@Z   00442540 f   Reader:syntax.obj
 0001:000420e0       ?operation_I_any@@YAHH@Z   004430e0 f   Reader:syntax.obj
 0001:000423c0       ?operand_I_any@@YAHHH@Z    004433c0 f   Reader:syntax.obj
 0001:00042840       ?precedence_I_any@@YAHH@Z  00443840 f   Reader:syntax.obj
 0001:000428e0       ?nextstruct_meta_reader@@YAHPAVmeta_reader@@PAVkeyword@@1@Z 004438e0 f   Reader:syntax.obj
 0001:00042c00       ?readlet_meta_reader@@YAHPAVmeta_reader@@PAVkeyword@@@Z 00443c00 f   Reader:syntax.obj
 0001:00043300       ?readlet_star_meta_reader@@YAHPAVmeta_reader@@PAVlist@@HPAVkeyword@@@Z 00444300 f   Reader:syntax.obj
 0001:00043480       ?readwhen_meta_reader@@YAHPAVmeta_reader@@PAVkeyword@@@Z 00444480 f   Reader:syntax.obj
 0001:000436c0       ?readif_meta_reader@@YAHPAVmeta_reader@@H@Z 004446c0 f   Reader:syntax.obj
 0001:00043890       ?readcase_meta_reader@@YAHPAVmeta_reader@@PAVkeyword@@@Z 00444890 f   Reader:syntax.obj
 0001:00043b00       ?readset_meta_reader@@YAHPAVmeta_reader@@H@Z 00444b00 f   Reader:syntax.obj
 0001:00043fa0       ?dereference_any@@YAHH@Z   00444fa0 f   Reader:syntax.obj
 0001:00044150       ?nextseq_meta_reader@@YAHPAVmeta_reader@@H@Z 00445150 f   Reader:syntax.obj
 0001:000442f0       ?readblock_meta_reader@@YAHPAVmeta_reader@@HH@Z 004452f0 f   Reader:syntax.obj
 0001:00044640       ?Do_I_any@@YAHHH@Z         00445640 f   Reader:syntax.obj
 0001:000447e0       ?extract_of_type_Call@@YAPAVClaireType@@PAVCall@@@Z 004457e0 f   Reader:syntax.obj
 0001:000449a0       ?readcall_meta_reader@@YAHPAVmeta_reader@@HH@Z 004459a0 f   Reader:syntax.obj
 0001:000458d0       ?nextdefinition_meta_reader@@YAHPAVmeta_reader@@HHPAVClaireBoolean@@@Z 004468d0 f   Reader:syntax.obj
 0001:000460a0       ?nextmethod_meta_reader@@YAHPAVmeta_reader@@HHPAVClaireBoolean@@11@Z 004470a0 f   Reader:syntax.obj
 0001:00046290       ?nextinst_meta_reader@@YAHPAVmeta_reader@@H@Z 00447290 f   Reader:syntax.obj
 0001:00046a20       ?nextDefclass_meta_reader@@YAPAVDefclass@@PAVmeta_reader@@HPAVClaireBoolean@@@Z 00447a20 f   Reader:syntax.obj
 0001:00047090       ?next_meta_reader@@YAHPAVmeta_reader@@@Z 00448090 f   Reader:read.obj
 0001:000470a0       ?firstc_meta_reader@@YAHPAVmeta_reader@@@Z 004480a0 f   Reader:read.obj
 0001:000470b0       ?keyword_ask_any@@YAHH@Z   004480b0 f   Reader:read.obj
 0001:00047100       ?stop_ask_integer@@YAHH@Z  00448100 f   Reader:read.obj
 0001:00047180       ?nextunit_meta_reader@@YAHPAVmeta_reader@@@Z 00448180 f   Reader:read.obj
 0001:00047ae0       ?nexts_meta_reader@@YAHPAVmeta_reader@@PAVkeyword@@@Z 00448ae0 f   Reader:read.obj
 0001:00047d20       ?loopexp_meta_reader@@YAHPAVmeta_reader@@HPAVkeyword@@PAVClaireBoolean@@@Z 00448d20 f   Reader:read.obj
 0001:000483d0       ?nexte_meta_reader@@YAHPAVmeta_reader@@@Z 004493d0 f   Reader:read.obj
 0001:000484f0       ?nextexp_meta_reader@@YAHPAVmeta_reader@@PAVClaireBoolean@@@Z 004494f0 f   Reader:read.obj
 0001:00048ca0       ?nexti_meta_reader@@YAHPAVmeta_reader@@H@Z 00449ca0 f   Reader:read.obj
 0001:00049670       ?read_escape_meta_reader@@YAHPAVmeta_reader@@@Z 0044a670 f   Reader:read.obj
 0001:00049750       ?nextvariable_meta_reader@@YAHPAVmeta_reader@@H@Z 0044a750 f   Reader:read.obj
 0001:000498a0       ?nexts_I_meta_reader1@@YAHPAVmeta_reader@@PAVkeyword@@@Z 0044a8a0 f   Reader:read.obj
 0001:000499a0       ?nexte_I_meta_reader@@YAHPAVmeta_reader@@PAVkeyword@@@Z 0044a9a0 f   Reader:read.obj
 0001:00049a80       ?nexts_I_meta_reader2@@YAHPAVmeta_reader@@H@Z 0044aa80 f   Reader:read.obj
 0001:00049b80       ?nexts_I_meta_reader3@@YAHPAVmeta_reader@@PAVkeyword@@H@Z 0044ab80 f   Reader:read.obj
 0001:00049c90       ?extended_comment_ask_meta_reader@@YAPAVClaireBoolean@@PAVmeta_reader@@PAD@Z 0044ac90 f   Reader:read.obj
 0001:00049d40       ?extended_comment_I_meta_reader@@YAHPAVmeta_reader@@PAD@Z 0044ad40 f   Reader:read.obj
 0001:0004a000       ?metaLoad@OptimizeClass@@QAEXXZ 0044b000 f   Optimize:Optimize.obj
 0001:00050540       ?c_type_List_Optimize@@YAPAVClaireType@@PAVList@@@Z 00451540 f   Optimize:odefine.obj
 0001:00050710       ?c_code_List_Optimize@@YAHPAVList@@@Z 00451710 f   Optimize:odefine.obj
 0001:00050bb0       ?c_type_Set_Optimize@@YAPAVClaireType@@PAVSet@@@Z 00451bb0 f   Optimize:odefine.obj
 0001:00050d80       ?c_code_Set_Optimize@@YAHPAVSet@@@Z 00451d80 f   Optimize:odefine.obj
 0001:00051220       ?c_type_Tuple_Optimize@@YAPAVClaireType@@PAVTuple@@@Z 00452220 f   Optimize:odefine.obj
 0001:00051300       ?c_code_Tuple_Optimize@@YAHPAVTuple@@@Z 00452300 f   Optimize:odefine.obj
 0001:00051490       ?c_type_Definition_Optimize@@YAPAVClaireType@@PAVDefinition@@@Z 00452490 f   Optimize:odefine.obj
 0001:000514c0       ?c_code_Definition_Optimize@@YAHPAVDefinition@@PAVClaireClass@@@Z 004524c0 f   Optimize:odefine.obj
 0001:00051840       ?total_ask_class@@YAHPAVClaireClass@@PAVlist@@@Z 00452840 f   Optimize:odefine.obj
 0001:00051c70       ?analyze_I_class@@YAHPAVClaireClass@@HPAVlist@@1@Z 00452c70 f   Optimize:odefine.obj
 0001:00052600       ?c_code_Defobj_Optimize@@YAHPAVDefobj@@PAVClaireClass@@@Z 00453600 f   Optimize:odefine.obj
 0001:00052b60       ?c_code_Defclass_Optimize@@YAHPAVDefclass@@PAVClaireClass@@@Z 00453b60 f   Optimize:odefine.obj
 0001:00053080       ?c_type_Defmethod_Optimize@@YAPAVClaireType@@PAVDefmethod@@@Z 00454080 f   Optimize:odefine.obj
 0001:00053090       ?c_code_Defmethod_Optimize@@YAHPAVDefmethod@@@Z 00454090 f   Optimize:odefine.obj
 0001:00053870       ?add_method_property2@@YAPAVmethod@@PAVproperty@@PAVlist@@PAVClaireType@@HPAVClaireFunction@@3@Z 00454870 f   Optimize:odefine.obj
 0001:000538b0       ?add_method_I_method@@YAHPAVmethod@@PAVlist@@HHPAVClaireFunction@@@Z 004548b0 f   Optimize:odefine.obj
 0001:00053b20       ?extract_status_new_any@@YAPAVlist@@H@Z 00454b20 f   Optimize:odefine.obj
 0001:00054140       ?extract_signature_I_list@@YAPAVlist@@PAV1@@Z 00455140 f   Optimize:odefine.obj
 0001:00054360       ?_equalsig_ask_list@@YAPAVClaireBoolean@@PAVlist@@0@Z 00455360 f   Optimize:odefine.obj
 0001:000543a0       ?function_name_property_Optimize@@YAPADPAVproperty@@PAVlist@@H@Z 004553a0 f   Optimize:odefine.obj
 0001:00054680       ?compile_lambda_string@@YAHPADPAVlambda@@H@Z 00455680 f   Optimize:odefine.obj
 0001:000547b0       ?c_code_Defarray_Optimize@@YAHPAVDefarray@@@Z 004557b0 f   Optimize:odefine.obj
 0001:000558f0       ?compute_if_write_inverse_relation2@@YAXPAVClaireRelation@@@Z 004568f0 f   Optimize:odefine.obj
 0001:00056430       ?compute_set_write_relation2@@YAHPAVClaireRelation@@@Z 00457430 f   Optimize:odefine.obj
 0001:00056990       ?Produce_put_property2@@YAHPAVproperty@@PAVVariable@@H@Z 00457990 f   Optimize:odefine.obj
 0001:00056f40       ?Produce_erase_property2@@YAHPAVproperty@@PAVVariable@@@Z 00457f40 f   Optimize:odefine.obj
 0001:00057390       ?Produce_put_table2@@YAHPAVtable@@PAVVariable@@H@Z 00458390 f   Optimize:odefine.obj
 0001:00057600       ?Produce_get_relation2@@YAHPAVClaireRelation@@PAVVariable@@@Z 00458600 f   Optimize:odefine.obj
 0001:00057a70       ?Produce_remove_property2@@YAHPAVproperty@@PAVVariable@@H@Z 00458a70 f   Optimize:odefine.obj
 0001:00057e70       ?Produce_remove_table2@@YAHPAVtable@@PAVVariable@@H@Z 00458e70 f   Optimize:odefine.obj
 0001:000580f0       ?Tighten_relation2@@YAHPAVClaireRelation@@@Z 004590f0 f   Optimize:odefine.obj
 0001:00058310       ?lexical_num_any2@@YAXHH@Z 00459310 f   Optimize:odefine.obj
 0001:00058600       ?c_type_Defrule2_Optimize@@YAPAVClaireType@@PAVDefrule@@@Z 00459600 f   Optimize:odefine.obj
 0001:00058610       ?c_code_Defrule_Optimize@@YAHPAVDefrule@@PAVClaireClass@@@Z 00459610 f   Optimize:odefine.obj
 0001:00058a80       ?compile_if_write_relation@@YAXPAVClaireRelation@@@Z 00459a80 f   Optimize:odefine.obj
 0001:00059490       ?compileEventMethod_property@@YAXPAVproperty@@@Z 0045a490 f   Optimize:odefine.obj
 0001:000595b0       ?c_type_Assign_Optimize@@YAPAVClaireType@@PAVAssign@@@Z 0045a5b0 f   Optimize:ocontrol.obj
 0001:00059660       ?c_code_Assign_Optimize@@YAHPAVAssign@@@Z 0045a660 f   Optimize:ocontrol.obj
 0001:00059970       ?c_gc_ask_Assign@@YAPAVClaireBoolean@@PAVAssign@@@Z 0045a970 f   Optimize:ocontrol.obj
 0001:00059a20       ?c_type_Gassign_Optimize@@YAPAVClaireType@@PAVGassign@@@Z 0045aa20 f   Optimize:ocontrol.obj
 0001:00059ad0       ?c_code_Gassign_Optimize@@YAHPAVGassign@@@Z 0045aad0 f   Optimize:ocontrol.obj
 0001:00059d80       ?c_gc_ask_Gassign@@YAPAVClaireBoolean@@PAVGassign@@@Z 0045ad80 f   Optimize:ocontrol.obj
 0001:00059e30       ?c_type_And_Optimize@@YAPAVClaireType@@PAVAnd@@@Z 0045ae30 f   Optimize:ocontrol.obj
 0001:00059e40       ?c_code_And_Optimize@@YAHPAVAnd@@@Z 0045ae40 f   Optimize:ocontrol.obj
 0001:00059fd0       ?c_type_Or_Optimize@@YAPAVClaireType@@PAVOr@@@Z 0045afd0 f   Optimize:ocontrol.obj
 0001:00059fe0       ?c_code_Or_Optimize@@YAHPAVOr@@@Z 0045afe0 f   Optimize:ocontrol.obj
 0001:0005a170       ?c_type_Quote_Optimize@@YAPAVClaireType@@PAVQuote@@@Z 0045b170 f   Optimize:ocontrol.obj
 0001:0005a1a0       ?c_code_Quote_Optimize@@YAXPAVQuote@@@Z 0045b1a0 f   Optimize:ocontrol.obj
 0001:0005a1e0       ?c_type_to_protect_Optimize@@YAPAVClaireType@@PAVto_protect@@@Z 0045b1e0 f   Optimize:ocontrol.obj
 0001:0005a290       ?c_code_to_protect_Optimize@@YAHPAVto_protect@@@Z 0045b290 f   Optimize:ocontrol.obj
 0001:0005a2b0       ?c_gc_ask_to_protect@@YAPAVClaireBoolean@@PAVto_protect@@@Z 0045b2b0 f   Optimize:ocontrol.obj
 0001:0005a2c0       ?c_type_Return_Optimize@@YAPAVClaireType@@PAVReturn@@@Z 0045b2c0 f   Optimize:ocontrol.obj
 0001:0005a2d0       ?c_code_Return_Optimize@@YAHPAVReturn@@@Z 0045b2d0 f   Optimize:ocontrol.obj
 0001:0005a3f0       ?c_type_Handle_Optimize@@YAPAVClaireType@@PAVClaireHandle@@@Z 0045b3f0 f   Optimize:ocontrol.obj
 0001:0005a4f0       ?c_code_Handle_Optimize@@YAHPAVClaireHandle@@PAVClaireClass@@@Z 0045b4f0 f   Optimize:ocontrol.obj
 0001:0005a690       ?c_gc_ask_Handle@@YAPAVClaireBoolean@@PAVClaireHandle@@@Z 0045b690 f   Optimize:ocontrol.obj
 0001:0005a770       ?c_type_Cast_Optimize@@YAPAVClaireType@@PAVCast@@@Z 0045b770 f   Optimize:ocontrol.obj
 0001:0005a780       ?c_code_Cast_Optimize@@YAHPAVCast@@@Z 0045b780 f   Optimize:ocontrol.obj
 0001:0005aa00       ?c_type_Super_Optimize@@YAPAVClaireType@@PAVSuper@@@Z 0045ba00 f   Optimize:ocontrol.obj
 0001:0005abb0       ?c_code_Super_Optimize@@YAHPAVSuper@@@Z 0045bbb0 f   Optimize:ocontrol.obj
 0001:0005ae70       ?self_print_Call_function2@@YAXPAVCall_function2@@@Z 0045be70 f   Optimize:ocontrol.obj
 0001:0005aeb0       ?c_type_Call_function2_Optimize@@YAPAVClaireType@@PAVCall_function2@@@Z 0045beb0 f   Optimize:ocontrol.obj
 0001:0005aec0       ?c_code_Call_function2_Optimize@@YAHPAVCall_function2@@@Z 0045bec0 f   Optimize:ocontrol.obj
 0001:0005b000       ?c_code_Assert_Optimize@@YAHPAVAssert@@@Z 0045c000 f   Optimize:ocontrol.obj
 0001:0005b310       ?c_code_Trace_Optimize@@YAHPAVTrace@@@Z 0045c310 f   Optimize:ocontrol.obj
 0001:0005b9f0       ?c_type_Assert_Optimize@@YAPAVClaireType@@PAVAssert@@@Z 0045c9f0 f   Optimize:ocontrol.obj
 0001:0005ba00       ?c_type_Trace_Optimize@@YAPAVClaireType@@PAVTrace@@@Z 0045ca00 f   Optimize:ocontrol.obj
 0001:0005ba10       ?c_type_Branch_Optimize@@YAPAVClaireType@@PAVBranch@@@Z 0045ca10 f   Optimize:ocontrol.obj
 0001:0005ba20       ?c_code_Branch_Optimize@@YAHPAVBranch@@@Z 0045ca20 f   Optimize:ocontrol.obj
 0001:0005bf00       ?c_code_Macro_Optimize@@YAHPAVMacro@@PAVClaireClass@@@Z 0045cf00 f   Optimize:ocontrol.obj
 0001:0005bfd0       ?c_type_Macro_Optimize@@YAPAVClaireType@@PAVMacro@@@Z 0045cfd0 f   Optimize:ocontrol.obj
 0001:0005c0a0       ?c_type_Printf_Optimize@@YAPAVClaireType@@PAVPrintf@@@Z 0045d0a0 f   Optimize:ocontrol.obj
 0001:0005c0b0       ?c_code_Printf_Optimize@@YAHPAVPrintf@@@Z 0045d0b0 f   Optimize:ocontrol.obj
 0001:0005c610       ?c_type_Error_Optimize@@YAPAVClaireType@@PAVError@@@Z 0045d610 f   Optimize:ocontrol.obj
 0001:0005c620       ?c_code_Error_Optimize@@YAHPAVError@@@Z 0045d620 f   Optimize:ocontrol.obj
 0001:0005c9b0       ?extendedTest_ask_If@@YAPAVClaireType@@PAVIf@@@Z 0045d9b0 f   Optimize:ocontrol.obj
 0001:0005cb60       ?c_type_If_Optimize@@YAPAVClaireType@@PAVIf@@@Z 0045db60 f   Optimize:ocontrol.obj
 0001:0005cd60       ?c_code_If_Optimize@@YAHPAVIf@@PAVClaireClass@@@Z 0045dd60 f   Optimize:ocontrol.obj
 0001:0005cfc0       ?c_gc_ask_If@@YAPAVClaireBoolean@@PAVIf@@@Z 0045dfc0 f   Optimize:ocontrol.obj
 0001:0005d0a0       ?c_type_Case_Optimize@@YAPAVClaireType@@PAVCase@@@Z 0045e0a0 f   Optimize:ocontrol.obj
 0001:0005d500       ?c_code_Case_Optimize@@YAHPAVCase@@PAVClaireClass@@@Z 0045e500 f   Optimize:ocontrol.obj
 0001:0005dd50       ?c_type_Do_Optimize@@YAPAVClaireType@@PAVDo@@@Z 0045ed50 f   Optimize:ocontrol.obj
 0001:0005de10       ?c_code_Do_Optimize@@YAHPAVDo@@PAVClaireClass@@@Z 0045ee10 f   Optimize:ocontrol.obj
 0001:0005df70       ?c_gc_ask_Do@@YAPAVClaireBoolean@@PAVDo@@@Z 0045ef70 f   Optimize:ocontrol.obj
 0001:0005e030       ?c_type_Let_Optimize@@YAPAVClaireType@@PAVLet@@@Z 0045f030 f   Optimize:ocontrol.obj
 0001:0005e130       ?c_code_Let_Optimize@@YAHPAVLet@@PAVClaireClass@@@Z 0045f130 f   Optimize:ocontrol.obj
 0001:0005e330       ?c_type_When_Optimize@@YAPAVClaireType@@PAVWhen@@@Z 0045f330 f   Optimize:ocontrol.obj
 0001:0005e4d0       ?c_code_When_Optimize@@YAHPAVWhen@@PAVClaireClass@@@Z 0045f4d0 f   Optimize:ocontrol.obj
 0001:0005eca0       ?c_gc_ask_Let@@YAPAVClaireBoolean@@PAVLet@@@Z 0045fca0 f   Optimize:ocontrol.obj
 0001:0005ed50       ?c_type_For_Optimize@@YAPAVClaireType@@PAVFor@@@Z 0045fd50 f   Optimize:ocontrol.obj
 0001:0005ed60       ?c_code_For_Optimize@@YAHPAVFor@@PAVClaireClass@@@Z 0045fd60 f   Optimize:ocontrol.obj
 0001:0005f760       ?c_code_multiple_For@@YAHPAVFor@@PAVClaireType@@PAVClaireClass@@@Z 00460760 f   Optimize:ocontrol.obj
 0001:0005fc60       ?c_gc_ask_Iteration@@YAPAVClaireBoolean@@PAVIteration@@@Z 00460c60 f   Optimize:ocontrol.obj
 0001:0005fc70       ?c_type_Iteration_Optimize@@YAPAVClaireType@@PAVIteration@@@Z 00460c70 f   Optimize:ocontrol.obj
 0001:0005ff30       ?c_code_Iteration_Optimize@@YAHPAVIteration@@@Z 00460f30 f   Optimize:ocontrol.obj
 0001:000609b0       ?c_code_Select_Optimize@@YAHPAVSelect@@@Z 004619b0 f   Optimize:ocontrol.obj
 0001:000609d0       ?c_code_Lselect_Optimize@@YAHPAVLselect@@@Z 004619d0 f   Optimize:ocontrol.obj
 0001:000609f0       ?c_code_select_Iteration@@YAHPAVIteration@@PAVClaireClass@@@Z 004619f0 f   Optimize:ocontrol.obj
 0001:00060f90       ?inner_select_Iteration@@YAHPAVIteration@@HHH@Z 00461f90 f   Optimize:ocontrol.obj
 0001:00061320       ?c_type_Exists_Optimize@@YAPAVClaireType@@PAVExists@@@Z 00462320 f   Optimize:ocontrol.obj
 0001:00061440       ?c_code_Exists_Optimize@@YAHPAVExists@@PAVClaireClass@@@Z 00462440 f   Optimize:ocontrol.obj
 0001:00061c60       ?c_type_Image_Optimize@@YAPAVClaireType@@PAVImage@@@Z 00462c60 f   Optimize:ocontrol.obj
 0001:00061da0       ?c_type_Select_Optimize@@YAPAVClaireType@@PAVSelect@@@Z 00462da0 f   Optimize:ocontrol.obj
 0001:00061ef0       ?c_type_Lselect_Optimize@@YAPAVClaireType@@PAVLselect@@@Z 00462ef0 f   Optimize:ocontrol.obj
 0001:00062040       ?c_type_While_Optimize@@YAPAVClaireType@@PAVWhile@@@Z 00463040 f   Optimize:ocontrol.obj
 0001:00062050       ?c_code_While_Optimize@@YAHPAVWhile@@PAVClaireClass@@@Z 00463050 f   Optimize:ocontrol.obj
 0001:000621d0       ?Iterate_I_Iteration@@YAHPAVIteration@@@Z 004631d0 f   Optimize:ocontrol.obj
 0001:000622f0       ?iterate_Interval@@YAHPAVInterval@@PAVVariable@@H@Z 004632f0 f   Optimize:ocontrol.obj
 0001:000623d0       ?iterate_array@@YAHPAHPAVVariable@@H@Z 004633d0 f   Optimize:ocontrol.obj
 0001:00062410       ?Iterate_class@@YAHPAVClaireClass@@PAVVariable@@H@Z 00463410 f   Optimize:ocontrol.obj
 0001:000624b0       ?Iterate_any1@@YAHHPAVVariable@@H@Z 004634b0 f   Optimize:ocontrol.obj
 0001:00062630       ?Iterate_Lselect@@YAHPAVLselect@@PAVVariable@@H@Z 00463630 f   Optimize:ocontrol.obj
 0001:00062770       ?Iterate_Select@@YAHPAVSelect@@PAVVariable@@H@Z 00463770 f   Optimize:ocontrol.obj
 0001:000628b0       ?Iterate_Collect@@YAHPAVCollect@@PAVVariable@@H@Z 004638b0 f   Optimize:ocontrol.obj
 0001:000629a0       ?Iterate_any2@@YAHHPAVVariable@@H@Z 004639a0 f   Optimize:ocontrol.obj
 0001:00062b20       ?Iterate_any3@@YAHHPAVVariable@@H@Z 00463b20 f   Optimize:ocontrol.obj
 0001:00062ca0       ?restriction_I_property@@YAHPAVproperty@@PAVlist@@PAVClaireBoolean@@@Z 00463ca0 f   Optimize:ocall.obj
 0001:00062d10       ?restriction_I_list@@YAHPAVlist@@0PAVClaireBoolean@@@Z 00463d10 f   Optimize:ocall.obj
 0001:00062f40       ?restriction_I_class@@YAHPAVClaireClass@@PAVlist@@1@Z 00463f40 f   Optimize:ocall.obj
 0001:00063080       ?use_range_method@@YAPAVClaireType@@PAVmethod@@PAVlist@@@Z 00464080 f   Optimize:ocall.obj
 0001:000637f0       ?c_type_Call_Optimize@@YAPAVClaireType@@PAVCall@@@Z 004647f0 f   Optimize:ocall.obj
 0001:000640c0       ?c_code_Call_Optimize@@YAHPAVCall@@@Z 004650c0 f   Optimize:ocall.obj
 0001:000640e0       ?c_code_call_Call@@YAHPAVCall@@PAVClaireClass@@@Z 004650e0 f   Optimize:ocall.obj
 0001:000652f0       ?open_message_property@@YAPAVCall@@PAVproperty@@PAVlist@@@Z 004662f0 f   Optimize:ocall.obj
 0001:000656b0       ?c_gc_ask_Call@@YAPAVClaireBoolean@@PAVCall@@@Z 004666b0 f   Optimize:ocall.obj
 0001:000657c0       ?daccess_any@@YAHHPAVClaireBoolean@@@Z 004667c0 f   Optimize:ocall.obj
 0001:00065ad0       ?c_gc_ask_Call_slot@@YAPAVClaireBoolean@@PAVCall_slot@@@Z 00466ad0 f   Optimize:ocall.obj
 0001:00065c30       ?c_type_Call_slot_Optimize@@YAPAVClaireType@@PAVCall_slot@@@Z 00466c30 f   Optimize:ocall.obj
 0001:00065c40       ?c_type_Call_table_Optimize@@YAPAVClaireType@@PAVCall_table@@@Z 00466c40 f   Optimize:ocall.obj
 0001:00065c50       ?c_type_Call_array_Optimize@@YAPAVClaireType@@PAVCall_array@@@Z 00466c50 f   Optimize:ocall.obj
 0001:00065c70       ?c_code_write_Call@@YAHPAVCall@@@Z 00466c70 f   Optimize:ocall.obj
 0001:00066380       ?c_code_hold_property@@YAHPAVproperty@@HHPAVClaireBoolean@@@Z 00467380 f   Optimize:ocall.obj
 0001:00066860       ?c_code_add_Call@@YAHPAVCall@@@Z 00467860 f   Optimize:ocall.obj
 0001:00066e60       ?c_code_add_bag_Call@@YAHPAVCall@@@Z 00467e60 f   Optimize:ocall.obj
 0001:00067060       ?c_code_delete_Call@@YAHPAVCall@@@Z 00468060 f   Optimize:ocall.obj
 0001:000673d0       ?c_code_not_Select@@YAHPAVSelect@@@Z 004683d0 f   Optimize:ocall.obj
 0001:00067630       ?c_code_belong_Call@@YAHPAVCall@@@Z 00468630 f   Optimize:ocall.obj
 0001:00067a90       ?c_code_nth_Call@@YAHPAVCall@@@Z 00468a90 f   Optimize:ocall.obj
 0001:00068470       ?c_code_table_Call@@YAHPAVCall@@@Z 00469470 f   Optimize:ocall.obj
 0001:00068970       ?c_code_array_Call@@YAHPAVCall@@@Z 00469970 f   Optimize:ocall.obj
 0001:00068d40       ?Update_ask_relation@@YAPAVClaireBoolean@@PAVClaireRelation@@HH@Z 00469d40 f   Optimize:ocall.obj
 0001:00068f00       ?Update_ask_relation2@@YAPAVClaireBoolean@@PAVClaireRelation@@0@Z 00469f00 f   Optimize:ocall.obj
 0001:00068fa0       ?c_type_Update_Optimize@@YAPAVClaireType@@PAVUpdate@@@Z 00469fa0 f   Optimize:ocall.obj
 0001:00068fb0       ?c_code_method_method1@@YAHPAVmethod@@PAVlist@@1@Z 00469fb0 f   Optimize:ocall.obj
 0001:00068fe0       ?c_code_method_method2@@YAHPAVmethod@@PAVlist@@1PAVClaireClass@@@Z 00469fe0 f   Optimize:ocall.obj
 0001:00069280       ?Call_method_I_method@@YAHPAVmethod@@PAVlist@@@Z 0046a280 f   Optimize:ocall.obj
 0001:000695f0       ?c_type_Call_method_Optimize@@YAPAVClaireType@@PAVCall_method@@@Z 0046a5f0 f   Optimize:ocall.obj
 0001:000696e0       ?c_code_Call_method_Optimize@@YAHPAVCall_method@@@Z 0046a6e0 f   Optimize:ocall.obj
 0001:00069700       ?c_gc_ask_Call_method@@YAPAVClaireBoolean@@PAVCall_method@@@Z 0046a700 f   Optimize:ocall.obj
 0001:000699a0       ?functional_I_method_Optimize@@YAPAVClaireFunction@@PAVmethod@@@Z 0046a9a0 f   Optimize:ocall.obj
 0001:00069b10       ?nth_type_check_type@@YAHPAVClaireType@@00@Z 0046ab10 f   Optimize:ocall.obj
 0001:00069c10       ?c_inline_ask_method@@YAPAVClaireBoolean@@PAVmethod@@PAVlist@@@Z 0046ac10 f   Optimize:ocall.obj
 0001:00069e10       ?inline_optimize_ask_Call@@YAHPAVCall@@@Z 0046ae10 f   Optimize:ocall.obj
 0001:0006a040       ?self_print_to_protect@@YAXPAVto_protect@@@Z 0046b040 f   Optimize:otool.obj
 0001:0006a0f0       ?self_eval_to_protect@@YAHPAVto_protect@@@Z 0046b0f0 f   Optimize:otool.obj
 0001:0006a1b0       ?self_print_to_CL@@YAXPAVto_CL@@@Z 0046b1b0 f   Optimize:otool.obj
 0001:0006a290       ?c_type_to_CL_Optimize@@YAPAVClaireType@@PAVto_CL@@@Z 0046b290 f   Optimize:otool.obj
 0001:0006a350       ?c_gc_ask_to_CL@@YAPAVClaireBoolean@@PAVto_CL@@@Z 0046b350 f   Optimize:otool.obj
 0001:0006a450       ?self_print_to_C@@YAXPAVto_C@@@Z 0046b450 f   Optimize:otool.obj
 0001:0006a530       ?c_gc_ask_to_C@@YAPAVClaireBoolean@@PAVto_C@@@Z 0046b530 f   Optimize:otool.obj
 0001:0006a630       ?c_type_to_C_Optimize@@YAPAVClaireType@@PAVto_C@@@Z 0046b630 f   Optimize:otool.obj
 0001:0006a700       ?self_print_C_cast@@YAXPAVC_cast@@@Z 0046b700 f   Optimize:otool.obj
 0001:0006a7e0       ?c_gc_ask_C_cast@@YAPAVClaireBoolean@@PAVC_cast@@@Z 0046b7e0 f   Optimize:otool.obj
 0001:0006a890       ?c_type_C_cast_Optimize@@YAPAVClaireType@@PAVC_cast@@@Z 0046b890 f   Optimize:otool.obj
 0001:0006a8a0       ?c_code_C_cast_Optimize@@YAHPAVC_cast@@PAVClaireClass@@@Z 0046b8a0 f   Optimize:otool.obj
 0001:0006aa20       ?self_print_Pattern@@YAXPAVClairePattern@@@Z 0046ba20 f   Optimize:otool.obj
 0001:0006aaf0       ?_Z_any3@@YAPAVClaireBoolean@@HPAVClairePattern@@@Z 0046baf0 f   Optimize:otool.obj
 0001:0006aca0       ?glb_Pattern@@YAPAVClaireType@@PAVClairePattern@@PAV1@@Z 0046bca0 f   Optimize:otool.obj
 0001:0006acb0       ?less_ask_Pattern@@YAPAVClaireBoolean@@PAVClairePattern@@H@Z 0046bcb0 f   Optimize:otool.obj
 0001:0006ae40       ?less_ask_any@@YAPAVClaireBoolean@@HPAVClairePattern@@@Z 0046be40 f   Optimize:otool.obj
 0001:0006afa0       ?nth_property@@YAPAVClairePattern@@PAVproperty@@PAVtuple@@@Z 0046bfa0 f   Optimize:otool.obj
 0001:0006b080       ?warn_void@@YAHXZ          0046c080 f   Optimize:otool.obj
 0001:0006b150       ?Cerror_string@@YAXPADPAVlistargs@@@Z 0046c150 f   Optimize:otool.obj
 0001:0006b270       ?c_warn_Call@@YAHPAVCall@@H@Z 0046c270 f   Optimize:otool.obj
 0001:0006b510       ?c_warn_Super@@YAHPAVSuper@@H@Z 0046c510 f   Optimize:otool.obj
 0001:0006b6f0       ?c_warn_property@@YAHPAVproperty@@PAVlist@@1@Z 0046c6f0 f   Optimize:otool.obj
 0001:0006b740       ?c_warn_Variable@@YAHPAVVariable@@HPAVClaireType@@@Z 0046c740 f   Optimize:otool.obj
 0001:0006ba50       ?sort_equal_class@@YAHPAVClaireClass@@0@Z 0046ca50 f   Optimize:otool.obj
 0001:0006bb00       ?psort_any@@YAPAVClaireClass@@H@Z 0046cb00 f   Optimize:otool.obj
 0001:0006bb70       ?osort_any@@YAPAVClaireClass@@H@Z 0046cb70 f   Optimize:otool.obj
 0001:0006bba0       ?sort_Variable@@YAPAVClaireClass@@PAVVariable@@@Z 0046cba0 f   Optimize:otool.obj
 0001:0006bce0       ?stupid_t_any1@@YAPAVClaireClass@@H@Z 0046cce0 f   Optimize:otool.obj
 0001:0006cb80       ?stupid_t_any2@@YAPAVClaireBoolean@@HH@Z 0046db80 f   Optimize:otool.obj
 0001:0006cbc0       ?extended_ask_type@@YAPAVClaireBoolean@@PAVClaireType@@@Z 0046dbc0 f   Optimize:otool.obj
 0001:0006cc40       ?extends_type@@YAPAVClaireType@@PAV1@@Z 0046dc40 f   Optimize:otool.obj
 0001:0006cd00       ?sort_abstract_I_type@@YAPAVClaireType@@PAV1@@Z 0046dd00 f   Optimize:otool.obj
 0001:0006cee0       ?sort_abstract_ask_type@@YAPAVClaireBoolean@@PAVClaireType@@@Z 0046dee0 f   Optimize:otool.obj
 0001:0006cf50       ?ptype_type@@YAPAVClaireType@@PAV1@@Z 0046df50 f   Optimize:otool.obj
 0001:0006cfa0       ?pmember_type@@YAPAVClaireType@@PAV1@@Z 0046dfa0 f   Optimize:otool.obj
 0001:0006cfc0       ?enumerate_code_any@@YAHHPAVClaireType@@@Z 0046dfc0 f   Optimize:otool.obj
 0001:0006d0e0       ?range_infers_for_Variable@@YAHPAVVariable@@PAVClaireType@@1@Z 0046e0e0 f   Optimize:otool.obj
 0001:0006d300       ?range_infers_Variable@@YAHPAVVariable@@PAVClaireType@@@Z 0046e300 f   Optimize:otool.obj
 0001:0006d390       ?range_infer_case_any@@YAXHPAVClaireType@@@Z 0046e390 f   Optimize:otool.obj
 0001:0006d5e0       ?c_check_any@@YAHHH@Z      0046e5e0 f   Optimize:otool.obj
 0001:0006d740       ?range_sets_any@@YAXHPAVClaireType@@@Z 0046e740 f   Optimize:otool.obj
 0001:0006d990       ?c_srange_method@@YAPAVClaireClass@@PAVmethod@@@Z 0046e990 f   Optimize:otool.obj
 0001:0006d9c0       ?c_code_Type_Optimize@@YAHPAVType@@PAVClaireClass@@@Z 0046e9c0 f   Optimize:otool.obj
 0001:0006da90       ?self_code_subtype@@YAHPAVsubtype@@@Z 0046ea90 f   Optimize:otool.obj
 0001:0006dbe0       ?self_code_Param@@YAHPAVParam@@@Z 0046ebe0 f   Optimize:otool.obj
 0001:0006df00       ?self_code_Union@@YAHPAVUnion@@@Z 0046ef00 f   Optimize:otool.obj
 0001:0006e080       ?self_code_Interval@@YAHPAVInterval@@@Z 0046f080 f   Optimize:otool.obj
 0001:0006e180       ?self_code_Reference@@YAHPAVReference@@@Z 0046f180 f   Optimize:otool.obj
 0001:0006e460       ?self_code_Pattern@@YAHPAVClairePattern@@@Z 0046f460 f   Optimize:otool.obj
 0001:0006e630       ?member_code_class2@@YAHPAVClaireClass@@H@Z 0046f630 f   Optimize:otool.obj
 0001:0006e890       ?member_code_Type@@YAHPAVType@@H@Z 0046f890 f   Optimize:otool.obj
 0001:0006ea40       ?member_code_Union@@YAHPAVUnion@@H@Z 0046fa40 f   Optimize:otool.obj
 0001:0006eba0       ?member_code_Interval@@YAHPAVInterval@@H@Z 0046fba0 f   Optimize:otool.obj
[...]
 0003:0000ebe8       ??_C@_04PNLD@_two?$AA@     004efbe8     Kernel:Clport.obj
 0003:0000ebf0       ??_C@_07CLHI@_dollar?$AA@  004efbf0     Kernel:Clport.obj
 0003:0000ebf8       ??_C@_06ONBH@_prime?$AA@   004efbf8     Kernel:Clport.obj
 0003:0000ec00       ??_C@_02EILG@L_?$AA@       004efc00     Kernel:Clport.obj
 0003:0000ec04       ??_C@_06FGNM@_brack?$AA@   004efc04     Kernel:Clport.obj
 0003:0000ec0c       ??_C@_06GOCL@_tilda?$AA@   004efc0c     Kernel:Clport.obj
 0003:0000ec14       ??_C@_03BHEF@_at?$AA@      004efc14     Kernel:Clport.obj
 0003:0000ec18       ??_C@_04PCOD@_exp?$AA@     004efc18     Kernel:Clport.obj
 0003:0000ec20       ??_C@_06CCIA@_comma?$AA@   004efc20     Kernel:Clport.obj
 0003:0000ec28       ??_C@_06EIFA@_equal?$AA@   004efc28     Kernel:Clport.obj
 0003:0000ec30       ??_C@_04MGKK@_sup?$AA@     004efc30     Kernel:Clport.obj
 0003:0000ec38       ??_C@_04GBFI@_inf?$AA@     004efc38     Kernel:Clport.obj
 0003:0000ec40       ??_C@_02EPOC@_I?$AA@       004efc40     Kernel:Clport.obj
 0003:0000ec44       ??_C@_04DGGD@_ask?$AA@     004efc44     Kernel:Clport.obj
 0003:0000ec4c       ??_C@_05GCKN@_star?$AA@    004efc4c     Kernel:Clport.obj
 0003:0000ec54       ??_C@_02BJCL@_Z?$AA@       004efc54     Kernel:Clport.obj
 0003:0000ec58       ??_C@_05CGBA@_plus?$AA@    004efc58     Kernel:Clport.obj
 0003:0000ec60       ??_C@_05BJAO@_dash?$AA@    004efc60     Kernel:Clport.obj
 0003:0000ec68       ??_C@_04KEMD@_and?$AA@     004efc68     Kernel:Clport.obj
 0003:0000ec70       ??_C@_0L@LJCJ@_backslash?$AA@ 004efc70     Kernel:Clport.obj
 0003:0000ec7c       ??_C@_02LKHI@_7?$AA@       004efc7c     Kernel:Clport.obj
 0003:0000ec80       ??_C@_04BFF@_dot?$AA@      004efc80     Kernel:Clport.obj
 0003:0000ec88       ??_C@_05CKH@ms?4?5?6?$AA@  004efc88     Kernel:Clport.obj
 0003:0000ec90       ??_C@_0BB@NFFF@?$FN?5Elapsed?5time?3?5?$AA@ 004efc90     Kernel:Clport.obj
 0003:0000eca4       ??_C@_08OMEM@Counter?$FL?$AA@ 004efca4     Kernel:Clport.obj
 0003:0000ecb0       ??_C@_0CK@JLGA@increasing?5memory?5size?5by?52?$FO?$CFd?5a@ 004efcb0     Console:clConsole.obj
 0003:0000ecdc       ??_C@_0DK@KICL@There?5is?5not?5enough?5memory?5for?5C@ 004efcdc     Console:clConsole.obj
 0003:0000ed18       ??_C@_08JOEH@?0?5line?3?5?$AA@ 004efd18     Console:clConsole.obj
 0003:0000ed24       ??_C@_0M@PJAG@?9?9?9?9?5file?3?5?$AA@ 004efd24     Console:clConsole.obj
 0003:0000ed30       ??_C@_03BIJ@?$FN?$DO?5?$AA@ 004efd30     Console:clConsole.obj
 0003:0000ed34       ??_C@_05PLJF@eval?$FL?$AA@ 004efd34     Console:clConsole.obj
 0003:0000ed3c       ??_C@_02CPLA@?$DO?5?$AA@   004efd3c     Console:clConsole.obj
 0003:0000ed40       ??_C@_0CO@MOBO@?$DO?$DO?$DO?$DO?$DO?$DO?$DO?$DO?$DO?$DO?$DO?$DO?$DO?$DO?5please?5fix?5the?5in@ 004efd40     Console:clConsole.obj
 0003:0000ed70       ??_C@_0CA@IELM@d?3?2claire?2v2?49?2src?2make?2init?4cl?$AA@ 004efd70     Console:clConsole.obj
 0003:0000ed90       ??_C@_0CL@PFHB@?9?9?9?9?9?9?9?9?9?9?9?9?9?9?9?5Debug?5?9?9?9?9?9?9?9?9?9?9@ 004efd90     Console:clConsole.obj
 0003:0000edbc       ??_C@_02CEFE@?9f?$AA@      004efdbc     Console:clConsole.obj
 0003:0000edc0       ??_C@_0L@MAIF@?$CFs?$FL?$CFd?3?$CFd?$FN?$CI?$AA@ 004efdc0     Console:clConsole.obj
 0003:0000edcc       ??_C@_07NPDM@?$DM?$CFs?3?$CFd?$DO?$AA@ 004efdcc     Console:clConsole.obj
 0003:0000edd4       ??_C@_07BKHE@method?$DM?$AA@ 004efdd4     Console:clConsole.obj
 0003:0000eddc       ??_C@_05NPA@slot?$DM?$AA@  004efddc     Console:clConsole.obj
 0003:0000ede4       ??_C@_04ELGI@?8?$CFc?8?$AA@ 004efde4     Console:clConsole.obj
 0003:0000edec       ??_C@_03MEAP@?8?$CFs?$AA@  004efdec     Console:clConsole.obj
 0003:0000edf0       ??_C@_06HLEI@?$EA?$CFd?6?0?5?$AA@ 004efdf0     Console:clConsole.obj
 0003:0000edf8       ??_C@_05CLBC@EMPTY?$AA@    004efdf8     Console:clConsole.obj
 0003:0000ee00       ??_C@_0O@PCKO@Chunk?$FL?$CFd?3?$CFd?$FN?$CI?$AA@ 004efe00     Console:clConsole.obj
 0003:0000ee10       ??_C@_07DBHD@NOTHING?$AA@  004efe10     Console:clConsole.obj
 0003:0000ee18       ??_C@_04HPGM@?$CFs?3?5?$AA@ 004efe18     Console:clConsole.obj
 0003:0000ee20       __aexit_rtn                004efe20     LIBC:crt0.obj
 0003:0000ee24       ___app_type                004efe24     LIBC:crt0.obj
 0003:0000ee30       __fltused                  004efe30     LIBC:fpinit.obj
 0003:0000ee34       __ldused                   004efe34     LIBC:fpinit.obj
 0003:0000ee38       __FPinit                   004efe38     LIBC:fpinit.obj
 0003:0000ee3c       __FPmtinit                 004efe3c     LIBC:fpinit.obj
 0003:0000ee40       __FPmtterm                 004efe40     LIBC:fpinit.obj
 0003:0000ee50       __half                     004efe50     LIBC:pow.obj
 0003:0000ee68       __iob                      004efe68     LIBC:_file.obj
 0003:0000f0e8       __NLG_Destination          004f00e8     LIBC:exsup.obj
 0003:0000f0f8       __XcptActTab               004f00f8     LIBC:winxfltr.obj
 0003:0000f170       __First_FPE_Indx           004f0170     LIBC:winxfltr.obj
 0003:0000f174       __Num_FPE                  004f0174     LIBC:winxfltr.obj
 0003:0000f178       __XcptActTabCount          004f0178     LIBC:winxfltr.obj
 0003:0000f17c       __fpecode                  004f017c     LIBC:winxfltr.obj
 0003:0000f180       ___badioinfo               004f0180     LIBC:ioinit.obj
 0003:0000f188       __amblksiz                 004f0188     LIBC:heapinit.obj
 0003:0000f220       __cfltcvt_tab              004f0220     LIBC:cmiscdat.obj
 0003:0000f240       __infinity                 004f0240     LIBC:87tran.obj
 0003:0000f24a       __minfinity                004f024a     LIBC:87tran.obj
 0003:0000f254       __logemax                  004f0254     LIBC:87tran.obj
 0003:0000f284       __OP_EXPjmptab             004f0284     LIBC:87tran.obj
 0003:0000f2b0       __indefinite               004f02b0     LIBC:87disp.obj
 0003:0000f2ba       __piby2                    004f02ba     LIBC:87disp.obj
 0003:0000f2cc       __cpower                   004f02cc     LIBC:87disp.obj
 0003:0000f2e0       ___nullstring              004f02e0     LIBC:output.obj
 0003:0000f2e4       ___wnullstring             004f02e4     LIBC:output.obj
 0003:0000f2e8       __pctype                   004f02e8     LIBC:ctype.obj
 0003:0000f2ec       __pwctype                  004f02ec     LIBC:ctype.obj
 0003:0000f2f0       __ctype                    004f02f0     LIBC:ctype.obj
 0003:0000f4f4       ___mb_cur_max              004f04f4     LIBC:nlsdata1.obj
 0003:0000f4f8       ___decimal_point           004f04f8     LIBC:nlsdata1.obj
 0003:0000f4fc       ___decimal_point_length    004f04fc     LIBC:nlsdata1.obj
 0003:0000f500       __timezone                 004f0500     LIBC:timeset.obj
 0003:0000f504       __daylight                 004f0504     LIBC:timeset.obj
 0003:0000f508       __dstbias                  004f0508     LIBC:timeset.obj
 0003:0000f58c       __tzname                   004f058c     LIBC:timeset.obj
 0003:0000f690       __d_inf                    004f0690     LIBC:util.obj
 0003:0000f698       __d_ind                    004f0698     LIBC:util.obj
 0003:0000f6a0       __d_max                    004f06a0     LIBC:util.obj
 0003:0000f6a8       __d_min                    004f06a8     LIBC:util.obj
 0003:0000f6b0       __d_mzero                  004f06b0     LIBC:util.obj
 0003:0000f6f0       ___sbh_threshold           004f06f0     LIBC:sbheap.obj
 0003:0000f990       __lpdays                   004f0990     LIBC:days.obj
 0003:0000f9c4       __days                     004f09c4     LIBC:days.obj
 0003:0000f9f8       __matherr_flag             004f09f8     LIBC:matherr.obj
 0003:0000fb68       __p_overlay                004f0b68     LIBC:dospawn.obj
 0003:0000fb70       __pow10pos                 004f0b70     LIBC:constpow.obj
 0003:0000fcd0       __pow10neg                 004f0cd0     LIBC:constpow.obj
 0003:00012cf8       ?Core@@3VCoreClass@@A      004f3cf8     Core:Core.obj
 0003:00013000       ??_C@_00A@?$AA@            004f4000     Core:object.obj
 0003:00013008       ?Language@@3VLanguageClass@@A 004f4008     Language:Language.obj
 0003:00013254       ?iClaire@@3VNameSpace@@A   004f4254     Language:Language.obj
 0003:00013258       ?Reader@@3VReaderClass@@A  004f4258     Reader:Reader.obj
 0003:00013510       ?Compile@@3VNameSpace@@A   004f4510     Optimize:Optimize.obj
 0003:00013518       ?Optimize@@3VOptimizeClass@@A 004f4518     Optimize:Optimize.obj
 0003:000137f8       ?Generate@@3VGenerateClass@@A 004f47f8     Generate:Generate.obj
 0003:00013a60       ?mClaire@@3VNameSpace@@A   004f4a60     Kernel:Kernel.obj
 0003:00013a64       ?claire@@3VNameSpace@@A    004f4a64     Kernel:Kernel.obj
 0003:00013a68       ?Kernel@@3VKernelClass@@A  004f4a68     Kernel:Kernel.obj
 0003:00013da8       ?ClEnv@@3PAVClaireEnvironment@@A 004f4da8     Kernel:Kernel.obj
 0003:00013dac       ?CNULL@@3HA                004f4dac     Kernel:Kernel.obj
 0003:00013db0       ?ClRes@@3PAVClaireResource@@A 004f4db0     Kernel:Kernel.obj
 0003:00013db4       ?CFALSE@@3PAVClaireBoolean@@A 004f4db4     Kernel:Kernel.obj
 0003:00013db8       ?ClAlloc@@3PAVClaireAllocation@@A 004f4db8     Kernel:Clalloc.OBJ
 0003:00013dbc       ?CL_dummy@@3PAHA           004f4dbc     Kernel:Clalloc.OBJ
 0003:00013dc0       ?Cmemory@@3PAHA            004f4dc0     Kernel:Clalloc.OBJ
 0003:00013dc4       ?BadGuy@@3HA               004f4dc4     Kernel:Clalloc.OBJ
 0003:00013dc8       ?maxIndex@@3HA             004f4dc8     Kernel:Clalloc.OBJ
 0003:00013dcc       ?MyMark@@3PAVCPFile@@A     004f4dcc     Kernel:Clport.obj
 0003:00013e34       ?store_d@@3HA              004f4e34     Console:clConsole.obj
 0003:00013e38       ?store_i@@3HA              004f4e38     Console:clConsole.obj
 0003:00013e3c       ?store_b@@3HA              004f4e3c     Console:clConsole.obj
 0003:00013e40       ?STACK@@3PAVlist@@A        004f4e40     Console:clConsole.obj
 0003:00013e44       ?NBEVAL@@3HA               004f4e44     Console:clConsole.obj
 0003:00013e48       ?MODE@@3HA                 004f4e48     Console:clConsole.obj
 0003:00013e4c       __aenvptr                  004f4e4c     LIBC:crt0.obj
 0003:00013e50       __wenvptr                  004f4e50     LIBC:crt0.obj
 0003:00013e54       ___error_mode              004f4e54     LIBC:crt0.obj
 0003:00013e58       ___fastflag                004f4e58     LIBC:fpinit.obj
 0003:00013e5c       __adjust_fdiv              004f4e5c     LIBC:fpinit.obj
 0003:00013eb8       _errno                     004f4eb8     LIBC:crt0dat.obj
 0003:00013ebc       __doserrno                 004f4ebc     LIBC:crt0dat.obj
 0003:00013ec0       __umaskval                 004f4ec0     LIBC:crt0dat.obj
 0003:00013ec4       __osver                    004f4ec4     LIBC:crt0dat.obj
 0003:00013ec8       __winver                   004f4ec8     LIBC:crt0dat.obj
 0003:00013ecc       __winmajor                 004f4ecc     LIBC:crt0dat.obj
 0003:00013ed0       __winminor                 004f4ed0     LIBC:crt0dat.obj
 0003:00013ed4       ___argc                    004f4ed4     LIBC:crt0dat.obj
 0003:00013ed8       ___argv                    004f4ed8     LIBC:crt0dat.obj
 0003:00013edc       ___wargv                   004f4edc     LIBC:crt0dat.obj
 0003:00013ee0       __environ                  004f4ee0     LIBC:crt0dat.obj
 0003:00013ee4       ___initenv                 004f4ee4     LIBC:crt0dat.obj
 0003:00013ee8       __wenviron                 004f4ee8     LIBC:crt0dat.obj
 0003:00013eec       ___winitenv                004f4eec     LIBC:crt0dat.obj
 0003:00013ef0       __pgmptr                   004f4ef0     LIBC:crt0dat.obj
 0003:00013ef4       __wpgmptr                  004f4ef4     LIBC:crt0dat.obj
 0003:00013ef8       __exitflag                 004f4ef8     LIBC:crt0dat.obj
 0003:00013efc       __C_Termination_Done       004f4efc     LIBC:crt0dat.obj
 0003:00013f00       __C_Exit_Done              004f4f00     LIBC:crt0dat.obj
 0003:00013f04       __cflush                   004f4f04     LIBC:_file.obj
 0003:00013f08       __pxcptinfoptrs            004f4f08     LIBC:winxfltr.obj
 0003:00014014       __adbgmsg                  004f5014     LIBC:crt0msg.obj
 0003:00014028       __stdbuf                   004f5028     LIBC:_sftbuf.obj
 0003:00014114       __newmode                  004f5114     LIBC:_newmode.obj
 0003:00014118       ?_pnhHeap@@3P6AHI@ZA       004f5118     LIBC:handler.obj
 0003:00014164       ___lc_handle               004f5164     LIBC:nlsdata2.obj
 0003:0001417c       ___lc_codepage             004f517c     LIBC:nlsdata2.obj
 0003:00014180       ___lc_collate_cp           004f5180     LIBC:nlsdata2.obj
 0003:0001418c       __commode                  004f518c     LIBC:ncommode.obj
 0003:00014190       __fmode                    004f5190     LIBC:txtmode.obj
 0003:00014194       ___mbcodepage              004f5194     <common>
 0003:00014210       ___mbulinfo                004f5210     <common>
 0003:0001421c       ___ismbcodepage            004f521c     <common>
 0003:00014220       __mbcasemap                004f5220     <common>
 0003:00014320       __mbctype                  004f5320     <common>
 0003:00014424       ___mblcid                  004f5424     <common>
 0003:00014428       ___sbh_sizeHeaderList      004f5428     <common>
 0003:00014438       ___sbh_indGroupDefer       004f5438     <common>
 0003:0001443c       ___sbh_pHeaderScan         004f543c     <common>
 0003:00014440       ___sbh_pHeaderDefer        004f5440     <common>
 0003:00014444       ___sbh_cntHeaderList       004f5444     <common>
 0003:00014448       ___sbh_pHeaderList         004f5448     <common>
 0003:0001444c       __crtheap                  004f544c     <common>
 0003:00014460       ___pioinfo                 004f5460     <common>
 0003:0001459c       __nhandle                  004f559c     <common>
 0003:000145a0       ___piob                    004f55a0     <common>
 0003:000148e0       __bufin                    004f58e0     <common>
 0003:000158e0       __nstream                  004f68e0     <common>
 0003:000158e4       ___env_initialized         004f68e4     <common>
 0003:000158f4       ___mbctype_initialized     004f68f4     <common>
 0003:000158f8       ___onexitend               004f68f8     <common>
 0003:000158fc       ___onexitbegin             004f68fc     <common>
 0003:00015900       __acmdln                   004f6900     <common>
 0003:0001590c       __setjmpexused             004f690c     <common>
 0004:00000000       __IMPORT_DESCRIPTOR_KERNEL32 004f7000     kernel32:KERNEL32.dll
 0004:00000014       __NULL_IMPORT_DESCRIPTOR   004f7014     kernel32:KERNEL32.dll
 0004:00000168       __imp__GetProcAddress@8    004f7168     kernel32:KERNEL32.dll
 0004:0000016c       __imp__GetVersion@0        004f716c     kernel32:KERNEL32.dll
 0004:00000170       __imp__ExitProcess@4       004f7170     kernel32:KERNEL32.dll
 0004:00000174       __imp__GetTimeZoneInformation@4 004f7174     kernel32:KERNEL32.dll
 0004:00000178       __imp__GetSystemTime@4     004f7178     kernel32:KERNEL32.dll
 0004:0000017c       __imp__GetLocalTime@4      004f717c     kernel32:KERNEL32.dll
 0004:00000180       __imp__GetLastError@0      004f7180     kernel32:KERNEL32.dll
 0004:00000184       __imp__SetConsoleCtrlHandler@8 004f7184     kernel32:KERNEL32.dll
 0004:00000188       __imp__GetSystemTimeAsFileTime@4 004f7188     kernel32:KERNEL32.dll
 0004:0000018c       __imp__TerminateProcess@8  004f718c     kernel32:KERNEL32.dll
 0004:00000190       __imp__GetCurrentProcess@0 004f7190     kernel32:KERNEL32.dll
 0004:00000194       __imp__HeapAlloc@12        004f7194     kernel32:KERNEL32.dll
 0004:00000198       __imp__RtlUnwind@16        004f7198     kernel32:KERNEL32.dll
 0004:0000019c       __imp__UnhandledExceptionFilter@4 004f719c     kernel32:KERNEL32.dll
 0004:000001a0       __imp__GetModuleFileNameA@12 004f71a0     kernel32:KERNEL32.dll
 0004:000001a4       __imp__FreeEnvironmentStringsA@4 004f71a4     kernel32:KERNEL32.dll
 0004:000001a8       __imp__FreeEnvironmentStringsW@4 004f71a8     kernel32:KERNEL32.dll
 0004:000001ac       __imp__WideCharToMultiByte@32 004f71ac     kernel32:KERNEL32.dll
 0004:000001b0       __imp__GetEnvironmentStrings@0 004f71b0     kernel32:KERNEL32.dll
 0004:000001b4       __imp__GetEnvironmentStringsW@0 004f71b4     kernel32:KERNEL32.dll
 0004:000001b8       __imp__SetHandleCount@4    004f71b8     kernel32:KERNEL32.dll
 0004:000001bc       __imp__GetStdHandle@4      004f71bc     kernel32:KERNEL32.dll
 0004:000001c0       __imp__GetFileType@4       004f71c0     kernel32:KERNEL32.dll
 0004:000001c4       __imp__GetStartupInfoA@4   004f71c4     kernel32:KERNEL32.dll
 0004:000001c8       __imp__HeapDestroy@4       004f71c8     kernel32:KERNEL32.dll
 0004:000001cc       __imp__HeapCreate@12       004f71cc     kernel32:KERNEL32.dll
 0004:000001d0       __imp__VirtualFree@12      004f71d0     kernel32:KERNEL32.dll
 0004:000001d4       __imp__HeapFree@12         004f71d4     kernel32:KERNEL32.dll
 0004:000001d8       __imp__WriteFile@20        004f71d8     kernel32:KERNEL32.dll
 0004:000001dc       __imp__GetCommandLineA@0   004f71dc     kernel32:KERNEL32.dll
 0004:000001e0       __imp__GetModuleHandleA@4  004f71e0     kernel32:KERNEL32.dll
 0004:000001e4       __imp__RaiseException@16   004f71e4     kernel32:KERNEL32.dll
 0004:000001e8       __imp__ReadFile@20         004f71e8     kernel32:KERNEL32.dll
 0004:000001ec       __imp__SetFilePointer@16   004f71ec     kernel32:KERNEL32.dll
 0004:000001f0       __imp__FlushFileBuffers@4  004f71f0     kernel32:KERNEL32.dll
 0004:000001f4       __imp__CloseHandle@4       004f71f4     kernel32:KERNEL32.dll
 0004:000001f8       __imp__GetFileAttributesA@4 004f71f8     kernel32:KERNEL32.dll
 0004:000001fc       __imp__VirtualAlloc@16     004f71fc     kernel32:KERNEL32.dll
 0004:00000200       __imp__HeapReAlloc@16      004f7200     kernel32:KERNEL32.dll
 0004:00000204       __imp__IsBadWritePtr@8     004f7204     kernel32:KERNEL32.dll
 0004:00000208       __imp__GetCPInfo@8         004f7208     kernel32:KERNEL32.dll
 0004:0000020c       __imp__GetACP@0            004f720c     kernel32:KERNEL32.dll
 0004:00000210       __imp__GetOEMCP@0          004f7210     kernel32:KERNEL32.dll
 0004:00000214       __imp__LoadLibraryA@4      004f7214     kernel32:KERNEL32.dll
 0004:00000218       __imp__MultiByteToWideChar@24 004f7218     kernel32:KERNEL32.dll
 0004:0000021c       __imp__LCMapStringA@24     004f721c     kernel32:KERNEL32.dll
 0004:00000220       __imp__LCMapStringW@24     004f7220     kernel32:KERNEL32.dll
 0004:00000224       __imp__GetStringTypeA@20   004f7224     kernel32:KERNEL32.dll
 0004:00000228       __imp__GetStringTypeW@16   004f7228     kernel32:KERNEL32.dll
 0004:0000022c       __imp__CompareStringA@24   004f722c     kernel32:KERNEL32.dll
 0004:00000230       __imp__CompareStringW@24   004f7230     kernel32:KERNEL32.dll
 0004:00000234       __imp__SetEnvironmentVariableA@8 004f7234     kernel32:KERNEL32.dll
 0004:00000238       __imp__SetStdHandle@8      004f7238     kernel32:KERNEL32.dll
 0004:0000023c       __imp__CreateFileA@28      004f723c     kernel32:KERNEL32.dll
 0004:00000240       __imp__GetExitCodeProcess@8 004f7240     kernel32:KERNEL32.dll
 0004:00000244       __imp__WaitForSingleObject@8 004f7244     kernel32:KERNEL32.dll
 0004:00000248       __imp__CreateProcessA@40   004f7248     kernel32:KERNEL32.dll
 0004:0000024c       __imp__SetEndOfFile@4      004f724c     kernel32:KERNEL32.dll
 0004:00000250       \177KERNEL32_NULL_THUNK_DATA 004f7250     kernel32:KERNEL32.dll

 entry point at        0001:000a55b7

