 sclaire

 Timestamp is 3e4bfae7 (Thu Feb 13 21:07:03 2003)

 Preferred load address is 00400000

 Start         Length     Name                   Class
 0001:00000000 000dcf5dH .text                   CODE
 0002:00000000 000008deH .rdata                  DATA
 0002:000008de 00000000H .edata                  DATA
 0003:00000000 00000104H .CRT$XCA                DATA
 0003:00000104 00000104H .CRT$XCZ                DATA
 0003:00000208 00000104H .CRT$XIA                DATA
 0003:0000030c 0000010eH .CRT$XIC                DATA
 0003:0000041c 00000104H .CRT$XIZ                DATA
 0003:00000520 00000104H .CRT$XPA                DATA
 0003:00000624 00000104H .CRT$XPX                DATA
 0003:00000728 00000104H .CRT$XPZ                DATA
 0003:0000082c 00000104H .CRT$XTA                DATA
 0003:00000930 00000104H .CRT$XTZ                DATA
 0003:00000a40 00011ebaH .data                   DATA
 0003:00012900 00002c38H .bss                    DATA
 0004:00000000 00000014H .idata$2                DATA
 0004:00000014 00000014H .idata$3                DATA
 0004:00000028 00000140H .idata$4                DATA
 0004:00000168 00000140H .idata$5                DATA
 0004:000002a8 00000585H .idata$6                DATA

  Address         Publics by Value              Rva+Base     Lib:Object

 0001:00000080       ?loadModules@@YAXXZ        00401080 f   cclaire-s.obj
 0001:000006b0       ?call_main@@YAXXZ          004016b0 f   cclaire-s.obj
 0001:000006d0       ?external_I_module@@YAPADPAVmodule@@@Z 004016d0 f   ccmain.obj
 0001:00000700       ?string2module_string@@YAPAVmodule@@PAD@Z 00401700 f   ccmain.obj
 0001:00000840       ?printHelp_void@@YAXXZ     00401840 f   ccmain.obj
 0001:00000960       ?main_list@@YAXPAVlist@@@Z 00401960 f   ccmain.obj
 0001:00002120       ?function_compile_string@@YAXPAD0@Z 00403120 f   ccmain.obj
 0001:00002520       ?lib_I_any@@YAXHPAVlist@@@Z 00403520 f   ccmain.obj
 0001:000029b0       ?files_I_any@@YAXHPAVClaireBoolean@@PAD@Z 004039b0 f   ccmain.obj
 0001:00002de0       ?cmakefile_any@@YAXHPAD@Z  00403de0 f   ccmain.obj
 0001:000031c0       ?create_makefile_nt_any@@YAXHPADPAVlist@@@Z 004041c0 f   ccmain.obj
 0001:00003ad0       ?create_makefile_unix_any@@YAXHPADPAVlist@@@Z 00404ad0 f   ccmain.obj
 0001:00004270       ?metaLoad@CoreClass@@QAEXXZ 00405270 f   Core:Core.obj
 0001:0000b550       ?release_void@@YAHXZ       0040c550 f   Core:object.obj
 0001:0000b590       ?about_void@@YAHXZ         0040c590 f   Core:object.obj
 0001:0000b700       ?get_args_integer@@YAPAVlist@@H@Z 0040c700 f   Core:object.obj
 0001:0000b7b0       ?funcall_method1@@YAHPAVmethod@@H@Z 0040c7b0 f   Core:object.obj
 0001:0000b7f0       ?funcall_method2@@YAHPAVmethod@@HH@Z 0040c7f0 f   Core:object.obj
 0001:0000b850       ?funcall_method3@@YAHPAVmethod@@HHH@Z 0040c850 f   Core:object.obj
 0001:0000b8e0       ?apply_function@@YAHPAVClaireFunction@@PAVlist@@1@Z 0040c8e0 f   Core:object.obj
 0001:0000b950       ?call_property@@YAHPAVproperty@@PAVlistargs@@@Z 0040c950 f   Core:object.obj
 0001:0000b970       ?apply_property@@YAHPAVproperty@@PAVlist@@@Z 0040c970 f   Core:object.obj
 0001:0000ba20       ?apply_method@@YAHPAVmethod@@PAVlist@@@Z 0040ca20 f   Core:object.obj
 0001:0000ba90       ?push_debug_property@@YAXPAVproperty@@HH@Z 0040ca90 f   Core:object.obj
 0001:0000c0d0       ?pop_debug_property@@YAXPAVproperty@@HH@Z 0040d0d0 f   Core:object.obj
 0001:0000c2e0       ?tr_indent_boolean@@YAXPAVClaireBoolean@@H@Z 0040d2e0 f   Core:object.obj
 0001:0000c370       ?identified_ask_class@@YAPAVClaireBoolean@@PAVClaireClass@@@Z 0040d370 f   Core:object.obj
 0001:0000c400       ?identical_ask_any@@YAPAVClaireBoolean@@HH@Z 0040d400 f   Core:object.obj
 0001:0000c420       ?put_property2@@YAHPAVproperty@@PAVClaireObject@@H@Z 0040d420 f   Core:object.obj
 0001:0000c570       ?add_value_property3@@YAXPAVproperty@@PAVClaireObject@@H@Z 0040d570 f   Core:object.obj
 0001:0000c770       ?nth_table1@@YAHPAVtable@@H@Z 0040d770 f   Core:object.obj
 0001:0000c9c0       ?nth_table1_type@@YAPAVClaireType@@PAV1@0@Z 0040d9c0 f   Core:object.obj
 0001:0000ca90       ?get_table@@YAHPAVtable@@H@Z 0040da90 f   Core:object.obj
 0001:0000cae0       ?get_table_type@@YAPAVClaireType@@PAV1@0@Z 0040dae0 f   Core:object.obj
 0001:0000cbe0       ?nth_equal_table1@@YAXPAVtable@@HH@Z 0040dbe0 f   Core:object.obj
 0001:0000cce0       ?nth_put_table@@YAXPAVtable@@HH@Z 0040dce0 f   Core:object.obj
 0001:0000d000       ?put_table@@YAXPAVtable@@HH@Z 0040e000 f   Core:object.obj
 0001:0000d180       ?add_table@@YAXPAVtable@@HH@Z 0040e180 f   Core:object.obj
 0001:0000d290       ?add_I_table@@YAXPAVtable@@HH@Z 0040e290 f   Core:object.obj
 0001:0000d310       ?add_value_array@@YAPAVClaireBoolean@@PAVtable@@HPAVbag@@H@Z 0040e310 f   Core:object.obj
 0001:0000d4a0       ?add_value_table3@@YAXPAVtable@@HH@Z 0040e4a0 f   Core:object.obj
 0001:0000d4e0       ?delete_table@@YAHPAVtable@@HH@Z 0040e4e0 f   Core:object.obj
 0001:0000d590       ?nth_table2@@YAHPAVtable@@HH@Z 0040e590 f   Core:object.obj
 0001:0000d780       ?nth_table2_type@@YAPAVClaireType@@PAV1@00@Z 0040e780 f   Core:object.obj
 0001:0000d850       ?nth_equal_table2@@YAXPAVtable@@HHH@Z 0040e850 f   Core:object.obj
 0001:0000da90       ?get_index_table1@@YAHPAVtable@@H@Z 0040ea90 f   Core:object.obj
 0001:0000dbb0       ?get_index_table2@@YAHPAVtable@@HH@Z 0040ebb0 f   Core:object.obj
 0001:0000dbe0       ?erase_table@@YAHPAVtable@@@Z 0040ebe0 f   Core:object.obj
 0001:0000deb0       ?make_table_type@@YAPAVtable@@PAVClaireType@@0H@Z 0040eeb0 f   Core:object.obj
 0001:0000df10       ?funcall_lambda1@@YAHPAVlambda@@H@Z 0040ef10 f   Core:object.obj
 0001:0000e030       ?funcall_lambda2@@YAHPAVlambda@@HH@Z 0040f030 f   Core:object.obj
 0001:0000e170       ?funcall_lambda3@@YAHPAVlambda@@HHH@Z 0040f170 f   Core:object.obj
 0001:0000e2d0       ?check_inverse_any@@YAXHH@Z 0040f2d0 f   Core:object.obj
 0001:0000e4a0       ?invert_relation@@YAPAVbag@@PAVClaireRelation@@H@Z 0040f4a0 f   Core:object.obj
 0001:0000ea70       ?domain_I_restriction@@YAPAVClaireClass@@PAVrestriction@@@Z 0040fa70 f   Core:object.obj
 0001:0000eaa0       ?methods_class@@YAPAVset@@PAVClaireClass@@0@Z 0040faa0 f   Core:object.obj
 0001:0000ebf0       ?reify_listargs@@YAHPAVlistargs@@@Z 0040fbf0 f   Core:object.obj
 0001:0000ecd0       ?self_print_general_error_Core@@YAXPAVgeneral_error@@@Z 0040fcd0 f   Core:object.obj
 0001:0000edb0       ?self_print_read_slot_error_Core@@YAXPAVread_slot_error@@@Z 0040fdb0 f   Core:object.obj
 0001:0000ee80       ?self_print_range_error_Core@@YAXPAVrange_error@@@Z 0040fe80 f   Core:object.obj
 0001:0000ef70       ?self_print_selector_error_Core@@YAXPAVselector_error@@@Z 0040ff70 f   Core:object.obj
 0001:0000f0a0       ?self_print_return_error_Core@@YAXPAVreturn_error@@@Z 004100a0 f   Core:object.obj
 0001:0000f0b0       ?self_print_system_error_Core@@YAXPAVsystem_error@@@Z 004100b0 f   Core:object.obj
 0001:0000f3b0       ?self_print_contradiction_Core@@YAXPAVcontradiction@@@Z 004103b0 f   Core:object.obj
 0001:0000f3c0       ?format_string@@YAXPADPAVlist@@@Z 004103c0 f   Core:object.obj
 0001:0000f570       ?tformat_string@@YAHPADHPAVlist@@@Z 00410570 f   Core:object.obj
 0001:0000f5c0       ?princ_bag@@YAXPAVbag@@@Z  004105c0 f   Core:object.obj
 0001:0000f620       ?close_global_variable@@YAPAVglobal_variable@@PAV1@@Z 00410620 f   Core:object.obj
 0001:0000f6a0       ?contradiction_I_void@@YAXXZ 004106a0 f   Core:object.obj
 0001:0000f6c0       ?print_in_string_void@@YAXXZ 004106c0 f   Core:function.obj
 0001:0000f770       ?end_of_print_void@@YAPADXZ 00410770 f   Core:function.obj
 0001:0000f7b0       ?buffer_length_void@@YAHXZ 004107b0 f   Core:function.obj
 0001:0000f7d0       ?buffer_set_length_integer@@YAXH@Z 004107d0 f   Core:function.obj
 0001:0000f7f0       ?apply_self_print_any@@YAXH@Z 004107f0 f   Core:function.obj
 0001:0000fb40       ?self_print_any_Core@@YAXH@Z 00410b40 f   Core:function.obj
 0001:0000fbb0       ?self_print_boolean_Core@@YAXPAVClaireBoolean@@@Z 00410bb0 f   Core:function.obj
 0001:0000fbe0       ?self_print_function_Core@@YAXPAVClaireFunction@@@Z 00410be0 f   Core:function.obj
 0001:0000fc10       ?self_print_restriction_Core@@YAXPAVrestriction@@@Z 00410c10 f   Core:function.obj
 0001:0000fd40       ?print_any@@YAXH@Z         00410d40 f   Core:function.obj
 0001:0000ff10       ?short_enough_integer@@YAPAVClaireBoolean@@H@Z 00410f10 f   Core:function.obj
 0001:0000ff30       ?complete_I_object@@YAPAVClaireObject@@PAV1@@Z 00410f30 f   Core:function.obj
 0001:00010270       ?not_any@@YAPAVClaireBoolean@@H@Z 00411270 f   Core:function.obj
 0001:000102b0       ?_I_equal_any@@YAPAVClaireBoolean@@HH@Z 004112b0 f   Core:function.obj
 0001:000102e0       ?owner_any@@YAPAVClaireClass@@H@Z 004112e0 f   Core:function.obj
 0001:00010310       ?known_ask_any@@YAPAVClaireBoolean@@H@Z 00411310 f   Core:function.obj
 0001:00010330       ?unknown_ask_any@@YAPAVClaireBoolean@@H@Z 00411330 f   Core:function.obj
 0001:00010350       ?check_in_any@@YAHHPAVClaireType@@@Z 00411350 f   Core:function.obj
 0001:000103f0       ?check_in_bag@@YAPAVbag@@PAV1@PAVClaireClass@@PAVClaireType@@@Z 004113f0 f   Core:function.obj
 0001:00010500       ?_inf_any@@YAPAVClaireBoolean@@HH@Z 00411500 f   Core:function.obj
 0001:00010550       ?_sup_any@@YAPAVClaireBoolean@@HH@Z 00411550 f   Core:function.obj
 0001:000105a0       ?ephemeral_class@@YAHPAVClaireClass@@@Z 004115a0 f   Core:function.obj
 0001:00010690       ?abstract_class@@YAHPAVClaireClass@@@Z 00411690 f   Core:function.obj
 0001:00010740       ?final_class@@YAHPAVClaireClass@@@Z 00411740 f   Core:function.obj
 0001:000107f0       ?new_class1@@YAPAVClaireObject@@PAVClaireClass@@@Z 004117f0 f   Core:function.obj
 0001:00010930       ?new_class1_type@@YAPAVClaireType@@PAV1@@Z 00411930 f   Core:function.obj
 0001:000109e0       ?new_class2@@YAPAVthing@@PAVClaireClass@@PAVsymbol@@@Z 004119e0 f   Core:function.obj
 0001:00010a60       ?new_class2_type@@YAPAVClaireType@@PAV1@0@Z 00411a60 f   Core:function.obj
 0001:00010b10       ?new_object_class_type@@YAPAVClaireType@@PAV1@@Z 00411b10 f   Core:function.obj
 0001:00010bc0       ?new_thing_class_type@@YAPAVClaireType@@PAV1@0@Z 00411bc0 f   Core:function.obj
 0001:00010c70       ?meet_class@@YAPAVClaireClass@@PAV1@0@Z 00411c70 f   Core:function.obj
 0001:00010cf0       ?inherit_ask_class@@YAPAVClaireBoolean@@PAVClaireClass@@0@Z 00411cf0 f   Core:function.obj
 0001:00010d30       ?abstract_property@@YAHPAVproperty@@@Z 00411d30 f   Core:function.obj
 0001:00010dd0       ?final_relation@@YAXPAVClaireRelation@@@Z 00411dd0 f   Core:function.obj
 0001:00010f60       ?close_module@@YAPAVmodule@@PAV1@@Z 00411f60 f   Core:function.obj
 0001:00011140       ?get_symbol_string@@YAHPAD@Z 00412140 f   Core:function.obj
 0001:00011160       ?gensym_void@@YAPAVsymbol@@XZ 00412160 f   Core:function.obj
 0001:00011170       ?store_list4@@YAHPAVlist@@HH@Z 00412170 f   Core:function.obj
 0001:00011220       ?store_array1@@YAHPAHHH@Z  00412220 f   Core:function.obj
 0001:00011240       ?commit_integer@@YAXH@Z    00412240 f   Core:function.obj
 0001:00011260       ?backtrack_integer@@YAXH@Z 00412260 f   Core:function.obj
 0001:00011280       ?store_listargs@@YAHPAVlistargs@@@Z 00412280 f   Core:function.obj
 0001:00011420       ?symbol_I_string2@@YAPAVsymbol@@PAD@Z 00412420 f   Core:function.obj
 0001:00011440       ?externC_string@@YAXPAD@Z  00412440 f   Core:function.obj
 0001:000114a0       ?externC_string2@@YAHPADPAVClaireClass@@@Z 004124a0 f   Core:function.obj
 0001:00011510       ?externC_string2_type@@YAPAVClaireType@@PAV1@0@Z 00412510 f   Core:function.obj
 0001:00011520       ?nth_get_string@@YAPAVClaireChar@@PADHH@Z 00412520 f   Core:function.obj
 0001:00011590       ?nth_put_string@@YAXPADHPAVClaireChar@@H@Z 00412590 f   Core:function.obj
 0001:000115f0       ?make_string_symbol@@YAPADPAVsymbol@@@Z 004125f0 f   Core:function.obj
 0001:00011610       ?self_print_symbol_Core@@YAHPAVsymbol@@@Z 00412610 f   Core:function.obj
 0001:00011670       ?_plus_integer@@YAHHH@Z    00412670 f   Core:function.obj
 0001:000116a0       ?_plus_integer_type@@YAPAVClaireType@@PAV1@0@Z 004126a0 f   Core:function.obj
 0001:000116c0       ?_dash_integer1@@YAHHH@Z   004126c0 f   Core:function.obj
 0001:000116d0       ?_dash_integer1_type@@YAPAVClaireType@@PAV1@0@Z 004126d0 f   Core:function.obj
 0001:000116f0       ?_inf_inf_integer@@YAHHH@Z 004126f0 f   Core:function.obj
 0001:00011700       ?_sup_sup_integer@@YAHHH@Z 00412700 f   Core:function.obj
 0001:00011710       ?and_integer@@YAHHH@Z      00412710 f   Core:function.obj
 0001:00011720       ?or_integer@@YAHHH@Z       00412720 f   Core:function.obj
 0001:00011730       ?_inf_integer@@YAPAVClaireBoolean@@HH@Z 00412730 f   Core:function.obj
 0001:00011750       ?_inf_equal_integer@@YAPAVClaireBoolean@@HH@Z 00412750 f   Core:function.obj
 0001:00011770       ?_sup_integer@@YAPAVClaireBoolean@@HH@Z 00412770 f   Core:function.obj
 0001:00011790       ?nth_integer@@YAPAVClaireBoolean@@HH@Z 00412790 f   Core:function.obj
 0001:000117b0       ?factor_ask_integer@@YAPAVClaireBoolean@@HH@Z 004127b0 f   Core:function.obj
 0001:000117d0       ?divide_ask_integer@@YAPAVClaireBoolean@@HH@Z 004127d0 f   Core:function.obj
 0001:000117f0       ?Id_any@@YAHH@Z            004127f0 f   Core:function.obj
 0001:00011800       ?Id_any_type@@YAPAVClaireType@@PAV1@@Z 00412800 f   Core:function.obj
 0001:00011810       ?pair_any@@YAPAVlist@@HH@Z 00412810 f   Core:function.obj
 0001:00011830       ?pair_1_list@@YAHPAVlist@@@Z 00412830 f   Core:function.obj
 0001:00011840       ?pair_1_list_type@@YAPAVClaireType@@PAV1@@Z 00412840 f   Core:function.obj
 0001:00011850       ?pair_2_list@@YAHPAVlist@@@Z 00412850 f   Core:function.obj
 0001:00011860       ?pair_2_list_type@@YAPAVClaireType@@PAV1@@Z 00412860 f   Core:function.obj
 0001:00011870       ?_plus_float_@@YAHHH@Z     00412870 f   Core:function.obj
 0001:00011920       ?_plus_float@@YANNN@Z      00412920 f   Core:function.obj
 0001:00011930       ?_dash_float_@@YAHHH@Z     00412930 f   Core:function.obj
 0001:000119e0       ?_dash_float@@YANNN@Z      004129e0 f   Core:function.obj
 0001:000119f0       ?_star_float_@@YAHHH@Z     004129f0 f   Core:function.obj
 0001:00011aa0       ?_star_float@@YANNN@Z      00412aa0 f   Core:function.obj
 0001:00011ab0       ?_7_float_@@YAHHH@Z        00412ab0 f   Core:function.obj
 0001:00011b60       ?_7_float@@YANNN@Z         00412b60 f   Core:function.obj
 0001:00011b70       ?_dash_float2_@@YAHH@Z     00412b70 f   Core:function.obj
 0001:00011c10       ?_dash_float2@@YANN@Z      00412c10 f   Core:function.obj
 0001:00011c20       ?sqrt_float_@@YAHH@Z       00412c20 f   Core:function.obj
 0001:00011cc0       ?sqrt_float@@YANN@Z        00412cc0 f   Core:function.obj
 0001:00011cd0       ?_exp_float_@@YAHHH@Z      00412cd0 f   Core:function.obj
 0001:00011d80       ?_exp_float@@YANNN@Z       00412d80 f   Core:function.obj
 0001:00011d90       ?log_float_@@YAHH@Z        00412d90 f   Core:function.obj
 0001:00011e30       ?log_float@@YANN@Z         00412e30 f   Core:function.obj
 0001:00011e40       ?atan_float_@@YAHH@Z       00412e40 f   Core:function.obj
 0001:00011ee0       ?atan_float@@YANN@Z        00412ee0 f   Core:function.obj
 0001:00011ef0       ?string_I_float_@@YAPADH@Z 00412ef0 f   Core:function.obj
 0001:00011f20       ?string_I_float@@YAPADN@Z  00412f20 f   Core:function.obj
 0001:00011f40       ?length_bag@@YAHPAVbag@@@Z 00412f40 f   Core:function.obj
 0001:00011f50       ?nth_bag@@YAHPAVbag@@H@Z   00412f50 f   Core:function.obj
 0001:00011fd0       ?nth_bag_type@@YAPAVClaireType@@PAV1@0@Z 00412fd0 f   Core:function.obj
 0001:00011fe0       ?nth_get_bag@@YAHPAVbag@@H@Z 00412fe0 f   Core:function.obj
 0001:00011ff0       ?min_method@@YAHPAVmethod@@PAVbag@@@Z 00412ff0 f   Core:function.obj
 0001:00012090       ?min_method_type@@YAPAVClaireType@@PAV1@0@Z 00413090 f   Core:function.obj
 0001:000120a0       ?max_method@@YAHPAVmethod@@PAVbag@@@Z 004130a0 f   Core:function.obj
 0001:00012140       ?max_method_type@@YAPAVClaireType@@PAV1@0@Z 00413140 f   Core:function.obj
 0001:00012150       ?_7_plus_bag@@YAPAVlist@@PAVbag@@0@Z 00413150 f   Core:function.obj
 0001:000122d0       ?last_list@@YAHPAVlist@@@Z 004132d0 f   Core:function.obj
 0001:00012330       ?last_list_type@@YAPAVClaireType@@PAV1@@Z 00413330 f   Core:function.obj
 0001:00012340       ?rmlast_list@@YAPAVlist@@PAV1@@Z 00413340 f   Core:function.obj
 0001:00012360       ?nth_set_list@@YAHPAVlist@@HH@Z 00413360 f   Core:function.obj
 0001:00012450       ?car_list@@YAHPAVlist@@@Z  00413450 f   Core:function.obj
 0001:000124b0       ?hashlist_integer@@YAPAVlist@@H@Z 004134b0 f   Core:function.obj
 0001:00012580       ?hashsize_list@@YAHPAVlist@@@Z 00413580 f   Core:function.obj
 0001:000125c0       ?sort_method@@YAPAVlist@@PAVmethod@@PAV1@@Z 004135c0 f   Core:function.obj
 0001:000125e0       ?quicksort_list@@YAXPAVlist@@PAVmethod@@HH@Z 004135e0 f   Core:function.obj
 0001:000126f0       ?build_powerset_list@@YAPAVset@@PAVlist@@@Z 004136f0 f   Core:function.obj
 0001:00012870       ?make_copy_list_integer@@YAPAVlist@@HH@Z 00413870 f   Core:function.obj
 0001:000129e0       ?difference_set@@YAPAVset@@PAV1@0@Z 004139e0 f   Core:function.obj
 0001:00012ad0       ?nth_equal_array@@YAXPAHHH@Z 00413ad0 f   Core:function.obj
 0001:00012bc0       ?self_print_array_Core@@YAHPAH@Z 00413bc0 f   Core:function.obj
 0001:00012c10       ?self_print_char_Core@@YAHPAVClaireChar@@@Z 00413c10 f   Core:function.obj
 0001:00012c40       ?_inf_equal_char@@YAPAVClaireBoolean@@PAVClaireChar@@0@Z 00413c40 f   Core:function.obj
 0001:00012c60       ?eval_message_property@@YAHPAVproperty@@PAVClaireObject@@HPAVClaireBoolean@@@Z 00413c60 f   Core:method.obj
 0001:00012e90       ?noeval_message_property2@@YAHPAVproperty@@H@Z 00413e90 f   Core:method.obj
 0001:00012f90       ?execute_method@@YAHPAVmethod@@HPAVClaireBoolean@@@Z 00413f90 f   Core:method.obj
 0001:00013220       ?eval_any@@YAHH@Z          00414220 f   Core:method.obj
 0001:00013260       ?self_eval_ClaireObject@@YAHPAVClaireObject@@@Z 00414260 f   Core:method.obj
 0001:00013280       ?inlineok_ask_method@@YAPAVmethod@@PAV1@PAD@Z 00414280 f   Core:method.obj
 0001:00013450       ?get_slot@@YAHPAVslot@@PAVClaireObject@@@Z 00414450 f   Core:method.obj
 0001:00013470       ?put_slot@@YAHPAVslot@@PAVClaireObject@@H@Z 00414470 f   Core:method.obj
 0001:000134a0       ?get_property@@YAHPAVproperty@@PAVClaireObject@@@Z 004144a0 f   Core:method.obj
 0001:000135a0       ?funcall_property@@YAHPAVproperty@@H@Z 004145a0 f   Core:method.obj
 0001:000136b0       ?read_property@@YAHPAVproperty@@PAVClaireObject@@@Z 004146b0 f   Core:method.obj
 0001:00013820       ?hold_ask_property@@YAPAVClaireBoolean@@PAVproperty@@PAVClaireObject@@H@Z 00414820 f   Core:method.obj
 0001:00013970       ?write_property@@YAXPAVproperty@@PAVClaireObject@@H@Z 00414970 f   Core:method.obj
 0001:00013bc0       ?range_is_wrong_slot@@YAHPAVslot@@H@Z 00414bc0 f   Core:method.obj
 0001:00013c10       ?put_property1@@YAXPAVproperty@@PAVClaireObject@@HPAVClaireClass@@H@Z 00414c10 f   Core:method.obj
 0001:00013c50       ?update_property@@YAXPAVproperty@@PAVClaireObject@@HPAVClaireClass@@H@Z 00414c50 f   Core:method.obj
 0001:00013e80       ?update_plus_relation@@YAXPAVClaireRelation@@HH@Z 00414e80 f   Core:method.obj
 0001:00014140       ?update_dash_relation@@YAXPAVClaireRelation@@HH@Z 00415140 f   Core:method.obj
 0001:00014470       ?add_I_property@@YAXPAVproperty@@PAVClaireObject@@HH@Z 00415470 f   Core:method.obj
 0001:00014510       ?add_value_property@@YAPAVClaireBoolean@@PAVproperty@@PAVClaireObject@@HPAVbag@@H@Z 00415510 f   Core:method.obj
 0001:00014690       ?add_property@@YAXPAVproperty@@PAVClaireObject@@H@Z 00415690 f   Core:method.obj
 0001:000148d0       ?known_ask_property@@YAPAVClaireBoolean@@PAVproperty@@PAVClaireObject@@@Z 004158d0 f   Core:method.obj
 0001:000149e0       ?unknown_ask_property@@YAPAVClaireBoolean@@PAVproperty@@PAVClaireObject@@@Z 004159e0 f   Core:method.obj
 0001:00014af0       ?delete_property@@YAHPAVproperty@@PAVClaireObject@@H@Z 00415af0 f   Core:method.obj
 0001:00014cf0       ?erase_property@@YAHPAVproperty@@PAVClaireObject@@@Z 00415cf0 f   Core:method.obj
 0001:00015040       ?set_range_property@@YAXPAVproperty@@PAVClaireClass@@PAVClaireType@@@Z 00416040 f   Core:method.obj
 0001:00015070       ?put_store_property2@@YAXPAVproperty@@PAVClaireObject@@HPAVClaireBoolean@@@Z 00416070 f   Core:method.obj
 0001:000151e0       ?multi_ask_any@@YAPAVClaireBoolean@@H@Z 004161e0 f   Core:method.obj
 0001:00015290       ?fastcall_relation2@@YAXPAVClaireRelation@@HH@Z 00416290 f   Core:method.obj
 0001:000154c0       ?insert_definition_property@@YAXPAVproperty@@PAVrestriction@@@Z 004164c0 f   Core:method.obj
 0001:00015550       ?initialize_restriction1@@YAPAVlist@@PAVrestriction@@PAVClaireClass@@PAV1@@Z 00416550 f   Core:method.obj
 0001:00015970       ?uniform_restriction@@YAPAVClaireBoolean@@PAVrestriction@@@Z 00416970 f   Core:method.obj
 0001:00015b00       ?uniform_property@@YAPAVClaireBoolean@@PAVproperty@@@Z 00416b00 f   Core:method.obj
 0001:00015bb0       ?initialize_restriction2@@YAPAVlist@@PAVrestriction@@PAV1@@Z 00416bb0 f   Core:method.obj
 0001:00015d10       ?hashinsert_restriction@@YAHPAVrestriction@@@Z 00416d10 f   Core:method.obj
 0001:00015dc0       ?hashinsert_class@@YAHPAVClaireClass@@PAVmethod@@@Z 00416dc0 f   Core:method.obj
 0001:00015e10       ?hashinsert_list@@YAHPAVlist@@PAVmethod@@@Z 00416e10 f   Core:method.obj
 0001:00016050       ?hashget_class@@YAPAVClaireObject@@PAVClaireClass@@PAVproperty@@@Z 00417050 f   Core:method.obj
 0001:000160e0       ?join_list@@YAPAVClaireBoolean@@PAVlist@@0@Z 004170e0 f   Core:method.obj
 0001:00016250       ?_at_property1@@YAPAVClaireObject@@PAVproperty@@PAVClaireClass@@@Z 00417250 f   Core:method.obj
 0001:00016440       ?_at_property2@@YAPAVClaireObject@@PAVproperty@@PAVlist@@@Z 00417440 f   Core:method.obj
 0001:00016550       ?matching_ask_list@@YAPAVClaireBoolean@@PAVlist@@HH@Z 00417550 f   Core:method.obj
 0001:00016830       ?vmatch_ask_any@@YAPAVClaireBoolean@@HHH@Z 00417830 f   Core:method.obj
 0001:00016e40       ?tmatch_ask_list@@YAPAVClaireBoolean@@PAVlist@@0@Z 00417e40 f   Core:method.obj
 0001:00016f30       ?tmatch_ask_any@@YAPAVClaireBoolean@@HHPAVlist@@@Z 00417f30 f   Core:method.obj
 0001:00017600       ?find_which_property@@YAPAVClaireObject@@PAVproperty@@HPAVClaireClass@@@Z 00418600 f   Core:method.obj
 0001:000176c0       ?find_which_list@@YAPAVClaireObject@@PAVlist@@PAVClaireClass@@HH@Z 004186c0 f   Core:method.obj
 0001:00017750       ?find_which_class@@YAPAVClaireObject@@PAVClaireClass@@PAVlist@@HH@Z 00418750 f   Core:method.obj
 0001:00017830       ?finite_ask_type@@YAPAVClaireBoolean@@PAVClaireType@@@Z 00418830 f   Core:types.obj
 0001:00017940       ?enumerate_any@@YAPAVbag@@H@Z 00418940 f   Core:types.obj
 0001:00017b30       ?_equaltype_ask_any@@YAPAVClaireBoolean@@PAVClaireType@@0@Z 00418b30 f   Core:types.obj
 0001:00017b70       ?sort_I_type@@YAPAVClaireClass@@PAVClaireType@@@Z 00418b70 f   Core:types.obj
 0001:00017bd0       ?_Z_any1@@YAPAVClaireBoolean@@HPAVClaireClass@@@Z 00418bd0 f   Core:types.obj
 0001:00017c60       ?Ztype_any@@YAPAVClaireBoolean@@HH@Z 00418c60 f   Core:types.obj
 0001:00017db0       ?self_print_Union_Core@@YAXPAVUnion@@@Z 00418db0 f   Core:types.obj
 0001:00017ea0       ?finite_ask_Union@@YAPAVClaireBoolean@@PAVUnion@@@Z 00418ea0 f   Core:types.obj
 0001:00017fb0       ?self_print_Interval_Core@@YAXPAVInterval@@@Z 00418fb0 f   Core:types.obj
 0001:00017ff0       ?finite_ask_Interval@@YAPAVClaireBoolean@@PAVInterval@@@Z 00418ff0 f   Core:types.obj
 0001:00018000       ?_dash_dash_integer@@YAPAVInterval@@HH@Z 00419000 f   Core:types.obj
 0001:00018070       ?self_print_Param_Core@@YAXPAVParam@@@Z 00419070 f   Core:types.obj
 0001:000181c0       ?finite_ask_Param@@YAPAVClaireBoolean@@PAVParam@@@Z 004191c0 f   Core:types.obj
 0001:000181e0       ?self_print_subtype_Core@@YAXPAVsubtype@@@Z 004191e0 f   Core:types.obj
 0001:00018310       ?finite_ask_subtype@@YAPAVClaireBoolean@@PAVsubtype@@@Z 00419310 f   Core:types.obj
 0001:000183f0       ?nth_class1@@YAPAVClaireType@@PAVClaireClass@@PAV1@@Z 004193f0 f   Core:types.obj
 0001:00018570       ?nth_class2@@YAPAVClaireType@@PAVClaireClass@@PAVlist@@1@Z 00419570 f   Core:types.obj
 0001:00018770       ?param_I_class@@YAPAVClaireType@@PAVClaireClass@@PAV1@@Z 00419770 f   Core:types.obj
 0001:00018870       ?nth_type@@YAPAVClaireType@@PAV1@@Z 00419870 f   Core:types.obj
 0001:00018970       ?finite_ask_tuple@@YAPAVClaireBoolean@@PAVtuple@@@Z 00419970 f   Core:types.obj
 0001:000189f0       ?self_print_Reference_Core@@YAXPAVReference@@@Z 004199f0 f   Core:types.obj
 0001:00018ad0       ?get_Reference@@YAHPAVReference@@H@Z 00419ad0 f   Core:types.obj
 0001:00018b90       ?_at_Reference@@YAHPAVReference@@PAVlist@@H@Z 00419b90 f   Core:types.obj
 0001:00018c50       ?set_I_collection@@YAPAVset@@PAVClaireCollection@@@Z 00419c50 f   Core:types.obj
 0001:00018db0       ?size_collection@@YAHPAVClaireCollection@@@Z 00419db0 f   Core:types.obj
 0001:00018ee0       ?set_I_set@@YAPAVset@@PAV1@@Z 00419ee0 f   Core:types.obj
 0001:00018ef0       ?size_set@@YAHPAVset@@@Z   00419ef0 f   Core:types.obj
 0001:00018f00       ?size_list2_Core@@YAHPAVlist@@@Z 00419f00 f   Core:types.obj
 0001:00018f20       ?set_I_class@@YAPAVset@@PAVClaireClass@@@Z 00419f20 f   Core:types.obj
 0001:00019090       ?size_class@@YAHPAVClaireClass@@@Z 0041a090 f   Core:types.obj
 0001:000190e0       ?set_I_Union@@YAPAVset@@PAVUnion@@@Z 0041a0e0 f   Core:types.obj
 0001:00019200       ?size_Union@@YAHPAVUnion@@@Z 0041a200 f   Core:types.obj
 0001:00019380       ?set_I_Interval@@YAPAVset@@PAVInterval@@@Z 0041a380 f   Core:types.obj
 0001:000193a0       ?size_Interval@@YAHPAVInterval@@@Z 0041a3a0 f   Core:types.obj
 0001:000193b0       ?set_I_Param@@YAPAVset@@PAVParam@@@Z 0041a3b0 f   Core:types.obj
 0001:000194c0       ?size_Param@@YAHPAVParam@@@Z 0041a4c0 f   Core:types.obj
 0001:000194e0       ?set_I_subtype@@YAPAVset@@PAVsubtype@@@Z 0041a4e0 f   Core:types.obj
 0001:00019630       ?size_subtype@@YAHPAVsubtype@@@Z 0041a630 f   Core:types.obj
 0001:00019780       ?set_I_tuple@@YAPAVset@@PAVtuple@@@Z 0041a780 f   Core:types.obj
 0001:00019a90       ?size_tuple@@YAHPAVtuple@@@Z 0041aa90 f   Core:types.obj
 0001:00019b10       ?member_ask_any@@YAPAVClaireBoolean@@HPAVClaireType@@@Z 0041ab10 f   Core:types.obj
 0001:0001a260       ?class_I_type@@YAPAVClaireClass@@PAVClaireType@@@Z 0041b260 f   Core:types.obj
 0001:0001a500       ?U_type@@YAPAVClaireType@@PAV1@0@Z 0041b500 f   Core:types.obj
 0001:0001aad0       ?_dot_dot_integer@@YAPAVClaireType@@HH@Z 0041bad0 f   Core:types.obj
 0001:0001aaf0       ?_dot_dot_integer_type@@YAPAVClaireType@@PAV1@0@Z 0041baf0 f   Core:types.obj
 0001:0001ac40       ?but_any@@YAPAVbag@@HH@Z   0041bc40 f   Core:types.obj
 0001:0001ad10       ?but_any_type@@YAPAVClaireType@@PAV1@0@Z 0041bd10 f   Core:types.obj
 0001:0001adc0       ?_backslash_type@@YAPAVset@@PAVClaireType@@0@Z 0041bdc0 f   Core:types.obj
 0001:0001af00       ?glb_set@@YAPAVset@@PAV1@PAVClaireType@@@Z 0041bf00 f   Core:types.obj
 0001:0001b000       ?glb_Union@@YAPAVClaireType@@PAVUnion@@PAV1@@Z 0041c000 f   Core:types.obj
 0001:0001b140       ?glb_Interval@@YAPAVClaireType@@PAVInterval@@PAV1@@Z 0041c140 f   Core:types.obj
 0001:0001b320       ?glb_class@@YAPAVClaireType@@PAVClaireClass@@PAV1@@Z 0041c320 f   Core:types.obj
 0001:0001b5b0       ?glb_Param@@YAPAVClaireType@@PAVParam@@PAV1@@Z 0041c5b0 f   Core:types.obj
 0001:0001b8c0       ?glb_subtype@@YAPAVClaireType@@PAVsubtype@@PAV1@@Z 0041c8c0 f   Core:types.obj
 0001:0001bbe0       ?glb_tuple@@YAPAVClaireType@@PAVtuple@@PAV1@@Z 0041cbe0 f   Core:types.obj
 0001:0001be20       ?glb_Reference@@YAPAVClaireType@@PAVReference@@PAV1@@Z 0041ce20 f   Core:types.obj
 0001:0001be30       ?_exp_type@@YAPAVClaireType@@PAV1@0@Z 0041ce30 f   Core:types.obj
 0001:0001be70       ?join_class@@YAPAVClaireType@@PAVClaireClass@@0@Z 0041ce70 f   Core:types.obj
 0001:0001bed0       ?_exp_list@@YAPAVlist@@PAV1@0@Z 0041ced0 f   Core:types.obj
 0001:0001bff0       ?Uall_list@@YAPAVClaireType@@PAVlist@@@Z 0041cff0 f   Core:types.obj
 0001:0001c0a0       ?_inf_equalt_bag2@@YAPAVClaireBoolean@@PAVbag@@PAVClaireType@@@Z 0041d0a0 f   Core:types.obj
 0001:0001c1b0       ?_inf_equalt_class@@YAPAVClaireBoolean@@PAVClaireClass@@PAVClaireType@@@Z 0041d1b0 f   Core:types.obj
 0001:0001c4f0       ?_inf_equalt_Union@@YAPAVClaireBoolean@@PAVUnion@@PAVClaireType@@@Z 0041d4f0 f   Core:types.obj
 0001:0001c660       ?_inf_equalt_Interval@@YAPAVClaireBoolean@@PAVInterval@@PAVClaireType@@@Z 0041d660 f   Core:types.obj
 0001:0001c880       ?_inf_equalt_subtype@@YAPAVClaireBoolean@@PAVsubtype@@PAVClaireType@@@Z 0041d880 f   Core:types.obj
 0001:0001ca10       ?_inf_equalt_Param@@YAPAVClaireBoolean@@PAVParam@@PAVClaireType@@@Z 0041da10 f   Core:types.obj
 0001:0001cba0       ?_inf_equalt_Reference@@YAPAVClaireBoolean@@PAVReference@@PAVClaireType@@@Z 0041dba0 f   Core:types.obj
 0001:0001cbb0       ?_inf_equalt_tuple@@YAPAVClaireBoolean@@PAVtuple@@PAVClaireType@@@Z 0041dbb0 f   Core:types.obj
 0001:0001cef0       ?_inf_equalt_type@@YAPAVClaireBoolean@@PAVClaireType@@0@Z 0041def0 f   Core:types.obj
 0001:0001d280       ?_inf_equal_type@@YAPAVClaireBoolean@@PAVClaireType@@0@Z 0041e280 f   Core:types.obj
 0001:0001d2d0       ?member_type@@YAPAVClaireType@@PAV1@@Z 0041e2d0 f   Core:types.obj
 0001:0001d670       ?of_extract_type@@YAPAVClaireType@@PAV1@@Z 0041e670 f   Core:types.obj
 0001:0001d720       ?_at_type@@YAPAVClaireType@@PAV1@PAVproperty@@@Z 0041e720 f   Core:types.obj
 0001:0001d9c0       ?unique_ask_type@@YAPAVClaireBoolean@@PAVClaireType@@@Z 0041e9c0 f   Core:types.obj
 0001:0001da40       ?the_type@@YAHPAVClaireType@@@Z 0041ea40 f   Core:types.obj
 0001:0001da80       ?integer_I_set@@YAHPAVset@@@Z 0041ea80 f   Core:types.obj
 0001:0001dad0       ?make_set_integer@@YAPAVset@@H@Z 0041ead0 f   Core:types.obj
 0001:0001dba0       ?abstract_type_set@@YAPAVClaireType@@PAVset@@@Z 0041eba0 f   Core:types.obj
 0001:0001dcb0       ?abstract_type_operation@@YAPAVClaireType@@PAVoperation@@PAV1@1@Z 0041ecb0 f   Core:types.obj
 0001:0001df60       ?first_arg_type_type@@YAPAVClaireType@@PAV1@0@Z 0041ef60 f   Core:types.obj
 0001:0001df70       ?first_arg_type_type2@@YAPAVClaireType@@PAV1@00@Z 0041ef70 f   Core:types.obj
 0001:0001df80       ?second_arg_type_type@@YAPAVClaireType@@PAV1@0@Z 0041ef80 f   Core:types.obj
 0001:0001df90       ?meet_arg_types_type@@YAPAVClaireType@@PAV1@0@Z 0041ef90 f   Core:types.obj
 0001:0001dfb0       ?nth_get_array_type@@YAPAVClaireType@@PAV1@0@Z 0041efb0 f   Core:types.obj
 0001:0001dfc0       ?nth_array@@YAHPAHH@Z      0041efc0 f   Core:types.obj
 0001:0001e040       ?nth_array_type@@YAPAVClaireType@@PAV1@0@Z 0041f040 f   Core:types.obj
 0001:0001e050       ?make_array_integer_type@@YAPAVClaireType@@PAV1@00@Z 0041f050 f   Core:types.obj
 0001:0001e120       ?make_list_integer2@@YAPAVlist@@HPAVClaireType@@H@Z 0041f120 f   Core:types.obj
 0001:0001e150       ?make_list_integer2_type@@YAPAVClaireType@@PAV1@00@Z 0041f150 f   Core:types.obj
 0001:0001e220       ?make_set_array@@YAPAVset@@PAH@Z 0041f220 f   Core:types.obj
 0001:0001e2d0       ?make_set_array_type@@YAPAVClaireType@@PAV1@@Z 0041f2d0 f   Core:types.obj
 0001:0001e420       ?list_I_array_type@@YAPAVClaireType@@PAV1@@Z 0041f420 f   Core:types.obj
 0001:0001e570       ?array_I_list_type@@YAPAVClaireType@@PAV1@@Z 0041f570 f   Core:types.obj
 0001:0001e6c0       ?set_I_bag_type@@YAPAVClaireType@@PAV1@@Z 0041f6c0 f   Core:types.obj
 0001:0001e810       ?list_I_set_type@@YAPAVClaireType@@PAV1@@Z 0041f810 f   Core:types.obj
 0001:0001e960       ?metaLoad@LanguageClass@@QAEXXZ 0041f960 f   Language:Language.obj
 0001:00022e50       ?self_print_Definition_Language@@YAHPAVDefinition@@@Z 00423e50 f   Language:define.obj
 0001:00022f20       ?self_print_Defobj_Language@@YAXPAVDefobj@@@Z 00423f20 f   Language:define.obj
 0001:00023150       ?self_print_Defclass_Language@@YAXPAVDefclass@@@Z 00424150 f   Language:define.obj
 0001:000233b0       ?self_print_Defmethod_Language@@YAXPAVDefmethod@@@Z 004243b0 f   Language:define.obj
 0001:00023520       ?self_print_Defarray_Language@@YAXPAVDefarray@@@Z 00424520 f   Language:define.obj
 0001:00023650       ?self_print_Defrule_Language@@YAXPAVDefrule@@@Z 00424650 f   Language:define.obj
 0001:00023770       ?self_print_Defvar_Language@@YAXPAVDefvar@@@Z 00424770 f   Language:define.obj
 0001:00023840       ?self_eval_Definition@@YAHPAVDefinition@@@Z 00424840 f   Language:define.obj
 0001:00023990       ?complete_object@@YAHPAVClaireObject@@PAVlist@@@Z 00424990 f   Language:define.obj
 0001:00023b80       ?self_eval_Defobj@@YAHPAVDefobj@@@Z 00424b80 f   Language:define.obj
 0001:00023d20       ?self_eval_Defclass@@YAHPAVDefclass@@@Z 00424d20 f   Language:define.obj
 0001:00024310       ?self_eval_Defmethod@@YAHPAVDefmethod@@@Z 00425310 f   Language:define.obj
 0001:00024840       ?attach_comment_any@@YAXH@Z 00425840 f   Language:define.obj
 0001:00024930       ?extract_signature_list@@YAPAVlist@@PAV1@@Z 00425930 f   Language:define.obj
 0001:00024ba0       ?extract_pattern_any@@YAHHPAVlist@@@Z 00425ba0 f   Language:define.obj
 0001:000254d0       ?extract_type_any@@YAPAVClaireType@@H@Z 004264d0 f   Language:define.obj
 0001:00025600       ?extract_item_any@@YAHHH@Z 00426600 f   Language:define.obj
 0001:00025890       ?extract_pattern_nth_list@@YAHPAVlist@@0@Z 00426890 f   Language:define.obj
 0001:00025f40       ?extract_class_call_class@@YAPAVClaireObject@@PAVClaireClass@@PAVlist@@@Z 00426f40 f   Language:define.obj
 0001:000269c0       ?extract_range_any@@YAPAVlist@@HPAV1@0@Z 004279c0 f   Language:define.obj
 0001:000270d0       ?bit_vector_listargs2@@YAHPAVlistargs@@@Z 004280d0 f   Language:define.obj
 0001:00027110       ?extract_status_any@@YAPAVlist@@H@Z 00428110 f   Language:define.obj
 0001:000276a0       ?type_I_any@@YAPAVClaireType@@H@Z 004286a0 f   Language:define.obj
 0001:00027960       ?self_eval_Defarray@@YAHPAVDefarray@@@Z 00428960 f   Language:define.obj
 0001:000282e0       ?self_print_demon@@YAXPAVdemon@@@Z 004292e0 f   Language:define.obj
 0001:000282f0       ?funcall_demon1@@YAHPAVdemon@@HH@Z 004292f0 f   Language:define.obj
 0001:000283b0       ?funcall_demon2@@YAHPAVdemon@@HHH@Z 004293b0 f   Language:define.obj
 0001:00028480       ?self_eval_Defrule@@YAHPAVDefrule@@@Z 00429480 f   Language:define.obj
 0001:000287b0       ?eventMethod_ask_relation2@@YAPAVClaireBoolean@@PAVClaireRelation@@@Z 004297b0 f   Language:define.obj
 0001:00028860       ?make_filter_any_@@YAPAVtuple@@H@Z 00429860 f   Language:define.obj
 0001:00028880       ?make_filter_any@@YAPAVtuple@@H@Z 00429880 f   Language:define.obj
 0001:000293d0       ?make_demon_relation@@YAPAVdemon@@PAVClaireRelation@@PAVsymbol@@PAVlist@@HH@Z 0042a3d0 f   Language:define.obj
 0001:00029ac0       ?readCall_relation@@YAPAVCall@@PAVClaireRelation@@H@Z 0042aac0 f   Language:define.obj
 0001:00029c40       ?putCall_relation2@@YAPAVCall@@PAVClaireRelation@@HH@Z 0042ac40 f   Language:define.obj
 0001:00029de0       ?eval_if_write_relation@@YAXPAVClaireRelation@@@Z 0042ade0 f   Language:define.obj
 0001:0002a6e0       ?eventMethod_property@@YAXPAVproperty@@@Z 0042b6e0 f   Language:define.obj
 0001:0002a770       ?interface_property@@YAXPAVproperty@@@Z 0042b770 f   Language:define.obj
 0001:0002ab10       ?interface_class@@YAXPAVClaireClass@@PAVlistargs@@@Z 0042bb10 f   Language:define.obj
 0001:0002ad20       ?self_print_If_Language@@YAXPAVIf@@@Z 0042bd20 f   Language:control.obj
 0001:0002ad60       ?printstat_If@@YAXPAVIf@@@Z 0042bd60 f   Language:control.obj
 0001:0002ae50       ?printif_any@@YAXH@Z       0042be50 f   Language:control.obj
 0001:0002afb0       ?printelse_If@@YAXPAVIf@@@Z 0042bfb0 f   Language:control.obj
 0001:0002b1b0       ?self_eval_If@@YAHPAVIf@@@Z 0042c1b0 f   Language:control.obj
 0001:0002b270       ?self_print_Do_Language@@YAXPAVDo@@@Z 0042c270 f   Language:control.obj
 0001:0002b340       ?printdo_list@@YAXPAVlist@@PAVClaireBoolean@@@Z 0042c340 f   Language:control.obj
 0001:0002b450       ?printblock_any@@YAXH@Z    0042c450 f   Language:control.obj
 0001:0002b5f0       ?self_eval_Do@@YAHPAVDo@@@Z 0042c5f0 f   Language:control.obj
 0001:0002b660       ?self_print_Let_Language@@YAXPAVLet@@@Z 0042c660 f   Language:control.obj
 0001:0002b760       ?printbody_Let@@YAXPAVLet@@@Z 0042c760 f   Language:control.obj
 0001:0002b910       ?self_eval_Let@@YAHPAVLet@@@Z 0042c910 f   Language:control.obj
 0001:0002ba40       ?self_print_When_Language@@YAXPAVWhen@@@Z 0042ca40 f   Language:control.obj
 0001:0002bba0       ?self_eval_When@@YAHPAVWhen@@@Z 0042cba0 f   Language:control.obj
 0001:0002bcf0       ?self_print_Let_plus_Language@@YAXPAVLet_plus@@@Z 0042ccf0 f   Language:control.obj
 0001:0002be60       ?self_print_Let_star_Language@@YAXPAVLet_star@@@Z 0042ce60 f   Language:control.obj
 0001:0002c240       ?self_print_For_Language@@YAXPAVFor@@@Z 0042d240 f   Language:control.obj
 0001:0002c360       ?self_eval_For@@YAHPAVFor@@@Z 0042d360 f   Language:control.obj
 0001:0002c9b0       ?self_print_Collect_Language@@YAXPAVCollect@@@Z 0042d9b0 f   Language:control.obj
 0001:0002cae0       ?self_eval_Collect@@YAHPAVCollect@@@Z 0042dae0 f   Language:control.obj
 0001:0002ced0       ?self_print_Image_Language@@YAXPAVImage@@@Z 0042ded0 f   Language:control.obj
 0001:0002d000       ?self_eval_Image@@YAHPAVImage@@@Z 0042e000 f   Language:control.obj
 0001:0002d250       ?self_print_Select_Language@@YAXPAVSelect@@@Z 0042e250 f   Language:control.obj
 0001:0002d370       ?self_eval_Select@@YAHPAVSelect@@@Z 0042e370 f   Language:control.obj
 0001:0002d7b0       ?self_print_Lselect_Language@@YAXPAVLselect@@@Z 0042e7b0 f   Language:control.obj
 0001:0002d8d0       ?self_eval_Lselect@@YAHPAVLselect@@@Z 0042e8d0 f   Language:control.obj
 0001:0002dd60       ?self_print_Exists_Language@@YAXPAVExists@@@Z 0042ed60 f   Language:control.obj
 0001:0002df10       ?self_eval_Exists@@YAHPAVExists@@@Z 0042ef10 f   Language:control.obj
 0001:0002e2b0       ?self_print_Case_Language@@YAXPAVCase@@@Z 0042f2b0 f   Language:control.obj
 0001:0002e460       ?self_eval_Case@@YAHPAVCase@@@Z 0042f460 f   Language:control.obj
 0001:0002e640       ?self_print_While_Language@@YAXPAVWhile@@@Z 0042f640 f   Language:control.obj
 0001:0002e750       ?self_eval_While@@YAHPAVWhile@@@Z 0042f750 f   Language:control.obj
 0001:0002ea10       ?self_print_Handle_Language@@YAXPAVClaireHandle@@@Z 0042fa10 f   Language:control.obj
 0001:0002eb20       ?self_eval_Handle@@YAHPAVClaireHandle@@@Z 0042fb20 f   Language:control.obj
 0001:0002ed50       ?self_print_Construct_Language@@YAXPAVConstruct@@@Z 0042fd50 f   Language:control.obj
 0001:0002efc0       ?self_eval_List@@YAHPAVList@@@Z 0042ffc0 f   Language:control.obj
 0001:0002f1b0       ?self_eval_Set@@YAHPAVSet@@@Z 004301b0 f   Language:control.obj
 0001:0002f3a0       ?self_eval_Tuple@@YAHPAVTuple@@@Z 004303a0 f   Language:control.obj
 0001:0002f4b0       ?self_eval_Array2@@YAHPAVArray@@@Z 004304b0 f   Language:control.obj
 0001:0002f6a0       ?self_eval_Macro2@@YAHPAVMacro@@@Z 004306a0 f   Language:control.obj
 0001:0002f760       ?self_eval_Error@@YAXPAVError@@@Z 00430760 f   Language:control.obj
 0001:0002f950       ?self_eval_Printf@@YAHPAVPrintf@@@Z 00430950 f   Language:control.obj
 0001:0002fd30       ?self_eval_Trace@@YAHPAVTrace@@@Z 00430d30 f   Language:control.obj
 0001:0002ffc0       ?self_eval_Assert@@YAHPAVAssert@@@Z 00430fc0 f   Language:control.obj
 0001:000301c0       ?self_eval_Branch@@YAHPAVBranch@@@Z 004311c0 f   Language:control.obj
 0001:00030360       ?self_print_Call_Language@@YAXPAVCall@@@Z 00431360 f   Language:call.obj
 0001:00030c80       ?self_print_Call_plus_Language@@YAHPAVCall_plus@@@Z 00431c80 f   Language:call.obj
 0001:00030ce0       ?self_eval_Call@@YAHPAVCall@@@Z 00431ce0 f   Language:call.obj
 0001:00030e10       ?self_eval_Call_plus@@YAHPAVCall_plus@@@Z 00431e10 f   Language:call.obj
 0001:000310b0       ?printe_any@@YAXHPAVproperty@@@Z 004320b0 f   Language:call.obj
 0001:000311a0       ?sugar_ask_any@@YAHHHHH@Z  004321a0 f   Language:call.obj
 0001:00031540       ?self_print_Assign_Language@@YAXPAVAssign@@@Z 00432540 f   Language:call.obj
 0001:000317d0       ?self_eval_Assign@@YAHPAVAssign@@@Z 004327d0 f   Language:call.obj
 0001:00031980       ?self_print_Gassign_Language@@YAXPAVGassign@@@Z 00432980 f   Language:call.obj
 0001:00031c20       ?self_eval_Gassign@@YAHPAVGassign@@@Z 00432c20 f   Language:call.obj
 0001:00031cd0       ?self_print_And_Language@@YAXPAVAnd@@@Z 00432cd0 f   Language:call.obj
 0001:00031d90       ?self_eval_And@@YAHPAVAnd@@@Z 00432d90 f   Language:call.obj
 0001:00031ee0       ?self_print_Or_Language@@YAXPAVOr@@@Z 00432ee0 f   Language:call.obj
 0001:00031fa0       ?self_eval_Or@@YAHPAVOr@@@Z 00432fa0 f   Language:call.obj
 0001:000320f0       ?self_print_Quote_Language@@YAXPAVQuote@@@Z 004330f0 f   Language:call.obj
 0001:000321a0       ?self_eval_Quote@@YAHPAVQuote@@@Z 004331a0 f   Language:call.obj
 0001:000321b0       ?self_print_Call_method_Language@@YAXPAVCall_method@@@Z 004331b0 f   Language:call.obj
 0001:00032280       ?self_eval_Call_method@@YAHPAVCall_method@@@Z 00433280 f   Language:call.obj
 0001:000323d0       ?self_eval_Call_method1@@YAHPAVCall_method1@@@Z 004333d0 f   Language:call.obj
 0001:000324b0       ?self_eval_Call_method2@@YAHPAVCall_method2@@@Z 004334b0 f   Language:call.obj
 0001:000325e0       ?self_print_Call_slot_Language@@YAXPAVCall_slot@@@Z 004335e0 f   Language:call.obj
 0001:000326b0       ?self_eval_Call_slot@@YAHPAVCall_slot@@@Z 004336b0 f   Language:call.obj
 0001:00032790       ?self_print_Call_array_Language@@YAXPAVCall_array@@@Z 00433790 f   Language:call.obj
 0001:00032850       ?self_eval_Call_array@@YAHPAVCall_array@@@Z 00433850 f   Language:call.obj
 0001:00032960       ?self_print_Call_table_Language@@YAXPAVCall_table@@@Z 00433960 f   Language:call.obj
 0001:00032a30       ?self_eval_Call_table@@YAHPAVCall_table@@@Z 00433a30 f   Language:call.obj
 0001:00032b50       ?self_print_Update_Language@@YAXPAVUpdate@@@Z 00433b50 f   Language:call.obj
 0001:00032c40       ?self_eval_Update@@YAHPAVUpdate@@@Z 00433c40 f   Language:call.obj
 0001:00032e80       ?self_print_Super_Language@@YAXPAVSuper@@@Z 00433e80 f   Language:call.obj
 0001:00032f90       ?self_eval_Super@@YAHPAVSuper@@@Z 00433f90 f   Language:call.obj
 0001:00033110       ?self_print_Cast_Language@@YAXPAVCast@@@Z 00434110 f   Language:call.obj
 0001:00033200       ?self_eval_Cast@@YAHPAVCast@@@Z 00434200 f   Language:call.obj
 0001:000333a0       ?self_print_Return_Language@@YAXPAVReturn@@@Z 004343a0 f   Language:call.obj
 0001:00033470       ?self_eval_Return@@YAHPAVReturn@@@Z 00434470 f   Language:call.obj
 0001:00033550       ?substitution_any@@YAHHPAVVariable@@H@Z 00434550 f   Language:call.obj
 0001:00033a70       ?occurrence_any@@YAHHPAVVariable@@@Z 00434a70 f   Language:call.obj
 0001:00033d10       ?instruction_copy_any@@YAHH@Z 00434d10 f   Language:call.obj
 0001:00034010       ?no_eval_Instruction@@YAHPAVInstruction@@@Z 00435010 f   Language:pretty.obj
 0001:000340a0       ?self_print_unbound_symbol_Language@@YAXPAVunbound_symbol@@@Z 004350a0 f   Language:pretty.obj
 0001:000340c0       ?self_eval_unbound_symbol@@YAHPAVunbound_symbol@@@Z 004350c0 f   Language:pretty.obj
 0001:000341b0       ?self_print_Variable_Language@@YAXPAVVariable@@@Z 004351b0 f   Language:pretty.obj
 0001:000341e0       ?ppvariable_Variable@@YAXPAVVariable@@@Z 004351e0 f   Language:pretty.obj
 0001:000342d0       ?ppvariable_list@@YAXPAVlist@@@Z 004352d0 f   Language:pretty.obj
 0001:000343d0       ?self_eval_Variable@@YAHPAVVariable@@@Z 004353d0 f   Language:pretty.obj
 0001:000343f0       ?write_value_Variable@@YAHPAVVariable@@H@Z 004353f0 f   Language:pretty.obj
 0001:00034480       ?self_eval_Vardef@@YAHPAVVardef@@@Z 00435480 f   Language:pretty.obj
 0001:00034510       ?self_eval_global_variable@@YAHPAVglobal_variable@@@Z 00435510 f   Language:pretty.obj
 0001:00034520       ?write_value_global_variable@@YAHPAVglobal_variable@@H@Z 00435520 f   Language:pretty.obj
 0001:000345b0       ?apply_lambda@@YAHPAVlambda@@PAVlist@@@Z 004355b0 f   Language:pretty.obj
 0001:000346f0       ?call_lambda2@@YAHPAVlambda@@PAVlistargs@@@Z 004356f0 f   Language:pretty.obj
 0001:00034710       ?self_print_lambda_Language@@YAHPAVlambda@@@Z 00435710 f   Language:pretty.obj
 0001:000347f0       ?lambda_I_list@@YAPAVlambda@@PAVlist@@H@Z 004357f0 f   Language:pretty.obj
 0001:00034930       ?lexical_build_any@@YAHHPAVlist@@H@Z 00435930 f   Language:pretty.obj
 0001:00035090       ?lexical_change_any@@YAHHPAVlist@@@Z 00436090 f   Language:pretty.obj
 0001:00035170       ?close_class@@YAPAVClaireClass@@PAV1@@Z 00436170 f   Language:pretty.obj
 0001:00035180       ?extract_symbol_any@@YAPAVsymbol@@H@Z 00436180 f   Language:pretty.obj
 0001:00035450       ?make_a_property_any@@YAPAVproperty@@H@Z 00436450 f   Language:pretty.obj
 0001:00035830       ?lbreak_void@@YAHXZ        00436830 f   Language:pretty.obj
 0001:000358a0       ?put_buffer_void@@YAHXZ    004368a0 f   Language:pretty.obj
 0001:000358d0       ?checkfar_void@@YAHXZ      004368d0 f   Language:pretty.obj
 0001:00035920       ?lbreak_integer@@YAHH@Z    00436920 f   Language:pretty.obj
 0001:00035940       ?indent_integer@@YAHH@Z    00436940 f   Language:pretty.obj
 0001:00035990       ?set_level_void@@YAXXZ     00436990 f   Language:pretty.obj
 0001:000359a0       ?set_level_integer@@YAXH@Z 004369a0 f   Language:pretty.obj
 0001:000359c0       ?printbox_bag1@@YAHPAVbag@@HHPAD@Z 004369c0 f   Language:pretty.obj
 0001:00035c40       ?printbox_bag2@@YAHPAVbag@@@Z 00436c40 f   Language:pretty.obj
 0001:00035c70       ?printbox_bag3@@YAHPAVbag@@PAD@Z 00436c70 f   Language:pretty.obj
 0001:00035ca0       ?printl_bag@@YAXPAVbag@@PAD@Z 00436ca0 f   Language:pretty.obj
 0001:00035ef0       ?printexp_any@@YAXHPAVClaireBoolean@@@Z 00436ef0 f   Language:pretty.obj
 0001:000364f0       ?pretty_print_any@@YAXH@Z  004374f0 f   Language:pretty.obj
 0001:00036550       ?self_print_list_Language@@YAXPAVlist@@@Z 00437550 f   Language:pretty.obj
 0001:000365f0       ?self_print_set_Language@@YAXPAVset@@@Z 004375f0 f   Language:pretty.obj
 0001:000366b0       ?self_print_tuple_Language@@YAXPAVtuple@@@Z 004376b0 f   Language:pretty.obj
 0001:000366e0       ?metaLoad@ReaderClass@@QAEXXZ 004376e0 f   Reader:Reader.obj
 0001:00039f20       ?self_eval_delimiter@@YAHPAVdelimiter@@@Z 0043af20 f   Reader:file.obj
 0001:00039fa0       ?useless_c_integer@@YAPAVClaireBoolean@@H@Z 0043afa0 f   Reader:file.obj
 0001:0003a000       ?skipc_meta_reader@@YAHPAVmeta_reader@@@Z 0043b000 f   Reader:file.obj
 0001:0003a090       ?skipc_I_meta_reader@@YAHPAVmeta_reader@@@Z 0043b090 f   Reader:file.obj
 0001:0003a160       ?cnext_meta_reader@@YAPAVmeta_reader@@PAV1@@Z 0043b160 f   Reader:file.obj
 0001:0003a180       ?findeol_meta_reader@@YAPAVClaireBoolean@@PAVmeta_reader@@@Z 0043b180 f   Reader:file.obj
 0001:0003a230       ?checkno_meta_reader@@YAHPAVmeta_reader@@HH@Z 0043b230 f   Reader:file.obj
 0001:0003a2a0       ?verify_any@@YAHHHH@Z      0043b2a0 f   Reader:file.obj
 0001:0003a2f0       ?Serror_string@@YAXPADPAVlist@@@Z 0043b2f0 f   Reader:file.obj
 0001:0003a370       ?extract_variable_any@@YAPAVVariable@@H@Z 0043b370 f   Reader:file.obj
 0001:0003a540       ?bind_I_meta_reader@@YAPAVlist@@PAVmeta_reader@@PAVVariable@@@Z 0043b540 f   Reader:file.obj
 0001:0003a5b0       ?unbind_I_meta_reader@@YAHPAVmeta_reader@@PAVlist@@@Z 0043b5b0 f   Reader:file.obj
 0001:0003a5f0       ?_7_string@@YAPADPAD0@Z    0043b5f0 f   Reader:file.obj
 0001:0003a6c0       ?restore_state_meta_reader@@YAXPAVmeta_reader@@@Z 0043b6c0 f   Reader:file.obj
 0001:0003a730       ?load_file_string@@YAHPADPAVClaireBoolean@@@Z 0043b730 f   Reader:file.obj
 0001:0003acf0       ?load_string@@YAHPAD@Z     0043bcf0 f   Reader:file.obj
 0001:0003ad10       ?sload_string@@YAHPAD@Z    0043bd10 f   Reader:file.obj
 0001:0003ad30       ?load_file_module@@YAXPAVmodule@@PAVClaireBoolean@@@Z 0043bd30 f   Reader:file.obj
 0001:0003aef0       ?load_module@@YAHPAVmodule@@@Z 0043bef0 f   Reader:file.obj
 0001:0003b010       ?sload_module@@YAHPAVmodule@@@Z 0043c010 f   Reader:file.obj
 0001:0003b130       ?add_modules_module@@YAPAVlist@@PAVmodule@@PAVset@@PAV1@@Z 0043c130 f   Reader:file.obj
 0001:0003b3c0       ?add_modules_list@@YAPAVlist@@PAV1@@Z 0043c3c0 f   Reader:file.obj
 0001:0003b490       ?eload_string@@YAHPAD@Z    0043c490 f   Reader:file.obj
 0001:0003b860       ?readblock_port@@YAHPAVClairePort@@@Z 0043c860 f   Reader:file.obj
 0001:0003ba00       ?read_port@@YAHPAVClairePort@@@Z 0043ca00 f   Reader:file.obj
 0001:0003bbf0       ?read_string@@YAHPAD@Z     0043cbf0 f   Reader:file.obj
 0001:0003bdb0       ?debug_if_possible_void@@YAHXZ 0043cdb0 f   Reader:file.obj
 0001:0003be00       ?print_exception_void@@YAHXZ 0043ce00 f   Reader:file.obj
 0001:0003c040       ?show_any@@YAHH@Z          0043d040 f   Reader:file.obj
 0001:0003c180       ?kill_object@@YAHPAVClaireObject@@@Z 0043d180 f   Reader:file.obj
 0001:0003c210       ?kill_class@@YAHPAVClaireClass@@@Z 0043d210 f   Reader:file.obj
 0001:0003c290       ?min_integer@@YAHHH@Z      0043d290 f   Reader:file.obj
 0001:0003c2a0       ?max_integer@@YAHHH@Z      0043d2a0 f   Reader:file.obj
 0001:0003c2b0       ?min_any@@YAHHH@Z          0043d2b0 f   Reader:file.obj
 0001:0003c2f0       ?max_any@@YAHHH@Z          0043d2f0 f   Reader:file.obj
 0001:0003c330       ?hashgrow_list@@YAPAVlist@@PAV1@PAVproperty@@@Z 0043d330 f   Reader:file.obj
 0001:0003c440       ?known_ask_table@@YAPAVClaireBoolean@@PAVtable@@H@Z 0043d440 f   Reader:file.obj
 0001:0003c470       ?unknown_ask_table@@YAPAVClaireBoolean@@PAVtable@@H@Z 0043d470 f   Reader:file.obj
 0001:0003c4a0       ?float_I_string_@@YAHPAD@Z 0043d4a0 f   Reader:file.obj
 0001:0003c530       ?float_I_string@@YANPAD@Z  0043d530 f   Reader:file.obj
 0001:0003c680       ?_sup_equal_any@@YAPAVClaireBoolean@@HH@Z 0043d680 f   Reader:file.obj
 0001:0003c6b0       ?inspect_any@@YAHH@Z       0043d6b0 f   Reader:inspect.obj
 0001:0003ca90       ?inspect_loop_any@@YAHHPAVlist@@@Z 0043da90 f   Reader:inspect.obj
 0001:0003ce70       ?get_from_integer_any@@YAHHH@Z 0043de70 f   Reader:inspect.obj
 0001:0003cfd0       ?trace_on_any@@YAHH@Z      0043dfd0 f   Reader:inspect.obj
 0001:0003d400       ?untrace_any@@YAHH@Z       0043e400 f   Reader:inspect.obj
 0001:0003d730       ?spy_listargs2_Reader@@YAHPAVlistargs@@@Z 0043e730 f   Reader:inspect.obj
 0001:0003d910       ?self_trace_Trace@@YAHPAVTrace@@@Z 0043e910 f   Reader:inspect.obj
 0001:0003da20       ?trace_rule_relation@@YAXPAVClaireRelation@@PADHHHH@Z 0043ea20 f   Reader:inspect.obj
 0001:0003dc20       ?stop_property@@YAHPAVproperty@@PAVlistargs@@@Z 0043ec20 f   Reader:inspect.obj
 0001:0003dd30       ?debug_void@@YAXXZ         0043ed30 f   Reader:inspect.obj
 0001:0003dd90       ?call_debug_void@@YAHXZ    0043ed90 f   Reader:inspect.obj
 0001:0003e000       ?breakpoint_void@@YAXXZ    0043f000 f   Reader:inspect.obj
 0001:0003e260       ?dn_integer@@YAXH@Z        0043f260 f   Reader:inspect.obj
 0001:0003e3c0       ?up_integer@@YAXH@Z        0043f3c0 f   Reader:inspect.obj
 0001:0003e500       ?where_integer@@YAXH@Z     0043f500 f   Reader:inspect.obj
 0001:0003e560       ?print_debug_info_integer@@YAXHHH@Z 0043f560 f   Reader:inspect.obj
 0001:0003e6f0       ?Show_integer@@YAHH@Z      0043f6f0 f   Reader:inspect.obj
 0001:0003e8f0       ?block_integer@@YAXH@Z     0043f8f0 f   Reader:inspect.obj
 0001:0003ec20       ?closure_build_lambda@@YAPAVlist@@PAVlambda@@@Z 0043fc20 f   Reader:inspect.obj
 0001:0003ed50       ?closure_build_any@@YAXHPAVlist@@@Z 0043fd50 f   Reader:inspect.obj
 0001:0003ef40       ?call_step_property_Reader@@YAXPAVproperty@@@Z 0043ff40 f   Reader:inspect.obj
 0001:0003eff0       ?step_any@@YAXH@Z          0043fff0 f   Reader:inspect.obj
 0001:0003f190       ?mem_class@@YAHPAVClaireClass@@@Z 00440190 f   Reader:inspect.obj
 0001:0003f320       ?PRget_property@@YAPAVPRcount@@PAVproperty@@@Z 00440320 f   Reader:inspect.obj
 0001:0003f4a0       ?PRlook_property2@@YAHPAVproperty@@@Z 004404a0 f   Reader:inspect.obj
 0001:0003f4d0       ?PRshow_property@@YAXPAVproperty@@@Z 004404d0 f   Reader:inspect.obj
 0001:0003f5f0       ?PRtime_property@@YAHPAVproperty@@@Z 004405f0 f   Reader:inspect.obj
 0001:0003f640       ?PRshow_void@@YAHXZ        00440640 f   Reader:inspect.obj
 0001:0003f9e0       ?dependents_method@@YAPAVset@@PAVmethod@@@Z 004409e0 f   Reader:inspect.obj
 0001:0003fb90       ?dependents_any@@YAHH@Z    00440b90 f   Reader:inspect.obj
 0001:0003ff30       ?PRdepends_property@@YAHPAVproperty@@0@Z 00440f30 f   Reader:inspect.obj
 0001:0003ff70       ?DBregister_Call@@YAPAVCall@@PAV1@@Z 00440f70 f   Reader:syntax.obj
 0001:00040130       ?Call_I_property@@YAPAVCall@@PAVproperty@@PAVlist@@@Z 00441130 f   Reader:syntax.obj
 0001:00040210       ?operation_ask_any@@YAPAVClaireBoolean@@H@Z 00441210 f   Reader:syntax.obj
 0001:00040330       ?combine_any@@YAHHHH@Z     00441330 f   Reader:syntax.obj
 0001:00040450       ?combine_I_any@@YAHHHH@Z   00441450 f   Reader:syntax.obj
 0001:00040ff0       ?operation_I_any@@YAHH@Z   00441ff0 f   Reader:syntax.obj
 0001:000412d0       ?operand_I_any@@YAHHH@Z    004422d0 f   Reader:syntax.obj
 0001:00041750       ?precedence_I_any@@YAHH@Z  00442750 f   Reader:syntax.obj
 0001:000417f0       ?nextstruct_meta_reader@@YAHPAVmeta_reader@@PAVkeyword@@1@Z 004427f0 f   Reader:syntax.obj
 0001:00041b10       ?readlet_meta_reader@@YAHPAVmeta_reader@@PAVkeyword@@@Z 00442b10 f   Reader:syntax.obj
 0001:00042210       ?readlet_star_meta_reader@@YAHPAVmeta_reader@@PAVlist@@HPAVkeyword@@@Z 00443210 f   Reader:syntax.obj
 0001:00042390       ?readwhen_meta_reader@@YAHPAVmeta_reader@@PAVkeyword@@@Z 00443390 f   Reader:syntax.obj
 0001:000425d0       ?readif_meta_reader@@YAHPAVmeta_reader@@H@Z 004435d0 f   Reader:syntax.obj
 0001:000427a0       ?readcase_meta_reader@@YAHPAVmeta_reader@@PAVkeyword@@@Z 004437a0 f   Reader:syntax.obj
 0001:00042a10       ?readset_meta_reader@@YAHPAVmeta_reader@@H@Z 00443a10 f   Reader:syntax.obj
 0001:00042eb0       ?dereference_any@@YAHH@Z   00443eb0 f   Reader:syntax.obj
 0001:00043060       ?nextseq_meta_reader@@YAHPAVmeta_reader@@H@Z 00444060 f   Reader:syntax.obj
 0001:00043200       ?readblock_meta_reader@@YAHPAVmeta_reader@@HH@Z 00444200 f   Reader:syntax.obj
 0001:00043550       ?Do_I_any@@YAHHH@Z         00444550 f   Reader:syntax.obj
 0001:000436f0       ?extract_of_type_Call@@YAPAVClaireType@@PAVCall@@@Z 004446f0 f   Reader:syntax.obj
 0001:000438b0       ?readcall_meta_reader@@YAHPAVmeta_reader@@HH@Z 004448b0 f   Reader:syntax.obj
 0001:000447e0       ?nextdefinition_meta_reader@@YAHPAVmeta_reader@@HHPAVClaireBoolean@@@Z 004457e0 f   Reader:syntax.obj
 0001:00044fb0       ?nextmethod_meta_reader@@YAHPAVmeta_reader@@HHPAVClaireBoolean@@11@Z 00445fb0 f   Reader:syntax.obj
 0001:000451a0       ?nextinst_meta_reader@@YAHPAVmeta_reader@@H@Z 004461a0 f   Reader:syntax.obj
 0001:00045930       ?nextDefclass_meta_reader@@YAPAVDefclass@@PAVmeta_reader@@HPAVClaireBoolean@@@Z 00446930 f   Reader:syntax.obj
 0001:00045fa0       ?next_meta_reader@@YAHPAVmeta_reader@@@Z 00446fa0 f   Reader:read.obj
 0001:00045fb0       ?firstc_meta_reader@@YAHPAVmeta_reader@@@Z 00446fb0 f   Reader:read.obj
 0001:00045fc0       ?keyword_ask_any@@YAHH@Z   00446fc0 f   Reader:read.obj
 0001:00046010       ?stop_ask_integer@@YAHH@Z  00447010 f   Reader:read.obj
 0001:00046090       ?nextunit_meta_reader@@YAHPAVmeta_reader@@@Z 00447090 f   Reader:read.obj
 0001:000469f0       ?nexts_meta_reader@@YAHPAVmeta_reader@@PAVkeyword@@@Z 004479f0 f   Reader:read.obj
 0001:00046c30       ?loopexp_meta_reader@@YAHPAVmeta_reader@@HPAVkeyword@@PAVClaireBoolean@@@Z 00447c30 f   Reader:read.obj
 0001:000472e0       ?nexte_meta_reader@@YAHPAVmeta_reader@@@Z 004482e0 f   Reader:read.obj
 0001:00047400       ?nextexp_meta_reader@@YAHPAVmeta_reader@@PAVClaireBoolean@@@Z 00448400 f   Reader:read.obj
 0001:00047bb0       ?nexti_meta_reader@@YAHPAVmeta_reader@@H@Z 00448bb0 f   Reader:read.obj
 0001:00048580       ?read_escape_meta_reader@@YAHPAVmeta_reader@@@Z 00449580 f   Reader:read.obj
 0001:00048660       ?nextvariable_meta_reader@@YAHPAVmeta_reader@@H@Z 00449660 f   Reader:read.obj
 0001:000487b0       ?nexts_I_meta_reader1@@YAHPAVmeta_reader@@PAVkeyword@@@Z 004497b0 f   Reader:read.obj
 0001:000488b0       ?nexte_I_meta_reader@@YAHPAVmeta_reader@@PAVkeyword@@@Z 004498b0 f   Reader:read.obj
 0001:00048990       ?nexts_I_meta_reader2@@YAHPAVmeta_reader@@H@Z 00449990 f   Reader:read.obj
 0001:00048a90       ?nexts_I_meta_reader3@@YAHPAVmeta_reader@@PAVkeyword@@H@Z 00449a90 f   Reader:read.obj
 0001:00048ba0       ?extended_comment_ask_meta_reader@@YAPAVClaireBoolean@@PAVmeta_reader@@PAD@Z 00449ba0 f   Reader:read.obj
 0001:00048c50       ?extended_comment_I_meta_reader@@YAHPAVmeta_reader@@PAD@Z 00449c50 f   Reader:read.obj
 0001:00048f10       ?metaLoad@OptimizeClass@@QAEXXZ 00449f10 f   Optimize:Optimize.obj
 0001:0004f450       ?c_type_List_Optimize@@YAPAVClaireType@@PAVList@@@Z 00450450 f   Optimize:odefine.obj
 0001:0004f620       ?c_code_List_Optimize@@YAHPAVList@@@Z 00450620 f   Optimize:odefine.obj
 0001:0004fac0       ?c_type_Set_Optimize@@YAPAVClaireType@@PAVSet@@@Z 00450ac0 f   Optimize:odefine.obj
 0001:0004fc90       ?c_code_Set_Optimize@@YAHPAVSet@@@Z 00450c90 f   Optimize:odefine.obj
 0001:00050130       ?c_type_Tuple_Optimize@@YAPAVClaireType@@PAVTuple@@@Z 00451130 f   Optimize:odefine.obj
 0001:00050210       ?c_code_Tuple_Optimize@@YAHPAVTuple@@@Z 00451210 f   Optimize:odefine.obj
 0001:000503a0       ?c_type_Definition_Optimize@@YAPAVClaireType@@PAVDefinition@@@Z 004513a0 f   Optimize:odefine.obj
 0001:000503d0       ?c_code_Definition_Optimize@@YAHPAVDefinition@@PAVClaireClass@@@Z 004513d0 f   Optimize:odefine.obj
 0001:00050750       ?total_ask_class@@YAHPAVClaireClass@@PAVlist@@@Z 00451750 f   Optimize:odefine.obj
 0001:00050b80       ?analyze_I_class@@YAHPAVClaireClass@@HPAVlist@@1@Z 00451b80 f   Optimize:odefine.obj
 0001:00051510       ?c_code_Defobj_Optimize@@YAHPAVDefobj@@PAVClaireClass@@@Z 00452510 f   Optimize:odefine.obj
 0001:00051a70       ?c_code_Defclass_Optimize@@YAHPAVDefclass@@PAVClaireClass@@@Z 00452a70 f   Optimize:odefine.obj
 0001:00051f90       ?c_type_Defmethod_Optimize@@YAPAVClaireType@@PAVDefmethod@@@Z 00452f90 f   Optimize:odefine.obj
 0001:00051fa0       ?c_code_Defmethod_Optimize@@YAHPAVDefmethod@@@Z 00452fa0 f   Optimize:odefine.obj
 0001:00052780       ?add_method_property2@@YAPAVmethod@@PAVproperty@@PAVlist@@PAVClaireType@@HPAVClaireFunction@@3@Z 00453780 f   Optimize:odefine.obj
 0001:000527c0       ?add_method_I_method@@YAHPAVmethod@@PAVlist@@HHPAVClaireFunction@@@Z 004537c0 f   Optimize:odefine.obj
 0001:00052a30       ?extract_status_new_any@@YAPAVlist@@H@Z 00453a30 f   Optimize:odefine.obj
 0001:00053050       ?extract_signature_I_list@@YAPAVlist@@PAV1@@Z 00454050 f   Optimize:odefine.obj
 0001:00053270       ?_equalsig_ask_list@@YAPAVClaireBoolean@@PAVlist@@0@Z 00454270 f   Optimize:odefine.obj
 0001:000532b0       ?function_name_property_Optimize@@YAPADPAVproperty@@PAVlist@@H@Z 004542b0 f   Optimize:odefine.obj
 0001:00053590       ?compile_lambda_string@@YAHPADPAVlambda@@H@Z 00454590 f   Optimize:odefine.obj
 0001:000536c0       ?c_code_Defarray_Optimize@@YAHPAVDefarray@@@Z 004546c0 f   Optimize:odefine.obj
 0001:00054800       ?compute_if_write_inverse_relation2@@YAXPAVClaireRelation@@@Z 00455800 f   Optimize:odefine.obj
 0001:00055340       ?compute_set_write_relation2@@YAHPAVClaireRelation@@@Z 00456340 f   Optimize:odefine.obj
 0001:000558a0       ?Produce_put_property2@@YAHPAVproperty@@PAVVariable@@H@Z 004568a0 f   Optimize:odefine.obj
 0001:00055e50       ?Produce_erase_property2@@YAHPAVproperty@@PAVVariable@@@Z 00456e50 f   Optimize:odefine.obj
 0001:000562a0       ?Produce_put_table2@@YAHPAVtable@@PAVVariable@@H@Z 004572a0 f   Optimize:odefine.obj
 0001:00056510       ?Produce_get_relation2@@YAHPAVClaireRelation@@PAVVariable@@@Z 00457510 f   Optimize:odefine.obj
 0001:00056980       ?Produce_remove_property2@@YAHPAVproperty@@PAVVariable@@H@Z 00457980 f   Optimize:odefine.obj
 0001:00056d80       ?Produce_remove_table2@@YAHPAVtable@@PAVVariable@@H@Z 00457d80 f   Optimize:odefine.obj
 0001:00057000       ?Tighten_relation2@@YAHPAVClaireRelation@@@Z 00458000 f   Optimize:odefine.obj
 0001:00057220       ?lexical_num_any2@@YAXHH@Z 00458220 f   Optimize:odefine.obj
 0001:00057510       ?c_type_Defrule2_Optimize@@YAPAVClaireType@@PAVDefrule@@@Z 00458510 f   Optimize:odefine.obj
 0001:00057520       ?c_code_Defrule_Optimize@@YAHPAVDefrule@@PAVClaireClass@@@Z 00458520 f   Optimize:odefine.obj
 0001:00057990       ?compile_if_write_relation@@YAXPAVClaireRelation@@@Z 00458990 f   Optimize:odefine.obj
 0001:000583a0       ?compileEventMethod_property@@YAXPAVproperty@@@Z 004593a0 f   Optimize:odefine.obj
 0001:000584c0       ?c_type_Assign_Optimize@@YAPAVClaireType@@PAVAssign@@@Z 004594c0 f   Optimize:ocontrol.obj
 0001:00058570       ?c_code_Assign_Optimize@@YAHPAVAssign@@@Z 00459570 f   Optimize:ocontrol.obj
 0001:00058880       ?c_gc_ask_Assign@@YAPAVClaireBoolean@@PAVAssign@@@Z 00459880 f   Optimize:ocontrol.obj
 0001:00058930       ?c_type_Gassign_Optimize@@YAPAVClaireType@@PAVGassign@@@Z 00459930 f   Optimize:ocontrol.obj
 0001:000589e0       ?c_code_Gassign_Optimize@@YAHPAVGassign@@@Z 004599e0 f   Optimize:ocontrol.obj
 0001:00058c90       ?c_gc_ask_Gassign@@YAPAVClaireBoolean@@PAVGassign@@@Z 00459c90 f   Optimize:ocontrol.obj
 0001:00058d40       ?c_type_And_Optimize@@YAPAVClaireType@@PAVAnd@@@Z 00459d40 f   Optimize:ocontrol.obj
 0001:00058d50       ?c_code_And_Optimize@@YAHPAVAnd@@@Z 00459d50 f   Optimize:ocontrol.obj
 0001:00058ee0       ?c_type_Or_Optimize@@YAPAVClaireType@@PAVOr@@@Z 00459ee0 f   Optimize:ocontrol.obj
 0001:00058ef0       ?c_code_Or_Optimize@@YAHPAVOr@@@Z 00459ef0 f   Optimize:ocontrol.obj
 0001:00059080       ?c_type_Quote_Optimize@@YAPAVClaireType@@PAVQuote@@@Z 0045a080 f   Optimize:ocontrol.obj
 0001:000590b0       ?c_code_Quote_Optimize@@YAXPAVQuote@@@Z 0045a0b0 f   Optimize:ocontrol.obj
 0001:000590f0       ?c_type_to_protect_Optimize@@YAPAVClaireType@@PAVto_protect@@@Z 0045a0f0 f   Optimize:ocontrol.obj
 0001:000591a0       ?c_code_to_protect_Optimize@@YAHPAVto_protect@@@Z 0045a1a0 f   Optimize:ocontrol.obj
 0001:000591c0       ?c_gc_ask_to_protect@@YAPAVClaireBoolean@@PAVto_protect@@@Z 0045a1c0 f   Optimize:ocontrol.obj
 0001:000591d0       ?c_type_Return_Optimize@@YAPAVClaireType@@PAVReturn@@@Z 0045a1d0 f   Optimize:ocontrol.obj
 0001:000591e0       ?c_code_Return_Optimize@@YAHPAVReturn@@@Z 0045a1e0 f   Optimize:ocontrol.obj
 0001:00059300       ?c_type_Handle_Optimize@@YAPAVClaireType@@PAVClaireHandle@@@Z 0045a300 f   Optimize:ocontrol.obj
 0001:00059400       ?c_code_Handle_Optimize@@YAHPAVClaireHandle@@PAVClaireClass@@@Z 0045a400 f   Optimize:ocontrol.obj
 0001:000595a0       ?c_gc_ask_Handle@@YAPAVClaireBoolean@@PAVClaireHandle@@@Z 0045a5a0 f   Optimize:ocontrol.obj
 0001:00059680       ?c_type_Cast_Optimize@@YAPAVClaireType@@PAVCast@@@Z 0045a680 f   Optimize:ocontrol.obj
 0001:00059690       ?c_code_Cast_Optimize@@YAHPAVCast@@@Z 0045a690 f   Optimize:ocontrol.obj
 0001:00059910       ?c_type_Super_Optimize@@YAPAVClaireType@@PAVSuper@@@Z 0045a910 f   Optimize:ocontrol.obj
 0001:00059ac0       ?c_code_Super_Optimize@@YAHPAVSuper@@@Z 0045aac0 f   Optimize:ocontrol.obj
 0001:00059d80       ?self_print_Call_function2@@YAXPAVCall_function2@@@Z 0045ad80 f   Optimize:ocontrol.obj
 0001:00059dc0       ?c_type_Call_function2_Optimize@@YAPAVClaireType@@PAVCall_function2@@@Z 0045adc0 f   Optimize:ocontrol.obj
 0001:00059dd0       ?c_code_Call_function2_Optimize@@YAHPAVCall_function2@@@Z 0045add0 f   Optimize:ocontrol.obj
 0001:00059f10       ?c_code_Assert_Optimize@@YAHPAVAssert@@@Z 0045af10 f   Optimize:ocontrol.obj
 0001:0005a220       ?c_code_Trace_Optimize@@YAHPAVTrace@@@Z 0045b220 f   Optimize:ocontrol.obj
 0001:0005a900       ?c_type_Assert_Optimize@@YAPAVClaireType@@PAVAssert@@@Z 0045b900 f   Optimize:ocontrol.obj
 0001:0005a910       ?c_type_Trace_Optimize@@YAPAVClaireType@@PAVTrace@@@Z 0045b910 f   Optimize:ocontrol.obj
 0001:0005a920       ?c_type_Branch_Optimize@@YAPAVClaireType@@PAVBranch@@@Z 0045b920 f   Optimize:ocontrol.obj
 0001:0005a930       ?c_code_Branch_Optimize@@YAHPAVBranch@@@Z 0045b930 f   Optimize:ocontrol.obj
 0001:0005ae10       ?c_code_Macro_Optimize@@YAHPAVMacro@@PAVClaireClass@@@Z 0045be10 f   Optimize:ocontrol.obj
 0001:0005aee0       ?c_type_Macro_Optimize@@YAPAVClaireType@@PAVMacro@@@Z 0045bee0 f   Optimize:ocontrol.obj
 0001:0005afb0       ?c_type_Printf_Optimize@@YAPAVClaireType@@PAVPrintf@@@Z 0045bfb0 f   Optimize:ocontrol.obj
 0001:0005afc0       ?c_code_Printf_Optimize@@YAHPAVPrintf@@@Z 0045bfc0 f   Optimize:ocontrol.obj
 0001:0005b520       ?c_type_Error_Optimize@@YAPAVClaireType@@PAVError@@@Z 0045c520 f   Optimize:ocontrol.obj
 0001:0005b530       ?c_code_Error_Optimize@@YAHPAVError@@@Z 0045c530 f   Optimize:ocontrol.obj
 0001:0005b8c0       ?extendedTest_ask_If@@YAPAVClaireType@@PAVIf@@@Z 0045c8c0 f   Optimize:ocontrol.obj
 0001:0005ba70       ?c_type_If_Optimize@@YAPAVClaireType@@PAVIf@@@Z 0045ca70 f   Optimize:ocontrol.obj
 0001:0005bc70       ?c_code_If_Optimize@@YAHPAVIf@@PAVClaireClass@@@Z 0045cc70 f   Optimize:ocontrol.obj
 0001:0005bed0       ?c_gc_ask_If@@YAPAVClaireBoolean@@PAVIf@@@Z 0045ced0 f   Optimize:ocontrol.obj
 0001:0005bfb0       ?c_type_Case_Optimize@@YAPAVClaireType@@PAVCase@@@Z 0045cfb0 f   Optimize:ocontrol.obj
 0001:0005c410       ?c_code_Case_Optimize@@YAHPAVCase@@PAVClaireClass@@@Z 0045d410 f   Optimize:ocontrol.obj
 0001:0005cc60       ?c_type_Do_Optimize@@YAPAVClaireType@@PAVDo@@@Z 0045dc60 f   Optimize:ocontrol.obj
 0001:0005cd20       ?c_code_Do_Optimize@@YAHPAVDo@@PAVClaireClass@@@Z 0045dd20 f   Optimize:ocontrol.obj
 0001:0005ce80       ?c_gc_ask_Do@@YAPAVClaireBoolean@@PAVDo@@@Z 0045de80 f   Optimize:ocontrol.obj
 0001:0005cf40       ?c_type_Let_Optimize@@YAPAVClaireType@@PAVLet@@@Z 0045df40 f   Optimize:ocontrol.obj
 0001:0005d040       ?c_code_Let_Optimize@@YAHPAVLet@@PAVClaireClass@@@Z 0045e040 f   Optimize:ocontrol.obj
 0001:0005d240       ?c_type_When_Optimize@@YAPAVClaireType@@PAVWhen@@@Z 0045e240 f   Optimize:ocontrol.obj
 0001:0005d3e0       ?c_code_When_Optimize@@YAHPAVWhen@@PAVClaireClass@@@Z 0045e3e0 f   Optimize:ocontrol.obj
 0001:0005dbb0       ?c_gc_ask_Let@@YAPAVClaireBoolean@@PAVLet@@@Z 0045ebb0 f   Optimize:ocontrol.obj
 0001:0005dc60       ?c_type_For_Optimize@@YAPAVClaireType@@PAVFor@@@Z 0045ec60 f   Optimize:ocontrol.obj
 0001:0005dc70       ?c_code_For_Optimize@@YAHPAVFor@@PAVClaireClass@@@Z 0045ec70 f   Optimize:ocontrol.obj
 0001:0005e670       ?c_code_multiple_For@@YAHPAVFor@@PAVClaireType@@PAVClaireClass@@@Z 0045f670 f   Optimize:ocontrol.obj
 0001:0005eb70       ?c_gc_ask_Iteration@@YAPAVClaireBoolean@@PAVIteration@@@Z 0045fb70 f   Optimize:ocontrol.obj
 0001:0005eb80       ?c_type_Iteration_Optimize@@YAPAVClaireType@@PAVIteration@@@Z 0045fb80 f   Optimize:ocontrol.obj
 0001:0005ee40       ?c_code_Iteration_Optimize@@YAHPAVIteration@@@Z 0045fe40 f   Optimize:ocontrol.obj
 0001:0005f8c0       ?c_code_Select_Optimize@@YAHPAVSelect@@@Z 004608c0 f   Optimize:ocontrol.obj
 0001:0005f8e0       ?c_code_Lselect_Optimize@@YAHPAVLselect@@@Z 004608e0 f   Optimize:ocontrol.obj
 0001:0005f900       ?c_code_select_Iteration@@YAHPAVIteration@@PAVClaireClass@@@Z 00460900 f   Optimize:ocontrol.obj
 0001:0005fea0       ?inner_select_Iteration@@YAHPAVIteration@@HHH@Z 00460ea0 f   Optimize:ocontrol.obj
 0001:00060230       ?c_type_Exists_Optimize@@YAPAVClaireType@@PAVExists@@@Z 00461230 f   Optimize:ocontrol.obj
 0001:00060350       ?c_code_Exists_Optimize@@YAHPAVExists@@PAVClaireClass@@@Z 00461350 f   Optimize:ocontrol.obj
 0001:00060b70       ?c_type_Image_Optimize@@YAPAVClaireType@@PAVImage@@@Z 00461b70 f   Optimize:ocontrol.obj
 0001:00060cb0       ?c_type_Select_Optimize@@YAPAVClaireType@@PAVSelect@@@Z 00461cb0 f   Optimize:ocontrol.obj
 0001:00060e00       ?c_type_Lselect_Optimize@@YAPAVClaireType@@PAVLselect@@@Z 00461e00 f   Optimize:ocontrol.obj
 0001:00060f50       ?c_type_While_Optimize@@YAPAVClaireType@@PAVWhile@@@Z 00461f50 f   Optimize:ocontrol.obj
 0001:00060f60       ?c_code_While_Optimize@@YAHPAVWhile@@PAVClaireClass@@@Z 00461f60 f   Optimize:ocontrol.obj
 0001:000610e0       ?Iterate_I_Iteration@@YAHPAVIteration@@@Z 004620e0 f   Optimize:ocontrol.obj
 0001:00061200       ?iterate_Interval@@YAHPAVInterval@@PAVVariable@@H@Z 00462200 f   Optimize:ocontrol.obj
 0001:000612e0       ?iterate_array@@YAHPAHPAVVariable@@H@Z 004622e0 f   Optimize:ocontrol.obj
 0001:00061320       ?Iterate_class@@YAHPAVClaireClass@@PAVVariable@@H@Z 00462320 f   Optimize:ocontrol.obj
 0001:000613c0       ?Iterate_any1@@YAHHPAVVariable@@H@Z 004623c0 f   Optimize:ocontrol.obj
 0001:00061540       ?Iterate_Lselect@@YAHPAVLselect@@PAVVariable@@H@Z 00462540 f   Optimize:ocontrol.obj
 0001:00061680       ?Iterate_Select@@YAHPAVSelect@@PAVVariable@@H@Z 00462680 f   Optimize:ocontrol.obj
 0001:000617c0       ?Iterate_Collect@@YAHPAVCollect@@PAVVariable@@H@Z 004627c0 f   Optimize:ocontrol.obj
 0001:000618b0       ?Iterate_any2@@YAHHPAVVariable@@H@Z 004628b0 f   Optimize:ocontrol.obj
 0001:00061a30       ?Iterate_any3@@YAHHPAVVariable@@H@Z 00462a30 f   Optimize:ocontrol.obj
 0001:00061bb0       ?restriction_I_property@@YAHPAVproperty@@PAVlist@@PAVClaireBoolean@@@Z 00462bb0 f   Optimize:ocall.obj
 0001:00061c20       ?restriction_I_list@@YAHPAVlist@@0PAVClaireBoolean@@@Z 00462c20 f   Optimize:ocall.obj
 0001:00061e50       ?restriction_I_class@@YAHPAVClaireClass@@PAVlist@@1@Z 00462e50 f   Optimize:ocall.obj
 0001:00061f90       ?use_range_method@@YAPAVClaireType@@PAVmethod@@PAVlist@@@Z 00462f90 f   Optimize:ocall.obj
 0001:00062700       ?c_type_Call_Optimize@@YAPAVClaireType@@PAVCall@@@Z 00463700 f   Optimize:ocall.obj
 0001:00062fd0       ?c_code_Call_Optimize@@YAHPAVCall@@@Z 00463fd0 f   Optimize:ocall.obj
 0001:00062ff0       ?c_code_call_Call@@YAHPAVCall@@PAVClaireClass@@@Z 00463ff0 f   Optimize:ocall.obj
 0001:00064200       ?open_message_property@@YAPAVCall@@PAVproperty@@PAVlist@@@Z 00465200 f   Optimize:ocall.obj
 0001:000645c0       ?c_gc_ask_Call@@YAPAVClaireBoolean@@PAVCall@@@Z 004655c0 f   Optimize:ocall.obj
 0001:000646d0       ?daccess_any@@YAHHPAVClaireBoolean@@@Z 004656d0 f   Optimize:ocall.obj
 0001:000649e0       ?c_gc_ask_Call_slot@@YAPAVClaireBoolean@@PAVCall_slot@@@Z 004659e0 f   Optimize:ocall.obj
 0001:00064b40       ?c_type_Call_slot_Optimize@@YAPAVClaireType@@PAVCall_slot@@@Z 00465b40 f   Optimize:ocall.obj
 0001:00064b50       ?c_type_Call_table_Optimize@@YAPAVClaireType@@PAVCall_table@@@Z 00465b50 f   Optimize:ocall.obj
 0001:00064b60       ?c_type_Call_array_Optimize@@YAPAVClaireType@@PAVCall_array@@@Z 00465b60 f   Optimize:ocall.obj
 0001:00064b80       ?c_code_write_Call@@YAHPAVCall@@@Z 00465b80 f   Optimize:ocall.obj
 0001:00065290       ?c_code_hold_property@@YAHPAVproperty@@HHPAVClaireBoolean@@@Z 00466290 f   Optimize:ocall.obj
 0001:00065770       ?c_code_add_Call@@YAHPAVCall@@@Z 00466770 f   Optimize:ocall.obj
 0001:00065d70       ?c_code_add_bag_Call@@YAHPAVCall@@@Z 00466d70 f   Optimize:ocall.obj
 0001:00065f70       ?c_code_delete_Call@@YAHPAVCall@@@Z 00466f70 f   Optimize:ocall.obj
 0001:000662e0       ?c_code_not_Select@@YAHPAVSelect@@@Z 004672e0 f   Optimize:ocall.obj
 0001:00066540       ?c_code_belong_Call@@YAHPAVCall@@@Z 00467540 f   Optimize:ocall.obj
 0001:000669a0       ?c_code_nth_Call@@YAHPAVCall@@@Z 004679a0 f   Optimize:ocall.obj
 0001:00067380       ?c_code_table_Call@@YAHPAVCall@@@Z 00468380 f   Optimize:ocall.obj
 0001:00067880       ?c_code_array_Call@@YAHPAVCall@@@Z 00468880 f   Optimize:ocall.obj
 0001:00067c50       ?Update_ask_relation@@YAPAVClaireBoolean@@PAVClaireRelation@@HH@Z 00468c50 f   Optimize:ocall.obj
 0001:00067e10       ?Update_ask_relation2@@YAPAVClaireBoolean@@PAVClaireRelation@@0@Z 00468e10 f   Optimize:ocall.obj
 0001:00067eb0       ?c_type_Update_Optimize@@YAPAVClaireType@@PAVUpdate@@@Z 00468eb0 f   Optimize:ocall.obj
 0001:00067ec0       ?c_code_method_method1@@YAHPAVmethod@@PAVlist@@1@Z 00468ec0 f   Optimize:ocall.obj
 0001:00067ef0       ?c_code_method_method2@@YAHPAVmethod@@PAVlist@@1PAVClaireClass@@@Z 00468ef0 f   Optimize:ocall.obj
 0001:00068190       ?Call_method_I_method@@YAHPAVmethod@@PAVlist@@@Z 00469190 f   Optimize:ocall.obj
 0001:00068500       ?c_type_Call_method_Optimize@@YAPAVClaireType@@PAVCall_method@@@Z 00469500 f   Optimize:ocall.obj
 0001:000685f0       ?c_code_Call_method_Optimize@@YAHPAVCall_method@@@Z 004695f0 f   Optimize:ocall.obj
 0001:00068610       ?c_gc_ask_Call_method@@YAPAVClaireBoolean@@PAVCall_method@@@Z 00469610 f   Optimize:ocall.obj
 0001:000688b0       ?functional_I_method_Optimize@@YAPAVClaireFunction@@PAVmethod@@@Z 004698b0 f   Optimize:ocall.obj
 0001:00068a20       ?nth_type_check_type@@YAHPAVClaireType@@00@Z 00469a20 f   Optimize:ocall.obj
 0001:00068b20       ?c_inline_ask_method@@YAPAVClaireBoolean@@PAVmethod@@PAVlist@@@Z 00469b20 f   Optimize:ocall.obj
 0001:00068d20       ?inline_optimize_ask_Call@@YAHPAVCall@@@Z 00469d20 f   Optimize:ocall.obj
 0001:00068f50       ?self_print_to_protect@@YAXPAVto_protect@@@Z 00469f50 f   Optimize:otool.obj
 0001:00069000       ?self_eval_to_protect@@YAHPAVto_protect@@@Z 0046a000 f   Optimize:otool.obj
 0001:000690c0       ?self_print_to_CL@@YAXPAVto_CL@@@Z 0046a0c0 f   Optimize:otool.obj
 0001:000691a0       ?c_type_to_CL_Optimize@@YAPAVClaireType@@PAVto_CL@@@Z 0046a1a0 f   Optimize:otool.obj
 0001:00069260       ?c_gc_ask_to_CL@@YAPAVClaireBoolean@@PAVto_CL@@@Z 0046a260 f   Optimize:otool.obj
 0001:00069360       ?self_print_to_C@@YAXPAVto_C@@@Z 0046a360 f   Optimize:otool.obj
 0001:00069440       ?c_gc_ask_to_C@@YAPAVClaireBoolean@@PAVto_C@@@Z 0046a440 f   Optimize:otool.obj
 0001:00069540       ?c_type_to_C_Optimize@@YAPAVClaireType@@PAVto_C@@@Z 0046a540 f   Optimize:otool.obj
 0001:00069610       ?self_print_C_cast@@YAXPAVC_cast@@@Z 0046a610 f   Optimize:otool.obj
 0001:000696f0       ?c_gc_ask_C_cast@@YAPAVClaireBoolean@@PAVC_cast@@@Z 0046a6f0 f   Optimize:otool.obj
 0001:000697a0       ?c_type_C_cast_Optimize@@YAPAVClaireType@@PAVC_cast@@@Z 0046a7a0 f   Optimize:otool.obj
 0001:000697b0       ?c_code_C_cast_Optimize@@YAHPAVC_cast@@PAVClaireClass@@@Z 0046a7b0 f   Optimize:otool.obj
 0001:00069930       ?self_print_Pattern@@YAXPAVClairePattern@@@Z 0046a930 f   Optimize:otool.obj
 0001:00069a00       ?_Z_any3@@YAPAVClaireBoolean@@HPAVClairePattern@@@Z 0046aa00 f   Optimize:otool.obj
 0001:00069bb0       ?glb_Pattern@@YAPAVClaireType@@PAVClairePattern@@PAV1@@Z 0046abb0 f   Optimize:otool.obj
 0001:00069bc0       ?less_ask_Pattern@@YAPAVClaireBoolean@@PAVClairePattern@@H@Z 0046abc0 f   Optimize:otool.obj
 0001:00069d50       ?less_ask_any@@YAPAVClaireBoolean@@HPAVClairePattern@@@Z 0046ad50 f   Optimize:otool.obj
 0001:00069eb0       ?nth_property@@YAPAVClairePattern@@PAVproperty@@PAVtuple@@@Z 0046aeb0 f   Optimize:otool.obj
 0001:00069f90       ?warn_void@@YAHXZ          0046af90 f   Optimize:otool.obj
 0001:0006a060       ?Cerror_string@@YAXPADPAVlistargs@@@Z 0046b060 f   Optimize:otool.obj
 0001:0006a180       ?c_warn_Call@@YAHPAVCall@@H@Z 0046b180 f   Optimize:otool.obj
 0001:0006a420       ?c_warn_Super@@YAHPAVSuper@@H@Z 0046b420 f   Optimize:otool.obj
 0001:0006a600       ?c_warn_property@@YAHPAVproperty@@PAVlist@@1@Z 0046b600 f   Optimize:otool.obj
 0001:0006a650       ?c_warn_Variable@@YAHPAVVariable@@HPAVClaireType@@@Z 0046b650 f   Optimize:otool.obj
 0001:0006a960       ?sort_equal_class@@YAHPAVClaireClass@@0@Z 0046b960 f   Optimize:otool.obj
 0001:0006aa10       ?psort_any@@YAPAVClaireClass@@H@Z 0046ba10 f   Optimize:otool.obj
 0001:0006aa80       ?osort_any@@YAPAVClaireClass@@H@Z 0046ba80 f   Optimize:otool.obj
 0001:0006aab0       ?sort_Variable@@YAPAVClaireClass@@PAVVariable@@@Z 0046bab0 f   Optimize:otool.obj
 0001:0006abf0       ?stupid_t_any1@@YAPAVClaireClass@@H@Z 0046bbf0 f   Optimize:otool.obj
 0001:0006ba90       ?stupid_t_any2@@YAPAVClaireBoolean@@HH@Z 0046ca90 f   Optimize:otool.obj
 0001:0006bad0       ?extended_ask_type@@YAPAVClaireBoolean@@PAVClaireType@@@Z 0046cad0 f   Optimize:otool.obj
 0001:0006bb50       ?extends_type@@YAPAVClaireType@@PAV1@@Z 0046cb50 f   Optimize:otool.obj
 0001:0006bc10       ?sort_abstract_I_type@@YAPAVClaireType@@PAV1@@Z 0046cc10 f   Optimize:otool.obj
 0001:0006bdf0       ?sort_abstract_ask_type@@YAPAVClaireBoolean@@PAVClaireType@@@Z 0046cdf0 f   Optimize:otool.obj
 0001:0006be60       ?ptype_type@@YAPAVClaireType@@PAV1@@Z 0046ce60 f   Optimize:otool.obj
 0001:0006beb0       ?pmember_type@@YAPAVClaireType@@PAV1@@Z 0046ceb0 f   Optimize:otool.obj
 0001:0006bed0       ?enumerate_code_any@@YAHHPAVClaireType@@@Z 0046ced0 f   Optimize:otool.obj
 0001:0006bff0       ?range_infers_for_Variable@@YAHPAVVariable@@PAVClaireType@@1@Z 0046cff0 f   Optimize:otool.obj
 0001:0006c210       ?range_infers_Variable@@YAHPAVVariable@@PAVClaireType@@@Z 0046d210 f   Optimize:otool.obj
 0001:0006c2a0       ?range_infer_case_any@@YAXHPAVClaireType@@@Z 0046d2a0 f   Optimize:otool.obj
 0001:0006c4f0       ?c_check_any@@YAHHH@Z      0046d4f0 f   Optimize:otool.obj
 0001:0006c650       ?range_sets_any@@YAXHPAVClaireType@@@Z 0046d650 f   Optimize:otool.obj
 0001:0006c8a0       ?c_srange_method@@YAPAVClaireClass@@PAVmethod@@@Z 0046d8a0 f   Optimize:otool.obj
 0001:0006c8d0       ?c_code_Type_Optimize@@YAHPAVType@@PAVClaireClass@@@Z 0046d8d0 f   Optimize:otool.obj
 0001:0006c9a0       ?self_code_subtype@@YAHPAVsubtype@@@Z 0046d9a0 f   Optimize:otool.obj
 0001:0006caf0       ?self_code_Param@@YAHPAVParam@@@Z 0046daf0 f   Optimize:otool.obj
 0001:0006ce10       ?self_code_Union@@YAHPAVUnion@@@Z 0046de10 f   Optimize:otool.obj
 0001:0006cf90       ?self_code_Interval@@YAHPAVInterval@@@Z 0046df90 f   Optimize:otool.obj
 0001:0006d090       ?self_code_Reference@@YAHPAVReference@@@Z 0046e090 f   Optimize:otool.obj
 0001:0006d370       ?self_code_Pattern@@YAHPAVClairePattern@@@Z 0046e370 f   Optimize:otool.obj
 0001:0006d540       ?member_code_class2@@YAHPAVClaireClass@@H@Z 0046e540 f   Optimize:otool.obj
 0001:0006d7a0       ?member_code_Type@@YAHPAVType@@H@Z 0046e7a0 f   Optimize:otool.obj
 0001:0006d950       ?member_code_Union@@YAHPAVUnion@@H@Z 0046e950 f   Optimize:otool.obj
 0001:0006dab0       ?member_code_Interval@@YAHPAVInterval@@H@Z 0046eab0 f   Optimize:otool.obj
[...]
 0003:0000e800       ??_C@_0BG@JMP@I?5AM?5A?5CPStringIn?5?$CB?$CB?6?$AA@ 004ed800     Kernel:Clport.obj
 0003:0000e818       ??_C@_04PNLD@_two?$AA@     004ed818     Kernel:Clport.obj
 0003:0000e820       ??_C@_07CLHI@_dollar?$AA@  004ed820     Kernel:Clport.obj
 0003:0000e828       ??_C@_06ONBH@_prime?$AA@   004ed828     Kernel:Clport.obj
 0003:0000e830       ??_C@_02EILG@L_?$AA@       004ed830     Kernel:Clport.obj
 0003:0000e834       ??_C@_06FGNM@_brack?$AA@   004ed834     Kernel:Clport.obj
 0003:0000e83c       ??_C@_06GOCL@_tilda?$AA@   004ed83c     Kernel:Clport.obj
 0003:0000e844       ??_C@_03BHEF@_at?$AA@      004ed844     Kernel:Clport.obj
 0003:0000e848       ??_C@_04PCOD@_exp?$AA@     004ed848     Kernel:Clport.obj
 0003:0000e850       ??_C@_06CCIA@_comma?$AA@   004ed850     Kernel:Clport.obj
 0003:0000e858       ??_C@_06EIFA@_equal?$AA@   004ed858     Kernel:Clport.obj
 0003:0000e860       ??_C@_04MGKK@_sup?$AA@     004ed860     Kernel:Clport.obj
 0003:0000e868       ??_C@_04GBFI@_inf?$AA@     004ed868     Kernel:Clport.obj
 0003:0000e870       ??_C@_02EPOC@_I?$AA@       004ed870     Kernel:Clport.obj
 0003:0000e874       ??_C@_04DGGD@_ask?$AA@     004ed874     Kernel:Clport.obj
 0003:0000e87c       ??_C@_05GCKN@_star?$AA@    004ed87c     Kernel:Clport.obj
 0003:0000e884       ??_C@_02BJCL@_Z?$AA@       004ed884     Kernel:Clport.obj
 0003:0000e888       ??_C@_05CGBA@_plus?$AA@    004ed888     Kernel:Clport.obj
 0003:0000e890       ??_C@_05BJAO@_dash?$AA@    004ed890     Kernel:Clport.obj
 0003:0000e898       ??_C@_04KEMD@_and?$AA@     004ed898     Kernel:Clport.obj
 0003:0000e8a0       ??_C@_0L@LJCJ@_backslash?$AA@ 004ed8a0     Kernel:Clport.obj
 0003:0000e8ac       ??_C@_02LKHI@_7?$AA@       004ed8ac     Kernel:Clport.obj
 0003:0000e8b0       ??_C@_04BFF@_dot?$AA@      004ed8b0     Kernel:Clport.obj
 0003:0000e8b8       ??_C@_05CKH@ms?4?5?6?$AA@  004ed8b8     Kernel:Clport.obj
 0003:0000e8c0       ??_C@_0BB@NFFF@?$FN?5Elapsed?5time?3?5?$AA@ 004ed8c0     Kernel:Clport.obj
 0003:0000e8d4       ??_C@_08OMEM@Counter?$FL?$AA@ 004ed8d4     Kernel:Clport.obj
 0003:0000e8e0       ??_C@_0CK@JLGA@increasing?5memory?5size?5by?52?$FO?$CFd?5a@ 004ed8e0     console:clConsole.obj
 0003:0000e90c       ??_C@_0DK@KICL@There?5is?5not?5enough?5memory?5for?5C@ 004ed90c     console:clConsole.obj
 0003:0000e948       ??_C@_08JOEH@?0?5line?3?5?$AA@ 004ed948     console:clConsole.obj
 0003:0000e954       ??_C@_0M@PJAG@?9?9?9?9?5file?3?5?$AA@ 004ed954     console:clConsole.obj
 0003:0000e960       ??_C@_03BIJ@?$FN?$DO?5?$AA@ 004ed960     console:clConsole.obj
 0003:0000e964       ??_C@_05PLJF@eval?$FL?$AA@ 004ed964     console:clConsole.obj
 0003:0000e96c       ??_C@_02CPLA@?$DO?5?$AA@   004ed96c     console:clConsole.obj
 0003:0000e970       ??_C@_0CO@MOBO@?$DO?$DO?$DO?$DO?$DO?$DO?$DO?$DO?$DO?$DO?$DO?$DO?$DO?$DO?5please?5fix?5the?5in@ 004ed970     console:clConsole.obj
 0003:0000e9a0       ??_C@_0CA@IELM@d?3?2claire?2v2?49?2src?2make?2init?4cl?$AA@ 004ed9a0     console:clConsole.obj
 0003:0000e9c0       ??_C@_0CL@PFHB@?9?9?9?9?9?9?9?9?9?9?9?9?9?9?9?5Debug?5?9?9?9?9?9?9?9?9?9?9@ 004ed9c0     console:clConsole.obj
 0003:0000e9ec       ??_C@_0L@MAIF@?$CFs?$FL?$CFd?3?$CFd?$FN?$CI?$AA@ 004ed9ec     console:clConsole.obj
 0003:0000e9f8       ??_C@_07NPDM@?$DM?$CFs?3?$CFd?$DO?$AA@ 004ed9f8     console:clConsole.obj
 0003:0000ea00       ??_C@_07BKHE@method?$DM?$AA@ 004eda00     console:clConsole.obj
 0003:0000ea08       ??_C@_05NPA@slot?$DM?$AA@  004eda08     console:clConsole.obj
 0003:0000ea10       ??_C@_04ELGI@?8?$CFc?8?$AA@ 004eda10     console:clConsole.obj
 0003:0000ea18       ??_C@_03MEAP@?8?$CFs?$AA@  004eda18     console:clConsole.obj
 0003:0000ea1c       ??_C@_06HLEI@?$EA?$CFd?6?0?5?$AA@ 004eda1c     console:clConsole.obj
 0003:0000ea24       ??_C@_05CLBC@EMPTY?$AA@    004eda24     console:clConsole.obj
 0003:0000ea2c       ??_C@_0O@PCKO@Chunk?$FL?$CFd?3?$CFd?$FN?$CI?$AA@ 004eda2c     console:clConsole.obj
 0003:0000ea3c       ??_C@_07DBHD@NOTHING?$AA@  004eda3c     console:clConsole.obj
 0003:0000ea44       ??_C@_04HPGM@?$CFs?3?5?$AA@ 004eda44     console:clConsole.obj
 0003:0000ea4c       __aexit_rtn                004eda4c     LIBC:crt0.obj
 0003:0000ea50       ___app_type                004eda50     LIBC:crt0.obj
 0003:0000ea60       __fltused                  004eda60     LIBC:fpinit.obj
 0003:0000ea64       __ldused                   004eda64     LIBC:fpinit.obj
 0003:0000ea68       __FPinit                   004eda68     LIBC:fpinit.obj
 0003:0000ea6c       __FPmtinit                 004eda6c     LIBC:fpinit.obj
 0003:0000ea70       __FPmtterm                 004eda70     LIBC:fpinit.obj
 0003:0000ea80       __half                     004eda80     LIBC:pow.obj
 0003:0000ea98       __iob                      004eda98     LIBC:_file.obj
 0003:0000ed18       __NLG_Destination          004edd18     LIBC:exsup.obj
 0003:0000ed28       __XcptActTab               004edd28     LIBC:winxfltr.obj
 0003:0000eda0       __First_FPE_Indx           004edda0     LIBC:winxfltr.obj
 0003:0000eda4       __Num_FPE                  004edda4     LIBC:winxfltr.obj
 0003:0000eda8       __XcptActTabCount          004edda8     LIBC:winxfltr.obj
 0003:0000edac       __fpecode                  004eddac     LIBC:winxfltr.obj
 0003:0000edb0       ___badioinfo               004eddb0     LIBC:ioinit.obj
 0003:0000edb8       __amblksiz                 004eddb8     LIBC:heapinit.obj
 0003:0000ee50       __cfltcvt_tab              004ede50     LIBC:cmiscdat.obj
 0003:0000ee70       __infinity                 004ede70     LIBC:87tran.obj
 0003:0000ee7a       __minfinity                004ede7a     LIBC:87tran.obj
 0003:0000ee84       __logemax                  004ede84     LIBC:87tran.obj
 0003:0000eeb4       __OP_EXPjmptab             004edeb4     LIBC:87tran.obj
 0003:0000eee0       __indefinite               004edee0     LIBC:87disp.obj
 0003:0000eeea       __piby2                    004edeea     LIBC:87disp.obj
 0003:0000eefc       __cpower                   004edefc     LIBC:87disp.obj
 0003:0000ef10       ___nullstring              004edf10     LIBC:output.obj
 0003:0000ef14       ___wnullstring             004edf14     LIBC:output.obj
 0003:0000ef18       __pctype                   004edf18     LIBC:ctype.obj
 0003:0000ef1c       __pwctype                  004edf1c     LIBC:ctype.obj
 0003:0000ef20       __ctype                    004edf20     LIBC:ctype.obj
 0003:0000f124       ___mb_cur_max              004ee124     LIBC:nlsdata1.obj
 0003:0000f128       ___decimal_point           004ee128     LIBC:nlsdata1.obj
 0003:0000f12c       ___decimal_point_length    004ee12c     LIBC:nlsdata1.obj
 0003:0000f130       __timezone                 004ee130     LIBC:timeset.obj
 0003:0000f134       __daylight                 004ee134     LIBC:timeset.obj
 0003:0000f138       __dstbias                  004ee138     LIBC:timeset.obj
 0003:0000f1bc       __tzname                   004ee1bc     LIBC:timeset.obj
 0003:0000f2c0       __d_inf                    004ee2c0     LIBC:util.obj
 0003:0000f2c8       __d_ind                    004ee2c8     LIBC:util.obj
 0003:0000f2d0       __d_max                    004ee2d0     LIBC:util.obj
 0003:0000f2d8       __d_min                    004ee2d8     LIBC:util.obj
 0003:0000f2e0       __d_mzero                  004ee2e0     LIBC:util.obj
 0003:0000f320       ___sbh_threshold           004ee320     LIBC:sbheap.obj
 0003:0000f5c0       __lpdays                   004ee5c0     LIBC:days.obj
 0003:0000f5f4       __days                     004ee5f4     LIBC:days.obj
 0003:0000f628       __matherr_flag             004ee628     LIBC:matherr.obj
 0003:0000f798       __p_overlay                004ee798     LIBC:dospawn.obj
 0003:0000f7a0       __pow10pos                 004ee7a0     LIBC:constpow.obj
 0003:0000f900       __pow10neg                 004ee900     LIBC:constpow.obj
 0003:00012900       ??_C@_00A@?$AA@            004f1900     cclaire-s.obj
 0003:00012908       ?Core@@3VCoreClass@@A      004f1908     Core:Core.obj
 0003:00012c10       ?Language@@3VLanguageClass@@A 004f1c10     Language:Language.obj
 0003:00012e5c       ?iClaire@@3VNameSpace@@A   004f1e5c     Language:Language.obj
 0003:00012e60       ?Reader@@3VReaderClass@@A  004f1e60     Reader:Reader.obj
 0003:00013118       ?Compile@@3VNameSpace@@A   004f2118     Optimize:Optimize.obj
 0003:00013120       ?Optimize@@3VOptimizeClass@@A 004f2120     Optimize:Optimize.obj
 0003:00013400       ?Generate@@3VGenerateClass@@A 004f2400     Generate:Generate.obj
 0003:00013668       ?mClaire@@3VNameSpace@@A   004f2668     Kernel:Kernel.obj
 0003:0001366c       ?claire@@3VNameSpace@@A    004f266c     Kernel:Kernel.obj
 0003:00013670       ?Kernel@@3VKernelClass@@A  004f2670     Kernel:Kernel.obj
 0003:000139b0       ?ClEnv@@3PAVClaireEnvironment@@A 004f29b0     Kernel:Kernel.obj
 0003:000139b4       ?CNULL@@3HA                004f29b4     Kernel:Kernel.obj
 0003:000139b8       ?ClRes@@3PAVClaireResource@@A 004f29b8     Kernel:Kernel.obj
 0003:000139bc       ?CFALSE@@3PAVClaireBoolean@@A 004f29bc     Kernel:Kernel.obj
 0003:000139c0       ?ClAlloc@@3PAVClaireAllocation@@A 004f29c0     Kernel:Clalloc.OBJ
 0003:000139c4       ?CL_dummy@@3PAHA           004f29c4     Kernel:Clalloc.OBJ
 0003:000139c8       ?Cmemory@@3PAHA            004f29c8     Kernel:Clalloc.OBJ
 0003:000139cc       ?BadGuy@@3HA               004f29cc     Kernel:Clalloc.OBJ
 0003:000139d0       ?maxIndex@@3HA             004f29d0     Kernel:Clalloc.OBJ
 0003:000139d4       ?MyMark@@3PAVCPFile@@A     004f29d4     Kernel:Clport.obj
 0003:00013a3c       ?store_d@@3HA              004f2a3c     console:clConsole.obj
 0003:00013a40       ?store_i@@3HA              004f2a40     console:clConsole.obj
 0003:00013a44       ?store_b@@3HA              004f2a44     console:clConsole.obj
 0003:00013a48       ?STACK@@3PAVlist@@A        004f2a48     console:clConsole.obj
 0003:00013a4c       ?NBEVAL@@3HA               004f2a4c     console:clConsole.obj
 0003:00013a50       ?MODE@@3HA                 004f2a50     console:clConsole.obj
 0003:00013a54       __aenvptr                  004f2a54     LIBC:crt0.obj
 0003:00013a58       __wenvptr                  004f2a58     LIBC:crt0.obj
 0003:00013a5c       ___error_mode              004f2a5c     LIBC:crt0.obj
 0003:00013a60       ___fastflag                004f2a60     LIBC:fpinit.obj
 0003:00013a64       __adjust_fdiv              004f2a64     LIBC:fpinit.obj
 0003:00013ac0       _errno                     004f2ac0     LIBC:crt0dat.obj
 0003:00013ac4       __doserrno                 004f2ac4     LIBC:crt0dat.obj
 0003:00013ac8       __umaskval                 004f2ac8     LIBC:crt0dat.obj
 0003:00013acc       __osver                    004f2acc     LIBC:crt0dat.obj
 0003:00013ad0       __winver                   004f2ad0     LIBC:crt0dat.obj
 0003:00013ad4       __winmajor                 004f2ad4     LIBC:crt0dat.obj
 0003:00013ad8       __winminor                 004f2ad8     LIBC:crt0dat.obj
 0003:00013adc       ___argc                    004f2adc     LIBC:crt0dat.obj
 0003:00013ae0       ___argv                    004f2ae0     LIBC:crt0dat.obj
 0003:00013ae4       ___wargv                   004f2ae4     LIBC:crt0dat.obj
 0003:00013ae8       __environ                  004f2ae8     LIBC:crt0dat.obj
 0003:00013aec       ___initenv                 004f2aec     LIBC:crt0dat.obj
 0003:00013af0       __wenviron                 004f2af0     LIBC:crt0dat.obj
 0003:00013af4       ___winitenv                004f2af4     LIBC:crt0dat.obj
 0003:00013af8       __pgmptr                   004f2af8     LIBC:crt0dat.obj
 0003:00013afc       __wpgmptr                  004f2afc     LIBC:crt0dat.obj
 0003:00013b00       __exitflag                 004f2b00     LIBC:crt0dat.obj
 0003:00013b04       __C_Termination_Done       004f2b04     LIBC:crt0dat.obj
 0003:00013b08       __C_Exit_Done              004f2b08     LIBC:crt0dat.obj
 0003:00013b0c       __cflush                   004f2b0c     LIBC:_file.obj
 0003:00013b10       __pxcptinfoptrs            004f2b10     LIBC:winxfltr.obj
 0003:00013c1c       __adbgmsg                  004f2c1c     LIBC:crt0msg.obj
 0003:00013c30       __stdbuf                   004f2c30     LIBC:_sftbuf.obj
 0003:00013d1c       __newmode                  004f2d1c     LIBC:_newmode.obj
 0003:00013d20       ?_pnhHeap@@3P6AHI@ZA       004f2d20     LIBC:handler.obj
 0003:00013d6c       ___lc_handle               004f2d6c     LIBC:nlsdata2.obj
 0003:00013d84       ___lc_codepage             004f2d84     LIBC:nlsdata2.obj
 0003:00013d88       ___lc_collate_cp           004f2d88     LIBC:nlsdata2.obj
 0003:00013d94       __commode                  004f2d94     LIBC:ncommode.obj
 0003:00013d98       __fmode                    004f2d98     LIBC:txtmode.obj
 0003:00013d9c       ___mbcodepage              004f2d9c     <common>
 0003:00013e20       ___mbulinfo                004f2e20     <common>
 0003:00013e2c       ___ismbcodepage            004f2e2c     <common>
 0003:00013e40       __mbcasemap                004f2e40     <common>
 0003:00013f40       __mbctype                  004f2f40     <common>
 0003:00014044       ___mblcid                  004f3044     <common>
 0003:00014048       ___sbh_sizeHeaderList      004f3048     <common>
 0003:00014058       ___sbh_indGroupDefer       004f3058     <common>
 0003:0001405c       ___sbh_pHeaderScan         004f305c     <common>
 0003:00014060       ___sbh_pHeaderDefer        004f3060     <common>
 0003:00014064       ___sbh_cntHeaderList       004f3064     <common>
 0003:00014068       ___sbh_pHeaderList         004f3068     <common>
 0003:0001406c       __crtheap                  004f306c     <common>
 0003:00014080       ___pioinfo                 004f3080     <common>
 0003:000141bc       __nhandle                  004f31bc     <common>
 0003:000141c0       ___piob                    004f31c0     <common>
 0003:00014500       __bufin                    004f3500     <common>
 0003:00015500       __nstream                  004f4500     <common>
 0003:00015504       ___env_initialized         004f4504     <common>
 0003:00015514       ___mbctype_initialized     004f4514     <common>
 0003:00015518       ___onexitend               004f4518     <common>
 0003:0001551c       ___onexitbegin             004f451c     <common>
 0003:00015520       __acmdln                   004f4520     <common>
 0003:0001552c       __setjmpexused             004f452c     <common>
 0004:00000000       __IMPORT_DESCRIPTOR_KERNEL32 004f5000     kernel32:KERNEL32.dll
 0004:00000014       __NULL_IMPORT_DESCRIPTOR   004f5014     kernel32:KERNEL32.dll
 0004:00000168       __imp__GetProcAddress@8    004f5168     kernel32:KERNEL32.dll
 0004:0000016c       __imp__GetVersion@0        004f516c     kernel32:KERNEL32.dll
 0004:00000170       __imp__ExitProcess@4       004f5170     kernel32:KERNEL32.dll
 0004:00000174       __imp__GetTimeZoneInformation@4 004f5174     kernel32:KERNEL32.dll
 0004:00000178       __imp__GetSystemTime@4     004f5178     kernel32:KERNEL32.dll
 0004:0000017c       __imp__GetLocalTime@4      004f517c     kernel32:KERNEL32.dll
 0004:00000180       __imp__GetLastError@0      004f5180     kernel32:KERNEL32.dll
 0004:00000184       __imp__SetConsoleCtrlHandler@8 004f5184     kernel32:KERNEL32.dll
 0004:00000188       __imp__GetSystemTimeAsFileTime@4 004f5188     kernel32:KERNEL32.dll
 0004:0000018c       __imp__TerminateProcess@8  004f518c     kernel32:KERNEL32.dll
 0004:00000190       __imp__GetCurrentProcess@0 004f5190     kernel32:KERNEL32.dll
 0004:00000194       __imp__HeapAlloc@12        004f5194     kernel32:KERNEL32.dll
 0004:00000198       __imp__RtlUnwind@16        004f5198     kernel32:KERNEL32.dll
 0004:0000019c       __imp__UnhandledExceptionFilter@4 004f519c     kernel32:KERNEL32.dll
 0004:000001a0       __imp__GetModuleFileNameA@12 004f51a0     kernel32:KERNEL32.dll
 0004:000001a4       __imp__FreeEnvironmentStringsA@4 004f51a4     kernel32:KERNEL32.dll
 0004:000001a8       __imp__FreeEnvironmentStringsW@4 004f51a8     kernel32:KERNEL32.dll
 0004:000001ac       __imp__WideCharToMultiByte@32 004f51ac     kernel32:KERNEL32.dll
 0004:000001b0       __imp__GetEnvironmentStrings@0 004f51b0     kernel32:KERNEL32.dll
 0004:000001b4       __imp__GetEnvironmentStringsW@0 004f51b4     kernel32:KERNEL32.dll
 0004:000001b8       __imp__SetHandleCount@4    004f51b8     kernel32:KERNEL32.dll
 0004:000001bc       __imp__GetStdHandle@4      004f51bc     kernel32:KERNEL32.dll
 0004:000001c0       __imp__GetFileType@4       004f51c0     kernel32:KERNEL32.dll
 0004:000001c4       __imp__GetStartupInfoA@4   004f51c4     kernel32:KERNEL32.dll
 0004:000001c8       __imp__HeapDestroy@4       004f51c8     kernel32:KERNEL32.dll
 0004:000001cc       __imp__HeapCreate@12       004f51cc     kernel32:KERNEL32.dll
 0004:000001d0       __imp__VirtualFree@12      004f51d0     kernel32:KERNEL32.dll
 0004:000001d4       __imp__HeapFree@12         004f51d4     kernel32:KERNEL32.dll
 0004:000001d8       __imp__WriteFile@20        004f51d8     kernel32:KERNEL32.dll
 0004:000001dc       __imp__GetCommandLineA@0   004f51dc     kernel32:KERNEL32.dll
 0004:000001e0       __imp__GetModuleHandleA@4  004f51e0     kernel32:KERNEL32.dll
 0004:000001e4       __imp__RaiseException@16   004f51e4     kernel32:KERNEL32.dll
 0004:000001e8       __imp__ReadFile@20         004f51e8     kernel32:KERNEL32.dll
 0004:000001ec       __imp__SetFilePointer@16   004f51ec     kernel32:KERNEL32.dll
 0004:000001f0       __imp__FlushFileBuffers@4  004f51f0     kernel32:KERNEL32.dll
 0004:000001f4       __imp__CloseHandle@4       004f51f4     kernel32:KERNEL32.dll
 0004:000001f8       __imp__GetFileAttributesA@4 004f51f8     kernel32:KERNEL32.dll
 0004:000001fc       __imp__VirtualAlloc@16     004f51fc     kernel32:KERNEL32.dll
 0004:00000200       __imp__HeapReAlloc@16      004f5200     kernel32:KERNEL32.dll
 0004:00000204       __imp__IsBadWritePtr@8     004f5204     kernel32:KERNEL32.dll
 0004:00000208       __imp__GetCPInfo@8         004f5208     kernel32:KERNEL32.dll
 0004:0000020c       __imp__GetACP@0            004f520c     kernel32:KERNEL32.dll
 0004:00000210       __imp__GetOEMCP@0          004f5210     kernel32:KERNEL32.dll
 0004:00000214       __imp__LoadLibraryA@4      004f5214     kernel32:KERNEL32.dll
 0004:00000218       __imp__MultiByteToWideChar@24 004f5218     kernel32:KERNEL32.dll
 0004:0000021c       __imp__LCMapStringA@24     004f521c     kernel32:KERNEL32.dll
 0004:00000220       __imp__LCMapStringW@24     004f5220     kernel32:KERNEL32.dll
 0004:00000224       __imp__GetStringTypeA@20   004f5224     kernel32:KERNEL32.dll
 0004:00000228       __imp__GetStringTypeW@16   004f5228     kernel32:KERNEL32.dll
 0004:0000022c       __imp__CompareStringA@24   004f522c     kernel32:KERNEL32.dll
 0004:00000230       __imp__CompareStringW@24   004f5230     kernel32:KERNEL32.dll
 0004:00000234       __imp__SetEnvironmentVariableA@8 004f5234     kernel32:KERNEL32.dll
 0004:00000238       __imp__SetStdHandle@8      004f5238     kernel32:KERNEL32.dll
 0004:0000023c       __imp__CreateFileA@28      004f523c     kernel32:KERNEL32.dll
 0004:00000240       __imp__GetExitCodeProcess@8 004f5240     kernel32:KERNEL32.dll
 0004:00000244       __imp__WaitForSingleObject@8 004f5244     kernel32:KERNEL32.dll
 0004:00000248       __imp__CreateProcessA@40   004f5248     kernel32:KERNEL32.dll
 0004:0000024c       __imp__SetEndOfFile@4      004f524c     kernel32:KERNEL32.dll
 0004:00000250       \177KERNEL32_NULL_THUNK_DATA 004f5250     kernel32:KERNEL32.dll

 entry point at        0001:000a44c7

