 choco

 Timestamp is 3e4bfb1c (Thu Feb 13 21:07:56 2003)

 Preferred load address is 00400000

 Start         Length     Name                   Class
 0001:00000000 0014af45H .text                   CODE
 0002:00000000 000008fbH .rdata                  DATA
 0002:000008fb 00000000H .edata                  DATA
 0003:00000000 00000104H .CRT$XCA                DATA
 0003:00000104 00000104H .CRT$XCZ                DATA
 0003:00000208 00000104H .CRT$XIA                DATA
 0003:0000030c 0000010eH .CRT$XIC                DATA
 0003:0000041c 00000104H .CRT$XIZ                DATA
 0003:00000520 00000104H .CRT$XPA                DATA
 0003:00000624 00000104H .CRT$XPX                DATA
 0003:00000728 00000104H .CRT$XPZ                DATA
 0003:0000082c 00000104H .CRT$XTA                DATA
 0003:00000930 00000104H .CRT$XTZ                DATA
 0003:00000a40 0001dce0H .data                   DATA
 0003:0001e720 00003458H .bss                    DATA
 0004:00000000 00000014H .idata$2                DATA
 0004:00000014 00000014H .idata$3                DATA
 0004:00000028 00000140H .idata$4                DATA
 0004:00000168 00000140H .idata$5                DATA
 0004:000002a8 00000585H .idata$6                DATA

  Address         Publics by Value              Rva+Base     Lib:Object

 0001:00000020       ?loadModules@@YAXXZ        00401020 f   choco-s.obj
 0001:000004ad       ?call_main@@YAXXZ          004014ad f   choco-s.obj
 0001:000005e0       ?metaLoad@CoreClass@@QAEXXZ 004015e0 f   Core:Core.obj
 0001:000078c0       ?finite_ask_type@@YAPAVClaireBoolean@@PAVClaireType@@@Z 004088c0 f   Core:types.obj
 0001:000079d0       ?enumerate_any@@YAPAVbag@@H@Z 004089d0 f   Core:types.obj
 0001:00007bc0       ?_equaltype_ask_any@@YAPAVClaireBoolean@@PAVClaireType@@0@Z 00408bc0 f   Core:types.obj
 0001:00007c00       ?sort_I_type@@YAPAVClaireClass@@PAVClaireType@@@Z 00408c00 f   Core:types.obj
 0001:00007c60       ?_Z_any1@@YAPAVClaireBoolean@@HPAVClaireClass@@@Z 00408c60 f   Core:types.obj
 0001:00007cf0       ?Ztype_any@@YAPAVClaireBoolean@@HH@Z 00408cf0 f   Core:types.obj
 0001:00007e40       ?self_print_Union_Core@@YAXPAVUnion@@@Z 00408e40 f   Core:types.obj
 0001:00007f30       ?finite_ask_Union@@YAPAVClaireBoolean@@PAVUnion@@@Z 00408f30 f   Core:types.obj
 0001:00008040       ?self_print_Interval_Core@@YAXPAVInterval@@@Z 00409040 f   Core:types.obj
 0001:00008080       ?finite_ask_Interval@@YAPAVClaireBoolean@@PAVInterval@@@Z 00409080 f   Core:types.obj
 0001:00008090       ?_dash_dash_integer@@YAPAVInterval@@HH@Z 00409090 f   Core:types.obj
 0001:00008100       ?self_print_Param_Core@@YAXPAVParam@@@Z 00409100 f   Core:types.obj
 0001:00008250       ?finite_ask_Param@@YAPAVClaireBoolean@@PAVParam@@@Z 00409250 f   Core:types.obj
 0001:00008270       ?self_print_subtype_Core@@YAXPAVsubtype@@@Z 00409270 f   Core:types.obj
 0001:000083a0       ?finite_ask_subtype@@YAPAVClaireBoolean@@PAVsubtype@@@Z 004093a0 f   Core:types.obj
 0001:00008480       ?nth_class1@@YAPAVClaireType@@PAVClaireClass@@PAV1@@Z 00409480 f   Core:types.obj
 0001:00008600       ?nth_class2@@YAPAVClaireType@@PAVClaireClass@@PAVlist@@1@Z 00409600 f   Core:types.obj
 0001:00008800       ?param_I_class@@YAPAVClaireType@@PAVClaireClass@@PAV1@@Z 00409800 f   Core:types.obj
 0001:00008900       ?nth_type@@YAPAVClaireType@@PAV1@@Z 00409900 f   Core:types.obj
 0001:00008a00       ?finite_ask_tuple@@YAPAVClaireBoolean@@PAVtuple@@@Z 00409a00 f   Core:types.obj
 0001:00008a80       ?self_print_Reference_Core@@YAXPAVReference@@@Z 00409a80 f   Core:types.obj
 0001:00008b60       ?get_Reference@@YAHPAVReference@@H@Z 00409b60 f   Core:types.obj
 0001:00008c20       ?_at_Reference@@YAHPAVReference@@PAVlist@@H@Z 00409c20 f   Core:types.obj
 0001:00008ce0       ?set_I_collection@@YAPAVset@@PAVClaireCollection@@@Z 00409ce0 f   Core:types.obj
 0001:00008e40       ?size_collection@@YAHPAVClaireCollection@@@Z 00409e40 f   Core:types.obj
 0001:00008f70       ?set_I_set@@YAPAVset@@PAV1@@Z 00409f70 f   Core:types.obj
 0001:00008f80       ?size_set@@YAHPAVset@@@Z   00409f80 f   Core:types.obj
 0001:00008f90       ?size_list2_Core@@YAHPAVlist@@@Z 00409f90 f   Core:types.obj
 0001:00008fb0       ?set_I_class@@YAPAVset@@PAVClaireClass@@@Z 00409fb0 f   Core:types.obj
 0001:00009120       ?size_class@@YAHPAVClaireClass@@@Z 0040a120 f   Core:types.obj
 0001:00009170       ?set_I_Union@@YAPAVset@@PAVUnion@@@Z 0040a170 f   Core:types.obj
 0001:00009290       ?size_Union@@YAHPAVUnion@@@Z 0040a290 f   Core:types.obj
 0001:00009410       ?set_I_Interval@@YAPAVset@@PAVInterval@@@Z 0040a410 f   Core:types.obj
 0001:00009430       ?size_Interval@@YAHPAVInterval@@@Z 0040a430 f   Core:types.obj
 0001:00009440       ?set_I_Param@@YAPAVset@@PAVParam@@@Z 0040a440 f   Core:types.obj
 0001:00009550       ?size_Param@@YAHPAVParam@@@Z 0040a550 f   Core:types.obj
 0001:00009570       ?set_I_subtype@@YAPAVset@@PAVsubtype@@@Z 0040a570 f   Core:types.obj
 0001:000096c0       ?size_subtype@@YAHPAVsubtype@@@Z 0040a6c0 f   Core:types.obj
 0001:00009810       ?set_I_tuple@@YAPAVset@@PAVtuple@@@Z 0040a810 f   Core:types.obj
 0001:00009b20       ?size_tuple@@YAHPAVtuple@@@Z 0040ab20 f   Core:types.obj
 0001:00009ba0       ?member_ask_any@@YAPAVClaireBoolean@@HPAVClaireType@@@Z 0040aba0 f   Core:types.obj
 0001:0000a2f0       ?class_I_type@@YAPAVClaireClass@@PAVClaireType@@@Z 0040b2f0 f   Core:types.obj
 0001:0000a590       ?U_type@@YAPAVClaireType@@PAV1@0@Z 0040b590 f   Core:types.obj
 0001:0000ab60       ?_dot_dot_integer@@YAPAVClaireType@@HH@Z 0040bb60 f   Core:types.obj
 0001:0000ab80       ?_dot_dot_integer_type@@YAPAVClaireType@@PAV1@0@Z 0040bb80 f   Core:types.obj
 0001:0000acd0       ?but_any@@YAPAVbag@@HH@Z   0040bcd0 f   Core:types.obj
 0001:0000ada0       ?but_any_type@@YAPAVClaireType@@PAV1@0@Z 0040bda0 f   Core:types.obj
 0001:0000ae50       ?_backslash_type@@YAPAVset@@PAVClaireType@@0@Z 0040be50 f   Core:types.obj
 0001:0000af90       ?glb_set@@YAPAVset@@PAV1@PAVClaireType@@@Z 0040bf90 f   Core:types.obj
 0001:0000b090       ?glb_Union@@YAPAVClaireType@@PAVUnion@@PAV1@@Z 0040c090 f   Core:types.obj
 0001:0000b1d0       ?glb_Interval@@YAPAVClaireType@@PAVInterval@@PAV1@@Z 0040c1d0 f   Core:types.obj
 0001:0000b3b0       ?glb_class@@YAPAVClaireType@@PAVClaireClass@@PAV1@@Z 0040c3b0 f   Core:types.obj
 0001:0000b640       ?glb_Param@@YAPAVClaireType@@PAVParam@@PAV1@@Z 0040c640 f   Core:types.obj
 0001:0000b950       ?glb_subtype@@YAPAVClaireType@@PAVsubtype@@PAV1@@Z 0040c950 f   Core:types.obj
 0001:0000bc70       ?glb_tuple@@YAPAVClaireType@@PAVtuple@@PAV1@@Z 0040cc70 f   Core:types.obj
 0001:0000beb0       ?glb_Reference@@YAPAVClaireType@@PAVReference@@PAV1@@Z 0040ceb0 f   Core:types.obj
 0001:0000bec0       ?_exp_type@@YAPAVClaireType@@PAV1@0@Z 0040cec0 f   Core:types.obj
 0001:0000bf00       ?join_class@@YAPAVClaireType@@PAVClaireClass@@0@Z 0040cf00 f   Core:types.obj
 0001:0000bf60       ?_exp_list@@YAPAVlist@@PAV1@0@Z 0040cf60 f   Core:types.obj
 0001:0000c080       ?Uall_list@@YAPAVClaireType@@PAVlist@@@Z 0040d080 f   Core:types.obj
 0001:0000c130       ?_inf_equalt_bag2@@YAPAVClaireBoolean@@PAVbag@@PAVClaireType@@@Z 0040d130 f   Core:types.obj
 0001:0000c240       ?_inf_equalt_class@@YAPAVClaireBoolean@@PAVClaireClass@@PAVClaireType@@@Z 0040d240 f   Core:types.obj
 0001:0000c580       ?_inf_equalt_Union@@YAPAVClaireBoolean@@PAVUnion@@PAVClaireType@@@Z 0040d580 f   Core:types.obj
 0001:0000c6f0       ?_inf_equalt_Interval@@YAPAVClaireBoolean@@PAVInterval@@PAVClaireType@@@Z 0040d6f0 f   Core:types.obj
 0001:0000c910       ?_inf_equalt_subtype@@YAPAVClaireBoolean@@PAVsubtype@@PAVClaireType@@@Z 0040d910 f   Core:types.obj
 0001:0000caa0       ?_inf_equalt_Param@@YAPAVClaireBoolean@@PAVParam@@PAVClaireType@@@Z 0040daa0 f   Core:types.obj
 0001:0000cc30       ?_inf_equalt_Reference@@YAPAVClaireBoolean@@PAVReference@@PAVClaireType@@@Z 0040dc30 f   Core:types.obj
 0001:0000cc40       ?_inf_equalt_tuple@@YAPAVClaireBoolean@@PAVtuple@@PAVClaireType@@@Z 0040dc40 f   Core:types.obj
 0001:0000cf80       ?_inf_equalt_type@@YAPAVClaireBoolean@@PAVClaireType@@0@Z 0040df80 f   Core:types.obj
 0001:0000d310       ?_inf_equal_type@@YAPAVClaireBoolean@@PAVClaireType@@0@Z 0040e310 f   Core:types.obj
 0001:0000d360       ?member_type@@YAPAVClaireType@@PAV1@@Z 0040e360 f   Core:types.obj
 0001:0000d700       ?of_extract_type@@YAPAVClaireType@@PAV1@@Z 0040e700 f   Core:types.obj
 0001:0000d7b0       ?_at_type@@YAPAVClaireType@@PAV1@PAVproperty@@@Z 0040e7b0 f   Core:types.obj
 0001:0000da50       ?unique_ask_type@@YAPAVClaireBoolean@@PAVClaireType@@@Z 0040ea50 f   Core:types.obj
 0001:0000dad0       ?the_type@@YAHPAVClaireType@@@Z 0040ead0 f   Core:types.obj
 0001:0000db10       ?integer_I_set@@YAHPAVset@@@Z 0040eb10 f   Core:types.obj
 0001:0000db60       ?make_set_integer@@YAPAVset@@H@Z 0040eb60 f   Core:types.obj
 0001:0000dc30       ?abstract_type_set@@YAPAVClaireType@@PAVset@@@Z 0040ec30 f   Core:types.obj
 0001:0000dd40       ?abstract_type_operation@@YAPAVClaireType@@PAVoperation@@PAV1@1@Z 0040ed40 f   Core:types.obj
 0001:0000dff0       ?first_arg_type_type@@YAPAVClaireType@@PAV1@0@Z 0040eff0 f   Core:types.obj
 0001:0000e000       ?first_arg_type_type2@@YAPAVClaireType@@PAV1@00@Z 0040f000 f   Core:types.obj
 0001:0000e010       ?second_arg_type_type@@YAPAVClaireType@@PAV1@0@Z 0040f010 f   Core:types.obj
 0001:0000e020       ?meet_arg_types_type@@YAPAVClaireType@@PAV1@0@Z 0040f020 f   Core:types.obj
 0001:0000e040       ?nth_get_array_type@@YAPAVClaireType@@PAV1@0@Z 0040f040 f   Core:types.obj
 0001:0000e050       ?nth_array@@YAHPAHH@Z      0040f050 f   Core:types.obj
 0001:0000e0d0       ?nth_array_type@@YAPAVClaireType@@PAV1@0@Z 0040f0d0 f   Core:types.obj
 0001:0000e0e0       ?make_array_integer_type@@YAPAVClaireType@@PAV1@00@Z 0040f0e0 f   Core:types.obj
 0001:0000e1b0       ?make_list_integer2@@YAPAVlist@@HPAVClaireType@@H@Z 0040f1b0 f   Core:types.obj
 0001:0000e1e0       ?make_list_integer2_type@@YAPAVClaireType@@PAV1@00@Z 0040f1e0 f   Core:types.obj
 0001:0000e2b0       ?make_set_array@@YAPAVset@@PAH@Z 0040f2b0 f   Core:types.obj
 0001:0000e360       ?make_set_array_type@@YAPAVClaireType@@PAV1@@Z 0040f360 f   Core:types.obj
 0001:0000e4b0       ?list_I_array_type@@YAPAVClaireType@@PAV1@@Z 0040f4b0 f   Core:types.obj
 0001:0000e600       ?array_I_list_type@@YAPAVClaireType@@PAV1@@Z 0040f600 f   Core:types.obj
 0001:0000e750       ?set_I_bag_type@@YAPAVClaireType@@PAV1@@Z 0040f750 f   Core:types.obj
 0001:0000e8a0       ?list_I_set_type@@YAPAVClaireType@@PAV1@@Z 0040f8a0 f   Core:types.obj
 0001:0000e9f0       ?print_in_string_void@@YAXXZ 0040f9f0 f   Core:function.obj
 0001:0000eaa0       ?end_of_print_void@@YAPADXZ 0040faa0 f   Core:function.obj
 0001:0000eae0       ?buffer_length_void@@YAHXZ 0040fae0 f   Core:function.obj
 0001:0000eb00       ?buffer_set_length_integer@@YAXH@Z 0040fb00 f   Core:function.obj
 0001:0000eb20       ?apply_self_print_any@@YAXH@Z 0040fb20 f   Core:function.obj
 0001:0000ee70       ?self_print_any_Core@@YAXH@Z 0040fe70 f   Core:function.obj
 0001:0000eee0       ?self_print_boolean_Core@@YAXPAVClaireBoolean@@@Z 0040fee0 f   Core:function.obj
 0001:0000ef10       ?self_print_function_Core@@YAXPAVClaireFunction@@@Z 0040ff10 f   Core:function.obj
 0001:0000ef40       ?self_print_restriction_Core@@YAXPAVrestriction@@@Z 0040ff40 f   Core:function.obj
 0001:0000f070       ?print_any@@YAXH@Z         00410070 f   Core:function.obj
 0001:0000f240       ?short_enough_integer@@YAPAVClaireBoolean@@H@Z 00410240 f   Core:function.obj
 0001:0000f260       ?complete_I_object@@YAPAVClaireObject@@PAV1@@Z 00410260 f   Core:function.obj
 0001:0000f5a0       ?not_any@@YAPAVClaireBoolean@@H@Z 004105a0 f   Core:function.obj
 0001:0000f5e0       ?_I_equal_any@@YAPAVClaireBoolean@@HH@Z 004105e0 f   Core:function.obj
 0001:0000f610       ?owner_any@@YAPAVClaireClass@@H@Z 00410610 f   Core:function.obj
 0001:0000f640       ?known_ask_any@@YAPAVClaireBoolean@@H@Z 00410640 f   Core:function.obj
 0001:0000f660       ?unknown_ask_any@@YAPAVClaireBoolean@@H@Z 00410660 f   Core:function.obj
 0001:0000f680       ?check_in_any@@YAHHPAVClaireType@@@Z 00410680 f   Core:function.obj
 0001:0000f720       ?check_in_bag@@YAPAVbag@@PAV1@PAVClaireClass@@PAVClaireType@@@Z 00410720 f   Core:function.obj
 0001:0000f830       ?_inf_any@@YAPAVClaireBoolean@@HH@Z 00410830 f   Core:function.obj
 0001:0000f880       ?_sup_any@@YAPAVClaireBoolean@@HH@Z 00410880 f   Core:function.obj
 0001:0000f8d0       ?ephemeral_class@@YAHPAVClaireClass@@@Z 004108d0 f   Core:function.obj
 0001:0000f9c0       ?abstract_class@@YAHPAVClaireClass@@@Z 004109c0 f   Core:function.obj
 0001:0000fa70       ?final_class@@YAHPAVClaireClass@@@Z 00410a70 f   Core:function.obj
 0001:0000fb20       ?new_class1@@YAPAVClaireObject@@PAVClaireClass@@@Z 00410b20 f   Core:function.obj
 0001:0000fc60       ?new_class1_type@@YAPAVClaireType@@PAV1@@Z 00410c60 f   Core:function.obj
 0001:0000fd10       ?new_class2@@YAPAVthing@@PAVClaireClass@@PAVsymbol@@@Z 00410d10 f   Core:function.obj
 0001:0000fd90       ?new_class2_type@@YAPAVClaireType@@PAV1@0@Z 00410d90 f   Core:function.obj
 0001:0000fe40       ?new_object_class_type@@YAPAVClaireType@@PAV1@@Z 00410e40 f   Core:function.obj
 0001:0000fef0       ?new_thing_class_type@@YAPAVClaireType@@PAV1@0@Z 00410ef0 f   Core:function.obj
 0001:0000ffa0       ?meet_class@@YAPAVClaireClass@@PAV1@0@Z 00410fa0 f   Core:function.obj
 0001:00010020       ?inherit_ask_class@@YAPAVClaireBoolean@@PAVClaireClass@@0@Z 00411020 f   Core:function.obj
 0001:00010060       ?abstract_property@@YAHPAVproperty@@@Z 00411060 f   Core:function.obj
 0001:00010100       ?final_relation@@YAXPAVClaireRelation@@@Z 00411100 f   Core:function.obj
 0001:00010290       ?close_module@@YAPAVmodule@@PAV1@@Z 00411290 f   Core:function.obj
 0001:00010470       ?get_symbol_string@@YAHPAD@Z 00411470 f   Core:function.obj
 0001:00010490       ?gensym_void@@YAPAVsymbol@@XZ 00411490 f   Core:function.obj
 0001:000104a0       ?store_list4@@YAHPAVlist@@HH@Z 004114a0 f   Core:function.obj
 0001:00010550       ?store_array1@@YAHPAHHH@Z  00411550 f   Core:function.obj
 0001:00010570       ?commit_integer@@YAXH@Z    00411570 f   Core:function.obj
 0001:00010590       ?backtrack_integer@@YAXH@Z 00411590 f   Core:function.obj
 0001:000105b0       ?store_listargs@@YAHPAVlistargs@@@Z 004115b0 f   Core:function.obj
 0001:00010750       ?symbol_I_string2@@YAPAVsymbol@@PAD@Z 00411750 f   Core:function.obj
 0001:00010770       ?externC_string@@YAXPAD@Z  00411770 f   Core:function.obj
 0001:000107d0       ?externC_string2@@YAHPADPAVClaireClass@@@Z 004117d0 f   Core:function.obj
 0001:00010840       ?externC_string2_type@@YAPAVClaireType@@PAV1@0@Z 00411840 f   Core:function.obj
 0001:00010850       ?nth_get_string@@YAPAVClaireChar@@PADHH@Z 00411850 f   Core:function.obj
 0001:000108c0       ?nth_put_string@@YAXPADHPAVClaireChar@@H@Z 004118c0 f   Core:function.obj
 0001:00010920       ?make_string_symbol@@YAPADPAVsymbol@@@Z 00411920 f   Core:function.obj
 0001:00010940       ?self_print_symbol_Core@@YAHPAVsymbol@@@Z 00411940 f   Core:function.obj
 0001:000109a0       ?_plus_integer@@YAHHH@Z    004119a0 f   Core:function.obj
 0001:000109d0       ?_plus_integer_type@@YAPAVClaireType@@PAV1@0@Z 004119d0 f   Core:function.obj
 0001:000109f0       ?_dash_integer1@@YAHHH@Z   004119f0 f   Core:function.obj
 0001:00010a00       ?_dash_integer1_type@@YAPAVClaireType@@PAV1@0@Z 00411a00 f   Core:function.obj
 0001:00010a20       ?_inf_inf_integer@@YAHHH@Z 00411a20 f   Core:function.obj
 0001:00010a30       ?_sup_sup_integer@@YAHHH@Z 00411a30 f   Core:function.obj
 0001:00010a40       ?and_integer@@YAHHH@Z      00411a40 f   Core:function.obj
 0001:00010a50       ?or_integer@@YAHHH@Z       00411a50 f   Core:function.obj
 0001:00010a60       ?_inf_integer@@YAPAVClaireBoolean@@HH@Z 00411a60 f   Core:function.obj
 0001:00010a80       ?_inf_equal_integer@@YAPAVClaireBoolean@@HH@Z 00411a80 f   Core:function.obj
 0001:00010aa0       ?_sup_integer@@YAPAVClaireBoolean@@HH@Z 00411aa0 f   Core:function.obj
 0001:00010ac0       ?nth_integer@@YAPAVClaireBoolean@@HH@Z 00411ac0 f   Core:function.obj
 0001:00010ae0       ?factor_ask_integer@@YAPAVClaireBoolean@@HH@Z 00411ae0 f   Core:function.obj
 0001:00010b00       ?divide_ask_integer@@YAPAVClaireBoolean@@HH@Z 00411b00 f   Core:function.obj
 0001:00010b20       ?Id_any@@YAHH@Z            00411b20 f   Core:function.obj
 0001:00010b30       ?Id_any_type@@YAPAVClaireType@@PAV1@@Z 00411b30 f   Core:function.obj
 0001:00010b40       ?pair_any@@YAPAVlist@@HH@Z 00411b40 f   Core:function.obj
 0001:00010b60       ?pair_1_list@@YAHPAVlist@@@Z 00411b60 f   Core:function.obj
 0001:00010b70       ?pair_1_list_type@@YAPAVClaireType@@PAV1@@Z 00411b70 f   Core:function.obj
 0001:00010b80       ?pair_2_list@@YAHPAVlist@@@Z 00411b80 f   Core:function.obj
 0001:00010b90       ?pair_2_list_type@@YAPAVClaireType@@PAV1@@Z 00411b90 f   Core:function.obj
 0001:00010ba0       ?_plus_float_@@YAHHH@Z     00411ba0 f   Core:function.obj
 0001:00010c50       ?_plus_float@@YANNN@Z      00411c50 f   Core:function.obj
 0001:00010c60       ?_dash_float_@@YAHHH@Z     00411c60 f   Core:function.obj
 0001:00010d10       ?_dash_float@@YANNN@Z      00411d10 f   Core:function.obj
 0001:00010d20       ?_star_float_@@YAHHH@Z     00411d20 f   Core:function.obj
 0001:00010dd0       ?_star_float@@YANNN@Z      00411dd0 f   Core:function.obj
 0001:00010de0       ?_7_float_@@YAHHH@Z        00411de0 f   Core:function.obj
 0001:00010e90       ?_7_float@@YANNN@Z         00411e90 f   Core:function.obj
 0001:00010ea0       ?_dash_float2_@@YAHH@Z     00411ea0 f   Core:function.obj
 0001:00010f40       ?_dash_float2@@YANN@Z      00411f40 f   Core:function.obj
 0001:00010f50       ?sqrt_float_@@YAHH@Z       00411f50 f   Core:function.obj
 0001:00010ff0       ?sqrt_float@@YANN@Z        00411ff0 f   Core:function.obj
 0001:00011000       ?_exp_float_@@YAHHH@Z      00412000 f   Core:function.obj
 0001:000110b0       ?_exp_float@@YANNN@Z       004120b0 f   Core:function.obj
 0001:000110c0       ?log_float_@@YAHH@Z        004120c0 f   Core:function.obj
 0001:00011160       ?log_float@@YANN@Z         00412160 f   Core:function.obj
 0001:00011170       ?atan_float_@@YAHH@Z       00412170 f   Core:function.obj
 0001:00011210       ?atan_float@@YANN@Z        00412210 f   Core:function.obj
 0001:00011220       ?string_I_float_@@YAPADH@Z 00412220 f   Core:function.obj
 0001:00011250       ?string_I_float@@YAPADN@Z  00412250 f   Core:function.obj
 0001:00011270       ?length_bag@@YAHPAVbag@@@Z 00412270 f   Core:function.obj
 0001:00011280       ?nth_bag@@YAHPAVbag@@H@Z   00412280 f   Core:function.obj
 0001:00011300       ?nth_bag_type@@YAPAVClaireType@@PAV1@0@Z 00412300 f   Core:function.obj
 0001:00011310       ?nth_get_bag@@YAHPAVbag@@H@Z 00412310 f   Core:function.obj
 0001:00011320       ?min_method@@YAHPAVmethod@@PAVbag@@@Z 00412320 f   Core:function.obj
 0001:000113c0       ?min_method_type@@YAPAVClaireType@@PAV1@0@Z 004123c0 f   Core:function.obj
 0001:000113d0       ?max_method@@YAHPAVmethod@@PAVbag@@@Z 004123d0 f   Core:function.obj
 0001:00011470       ?max_method_type@@YAPAVClaireType@@PAV1@0@Z 00412470 f   Core:function.obj
 0001:00011480       ?_7_plus_bag@@YAPAVlist@@PAVbag@@0@Z 00412480 f   Core:function.obj
 0001:00011600       ?last_list@@YAHPAVlist@@@Z 00412600 f   Core:function.obj
 0001:00011660       ?last_list_type@@YAPAVClaireType@@PAV1@@Z 00412660 f   Core:function.obj
 0001:00011670       ?rmlast_list@@YAPAVlist@@PAV1@@Z 00412670 f   Core:function.obj
 0001:00011690       ?nth_set_list@@YAHPAVlist@@HH@Z 00412690 f   Core:function.obj
 0001:00011780       ?car_list@@YAHPAVlist@@@Z  00412780 f   Core:function.obj
 0001:000117e0       ?hashlist_integer@@YAPAVlist@@H@Z 004127e0 f   Core:function.obj
 0001:000118b0       ?hashsize_list@@YAHPAVlist@@@Z 004128b0 f   Core:function.obj
 0001:000118f0       ?sort_method@@YAPAVlist@@PAVmethod@@PAV1@@Z 004128f0 f   Core:function.obj
 0001:00011910       ?quicksort_list@@YAXPAVlist@@PAVmethod@@HH@Z 00412910 f   Core:function.obj
 0001:00011a20       ?build_powerset_list@@YAPAVset@@PAVlist@@@Z 00412a20 f   Core:function.obj
 0001:00011ba0       ?make_copy_list_integer@@YAPAVlist@@HH@Z 00412ba0 f   Core:function.obj
 0001:00011d10       ?difference_set@@YAPAVset@@PAV1@0@Z 00412d10 f   Core:function.obj
 0001:00011e00       ?nth_equal_array@@YAXPAHHH@Z 00412e00 f   Core:function.obj
 0001:00011ef0       ?self_print_array_Core@@YAHPAH@Z 00412ef0 f   Core:function.obj
 0001:00011f40       ?self_print_char_Core@@YAHPAVClaireChar@@@Z 00412f40 f   Core:function.obj
 0001:00011f70       ?_inf_equal_char@@YAPAVClaireBoolean@@PAVClaireChar@@0@Z 00412f70 f   Core:function.obj
 0001:00011f90       ?release_void@@YAHXZ       00412f90 f   Core:object.obj
 0001:00011fd0       ?about_void@@YAHXZ         00412fd0 f   Core:object.obj
 0001:00012140       ?get_args_integer@@YAPAVlist@@H@Z 00413140 f   Core:object.obj
 0001:000121f0       ?funcall_method1@@YAHPAVmethod@@H@Z 004131f0 f   Core:object.obj
 0001:00012230       ?funcall_method2@@YAHPAVmethod@@HH@Z 00413230 f   Core:object.obj
 0001:00012290       ?funcall_method3@@YAHPAVmethod@@HHH@Z 00413290 f   Core:object.obj
 0001:00012320       ?apply_function@@YAHPAVClaireFunction@@PAVlist@@1@Z 00413320 f   Core:object.obj
 0001:00012390       ?call_property@@YAHPAVproperty@@PAVlistargs@@@Z 00413390 f   Core:object.obj
 0001:000123b0       ?apply_property@@YAHPAVproperty@@PAVlist@@@Z 004133b0 f   Core:object.obj
 0001:00012460       ?apply_method@@YAHPAVmethod@@PAVlist@@@Z 00413460 f   Core:object.obj
 0001:000124d0       ?push_debug_property@@YAXPAVproperty@@HH@Z 004134d0 f   Core:object.obj
 0001:00012b10       ?pop_debug_property@@YAXPAVproperty@@HH@Z 00413b10 f   Core:object.obj
 0001:00012d20       ?tr_indent_boolean@@YAXPAVClaireBoolean@@H@Z 00413d20 f   Core:object.obj
 0001:00012db0       ?identified_ask_class@@YAPAVClaireBoolean@@PAVClaireClass@@@Z 00413db0 f   Core:object.obj
 0001:00012e40       ?identical_ask_any@@YAPAVClaireBoolean@@HH@Z 00413e40 f   Core:object.obj
 0001:00012e60       ?put_property2@@YAHPAVproperty@@PAVClaireObject@@H@Z 00413e60 f   Core:object.obj
 0001:00012fb0       ?add_value_property3@@YAXPAVproperty@@PAVClaireObject@@H@Z 00413fb0 f   Core:object.obj
 0001:000131b0       ?nth_table1@@YAHPAVtable@@H@Z 004141b0 f   Core:object.obj
 0001:00013400       ?nth_table1_type@@YAPAVClaireType@@PAV1@0@Z 00414400 f   Core:object.obj
 0001:000134d0       ?get_table@@YAHPAVtable@@H@Z 004144d0 f   Core:object.obj
 0001:00013520       ?get_table_type@@YAPAVClaireType@@PAV1@0@Z 00414520 f   Core:object.obj
 0001:00013620       ?nth_equal_table1@@YAXPAVtable@@HH@Z 00414620 f   Core:object.obj
 0001:00013720       ?nth_put_table@@YAXPAVtable@@HH@Z 00414720 f   Core:object.obj
 0001:00013a40       ?put_table@@YAXPAVtable@@HH@Z 00414a40 f   Core:object.obj
 0001:00013bc0       ?add_table@@YAXPAVtable@@HH@Z 00414bc0 f   Core:object.obj
 0001:00013cd0       ?add_I_table@@YAXPAVtable@@HH@Z 00414cd0 f   Core:object.obj
 0001:00013d50       ?add_value_array@@YAPAVClaireBoolean@@PAVtable@@HPAVbag@@H@Z 00414d50 f   Core:object.obj
 0001:00013ee0       ?add_value_table3@@YAXPAVtable@@HH@Z 00414ee0 f   Core:object.obj
 0001:00013f20       ?delete_table@@YAHPAVtable@@HH@Z 00414f20 f   Core:object.obj
 0001:00013fd0       ?nth_table2@@YAHPAVtable@@HH@Z 00414fd0 f   Core:object.obj
 0001:000141c0       ?nth_table2_type@@YAPAVClaireType@@PAV1@00@Z 004151c0 f   Core:object.obj
 0001:00014290       ?nth_equal_table2@@YAXPAVtable@@HHH@Z 00415290 f   Core:object.obj
 0001:000144d0       ?get_index_table1@@YAHPAVtable@@H@Z 004154d0 f   Core:object.obj
 0001:000145f0       ?get_index_table2@@YAHPAVtable@@HH@Z 004155f0 f   Core:object.obj
 0001:00014620       ?erase_table@@YAHPAVtable@@@Z 00415620 f   Core:object.obj
 0001:000148f0       ?make_table_type@@YAPAVtable@@PAVClaireType@@0H@Z 004158f0 f   Core:object.obj
 0001:00014950       ?funcall_lambda1@@YAHPAVlambda@@H@Z 00415950 f   Core:object.obj
 0001:00014a70       ?funcall_lambda2@@YAHPAVlambda@@HH@Z 00415a70 f   Core:object.obj
 0001:00014bb0       ?funcall_lambda3@@YAHPAVlambda@@HHH@Z 00415bb0 f   Core:object.obj
 0001:00014d10       ?check_inverse_any@@YAXHH@Z 00415d10 f   Core:object.obj
 0001:00014ee0       ?invert_relation@@YAPAVbag@@PAVClaireRelation@@H@Z 00415ee0 f   Core:object.obj
 0001:000154b0       ?domain_I_restriction@@YAPAVClaireClass@@PAVrestriction@@@Z 004164b0 f   Core:object.obj
 0001:000154e0       ?methods_class@@YAPAVset@@PAVClaireClass@@0@Z 004164e0 f   Core:object.obj
 0001:00015630       ?reify_listargs@@YAHPAVlistargs@@@Z 00416630 f   Core:object.obj
 0001:00015710       ?self_print_general_error_Core@@YAXPAVgeneral_error@@@Z 00416710 f   Core:object.obj
 0001:000157f0       ?self_print_read_slot_error_Core@@YAXPAVread_slot_error@@@Z 004167f0 f   Core:object.obj
 0001:000158c0       ?self_print_range_error_Core@@YAXPAVrange_error@@@Z 004168c0 f   Core:object.obj
 0001:000159b0       ?self_print_selector_error_Core@@YAXPAVselector_error@@@Z 004169b0 f   Core:object.obj
 0001:00015ae0       ?self_print_return_error_Core@@YAXPAVreturn_error@@@Z 00416ae0 f   Core:object.obj
 0001:00015af0       ?self_print_system_error_Core@@YAXPAVsystem_error@@@Z 00416af0 f   Core:object.obj
 0001:00015df0       ?self_print_contradiction_Core@@YAXPAVcontradiction@@@Z 00416df0 f   Core:object.obj
 0001:00015e00       ?format_string@@YAXPADPAVlist@@@Z 00416e00 f   Core:object.obj
 0001:00015fb0       ?tformat_string@@YAHPADHPAVlist@@@Z 00416fb0 f   Core:object.obj
 0001:00016000       ?princ_bag@@YAXPAVbag@@@Z  00417000 f   Core:object.obj
 0001:00016060       ?close_global_variable@@YAPAVglobal_variable@@PAV1@@Z 00417060 f   Core:object.obj
 0001:000160e0       ?contradiction_I_void@@YAXXZ 004170e0 f   Core:object.obj
 0001:00016100       ?eval_message_property@@YAHPAVproperty@@PAVClaireObject@@HPAVClaireBoolean@@@Z 00417100 f   Core:method.obj
 0001:00016330       ?noeval_message_property2@@YAHPAVproperty@@H@Z 00417330 f   Core:method.obj
 0001:00016430       ?execute_method@@YAHPAVmethod@@HPAVClaireBoolean@@@Z 00417430 f   Core:method.obj
 0001:000166c0       ?eval_any@@YAHH@Z          004176c0 f   Core:method.obj
 0001:00016700       ?self_eval_ClaireObject@@YAHPAVClaireObject@@@Z 00417700 f   Core:method.obj
 0001:00016720       ?inlineok_ask_method@@YAPAVmethod@@PAV1@PAD@Z 00417720 f   Core:method.obj
 0001:000168f0       ?get_slot@@YAHPAVslot@@PAVClaireObject@@@Z 004178f0 f   Core:method.obj
 0001:00016910       ?put_slot@@YAHPAVslot@@PAVClaireObject@@H@Z 00417910 f   Core:method.obj
 0001:00016940       ?get_property@@YAHPAVproperty@@PAVClaireObject@@@Z 00417940 f   Core:method.obj
 0001:00016a40       ?funcall_property@@YAHPAVproperty@@H@Z 00417a40 f   Core:method.obj
 0001:00016b50       ?read_property@@YAHPAVproperty@@PAVClaireObject@@@Z 00417b50 f   Core:method.obj
 0001:00016cc0       ?hold_ask_property@@YAPAVClaireBoolean@@PAVproperty@@PAVClaireObject@@H@Z 00417cc0 f   Core:method.obj
 0001:00016e10       ?write_property@@YAXPAVproperty@@PAVClaireObject@@H@Z 00417e10 f   Core:method.obj
 0001:00017060       ?range_is_wrong_slot@@YAHPAVslot@@H@Z 00418060 f   Core:method.obj
 0001:000170b0       ?put_property1@@YAXPAVproperty@@PAVClaireObject@@HPAVClaireClass@@H@Z 004180b0 f   Core:method.obj
 0001:000170f0       ?update_property@@YAXPAVproperty@@PAVClaireObject@@HPAVClaireClass@@H@Z 004180f0 f   Core:method.obj
 0001:00017320       ?update_plus_relation@@YAXPAVClaireRelation@@HH@Z 00418320 f   Core:method.obj
 0001:000175e0       ?update_dash_relation@@YAXPAVClaireRelation@@HH@Z 004185e0 f   Core:method.obj
 0001:00017910       ?add_I_property@@YAXPAVproperty@@PAVClaireObject@@HH@Z 00418910 f   Core:method.obj
 0001:000179b0       ?add_value_property@@YAPAVClaireBoolean@@PAVproperty@@PAVClaireObject@@HPAVbag@@H@Z 004189b0 f   Core:method.obj
 0001:00017b30       ?add_property@@YAXPAVproperty@@PAVClaireObject@@H@Z 00418b30 f   Core:method.obj
 0001:00017d70       ?known_ask_property@@YAPAVClaireBoolean@@PAVproperty@@PAVClaireObject@@@Z 00418d70 f   Core:method.obj
 0001:00017e80       ?unknown_ask_property@@YAPAVClaireBoolean@@PAVproperty@@PAVClaireObject@@@Z 00418e80 f   Core:method.obj
 0001:00017f90       ?delete_property@@YAHPAVproperty@@PAVClaireObject@@H@Z 00418f90 f   Core:method.obj
 0001:00018190       ?erase_property@@YAHPAVproperty@@PAVClaireObject@@@Z 00419190 f   Core:method.obj
 0001:000184e0       ?set_range_property@@YAXPAVproperty@@PAVClaireClass@@PAVClaireType@@@Z 004194e0 f   Core:method.obj
 0001:00018510       ?put_store_property2@@YAXPAVproperty@@PAVClaireObject@@HPAVClaireBoolean@@@Z 00419510 f   Core:method.obj
 0001:00018680       ?multi_ask_any@@YAPAVClaireBoolean@@H@Z 00419680 f   Core:method.obj
 0001:00018730       ?fastcall_relation2@@YAXPAVClaireRelation@@HH@Z 00419730 f   Core:method.obj
 0001:00018960       ?insert_definition_property@@YAXPAVproperty@@PAVrestriction@@@Z 00419960 f   Core:method.obj
 0001:000189f0       ?initialize_restriction1@@YAPAVlist@@PAVrestriction@@PAVClaireClass@@PAV1@@Z 004199f0 f   Core:method.obj
 0001:00018e10       ?uniform_restriction@@YAPAVClaireBoolean@@PAVrestriction@@@Z 00419e10 f   Core:method.obj
 0001:00018fa0       ?uniform_property@@YAPAVClaireBoolean@@PAVproperty@@@Z 00419fa0 f   Core:method.obj
 0001:00019050       ?initialize_restriction2@@YAPAVlist@@PAVrestriction@@PAV1@@Z 0041a050 f   Core:method.obj
 0001:000191b0       ?hashinsert_restriction@@YAHPAVrestriction@@@Z 0041a1b0 f   Core:method.obj
 0001:00019260       ?hashinsert_class@@YAHPAVClaireClass@@PAVmethod@@@Z 0041a260 f   Core:method.obj
 0001:000192b0       ?hashinsert_list@@YAHPAVlist@@PAVmethod@@@Z 0041a2b0 f   Core:method.obj
 0001:000194f0       ?hashget_class@@YAPAVClaireObject@@PAVClaireClass@@PAVproperty@@@Z 0041a4f0 f   Core:method.obj
 0001:00019580       ?join_list@@YAPAVClaireBoolean@@PAVlist@@0@Z 0041a580 f   Core:method.obj
 0001:000196f0       ?_at_property1@@YAPAVClaireObject@@PAVproperty@@PAVClaireClass@@@Z 0041a6f0 f   Core:method.obj
 0001:000198e0       ?_at_property2@@YAPAVClaireObject@@PAVproperty@@PAVlist@@@Z 0041a8e0 f   Core:method.obj
 0001:000199f0       ?matching_ask_list@@YAPAVClaireBoolean@@PAVlist@@HH@Z 0041a9f0 f   Core:method.obj
 0001:00019cd0       ?vmatch_ask_any@@YAPAVClaireBoolean@@HHH@Z 0041acd0 f   Core:method.obj
 0001:0001a2e0       ?tmatch_ask_list@@YAPAVClaireBoolean@@PAVlist@@0@Z 0041b2e0 f   Core:method.obj
 0001:0001a3d0       ?tmatch_ask_any@@YAPAVClaireBoolean@@HHPAVlist@@@Z 0041b3d0 f   Core:method.obj
 0001:0001aaa0       ?find_which_property@@YAPAVClaireObject@@PAVproperty@@HPAVClaireClass@@@Z 0041baa0 f   Core:method.obj
 0001:0001ab60       ?find_which_list@@YAPAVClaireObject@@PAVlist@@PAVClaireClass@@HH@Z 0041bb60 f   Core:method.obj
 0001:0001abf0       ?find_which_class@@YAPAVClaireObject@@PAVClaireClass@@PAVlist@@HH@Z 0041bbf0 f   Core:method.obj
 0001:0001acd0       ?metaLoad@LanguageClass@@QAEXXZ 0041bcd0 f   Language:Language.obj
 0001:0001f1c0       ?self_print_Definition_Language@@YAHPAVDefinition@@@Z 004201c0 f   Language:define.obj
 0001:0001f290       ?self_print_Defobj_Language@@YAXPAVDefobj@@@Z 00420290 f   Language:define.obj
 0001:0001f4c0       ?self_print_Defclass_Language@@YAXPAVDefclass@@@Z 004204c0 f   Language:define.obj
 0001:0001f720       ?self_print_Defmethod_Language@@YAXPAVDefmethod@@@Z 00420720 f   Language:define.obj
 0001:0001f890       ?self_print_Defarray_Language@@YAXPAVDefarray@@@Z 00420890 f   Language:define.obj
 0001:0001f9c0       ?self_print_Defrule_Language@@YAXPAVDefrule@@@Z 004209c0 f   Language:define.obj
 0001:0001fae0       ?self_print_Defvar_Language@@YAXPAVDefvar@@@Z 00420ae0 f   Language:define.obj
 0001:0001fbb0       ?self_eval_Definition@@YAHPAVDefinition@@@Z 00420bb0 f   Language:define.obj
 0001:0001fd00       ?complete_object@@YAHPAVClaireObject@@PAVlist@@@Z 00420d00 f   Language:define.obj
 0001:0001fef0       ?self_eval_Defobj@@YAHPAVDefobj@@@Z 00420ef0 f   Language:define.obj
 0001:00020090       ?self_eval_Defclass@@YAHPAVDefclass@@@Z 00421090 f   Language:define.obj
 0001:00020680       ?self_eval_Defmethod@@YAHPAVDefmethod@@@Z 00421680 f   Language:define.obj
 0001:00020bb0       ?attach_comment_any@@YAXH@Z 00421bb0 f   Language:define.obj
 0001:00020ca0       ?extract_signature_list@@YAPAVlist@@PAV1@@Z 00421ca0 f   Language:define.obj
 0001:00020f10       ?extract_pattern_any@@YAHHPAVlist@@@Z 00421f10 f   Language:define.obj
 0001:00021840       ?extract_type_any@@YAPAVClaireType@@H@Z 00422840 f   Language:define.obj
 0001:00021970       ?extract_item_any@@YAHHH@Z 00422970 f   Language:define.obj
 0001:00021c00       ?extract_pattern_nth_list@@YAHPAVlist@@0@Z 00422c00 f   Language:define.obj
 0001:000222b0       ?extract_class_call_class@@YAPAVClaireObject@@PAVClaireClass@@PAVlist@@@Z 004232b0 f   Language:define.obj
 0001:00022d30       ?extract_range_any@@YAPAVlist@@HPAV1@0@Z 00423d30 f   Language:define.obj
 0001:00023440       ?bit_vector_listargs2@@YAHPAVlistargs@@@Z 00424440 f   Language:define.obj
 0001:00023480       ?extract_status_any@@YAPAVlist@@H@Z 00424480 f   Language:define.obj
 0001:00023a10       ?type_I_any@@YAPAVClaireType@@H@Z 00424a10 f   Language:define.obj
 0001:00023cd0       ?self_eval_Defarray@@YAHPAVDefarray@@@Z 00424cd0 f   Language:define.obj
 0001:00024650       ?self_print_demon@@YAXPAVdemon@@@Z 00425650 f   Language:define.obj
 0001:00024660       ?funcall_demon1@@YAHPAVdemon@@HH@Z 00425660 f   Language:define.obj
 0001:00024720       ?funcall_demon2@@YAHPAVdemon@@HHH@Z 00425720 f   Language:define.obj
 0001:000247f0       ?self_eval_Defrule@@YAHPAVDefrule@@@Z 004257f0 f   Language:define.obj
 0001:00024b20       ?eventMethod_ask_relation2@@YAPAVClaireBoolean@@PAVClaireRelation@@@Z 00425b20 f   Language:define.obj
 0001:00024bd0       ?make_filter_any_@@YAPAVtuple@@H@Z 00425bd0 f   Language:define.obj
 0001:00024bf0       ?make_filter_any@@YAPAVtuple@@H@Z 00425bf0 f   Language:define.obj
 0001:00025740       ?make_demon_relation@@YAPAVdemon@@PAVClaireRelation@@PAVsymbol@@PAVlist@@HH@Z 00426740 f   Language:define.obj
 0001:00025e30       ?readCall_relation@@YAPAVCall@@PAVClaireRelation@@H@Z 00426e30 f   Language:define.obj
 0001:00025fb0       ?putCall_relation2@@YAPAVCall@@PAVClaireRelation@@HH@Z 00426fb0 f   Language:define.obj
 0001:00026150       ?eval_if_write_relation@@YAXPAVClaireRelation@@@Z 00427150 f   Language:define.obj
 0001:00026a50       ?eventMethod_property@@YAXPAVproperty@@@Z 00427a50 f   Language:define.obj
 0001:00026ae0       ?interface_property@@YAXPAVproperty@@@Z 00427ae0 f   Language:define.obj
 0001:00026e80       ?interface_class@@YAXPAVClaireClass@@PAVlistargs@@@Z 00427e80 f   Language:define.obj
 0001:00027090       ?self_print_If_Language@@YAXPAVIf@@@Z 00428090 f   Language:control.obj
 0001:000270d0       ?printstat_If@@YAXPAVIf@@@Z 004280d0 f   Language:control.obj
 0001:000271c0       ?printif_any@@YAXH@Z       004281c0 f   Language:control.obj
 0001:00027320       ?printelse_If@@YAXPAVIf@@@Z 00428320 f   Language:control.obj
 0001:00027520       ?self_eval_If@@YAHPAVIf@@@Z 00428520 f   Language:control.obj
 0001:000275e0       ?self_print_Do_Language@@YAXPAVDo@@@Z 004285e0 f   Language:control.obj
 0001:000276b0       ?printdo_list@@YAXPAVlist@@PAVClaireBoolean@@@Z 004286b0 f   Language:control.obj
 0001:000277c0       ?printblock_any@@YAXH@Z    004287c0 f   Language:control.obj
 0001:00027960       ?self_eval_Do@@YAHPAVDo@@@Z 00428960 f   Language:control.obj
 0001:000279d0       ?self_print_Let_Language@@YAXPAVLet@@@Z 004289d0 f   Language:control.obj
 0001:00027ad0       ?printbody_Let@@YAXPAVLet@@@Z 00428ad0 f   Language:control.obj
 0001:00027c80       ?self_eval_Let@@YAHPAVLet@@@Z 00428c80 f   Language:control.obj
 0001:00027db0       ?self_print_When_Language@@YAXPAVWhen@@@Z 00428db0 f   Language:control.obj
 0001:00027f10       ?self_eval_When@@YAHPAVWhen@@@Z 00428f10 f   Language:control.obj
 0001:00028060       ?self_print_Let_plus_Language@@YAXPAVLet_plus@@@Z 00429060 f   Language:control.obj
 0001:000281d0       ?self_print_Let_star_Language@@YAXPAVLet_star@@@Z 004291d0 f   Language:control.obj
 0001:000285b0       ?self_print_For_Language@@YAXPAVFor@@@Z 004295b0 f   Language:control.obj
 0001:000286d0       ?self_eval_For@@YAHPAVFor@@@Z 004296d0 f   Language:control.obj
 0001:00028d20       ?self_print_Collect_Language@@YAXPAVCollect@@@Z 00429d20 f   Language:control.obj
 0001:00028e50       ?self_eval_Collect@@YAHPAVCollect@@@Z 00429e50 f   Language:control.obj
 0001:00029240       ?self_print_Image_Language@@YAXPAVImage@@@Z 0042a240 f   Language:control.obj
 0001:00029370       ?self_eval_Image@@YAHPAVImage@@@Z 0042a370 f   Language:control.obj
 0001:000295c0       ?self_print_Select_Language@@YAXPAVSelect@@@Z 0042a5c0 f   Language:control.obj
 0001:000296e0       ?self_eval_Select@@YAHPAVSelect@@@Z 0042a6e0 f   Language:control.obj
 0001:00029b20       ?self_print_Lselect_Language@@YAXPAVLselect@@@Z 0042ab20 f   Language:control.obj
 0001:00029c40       ?self_eval_Lselect@@YAHPAVLselect@@@Z 0042ac40 f   Language:control.obj
 0001:0002a0d0       ?self_print_Exists_Language@@YAXPAVExists@@@Z 0042b0d0 f   Language:control.obj
 0001:0002a280       ?self_eval_Exists@@YAHPAVExists@@@Z 0042b280 f   Language:control.obj
 0001:0002a620       ?self_print_Case_Language@@YAXPAVCase@@@Z 0042b620 f   Language:control.obj
 0001:0002a7d0       ?self_eval_Case@@YAHPAVCase@@@Z 0042b7d0 f   Language:control.obj
 0001:0002a9b0       ?self_print_While_Language@@YAXPAVWhile@@@Z 0042b9b0 f   Language:control.obj
 0001:0002aac0       ?self_eval_While@@YAHPAVWhile@@@Z 0042bac0 f   Language:control.obj
 0001:0002ad80       ?self_print_Handle_Language@@YAXPAVClaireHandle@@@Z 0042bd80 f   Language:control.obj
 0001:0002ae90       ?self_eval_Handle@@YAHPAVClaireHandle@@@Z 0042be90 f   Language:control.obj
 0001:0002b0c0       ?self_print_Construct_Language@@YAXPAVConstruct@@@Z 0042c0c0 f   Language:control.obj
 0001:0002b330       ?self_eval_List@@YAHPAVList@@@Z 0042c330 f   Language:control.obj
 0001:0002b520       ?self_eval_Set@@YAHPAVSet@@@Z 0042c520 f   Language:control.obj
 0001:0002b710       ?self_eval_Tuple@@YAHPAVTuple@@@Z 0042c710 f   Language:control.obj
 0001:0002b820       ?self_eval_Array2@@YAHPAVArray@@@Z 0042c820 f   Language:control.obj
 0001:0002ba10       ?self_eval_Macro2@@YAHPAVMacro@@@Z 0042ca10 f   Language:control.obj
 0001:0002bad0       ?self_eval_Error@@YAXPAVError@@@Z 0042cad0 f   Language:control.obj
 0001:0002bcc0       ?self_eval_Printf@@YAHPAVPrintf@@@Z 0042ccc0 f   Language:control.obj
 0001:0002c0a0       ?self_eval_Trace@@YAHPAVTrace@@@Z 0042d0a0 f   Language:control.obj
 0001:0002c330       ?self_eval_Assert@@YAHPAVAssert@@@Z 0042d330 f   Language:control.obj
 0001:0002c530       ?self_eval_Branch@@YAHPAVBranch@@@Z 0042d530 f   Language:control.obj
 0001:0002c6d0       ?self_print_Call_Language@@YAXPAVCall@@@Z 0042d6d0 f   Language:call.obj
 0001:0002cff0       ?self_print_Call_plus_Language@@YAHPAVCall_plus@@@Z 0042dff0 f   Language:call.obj
 0001:0002d050       ?self_eval_Call@@YAHPAVCall@@@Z 0042e050 f   Language:call.obj
 0001:0002d180       ?self_eval_Call_plus@@YAHPAVCall_plus@@@Z 0042e180 f   Language:call.obj
 0001:0002d420       ?printe_any@@YAXHPAVproperty@@@Z 0042e420 f   Language:call.obj
 0001:0002d510       ?sugar_ask_any@@YAHHHHH@Z  0042e510 f   Language:call.obj
 0001:0002d8b0       ?self_print_Assign_Language@@YAXPAVAssign@@@Z 0042e8b0 f   Language:call.obj
 0001:0002db40       ?self_eval_Assign@@YAHPAVAssign@@@Z 0042eb40 f   Language:call.obj
 0001:0002dcf0       ?self_print_Gassign_Language@@YAXPAVGassign@@@Z 0042ecf0 f   Language:call.obj
 0001:0002df90       ?self_eval_Gassign@@YAHPAVGassign@@@Z 0042ef90 f   Language:call.obj
 0001:0002e040       ?self_print_And_Language@@YAXPAVAnd@@@Z 0042f040 f   Language:call.obj
 0001:0002e100       ?self_eval_And@@YAHPAVAnd@@@Z 0042f100 f   Language:call.obj
 0001:0002e250       ?self_print_Or_Language@@YAXPAVOr@@@Z 0042f250 f   Language:call.obj
 0001:0002e310       ?self_eval_Or@@YAHPAVOr@@@Z 0042f310 f   Language:call.obj
 0001:0002e460       ?self_print_Quote_Language@@YAXPAVQuote@@@Z 0042f460 f   Language:call.obj
 0001:0002e510       ?self_eval_Quote@@YAHPAVQuote@@@Z 0042f510 f   Language:call.obj
 0001:0002e520       ?self_print_Call_method_Language@@YAXPAVCall_method@@@Z 0042f520 f   Language:call.obj
 0001:0002e5f0       ?self_eval_Call_method@@YAHPAVCall_method@@@Z 0042f5f0 f   Language:call.obj
 0001:0002e740       ?self_eval_Call_method1@@YAHPAVCall_method1@@@Z 0042f740 f   Language:call.obj
 0001:0002e820       ?self_eval_Call_method2@@YAHPAVCall_method2@@@Z 0042f820 f   Language:call.obj
 0001:0002e950       ?self_print_Call_slot_Language@@YAXPAVCall_slot@@@Z 0042f950 f   Language:call.obj
 0001:0002ea20       ?self_eval_Call_slot@@YAHPAVCall_slot@@@Z 0042fa20 f   Language:call.obj
 0001:0002eb00       ?self_print_Call_array_Language@@YAXPAVCall_array@@@Z 0042fb00 f   Language:call.obj
 0001:0002ebc0       ?self_eval_Call_array@@YAHPAVCall_array@@@Z 0042fbc0 f   Language:call.obj
 0001:0002ecd0       ?self_print_Call_table_Language@@YAXPAVCall_table@@@Z 0042fcd0 f   Language:call.obj
 0001:0002eda0       ?self_eval_Call_table@@YAHPAVCall_table@@@Z 0042fda0 f   Language:call.obj
 0001:0002eec0       ?self_print_Update_Language@@YAXPAVUpdate@@@Z 0042fec0 f   Language:call.obj
 0001:0002efb0       ?self_eval_Update@@YAHPAVUpdate@@@Z 0042ffb0 f   Language:call.obj
 0001:0002f1f0       ?self_print_Super_Language@@YAXPAVSuper@@@Z 004301f0 f   Language:call.obj
 0001:0002f300       ?self_eval_Super@@YAHPAVSuper@@@Z 00430300 f   Language:call.obj
 0001:0002f480       ?self_print_Cast_Language@@YAXPAVCast@@@Z 00430480 f   Language:call.obj
 0001:0002f570       ?self_eval_Cast@@YAHPAVCast@@@Z 00430570 f   Language:call.obj
 0001:0002f710       ?self_print_Return_Language@@YAXPAVReturn@@@Z 00430710 f   Language:call.obj
 0001:0002f7e0       ?self_eval_Return@@YAHPAVReturn@@@Z 004307e0 f   Language:call.obj
 0001:0002f8c0       ?substitution_any@@YAHHPAVVariable@@H@Z 004308c0 f   Language:call.obj
 0001:0002fde0       ?occurrence_any@@YAHHPAVVariable@@@Z 00430de0 f   Language:call.obj
 0001:00030080       ?instruction_copy_any@@YAHH@Z 00431080 f   Language:call.obj
 0001:00030380       ?no_eval_Instruction@@YAHPAVInstruction@@@Z 00431380 f   Language:pretty.obj
 0001:00030410       ?self_print_unbound_symbol_Language@@YAXPAVunbound_symbol@@@Z 00431410 f   Language:pretty.obj
 0001:00030430       ?self_eval_unbound_symbol@@YAHPAVunbound_symbol@@@Z 00431430 f   Language:pretty.obj
 0001:00030520       ?self_print_Variable_Language@@YAXPAVVariable@@@Z 00431520 f   Language:pretty.obj
 0001:00030550       ?ppvariable_Variable@@YAXPAVVariable@@@Z 00431550 f   Language:pretty.obj
 0001:00030640       ?ppvariable_list@@YAXPAVlist@@@Z 00431640 f   Language:pretty.obj
 0001:00030740       ?self_eval_Variable@@YAHPAVVariable@@@Z 00431740 f   Language:pretty.obj
 0001:00030760       ?write_value_Variable@@YAHPAVVariable@@H@Z 00431760 f   Language:pretty.obj
 0001:000307f0       ?self_eval_Vardef@@YAHPAVVardef@@@Z 004317f0 f   Language:pretty.obj
 0001:00030880       ?self_eval_global_variable@@YAHPAVglobal_variable@@@Z 00431880 f   Language:pretty.obj
 0001:00030890       ?write_value_global_variable@@YAHPAVglobal_variable@@H@Z 00431890 f   Language:pretty.obj
 0001:00030920       ?apply_lambda@@YAHPAVlambda@@PAVlist@@@Z 00431920 f   Language:pretty.obj
 0001:00030a60       ?call_lambda2@@YAHPAVlambda@@PAVlistargs@@@Z 00431a60 f   Language:pretty.obj
 0001:00030a80       ?self_print_lambda_Language@@YAHPAVlambda@@@Z 00431a80 f   Language:pretty.obj
 0001:00030b60       ?lambda_I_list@@YAPAVlambda@@PAVlist@@H@Z 00431b60 f   Language:pretty.obj
 0001:00030ca0       ?lexical_build_any@@YAHHPAVlist@@H@Z 00431ca0 f   Language:pretty.obj
 0001:00031400       ?lexical_change_any@@YAHHPAVlist@@@Z 00432400 f   Language:pretty.obj
 0001:000314e0       ?close_class@@YAPAVClaireClass@@PAV1@@Z 004324e0 f   Language:pretty.obj
 0001:000314f0       ?extract_symbol_any@@YAPAVsymbol@@H@Z 004324f0 f   Language:pretty.obj
 0001:000317c0       ?make_a_property_any@@YAPAVproperty@@H@Z 004327c0 f   Language:pretty.obj
 0001:00031ba0       ?lbreak_void@@YAHXZ        00432ba0 f   Language:pretty.obj
 0001:00031c10       ?put_buffer_void@@YAHXZ    00432c10 f   Language:pretty.obj
 0001:00031c40       ?checkfar_void@@YAHXZ      00432c40 f   Language:pretty.obj
 0001:00031c90       ?lbreak_integer@@YAHH@Z    00432c90 f   Language:pretty.obj
 0001:00031cb0       ?indent_integer@@YAHH@Z    00432cb0 f   Language:pretty.obj
 0001:00031d00       ?set_level_void@@YAXXZ     00432d00 f   Language:pretty.obj
 0001:00031d10       ?set_level_integer@@YAXH@Z 00432d10 f   Language:pretty.obj
 0001:00031d30       ?printbox_bag1@@YAHPAVbag@@HHPAD@Z 00432d30 f   Language:pretty.obj
 0001:00031fb0       ?printbox_bag2@@YAHPAVbag@@@Z 00432fb0 f   Language:pretty.obj
 0001:00031fe0       ?printbox_bag3@@YAHPAVbag@@PAD@Z 00432fe0 f   Language:pretty.obj
 0001:00032010       ?printl_bag@@YAXPAVbag@@PAD@Z 00433010 f   Language:pretty.obj
 0001:00032260       ?printexp_any@@YAXHPAVClaireBoolean@@@Z 00433260 f   Language:pretty.obj
 0001:00032860       ?pretty_print_any@@YAXH@Z  00433860 f   Language:pretty.obj
 0001:000328c0       ?self_print_list_Language@@YAXPAVlist@@@Z 004338c0 f   Language:pretty.obj
 0001:00032960       ?self_print_set_Language@@YAXPAVset@@@Z 00433960 f   Language:pretty.obj
 0001:00032a20       ?self_print_tuple_Language@@YAXPAVtuple@@@Z 00433a20 f   Language:pretty.obj
 0001:00032a50       ?metaLoad@ReaderClass@@QAEXXZ 00433a50 f   Reader:Reader.obj
 0001:00036290       ?inspect_any@@YAHH@Z       00437290 f   Reader:inspect.obj
 0001:00036670       ?inspect_loop_any@@YAHHPAVlist@@@Z 00437670 f   Reader:inspect.obj
 0001:00036a50       ?get_from_integer_any@@YAHHH@Z 00437a50 f   Reader:inspect.obj
 0001:00036bb0       ?trace_on_any@@YAHH@Z      00437bb0 f   Reader:inspect.obj
 0001:00036fe0       ?untrace_any@@YAHH@Z       00437fe0 f   Reader:inspect.obj
 0001:00037310       ?spy_listargs2_Reader@@YAHPAVlistargs@@@Z 00438310 f   Reader:inspect.obj
 0001:000374f0       ?self_trace_Trace@@YAHPAVTrace@@@Z 004384f0 f   Reader:inspect.obj
 0001:00037600       ?trace_rule_relation@@YAXPAVClaireRelation@@PADHHHH@Z 00438600 f   Reader:inspect.obj
 0001:00037800       ?stop_property@@YAHPAVproperty@@PAVlistargs@@@Z 00438800 f   Reader:inspect.obj
 0001:00037910       ?debug_void@@YAXXZ         00438910 f   Reader:inspect.obj
 0001:00037970       ?call_debug_void@@YAHXZ    00438970 f   Reader:inspect.obj
 0001:00037be0       ?breakpoint_void@@YAXXZ    00438be0 f   Reader:inspect.obj
 0001:00037e40       ?dn_integer@@YAXH@Z        00438e40 f   Reader:inspect.obj
 0001:00037fa0       ?up_integer@@YAXH@Z        00438fa0 f   Reader:inspect.obj
 0001:000380e0       ?where_integer@@YAXH@Z     004390e0 f   Reader:inspect.obj
 0001:00038140       ?print_debug_info_integer@@YAXHHH@Z 00439140 f   Reader:inspect.obj
 0001:000382d0       ?Show_integer@@YAHH@Z      004392d0 f   Reader:inspect.obj
 0001:000384d0       ?block_integer@@YAXH@Z     004394d0 f   Reader:inspect.obj
 0001:00038800       ?closure_build_lambda@@YAPAVlist@@PAVlambda@@@Z 00439800 f   Reader:inspect.obj
 0001:00038930       ?closure_build_any@@YAXHPAVlist@@@Z 00439930 f   Reader:inspect.obj
 0001:00038b20       ?call_step_property_Reader@@YAXPAVproperty@@@Z 00439b20 f   Reader:inspect.obj
 0001:00038bd0       ?step_any@@YAXH@Z          00439bd0 f   Reader:inspect.obj
 0001:00038d70       ?mem_class@@YAHPAVClaireClass@@@Z 00439d70 f   Reader:inspect.obj
 0001:00038f00       ?PRget_property@@YAPAVPRcount@@PAVproperty@@@Z 00439f00 f   Reader:inspect.obj
 0001:00039080       ?PRlook_property2@@YAHPAVproperty@@@Z 0043a080 f   Reader:inspect.obj
 0001:000390b0       ?PRshow_property@@YAXPAVproperty@@@Z 0043a0b0 f   Reader:inspect.obj
 0001:000391d0       ?PRtime_property@@YAHPAVproperty@@@Z 0043a1d0 f   Reader:inspect.obj
 0001:00039220       ?PRshow_void@@YAHXZ        0043a220 f   Reader:inspect.obj
 0001:000395c0       ?dependents_method@@YAPAVset@@PAVmethod@@@Z 0043a5c0 f   Reader:inspect.obj
 0001:00039770       ?dependents_any@@YAHH@Z    0043a770 f   Reader:inspect.obj
 0001:00039b10       ?PRdepends_property@@YAHPAVproperty@@0@Z 0043ab10 f   Reader:inspect.obj
 0001:00039b50       ?self_eval_delimiter@@YAHPAVdelimiter@@@Z 0043ab50 f   Reader:file.obj
 0001:00039bd0       ?useless_c_integer@@YAPAVClaireBoolean@@H@Z 0043abd0 f   Reader:file.obj
 0001:00039c30       ?skipc_meta_reader@@YAHPAVmeta_reader@@@Z 0043ac30 f   Reader:file.obj
 0001:00039cc0       ?skipc_I_meta_reader@@YAHPAVmeta_reader@@@Z 0043acc0 f   Reader:file.obj
 0001:00039d90       ?cnext_meta_reader@@YAPAVmeta_reader@@PAV1@@Z 0043ad90 f   Reader:file.obj
 0001:00039db0       ?findeol_meta_reader@@YAPAVClaireBoolean@@PAVmeta_reader@@@Z 0043adb0 f   Reader:file.obj
 0001:00039e60       ?checkno_meta_reader@@YAHPAVmeta_reader@@HH@Z 0043ae60 f   Reader:file.obj
 0001:00039ed0       ?verify_any@@YAHHHH@Z      0043aed0 f   Reader:file.obj
 0001:00039f20       ?Serror_string@@YAXPADPAVlist@@@Z 0043af20 f   Reader:file.obj
 0001:00039fa0       ?extract_variable_any@@YAPAVVariable@@H@Z 0043afa0 f   Reader:file.obj
 0001:0003a170       ?bind_I_meta_reader@@YAPAVlist@@PAVmeta_reader@@PAVVariable@@@Z 0043b170 f   Reader:file.obj
 0001:0003a1e0       ?unbind_I_meta_reader@@YAHPAVmeta_reader@@PAVlist@@@Z 0043b1e0 f   Reader:file.obj
 0001:0003a220       ?_7_string@@YAPADPAD0@Z    0043b220 f   Reader:file.obj
 0001:0003a2f0       ?restore_state_meta_reader@@YAXPAVmeta_reader@@@Z 0043b2f0 f   Reader:file.obj
 0001:0003a360       ?load_file_string@@YAHPADPAVClaireBoolean@@@Z 0043b360 f   Reader:file.obj
 0001:0003a920       ?load_string@@YAHPAD@Z     0043b920 f   Reader:file.obj
 0001:0003a940       ?sload_string@@YAHPAD@Z    0043b940 f   Reader:file.obj
 0001:0003a960       ?load_file_module@@YAXPAVmodule@@PAVClaireBoolean@@@Z 0043b960 f   Reader:file.obj
 0001:0003ab20       ?load_module@@YAHPAVmodule@@@Z 0043bb20 f   Reader:file.obj
 0001:0003ac40       ?sload_module@@YAHPAVmodule@@@Z 0043bc40 f   Reader:file.obj
 0001:0003ad60       ?add_modules_module@@YAPAVlist@@PAVmodule@@PAVset@@PAV1@@Z 0043bd60 f   Reader:file.obj
 0001:0003aff0       ?add_modules_list@@YAPAVlist@@PAV1@@Z 0043bff0 f   Reader:file.obj
 0001:0003b0c0       ?eload_string@@YAHPAD@Z    0043c0c0 f   Reader:file.obj
 0001:0003b490       ?readblock_port@@YAHPAVClairePort@@@Z 0043c490 f   Reader:file.obj
 0001:0003b630       ?read_port@@YAHPAVClairePort@@@Z 0043c630 f   Reader:file.obj
 0001:0003b820       ?read_string@@YAHPAD@Z     0043c820 f   Reader:file.obj
 0001:0003b9e0       ?debug_if_possible_void@@YAHXZ 0043c9e0 f   Reader:file.obj
 0001:0003ba30       ?print_exception_void@@YAHXZ 0043ca30 f   Reader:file.obj
 0001:0003bc70       ?show_any@@YAHH@Z          0043cc70 f   Reader:file.obj
 0001:0003bdb0       ?kill_object@@YAHPAVClaireObject@@@Z 0043cdb0 f   Reader:file.obj
 0001:0003be40       ?kill_class@@YAHPAVClaireClass@@@Z 0043ce40 f   Reader:file.obj
 0001:0003bec0       ?min_integer@@YAHHH@Z      0043cec0 f   Reader:file.obj
 0001:0003bed0       ?max_integer@@YAHHH@Z      0043ced0 f   Reader:file.obj
 0001:0003bee0       ?min_any@@YAHHH@Z          0043cee0 f   Reader:file.obj
 0001:0003bf20       ?max_any@@YAHHH@Z          0043cf20 f   Reader:file.obj
 0001:0003bf60       ?hashgrow_list@@YAPAVlist@@PAV1@PAVproperty@@@Z 0043cf60 f   Reader:file.obj
 0001:0003c070       ?known_ask_table@@YAPAVClaireBoolean@@PAVtable@@H@Z 0043d070 f   Reader:file.obj
 0001:0003c0a0       ?unknown_ask_table@@YAPAVClaireBoolean@@PAVtable@@H@Z 0043d0a0 f   Reader:file.obj
 0001:0003c0d0       ?float_I_string_@@YAHPAD@Z 0043d0d0 f   Reader:file.obj
 0001:0003c160       ?float_I_string@@YANPAD@Z  0043d160 f   Reader:file.obj
 0001:0003c2b0       ?_sup_equal_any@@YAPAVClaireBoolean@@HH@Z 0043d2b0 f   Reader:file.obj
 0001:0003c2e0       ?DBregister_Call@@YAPAVCall@@PAV1@@Z 0043d2e0 f   Reader:syntax.obj
 0001:0003c4a0       ?Call_I_property@@YAPAVCall@@PAVproperty@@PAVlist@@@Z 0043d4a0 f   Reader:syntax.obj
 0001:0003c580       ?operation_ask_any@@YAPAVClaireBoolean@@H@Z 0043d580 f   Reader:syntax.obj
 0001:0003c6a0       ?combine_any@@YAHHHH@Z     0043d6a0 f   Reader:syntax.obj
 0001:0003c7c0       ?combine_I_any@@YAHHHH@Z   0043d7c0 f   Reader:syntax.obj
 0001:0003d360       ?operation_I_any@@YAHH@Z   0043e360 f   Reader:syntax.obj
 0001:0003d640       ?operand_I_any@@YAHHH@Z    0043e640 f   Reader:syntax.obj
 0001:0003dac0       ?precedence_I_any@@YAHH@Z  0043eac0 f   Reader:syntax.obj
 0001:0003db60       ?nextstruct_meta_reader@@YAHPAVmeta_reader@@PAVkeyword@@1@Z 0043eb60 f   Reader:syntax.obj
 0001:0003de80       ?readlet_meta_reader@@YAHPAVmeta_reader@@PAVkeyword@@@Z 0043ee80 f   Reader:syntax.obj
 0001:0003e580       ?readlet_star_meta_reader@@YAHPAVmeta_reader@@PAVlist@@HPAVkeyword@@@Z 0043f580 f   Reader:syntax.obj
 0001:0003e700       ?readwhen_meta_reader@@YAHPAVmeta_reader@@PAVkeyword@@@Z 0043f700 f   Reader:syntax.obj
 0001:0003e940       ?readif_meta_reader@@YAHPAVmeta_reader@@H@Z 0043f940 f   Reader:syntax.obj
 0001:0003eb10       ?readcase_meta_reader@@YAHPAVmeta_reader@@PAVkeyword@@@Z 0043fb10 f   Reader:syntax.obj
 0001:0003ed80       ?readset_meta_reader@@YAHPAVmeta_reader@@H@Z 0043fd80 f   Reader:syntax.obj
 0001:0003f220       ?dereference_any@@YAHH@Z   00440220 f   Reader:syntax.obj
 0001:0003f3d0       ?nextseq_meta_reader@@YAHPAVmeta_reader@@H@Z 004403d0 f   Reader:syntax.obj
 0001:0003f570       ?readblock_meta_reader@@YAHPAVmeta_reader@@HH@Z 00440570 f   Reader:syntax.obj
 0001:0003f8c0       ?Do_I_any@@YAHHH@Z         004408c0 f   Reader:syntax.obj
 0001:0003fa60       ?extract_of_type_Call@@YAPAVClaireType@@PAVCall@@@Z 00440a60 f   Reader:syntax.obj
 0001:0003fc20       ?readcall_meta_reader@@YAHPAVmeta_reader@@HH@Z 00440c20 f   Reader:syntax.obj
 0001:00040b50       ?nextdefinition_meta_reader@@YAHPAVmeta_reader@@HHPAVClaireBoolean@@@Z 00441b50 f   Reader:syntax.obj
 0001:00041320       ?nextmethod_meta_reader@@YAHPAVmeta_reader@@HHPAVClaireBoolean@@11@Z 00442320 f   Reader:syntax.obj
 0001:00041510       ?nextinst_meta_reader@@YAHPAVmeta_reader@@H@Z 00442510 f   Reader:syntax.obj
 0001:00041ca0       ?nextDefclass_meta_reader@@YAPAVDefclass@@PAVmeta_reader@@HPAVClaireBoolean@@@Z 00442ca0 f   Reader:syntax.obj
 0001:00042310       ?next_meta_reader@@YAHPAVmeta_reader@@@Z 00443310 f   Reader:read.obj
 0001:00042320       ?firstc_meta_reader@@YAHPAVmeta_reader@@@Z 00443320 f   Reader:read.obj
 0001:00042330       ?keyword_ask_any@@YAHH@Z   00443330 f   Reader:read.obj
 0001:00042380       ?stop_ask_integer@@YAHH@Z  00443380 f   Reader:read.obj
 0001:00042400       ?nextunit_meta_reader@@YAHPAVmeta_reader@@@Z 00443400 f   Reader:read.obj
 0001:00042d60       ?nexts_meta_reader@@YAHPAVmeta_reader@@PAVkeyword@@@Z 00443d60 f   Reader:read.obj
 0001:00042fa0       ?loopexp_meta_reader@@YAHPAVmeta_reader@@HPAVkeyword@@PAVClaireBoolean@@@Z 00443fa0 f   Reader:read.obj
 0001:00043650       ?nexte_meta_reader@@YAHPAVmeta_reader@@@Z 00444650 f   Reader:read.obj
 0001:00043770       ?nextexp_meta_reader@@YAHPAVmeta_reader@@PAVClaireBoolean@@@Z 00444770 f   Reader:read.obj
 0001:00043f20       ?nexti_meta_reader@@YAHPAVmeta_reader@@H@Z 00444f20 f   Reader:read.obj
 0001:000448f0       ?read_escape_meta_reader@@YAHPAVmeta_reader@@@Z 004458f0 f   Reader:read.obj
 0001:000449d0       ?nextvariable_meta_reader@@YAHPAVmeta_reader@@H@Z 004459d0 f   Reader:read.obj
 0001:00044b20       ?nexts_I_meta_reader1@@YAHPAVmeta_reader@@PAVkeyword@@@Z 00445b20 f   Reader:read.obj
 0001:00044c20       ?nexte_I_meta_reader@@YAHPAVmeta_reader@@PAVkeyword@@@Z 00445c20 f   Reader:read.obj
 0001:00044d00       ?nexts_I_meta_reader2@@YAHPAVmeta_reader@@H@Z 00445d00 f   Reader:read.obj
 0001:00044e00       ?nexts_I_meta_reader3@@YAHPAVmeta_reader@@PAVkeyword@@H@Z 00445e00 f   Reader:read.obj
 0001:00044f10       ?extended_comment_ask_meta_reader@@YAPAVClaireBoolean@@PAVmeta_reader@@PAD@Z 00445f10 f   Reader:read.obj
 0001:00044fc0       ?extended_comment_I_meta_reader@@YAHPAVmeta_reader@@PAD@Z 00445fc0 f   Reader:read.obj
 0001:00045280       ?choco_getNbVars@AbstractConstraint@@QAEHXZ 00446280 f   choco:choco.obj
 0001:0004529a       ?choco_assignIndices@AbstractConstraint@@QAEHPAV1@H@Z 0044629a f   choco:choco.obj
 0001:000452bb       ?choco_getConstraintIdx@AbstractConstraint@@QAEHH@Z 004462bb f   choco:choco.obj
 0001:000452db       ?choco_setConstraintIndex@AbstractConstraint@@QAEXHH@Z 004462db f   choco:choco.obj
 0001:000452fc       ?choco_askIfEntailed@AbstractConstraint@@QAEHXZ 004462fc f   choco:choco.obj
 0001:00045316       ?choco_testIfSatisfied@AbstractConstraint@@QAEPAVClaireBoolean@@XZ 00446316 f   choco:choco.obj
 0001:00045330       ?choco_testIfCompletelyInstantiated@AbstractConstraint@@QAEPAVClaireBoolean@@XZ 00446330 f   choco:choco.obj
 0001:0004534a       ?choco_propagate@AbstractConstraint@@QAEXXZ 0044634a f   choco:choco.obj
 0001:00045364       ?choco_awakeOnInf@AbstractConstraint@@QAEXH@Z 00446364 f   choco:choco.obj
 0001:00045384       ?choco_awakeOnSup@AbstractConstraint@@QAEXH@Z 00446384 f   choco:choco.obj
 0001:000453a4       ?choco_awakeOnInst@AbstractConstraint@@QAEXH@Z 004463a4 f   choco:choco.obj
 0001:000453c4       ?choco_awakeOnRem@AbstractConstraint@@QAEXHH@Z 004463c4 f   choco:choco.obj
 0001:000453e8       ?choco_domainIncludedIn@IntVar@@QAEPAVClaireBoolean@@PAVlist@@@Z 004463e8 f   choco:choco.obj
 0001:00045408       ?choco_hasExactDomain@IntVar@@QAEPAVClaireBoolean@@XZ 00446408 f   choco:choco.obj
 0001:00045422       ?choco_getInf@IntVar@@QAEHXZ 00446422 f   choco:choco.obj
 0001:0004543c       ?choco_getSup@IntVar@@QAEHXZ 0044643c f   choco:choco.obj
 0001:00045456       ?choco_getNextActiveEventQueue@PropagationEngine@@QAEHXZ 00446456 f   choco:choco.obj
 0001:00045470       ?choco_selectBranchingObject@AbstractBranching@@QAEHXZ 00446470 f   choco:choco.obj
 0001:0004548a       ?choco_goDownBranch@AbstractBranching@@QAEXHH@Z 0044648a f   choco:choco.obj
 0001:000454ae       ?choco_traceDownBranch@AbstractBranching@@QAEXHH@Z 004464ae f   choco:choco.obj
 0001:000454d2       ?choco_goUpBranch@AbstractBranching@@QAEXHH@Z 004464d2 f   choco:choco.obj
 0001:000454f6       ?choco_traceUpBranch@AbstractBranching@@QAEXHH@Z 004464f6 f   choco:choco.obj
 0001:0004551a       ?choco_getFirstBranch@AbstractBranching@@QAEHH@Z 0044651a f   choco:choco.obj
 0001:0004553a       ?choco_getNextBranch@AbstractBranching@@QAEHHH@Z 0044653a f   choco:choco.obj
 0001:0004555e       ?choco_finishedBranching@AbstractBranching@@QAEPAVClaireBoolean@@HH@Z 0044655e f   choco:choco.obj
 0001:00045582       ?choco_branchOn@AbstractBranching@@QAEPAVClaireBoolean@@HH@Z 00446582 f   choco:choco.obj
 0001:000455a6       ?choco_mayExpandNewNode@GlobalSearchLimit@@QAEPAVClaireBoolean@@PAVGlobalSearchSolver@@@Z 004465a6 f   choco:choco.obj
 0001:000455c3       ?choco_domainSequence@AbstractIntDomain@@QAEPAVlist@@XZ 004465c3 f   choco:choco.obj
 0001:000455dd       ?choco_domainSet@AbstractIntDomain@@QAEPAVset@@XZ 004465dd f   choco:choco.obj
 0001:000455f7       ?choco_updateDomainInf@AbstractIntDomain@@QAEHH@Z 004465f7 f   choco:choco.obj
 0001:00045617       ?choco_updateDomainSup@AbstractIntDomain@@QAEHH@Z 00446617 f   choco:choco.obj
 0001:00045637       ?choco_getDomainInf@AbstractIntDomain@@QAEHXZ 00446637 f   choco:choco.obj
 0001:00045651       ?choco_getDomainSup@AbstractIntDomain@@QAEHXZ 00446651 f   choco:choco.obj
 0001:0004566b       ?choco_containsValInDomain@AbstractIntDomain@@QAEPAVClaireBoolean@@H@Z 0044666b f   choco:choco.obj
 0001:0004568b       ?choco_getNextValue@AbstractIntDomain@@QAEHH@Z 0044668b f   choco:choco.obj
 0001:000456ab       ?choco_getPrevValue@AbstractIntDomain@@QAEHH@Z 004466ab f   choco:choco.obj
 0001:000456cb       ?choco_removeDomainVal@AbstractIntDomain@@QAEPAVClaireBoolean@@H@Z 004466cb f   choco:choco.obj
 0001:000456eb       ?choco_restrict@AbstractIntDomain@@QAEXH@Z 004466eb f   choco:choco.obj
 0001:0004570b       ?choco_getDomainCard@AbstractIntDomain@@QAEHXZ 0044670b f   choco:choco.obj
 0001:00045725       ?choco_getKernel@AbstractSetDomain@@QAEPAVlist@@XZ 00446725 f   choco:choco.obj
 0001:0004573f       ?choco_getEnveloppe@AbstractSetDomain@@QAEPAVlist@@XZ 0044673f f   choco:choco.obj
 0001:00045759       ?choco_getKernelSize@AbstractSetDomain@@QAEHXZ 00446759 f   choco:choco.obj
 0001:00045773       ?choco_getEnveloppeSize@AbstractSetDomain@@QAEHXZ 00446773 f   choco:choco.obj
 0001:0004578d       ?choco_getEnveloppeInf@AbstractSetDomain@@QAEHXZ 0044678d f   choco:choco.obj
 0001:000457a7       ?choco_getEnveloppeSup@AbstractSetDomain@@QAEHXZ 004467a7 f   choco:choco.obj
 0001:000457c1       ?choco_isInKernel@AbstractSetDomain@@QAEPAVClaireBoolean@@H@Z 004467c1 f   choco:choco.obj
 0001:000457e1       ?choco_isInEnveloppe@AbstractSetDomain@@QAEPAVClaireBoolean@@H@Z 004467e1 f   choco:choco.obj
 0001:00045801       ?choco_updateKernel@AbstractSetDomain@@QAEPAVClaireBoolean@@H@Z 00446801 f   choco:choco.obj
 0001:00045821       ?choco_updateEnveloppe@AbstractSetDomain@@QAEPAVClaireBoolean@@H@Z 00446821 f   choco:choco.obj
 0001:00045841       ?choco_popSomeEvents@EventCollection@@QAEXXZ 00446841 f   choco:choco.obj
 0001:0004585b       ?choco_getTruthValue@BinRelation@@QAEPAVClaireBoolean@@HH@Z 0044685b f   choco:choco.obj
 0001:0004587f       ?choco_filter@LinComb@@QAEXPAVClaireBoolean@@H@Z 0044687f f   choco:choco.obj
 0001:000458a3       ?choco_filterOnImprovedLowerBound@LinComb@@QAEPAVClaireBoolean@@XZ 004468a3 f   choco:choco.obj
 0001:000458bd       ?choco_filterOnImprovedUpperBound@LinComb@@QAEPAVClaireBoolean@@XZ 004468bd f   choco:choco.obj
 0001:000458d7       ?choco_selectVar@VarSelector@@QAEHXZ 004468d7 f   choco:choco.obj
 0001:000458f1       ?choco_isOver@ValIterator@@QAEPAVClaireBoolean@@PAVIntVar@@H@Z 004468f1 f   choco:choco.obj
 0001:00045915       ?choco_getFirstVal@ValIterator@@QAEHPAVIntVar@@@Z 00446915 f   choco:choco.obj
 0001:00045935       ?choco_getNextVal@ValIterator@@QAEHPAVIntVar@@H@Z 00446935 f   choco:choco.obj
 0001:00045959       ?choco_getBestVal@ValSelector@@QAEHPAVIntVar@@@Z 00446959 f   choco:choco.obj
 0001:00045979       ?metaLoad@chocoClass@@QAEXXZ 00446979 f   choco:choco.obj
 0001:00069cc0       ?fcall@property@@QAEHH@Z   0046acc0 f i choco:choco.obj
 0001:00069d00       ?fcall@property@@QAEHHH@Z  0046ad00 f i choco:choco.obj
 0001:00069d50       ?fcall@property@@QAEHHHH@Z 0046ad50 f i choco:choco.obj
 0001:00069da0       ?_float_@@YAHN@Z           0046ada0 f i choco:choco.obj
 0001:00069e60       ?choco_closeLargeIntConstraint_LargeIntConstraint@@YAXPAVLargeIntConstraint@@@Z 0046ae60 f   choco:const.obj
 0001:00069e92       ?choco_delay_IntConstraint@@YAPAVDelayer@@PAVIntConstraint@@H@Z 0046ae92 f   choco:const.obj
 0001:00069fa2       ?claire_self_print_Delayer_choco@@YAXPAVDelayer@@@Z 0046afa2 f   choco:const.obj
 0001:0006a0d5       ?choco_closeCompositeConstraint_BinCompositeConstraint@@YAXPAVBinCompositeConstraint@@@Z 0046b0d5 f   choco:const.obj
 0001:0006a1eb       ?choco_closeCompositeConstraint_LargeCompositeConstraint@@YAXPAVLargeCompositeConstraint@@@Z 0046b1eb f   choco:const.obj
 0001:0006a390       ?choco_getNbVarsFromSubConst_LargeCompositeConstraint@@YAHPAVLargeCompositeConstraint@@@Z 0046b390 f   choco:const.obj
 0001:0006a3a4       ?choco_connectHook_any_choco@@YAHHPAVAbstractConstraint@@@Z 0046b3a4 f   choco:const.obj
 0001:0006a3b1       ?choco_reconnectHook_any_choco@@YAHHPAVAbstractConstraint@@@Z 0046b3b1 f   choco:const.obj
 0001:0006a3be       ?choco_disconnectHook_any_choco@@YAHHPAVAbstractConstraint@@@Z 0046b3be f   choco:const.obj
 0001:0006a3cb       ?choco_assignIndices_AbstractConstraint@@YAHPAVAbstractConstraint@@0H@Z 0046b3cb f   choco:const.obj
 0001:0006a443       ?choco_assignIndices_UnIntConstraint@@YAHPAVUnIntConstraint@@PAVAbstractConstraint@@H@Z 0046b443 f   choco:const.obj
 0001:0006a577       ?choco_assignIndices_BinIntConstraint@@YAHPAVBinIntConstraint@@PAVAbstractConstraint@@H@Z 0046b577 f   choco:const.obj
 0001:0006a6ee       ?choco_assignIndices_TernIntConstraint@@YAHPAVTernIntConstraint@@PAVAbstractConstraint@@H@Z 0046b6ee f   choco:const.obj
 0001:0006a8a9       ?choco_assignIndices_LargeIntConstraint@@YAHPAVLargeIntConstraint@@PAVAbstractConstraint@@H@Z 0046b8a9 f   choco:const.obj
 0001:0006a95d       ?choco_assignIndices_BinCompositeConstraint@@YAHPAVBinCompositeConstraint@@PAVAbstractConstraint@@H@Z 0046b95d f   choco:const.obj
 0001:0006aad3       ?choco_assignIndices_LargeCompositeConstraint@@YAHPAVLargeCompositeConstraint@@PAVAbstractConstraint@@H@Z 0046bad3 f   choco:const.obj
 0001:0006ac0a       ?choco_setConstraintIndex_AbstractConstraint@@YAXPAVAbstractConstraint@@HH@Z 0046bc0a f   choco:const.obj
 0001:0006ac6e       ?choco_setConstraintIndex_UnIntConstraint@@YAXPAVUnIntConstraint@@HH@Z 0046bc6e f   choco:const.obj
 0001:0006ace3       ?choco_setConstraintIndex_BinIntConstraint@@YAXPAVBinIntConstraint@@HH@Z 0046bce3 f   choco:const.obj
 0001:0006ad6a       ?choco_setConstraintIndex_TernIntConstraint@@YAXPAVTernIntConstraint@@HH@Z 0046bd6a f   choco:const.obj
 0001:0006ae04       ?choco_setConstraintIndex_LargeIntConstraint@@YAXPAVLargeIntConstraint@@HH@Z 0046be04 f   choco:const.obj
 0001:0006ae8c       ?choco_setConstraintIndex_BinCompositeConstraint@@YAXPAVBinCompositeConstraint@@HH@Z 0046be8c f   choco:const.obj
 0001:0006afdc       ?choco_setConstraintIndex_LargeCompositeConstraint@@YAXPAVLargeCompositeConstraint@@HH@Z 0046bfdc f   choco:const.obj
 0001:0006b212       ?choco_setConstraintIndex_Delayer@@YAXPAVDelayer@@HH@Z 0046c212 f   choco:const.obj
 0001:0006b31b       ?choco_getConstraintIdx_AbstractConstraint@@YAHPAVAbstractConstraint@@H@Z 0046c31b f   choco:const.obj
 0001:0006b37e       ?choco_getConstraintIdx_UnIntConstraint@@YAHPAVUnIntConstraint@@H@Z 0046c37e f   choco:const.obj
 0001:0006b404       ?choco_getConstraintIdx_BinIntConstraint@@YAHPAVBinIntConstraint@@H@Z 0046c404 f   choco:const.obj
 0001:0006b49a       ?choco_getConstraintIdx_TernIntConstraint@@YAHPAVTernIntConstraint@@H@Z 0046c49a f   choco:const.obj
 0001:0006b544       ?choco_getConstraintIdx_LargeIntConstraint@@YAHPAVLargeIntConstraint@@H@Z 0046c544 f   choco:const.obj
 0001:0006b5dc       ?choco_getConstraintIdx_BinCompositeConstraint@@YAHPAVBinCompositeConstraint@@H@Z 0046c5dc f   choco:const.obj
 0001:0006b761       ?choco_getConstraintIdx_LargeCompositeConstraint@@YAHPAVLargeCompositeConstraint@@H@Z 0046c761 f   choco:const.obj
 0001:0006b9b4       ?choco_getConstraintIdx_Delayer@@YAHPAVDelayer@@H@Z 0046c9b4 f   choco:const.obj
 0001:0006bad7       ?choco_getPriority_AbstractConstraint_choco@@YAHPAVAbstractConstraint@@@Z 0046cad7 f   choco:const.obj
 0001:0006bae1       ?choco_getPriority_Delayer_choco@@YAHPAVDelayer@@@Z 0046cae1 f   choco:const.obj
 0001:0006baec       ?choco_testIfCompletelyInstantiated_IntConstraint@@YAPAVClaireBoolean@@PAVIntConstraint@@@Z 0046caec f   choco:const.obj
 0001:0006bcb4       ?choco_testIfCompletelyInstantiated_UnIntConstraint@@YAPAVClaireBoolean@@PAVUnIntConstraint@@@Z 0046ccb4 f   choco:const.obj
 0001:0006bde8       ?choco_testIfCompletelyInstantiated_BinIntConstraint@@YAPAVClaireBoolean@@PAVBinIntConstraint@@@Z 0046cde8 f   choco:const.obj
 0001:0006bfa9       ?choco_testIfCompletelyInstantiated_TernIntConstraint@@YAPAVClaireBoolean@@PAVTernIntConstraint@@@Z 0046cfa9 f   choco:const.obj
 0001:0006c1dc       ?choco_testIfCompletelyInstantiated_LargeIntConstraint@@YAPAVClaireBoolean@@PAVLargeIntConstraint@@@Z 0046d1dc f   choco:const.obj
 0001:0006c38f       ?choco_testIfCompletelyInstantiated_BinCompositeConstraint@@YAPAVClaireBoolean@@PAVBinCompositeConstraint@@@Z 0046d38f f   choco:const.obj
 0001:0006c550       ?choco_testIfCompletelyInstantiated_LargeCompositeConstraint@@YAPAVClaireBoolean@@PAVLargeCompositeConstraint@@@Z 0046d550 f   choco:const.obj
 0001:0006c80c       ?choco_getNbVars_AbstractConstraint@@YAHPAVAbstractConstraint@@@Z 0046d80c f   choco:const.obj
 0001:0006c86a       ?choco_getNbVars_UnIntConstraint@@YAHPAVUnIntConstraint@@@Z 0046d86a f   choco:const.obj
 0001:0006c874       ?choco_getNbVars_BinIntConstraint@@YAHPAVBinIntConstraint@@@Z 0046d874 f   choco:const.obj
 0001:0006c87e       ?choco_getNbVars_TernIntConstraint@@YAHPAVTernIntConstraint@@@Z 0046d87e f   choco:const.obj
 0001:0006c888       ?choco_getNbVars_LargeIntConstraint@@YAHPAVLargeIntConstraint@@@Z 0046d888 f   choco:const.obj
 0001:0006c893       ?choco_getNbVars_LargeCompositeConstraint@@YAHPAVLargeCompositeConstraint@@@Z 0046d893 f   choco:const.obj
 0001:0006c8d7       ?choco_getNbVars_BinCompositeConstraint@@YAHPAVBinCompositeConstraint@@@Z 0046d8d7 f   choco:const.obj
 0001:0006c9fd       ?choco_getVar_AbstractConstraint_choco@@YAPAVAbstractVar@@PAVAbstractConstraint@@H@Z 0046d9fd f   choco:const.obj
 0001:0006cb7e       ?choco_getVar_UnIntConstraint_choco@@YAPAVAbstractVar@@PAVUnIntConstraint@@H@Z 0046db7e f   choco:const.obj
 0001:0006cbec       ?choco_getVar_BinIntConstraint_choco@@YAPAVAbstractVar@@PAVBinIntConstraint@@H@Z 0046dbec f   choco:const.obj
 0001:0006cc7d       ?choco_getVar_TernIntConstraint_choco@@YAPAVAbstractVar@@PAVTernIntConstraint@@H@Z 0046dc7d f   choco:const.obj
 0001:0006cd22       ?choco_getVar_LargeIntConstraint_choco@@YAPAVAbstractVar@@PAVLargeIntConstraint@@H@Z 0046dd22 f   choco:const.obj
 0001:0006cde0       ?choco_getVar_LargeCompositeConstraint_choco@@YAPAVAbstractVar@@PAVLargeCompositeConstraint@@H@Z 0046dde0 f   choco:const.obj
 0001:0006d067       ?choco_getVar_BinCompositeConstraint_choco@@YAPAVAbstractVar@@PAVBinCompositeConstraint@@H@Z 0046e067 f   choco:const.obj
 0001:0006d1de       ?choco_disconnect_AbstractConstraint_choco@@YAXPAVAbstractConstraint@@@Z 0046e1de f   choco:const.obj
 0001:0006d23a       ?choco_connect_AbstractConstraint_choco@@YAXPAVAbstractConstraint@@@Z 0046e23a f   choco:const.obj
 0001:0006d296       ?choco_opposite_AbstractConstraint@@YAPAVAbstractConstraint@@PAV1@@Z 0046e296 f   choco:const.obj
 0001:0006d2f5       ?choco_askIfEntailed_AbstractConstraint@@YAHPAVAbstractConstraint@@@Z 0046e2f5 f   choco:const.obj
 0001:0006d366       ?choco_propagate_Ephemeral@@YAXPAVEphemeral@@@Z 0046e366 f   choco:const.obj
 0001:0006d3c2       ?choco_awakeOnInf_AbstractConstraint@@YAXPAVAbstractConstraint@@H@Z 0046e3c2 f   choco:const.obj
 0001:0006d3d6       ?choco_awakeOnSup_AbstractConstraint@@YAXPAVAbstractConstraint@@H@Z 0046e3d6 f   choco:const.obj
 0001:0006d3ea       ?choco_awakeOnInst_AbstractConstraint@@YAXPAVAbstractConstraint@@H@Z 0046e3ea f   choco:const.obj
 0001:0006d3fe       ?choco_awakeOnRem_AbstractConstraint@@YAXPAVAbstractConstraint@@HH@Z 0046e3fe f   choco:const.obj
 0001:0006d412       ?choco_awakeOnVar_AbstractConstraint@@YAXPAVAbstractConstraint@@H@Z 0046e412 f   choco:const.obj
 0001:0006d426       ?choco_awake_AbstractConstraint_choco@@YAXPAVAbstractConstraint@@@Z 0046e426 f   choco:const.obj
 0001:0006d43a       ?choco_awakeOnKer_AbstractConstraint@@YAXPAVAbstractConstraint@@H@Z 0046e43a f   choco:const.obj
 0001:0006d44e       ?choco_awakeOnEnv_AbstractConstraint@@YAXPAVAbstractConstraint@@H@Z 0046e44e f   choco:const.obj
 0001:0006d462       ?choco_awakeOnInstSet_AbstractConstraint@@YAXPAVAbstractConstraint@@H@Z 0046e462 f   choco:const.obj
 0001:0006d476       ?choco_testIfSatisfied_AbstractConstraint@@YAPAVClaireBoolean@@PAVAbstractConstraint@@@Z 0046e476 f   choco:const.obj
 0001:0006d4d7       ?choco_testIfCompletelyInstantiated_AbstractConstraint@@YAPAVClaireBoolean@@PAVAbstractConstraint@@@Z 0046e4d7 f   choco:const.obj
 0001:0006d538       ?choco_propagate_UnIntConstraint@@YAXPAVUnIntConstraint@@@Z 0046e538 f   choco:const.obj
 0001:0006d55f       ?choco_propagate_BinIntConstraint@@YAXPAVBinIntConstraint@@@Z 0046e55f f   choco:const.obj
 0001:0006d5a8       ?choco_propagate_LargeIntConstraint@@YAXPAVLargeIntConstraint@@@Z 0046e5a8 f   choco:const.obj
 0001:0006d5fb       ?choco_doAwake_AbstractConstraint@@YAXPAVAbstractConstraint@@@Z 0046e5fb f   choco:const.obj
 0001:0006d61d       ?choco_doPropagate_AbstractConstraint@@YAXPAVAbstractConstraint@@@Z 0046e61d f   choco:const.obj
 0001:0006d631       ?choco_doAwakeOnInf_AbstractConstraint@@YAXPAVAbstractConstraint@@H@Z 0046e631 f   choco:const.obj
 0001:0006d649       ?choco_doAwakeOnSup_AbstractConstraint@@YAXPAVAbstractConstraint@@H@Z 0046e649 f   choco:const.obj
 0001:0006d661       ?choco_doAwakeOnInst_AbstractConstraint@@YAXPAVAbstractConstraint@@H@Z 0046e661 f   choco:const.obj
 0001:0006d679       ?choco_doAwakeOnKer_AbstractConstraint@@YAXPAVAbstractConstraint@@H@Z 0046e679 f   choco:const.obj
 0001:0006d6a0       ?choco_doAwakeOnEnv_AbstractConstraint@@YAXPAVAbstractConstraint@@H@Z 0046e6a0 f   choco:const.obj
 0001:0006d6c7       ?choco_doAwakeOnInstSet_AbstractConstraint@@YAXPAVAbstractConstraint@@H@Z 0046e6c7 f   choco:const.obj
 0001:0006d6ee       ?choco_doAwakeOnRem_AbstractConstraint@@YAXPAVAbstractConstraint@@HH@Z 0046e6ee f   choco:const.obj
 0001:0006d70a       ?choco_doAwakeOnVar_AbstractConstraint@@YAXPAVAbstractConstraint@@H@Z 0046e70a f   choco:const.obj
 0001:0006d722       ?choco_askIfTrue_AbstractConstraint@@YAHPAVAbstractConstraint@@@Z 0046e722 f   choco:const.obj
 0001:0006d736       ?choco_testIfTrue_AbstractConstraint@@YAPAVClaireBoolean@@PAVAbstractConstraint@@@Z 0046e736 f   choco:const.obj
 0001:0006d767       ?choco_testIfInstantiated_AbstractConstraint@@YAPAVClaireBoolean@@PAVAbstractConstraint@@@Z 0046e767 f   choco:const.obj
 0001:0006d798       ?choco_abstractIncInf_AbstractConstraint@@YAPAVClaireBoolean@@PAVAbstractConstraint@@H@Z 0046e798 f   choco:const.obj
 0001:0006d7a2       ?choco_abstractDecSup_AbstractConstraint@@YAPAVClaireBoolean@@PAVAbstractConstraint@@H@Z 0046e7a2 f   choco:const.obj
 0001:0006d7ac       ?choco_abstractInstantiate_AbstractConstraint@@YAPAVClaireBoolean@@PAVAbstractConstraint@@H@Z 0046e7ac f   choco:const.obj
 0001:0006d7b6       ?choco_abstractRemoveVal_AbstractConstraint@@YAPAVClaireBoolean@@PAVAbstractConstraint@@HH@Z 0046e7b6 f   choco:const.obj
 0001:0006d7c0       ?choco_awakeOnInf_Delayer@@YAXPAVDelayer@@H@Z 0046e7c0 f   choco:const.obj
 0001:0006d8f4       ?choco_awakeOnSup_Delayer@@YAXPAVDelayer@@H@Z 0046e8f4 f   choco:const.obj
 0001:0006da28       ?choco_awakeOnInst_Delayer@@YAXPAVDelayer@@H@Z 0046ea28 f   choco:const.obj
 0001:0006db5c       ?choco_awakeOnRem_Delayer@@YAXPAVDelayer@@HH@Z 0046eb5c f   choco:const.obj
 0001:0006dc93       ?choco_testIfSatisfied_Delayer@@YAPAVClaireBoolean@@PAVDelayer@@@Z 0046ec93 f   choco:const.obj
 0001:0006ddc7       ?choco_testIfCompletelyInstantiated_Delayer@@YAPAVClaireBoolean@@PAVDelayer@@@Z 0046edc7 f   choco:const.obj
 0001:0006defb       ?choco_getNbVars_Delayer@@YAHPAVDelayer@@@Z 0046eefb f   choco:const.obj
 0001:0006e019       ?choco_askIfEntailed_Delayer@@YAHPAVDelayer@@@Z 0046f019 f   choco:const.obj
 0001:0006e137       ?choco_propagate_Delayer@@YAXPAVDelayer@@@Z 0046f137 f   choco:const.obj
 0001:0006e246       ?choco_awake_Delayer_choco@@YAXPAVDelayer@@@Z 0046f246 f   choco:const.obj
 0001:0006e346       ?choco_getVar_Delayer_choco@@YAPAVAbstractVar@@PAVDelayer@@H@Z 0046f346 f   choco:const.obj
 0001:0006e462       ?choco_addIntVar_Problem@@YAXPAVProblem@@PAVIntVar@@@Z 0046f462 f   choco:const.obj
 0001:0006e58f       ?choco_connect_IntConstraint_choco@@YAXPAVIntConstraint@@@Z 0046f58f f   choco:const.obj
 0001:0006e73d       ?choco_connect_UnIntConstraint_choco@@YAXPAVUnIntConstraint@@@Z 0046f73d f   choco:const.obj
 0001:0006e86e       ?choco_connect_BinIntConstraint_choco@@YAXPAVBinIntConstraint@@@Z 0046f86e f   choco:const.obj
 0001:0006e9bd       ?choco_connect_TernIntConstraint_choco@@YAXPAVTernIntConstraint@@@Z 0046f9bd f   choco:const.obj
 0001:0006eb2a       ?choco_connect_LargeIntConstraint_choco@@YAXPAVLargeIntConstraint@@@Z 0046fb2a f   choco:const.obj
 0001:0006ec92       ?choco_connect_CompositeConstraint_choco@@YAXPAVCompositeConstraint@@@Z 0046fc92 f   choco:const.obj
 0001:0006edcd       ?choco_connect_Delayer_choco@@YAXPAVDelayer@@@Z 0046fdcd f   choco:const.obj
 0001:0006ef27       ?choco_connectIntVar_AbstractConstraint1@@YAXPAVAbstractConstraint@@PAVIntVar@@H@Z 0046ff27 f   choco:const.obj
 0001:0006ef5a       ?choco_connectIntVar_AbstractConstraint2@@YAXPAVAbstractConstraint@@PAVIntVar@@HPAVClaireBoolean@@222@Z 0046ff5a f   choco:const.obj
 0001:0006f122       ?choco_connectIntVarEvents_IntVar_choco@@YAXPAVIntVar@@PAVClaireBoolean@@111@Z 00470122 f   choco:const.obj
 0001:0006f285       ?choco_connectEvent_VarEvent@@YAXPAVVarEvent@@HPAVClaireBoolean@@@Z 00470285 f   choco:const.obj
 0001:0006f472       ?choco_disconnectIntVar_IntVar@@YAXPAVIntVar@@H@Z 00470472 f   choco:const.obj
 0001:0006f4b3       ?choco_disconnectIntVarEvents_IntVar_choco@@YAXPAVIntVar@@HPAVClaireBoolean@@111@Z 004704b3 f   choco:const.obj
 0001:0006f626       ?choco_disconnectEvent_VarEvent@@YAXPAVVarEvent@@H@Z 00470626 f   choco:const.obj
 0001:0006f8fb       ?choco_connectSetVar_AbstractConstraint1@@YAXPAVAbstractConstraint@@PAVSetVar@@H@Z 004708fb f   choco:const.obj
 0001:0006f928       ?choco_connectSetVar_AbstractConstraint2@@YAXPAVAbstractConstraint@@PAVSetVar@@HPAVClaireBoolean@@22@Z 00470928 f   choco:const.obj
 0001:0006fade       ?choco_connectSetVarEvents_SetVar_choco@@YAXPAVSetVar@@PAVClaireBoolean@@11@Z 00470ade f   choco:const.obj
 0001:0006fc1f       ?choco_disconnectSetVar_SetVar@@YAXPAVSetVar@@H@Z 00470c1f f   choco:const.obj
 0001:0006fc5a       ?choco_disconnectSetVarEvents_SetVar_choco@@YAXPAVSetVar@@HPAVClaireBoolean@@11@Z 00470c5a f   choco:const.obj
 0001:0006fda7       ?choco_reconnectSetVar_SetVar@@YAXPAVSetVar@@H@Z 00470da7 f   choco:const.obj
 0001:0006fde2       ?choco_reconnectSetVarEvents_SetVar_choco@@YAXPAVSetVar@@HPAVClaireBoolean@@11@Z 00470de2 f   choco:const.obj
 0001:0006ff2f       ?choco_disconnect_UnIntConstraint_choco@@YAXPAVUnIntConstraint@@@Z 00470f2f f   choco:const.obj
 0001:00070062       ?choco_disconnect_BinIntConstraint_choco@@YAXPAVBinIntConstraint@@@Z 00471062 f   choco:const.obj
 0001:000701b2       ?choco_disconnect_TernIntConstraint_choco@@YAXPAVTernIntConstraint@@@Z 004711b2 f   choco:const.obj
 0001:00070322       ?choco_disconnect_LargeIntConstraint_choco@@YAXPAVLargeIntConstraint@@@Z 00471322 f   choco:const.obj
 0001:00070496       ?choco_disconnect_Delayer_choco@@YAXPAVDelayer@@@Z 00471496 f   choco:const.obj
 0001:000705c8       ?choco_reconnect_UnIntConstraint_choco@@YAXPAVUnIntConstraint@@@Z 004715c8 f   choco:const.obj
[...]
 0003:0001844c       ??_C@_06EIFA@_equal?$AA@   0056544c     Kernel:Clport.obj
 0003:00018454       ??_C@_04MGKK@_sup?$AA@     00565454     Kernel:Clport.obj
 0003:0001845c       ??_C@_04GBFI@_inf?$AA@     0056545c     Kernel:Clport.obj
 0003:00018464       ??_C@_02EPOC@_I?$AA@       00565464     Kernel:Clport.obj
 0003:00018468       ??_C@_04DGGD@_ask?$AA@     00565468     Kernel:Clport.obj
 0003:00018470       ??_C@_05GCKN@_star?$AA@    00565470     Kernel:Clport.obj
 0003:00018478       ??_C@_02BJCL@_Z?$AA@       00565478     Kernel:Clport.obj
 0003:0001847c       ??_C@_05CGBA@_plus?$AA@    0056547c     Kernel:Clport.obj
 0003:00018484       ??_C@_05BJAO@_dash?$AA@    00565484     Kernel:Clport.obj
 0003:0001848c       ??_C@_04KEMD@_and?$AA@     0056548c     Kernel:Clport.obj
 0003:00018494       ??_C@_0L@LJCJ@_backslash?$AA@ 00565494     Kernel:Clport.obj
 0003:000184a0       ??_C@_02LKHI@_7?$AA@       005654a0     Kernel:Clport.obj
 0003:000184a4       ??_C@_04BFF@_dot?$AA@      005654a4     Kernel:Clport.obj
 0003:000184ac       ??_C@_05CKH@ms?4?5?6?$AA@  005654ac     Kernel:Clport.obj
 0003:000184b4       ??_C@_0BB@NFFF@?$FN?5Elapsed?5time?3?5?$AA@ 005654b4     Kernel:Clport.obj
 0003:000184c8       ??_C@_08OMEM@Counter?$FL?$AA@ 005654c8     Kernel:Clport.obj
 0003:000184d8       ?CKernelRelease@@3NA       005654d8     Kernel:Clenv.obj
 0003:000184e0       ??_C@_0P@GBCA@System?5Error?3?5?$AA@ 005654e0     Kernel:Clenv.obj
 0003:000184f0       ??_C@_07FELA@?5?$FLline?5?$AA@ 005654f0     Kernel:Clenv.obj
 0003:000184f8       ??_C@_0BN@BEGA@Assertion?5violation?5in?5file?5?$AA@ 005654f8     Kernel:Clenv.obj
 0003:00018518       ??_C@_0CK@JDPK@Aha?5?$CB?5?$FOC?5was?5entered?5on?5a?5PC?5?4?4?4@ 00565518     Kernel:Clenv.obj
 0003:00018544       ??_C@_0DA@BAAD@?6An?5error?5has?5occured?5in?5the?5com@ 00565544     Kernel:Clenv.obj
 0003:00018574       ??_C@_0CK@JLGA@increasing?5memory?5size?5by?52?$FO?$CFd?5a@ 00565574     Console:clConsole.obj
 0003:000185a0       ??_C@_02INOP@?9s?$AA@      005655a0     Console:clConsole.obj
 0003:000185a4       ??_C@_0DK@KICL@There?5is?5not?5enough?5memory?5for?5C@ 005655a4     Console:clConsole.obj
 0003:000185e0       ??_C@_08JOEH@?0?5line?3?5?$AA@ 005655e0     Console:clConsole.obj
 0003:000185ec       ??_C@_0M@PJAG@?9?9?9?9?5file?3?5?$AA@ 005655ec     Console:clConsole.obj
 0003:000185f8       ??_C@_03BIJ@?$FN?$DO?5?$AA@ 005655f8     Console:clConsole.obj
 0003:000185fc       ??_C@_05PLJF@eval?$FL?$AA@ 005655fc     Console:clConsole.obj
 0003:00018604       ??_C@_02CPLA@?$DO?5?$AA@   00565604     Console:clConsole.obj
 0003:00018608       ??_C@_0CO@MOBO@?$DO?$DO?$DO?$DO?$DO?$DO?$DO?$DO?$DO?$DO?$DO?$DO?$DO?$DO?5please?5fix?5the?5in@ 00565608     Console:clConsole.obj
 0003:00018638       ??_C@_0CA@IELM@d?3?2claire?2v2?49?2src?2make?2init?4cl?$AA@ 00565638     Console:clConsole.obj
 0003:00018658       ??_C@_0CL@PFHB@?9?9?9?9?9?9?9?9?9?9?9?9?9?9?9?5Debug?5?9?9?9?9?9?9?9?9?9?9@ 00565658     Console:clConsole.obj
 0003:00018684       ??_C@_02CEFE@?9f?$AA@      00565684     Console:clConsole.obj
 0003:00018688       ??_C@_0L@MAIF@?$CFs?$FL?$CFd?3?$CFd?$FN?$CI?$AA@ 00565688     Console:clConsole.obj
 0003:00018694       ??_C@_07NPDM@?$DM?$CFs?3?$CFd?$DO?$AA@ 00565694     Console:clConsole.obj
 0003:0001869c       ??_C@_07BKHE@method?$DM?$AA@ 0056569c     Console:clConsole.obj
 0003:000186a4       ??_C@_05NPA@slot?$DM?$AA@  005656a4     Console:clConsole.obj
 0003:000186ac       ??_C@_04ELGI@?8?$CFc?8?$AA@ 005656ac     Console:clConsole.obj
 0003:000186b4       ??_C@_06GNAI@CFALSE?$AA@   005656b4     Console:clConsole.obj
 0003:000186bc       ??_C@_05FEDN@CTRUE?$AA@    005656bc     Console:clConsole.obj
 0003:000186c4       ??_C@_03MEAP@?8?$CFs?$AA@  005656c4     Console:clConsole.obj
 0003:000186c8       ??_C@_06HLEI@?$EA?$CFd?6?0?5?$AA@ 005656c8     Console:clConsole.obj
 0003:000186d0       ??_C@_05CLBC@EMPTY?$AA@    005656d0     Console:clConsole.obj
 0003:000186d8       ??_C@_0O@PCKO@Chunk?$FL?$CFd?3?$CFd?$FN?$CI?$AA@ 005656d8     Console:clConsole.obj
 0003:000186e8       ??_C@_07DBHD@NOTHING?$AA@  005656e8     Console:clConsole.obj
 0003:000186f0       ??_C@_05OIDB@CNULL?$AA@    005656f0     Console:clConsole.obj
 0003:000186f8       ??_C@_04HPGM@?$CFs?3?5?$AA@ 005656f8     Console:clConsole.obj
 0003:00018700       __aexit_rtn                00565700     LIBC:crt0.obj
 0003:00018704       ___app_type                00565704     LIBC:crt0.obj
 0003:00018710       __fltused                  00565710     LIBC:fpinit.obj
 0003:00018714       __ldused                   00565714     LIBC:fpinit.obj
 0003:00018718       __FPinit                   00565718     LIBC:fpinit.obj
 0003:0001871c       __FPmtinit                 0056571c     LIBC:fpinit.obj
 0003:00018720       __FPmtterm                 00565720     LIBC:fpinit.obj
 0003:00018730       __half                     00565730     LIBC:pow.obj
 0003:00018748       __iob                      00565748     LIBC:_file.obj
 0003:000189c8       __XcptActTab               005659c8     LIBC:winxfltr.obj
 0003:00018a40       __First_FPE_Indx           00565a40     LIBC:winxfltr.obj
 0003:00018a44       __Num_FPE                  00565a44     LIBC:winxfltr.obj
 0003:00018a48       __XcptActTabCount          00565a48     LIBC:winxfltr.obj
 0003:00018a4c       __fpecode                  00565a4c     LIBC:winxfltr.obj
 0003:00018a50       ___badioinfo               00565a50     LIBC:ioinit.obj
 0003:00018a58       __amblksiz                 00565a58     LIBC:heapinit.obj
 0003:00018a5c       __NLG_Destination          00565a5c     LIBC:exsup.obj
 0003:00018b00       __cfltcvt_tab              00565b00     LIBC:cmiscdat.obj
 0003:00018b20       __infinity                 00565b20     LIBC:87tran.obj
 0003:00018b2a       __minfinity                00565b2a     LIBC:87tran.obj
 0003:00018b34       __logemax                  00565b34     LIBC:87tran.obj
 0003:00018b64       __OP_EXPjmptab             00565b64     LIBC:87tran.obj
 0003:00018b90       __indefinite               00565b90     LIBC:87disp.obj
 0003:00018b9a       __piby2                    00565b9a     LIBC:87disp.obj
 0003:00018bac       __cpower                   00565bac     LIBC:87disp.obj
 0003:00018bc0       __pctype                   00565bc0     LIBC:ctype.obj
 0003:00018bc4       __pwctype                  00565bc4     LIBC:ctype.obj
 0003:00018bc8       __ctype                    00565bc8     LIBC:ctype.obj
 0003:00018dcc       ___mb_cur_max              00565dcc     LIBC:nlsdata1.obj
 0003:00018dd0       ___decimal_point           00565dd0     LIBC:nlsdata1.obj
 0003:00018dd4       ___decimal_point_length    00565dd4     LIBC:nlsdata1.obj
 0003:00018dd8       __timezone                 00565dd8     LIBC:timeset.obj
 0003:00018ddc       __daylight                 00565ddc     LIBC:timeset.obj
 0003:00018de0       __dstbias                  00565de0     LIBC:timeset.obj
 0003:00018e64       __tzname                   00565e64     LIBC:timeset.obj
 0003:00018e8c       ___nullstring              00565e8c     LIBC:output.obj
 0003:00018e90       ___wnullstring             00565e90     LIBC:output.obj
 0003:00018f70       __d_inf                    00565f70     LIBC:util.obj
 0003:00018f78       __d_ind                    00565f78     LIBC:util.obj
 0003:00018f80       __d_max                    00565f80     LIBC:util.obj
 0003:00018f88       __d_min                    00565f88     LIBC:util.obj
 0003:00018f90       __d_mzero                  00565f90     LIBC:util.obj
 0003:00018fd0       ___sbh_threshold           00565fd0     LIBC:sbheap.obj
 0003:00019270       __lpdays                   00566270     LIBC:days.obj
 0003:000192a4       __days                     005662a4     LIBC:days.obj
 0003:000192e0       __matherr_flag             005662e0     LIBC:matherr.obj
 0003:00019458       __p_overlay                00566458     LIBC:dospawn.obj
 0003:00019460       __pow10pos                 00566460     LIBC:constpow.obj
 0003:000195c0       __pow10neg                 005665c0     LIBC:constpow.obj
 0003:0001e728       ?Core@@3VCoreClass@@A      0056b728     Core:Core.obj
 0003:0001ea30       ??_C@_00A@?$AA@            0056ba30     Core:function.obj
 0003:0001ea38       ?Language@@3VLanguageClass@@A 0056ba38     Language:Language.obj
 0003:0001ec84       ?iClaire@@3VNameSpace@@A   0056bc84     Language:Language.obj
 0003:0001ec88       ?Reader@@3VReaderClass@@A  0056bc88     Reader:Reader.obj
 0003:0001ef40       ?choco@@3VchocoClass@@A    0056bf40     choco:choco.obj
 0003:0001fca8       ?mClaire@@3VNameSpace@@A   0056cca8     Kernel:Kernel.obj
 0003:0001fcac       ?claire@@3VNameSpace@@A    0056ccac     Kernel:Kernel.obj
 0003:0001fcb0       ?Kernel@@3VKernelClass@@A  0056ccb0     Kernel:Kernel.obj
 0003:0001fff0       ?ClEnv@@3PAVClaireEnvironment@@A 0056cff0     Kernel:Kernel.obj
 0003:0001fff4       ?CNULL@@3HA                0056cff4     Kernel:Kernel.obj
 0003:0001fff8       ?ClRes@@3PAVClaireResource@@A 0056cff8     Kernel:Kernel.obj
 0003:0001fffc       ?CFALSE@@3PAVClaireBoolean@@A 0056cffc     Kernel:Kernel.obj
 0003:00020000       ?ClAlloc@@3PAVClaireAllocation@@A 0056d000     Kernel:Clalloc.OBJ
 0003:00020004       ?CL_dummy@@3PAHA           0056d004     Kernel:Clalloc.OBJ
 0003:00020008       ?Cmemory@@3PAHA            0056d008     Kernel:Clalloc.OBJ
 0003:0002000c       ?BadGuy@@3HA               0056d00c     Kernel:Clalloc.OBJ
 0003:00020010       ?maxIndex@@3HA             0056d010     Kernel:Clalloc.OBJ
 0003:00020014       ?MyMark@@3PAVCPFile@@A     0056d014     Kernel:Clport.obj
 0003:0002007c       ?store_d@@3HA              0056d07c     Console:clConsole.obj
 0003:00020080       ?store_i@@3HA              0056d080     Console:clConsole.obj
 0003:00020084       ?store_b@@3HA              0056d084     Console:clConsole.obj
 0003:00020088       ?STACK@@3PAVlist@@A        0056d088     Console:clConsole.obj
 0003:0002008c       ?NBEVAL@@3HA               0056d08c     Console:clConsole.obj
 0003:00020090       ?MODE@@3HA                 0056d090     Console:clConsole.obj
 0003:00020094       __aenvptr                  0056d094     LIBC:crt0.obj
 0003:00020098       __wenvptr                  0056d098     LIBC:crt0.obj
 0003:0002009c       ___error_mode              0056d09c     LIBC:crt0.obj
 0003:000200a0       ___fastflag                0056d0a0     LIBC:fpinit.obj
 0003:000200a4       __adjust_fdiv              0056d0a4     LIBC:fpinit.obj
 0003:000200fc       _errno                     0056d0fc     LIBC:crt0dat.obj
 0003:00020100       __doserrno                 0056d100     LIBC:crt0dat.obj
 0003:00020104       __umaskval                 0056d104     LIBC:crt0dat.obj
 0003:00020108       __osver                    0056d108     LIBC:crt0dat.obj
 0003:0002010c       __winver                   0056d10c     LIBC:crt0dat.obj
 0003:00020110       __winmajor                 0056d110     LIBC:crt0dat.obj
 0003:00020114       __winminor                 0056d114     LIBC:crt0dat.obj
 0003:00020118       ___argc                    0056d118     LIBC:crt0dat.obj
 0003:0002011c       ___argv                    0056d11c     LIBC:crt0dat.obj
 0003:00020120       ___wargv                   0056d120     LIBC:crt0dat.obj
 0003:00020124       __environ                  0056d124     LIBC:crt0dat.obj
 0003:00020128       ___initenv                 0056d128     LIBC:crt0dat.obj
 0003:0002012c       __wenviron                 0056d12c     LIBC:crt0dat.obj
 0003:00020130       ___winitenv                0056d130     LIBC:crt0dat.obj
 0003:00020134       __pgmptr                   0056d134     LIBC:crt0dat.obj
 0003:00020138       __wpgmptr                  0056d138     LIBC:crt0dat.obj
 0003:0002013c       __exitflag                 0056d13c     LIBC:crt0dat.obj
 0003:00020140       __C_Termination_Done       0056d140     LIBC:crt0dat.obj
 0003:00020144       __C_Exit_Done              0056d144     LIBC:crt0dat.obj
 0003:00020148       __cflush                   0056d148     LIBC:_file.obj
 0003:0002014c       __pxcptinfoptrs            0056d14c     LIBC:winxfltr.obj
 0003:00020258       __adbgmsg                  0056d258     LIBC:crt0msg.obj
 0003:00020354       __stdbuf                   0056d354     LIBC:_sftbuf.obj
 0003:0002035c       __newmode                  0056d35c     LIBC:_newmode.obj
 0003:00020360       ?_pnhHeap@@3P6AHI@ZA       0056d360     LIBC:handler.obj
 0003:000203ac       ___lc_handle               0056d3ac     LIBC:nlsdata2.obj
 0003:000203c4       ___lc_codepage             0056d3c4     LIBC:nlsdata2.obj
 0003:000203c8       ___lc_collate_cp           0056d3c8     LIBC:nlsdata2.obj
 0003:000203d4       __commode                  0056d3d4     LIBC:ncommode.obj
 0003:000203d8       __fmode                    0056d3d8     LIBC:txtmode.obj
 0003:000203dc       ___mbcodepage              0056d3dc     <common>
 0003:00020460       ___mbulinfo                0056d460     <common>
 0003:0002046c       ___ismbcodepage            0056d46c     <common>
 0003:00020480       __mbcasemap                0056d480     <common>
 0003:00020580       __mbctype                  0056d580     <common>
 0003:00020684       ___mblcid                  0056d684     <common>
 0003:00020688       ___sbh_sizeHeaderList      0056d688     <common>
 0003:00020698       ___sbh_indGroupDefer       0056d698     <common>
 0003:0002069c       ___sbh_pHeaderScan         0056d69c     <common>
 0003:000206a0       ___sbh_pHeaderDefer        0056d6a0     <common>
 0003:000206a4       ___sbh_cntHeaderList       0056d6a4     <common>
 0003:000206a8       ___sbh_pHeaderList         0056d6a8     <common>
 0003:000206ac       __crtheap                  0056d6ac     <common>
 0003:000206c0       ___pioinfo                 0056d6c0     <common>
 0003:000207fc       __nhandle                  0056d7fc     <common>
 0003:00020800       ___piob                    0056d800     <common>
 0003:00020b40       __bufin                    0056db40     <common>
 0003:00021b40       __nstream                  0056eb40     <common>
 0003:00021b44       ___env_initialized         0056eb44     <common>
 0003:00021b54       ___mbctype_initialized     0056eb54     <common>
 0003:00021b58       ___onexitend               0056eb58     <common>
 0003:00021b5c       ___onexitbegin             0056eb5c     <common>
 0003:00021b60       __setjmpexused             0056eb60     <common>
 0003:00021b6c       __acmdln                   0056eb6c     <common>
 0004:00000000       __IMPORT_DESCRIPTOR_KERNEL32 0056f000     kernel32:KERNEL32.dll
 0004:00000014       __NULL_IMPORT_DESCRIPTOR   0056f014     kernel32:KERNEL32.dll
 0004:00000168       __imp__GetProcAddress@8    0056f168     kernel32:KERNEL32.dll
 0004:0000016c       __imp__GetVersion@0        0056f16c     kernel32:KERNEL32.dll
 0004:00000170       __imp__ExitProcess@4       0056f170     kernel32:KERNEL32.dll
 0004:00000174       __imp__GetTimeZoneInformation@4 0056f174     kernel32:KERNEL32.dll
 0004:00000178       __imp__GetSystemTime@4     0056f178     kernel32:KERNEL32.dll
 0004:0000017c       __imp__GetLocalTime@4      0056f17c     kernel32:KERNEL32.dll
 0004:00000180       __imp__GetSystemTimeAsFileTime@4 0056f180     kernel32:KERNEL32.dll
 0004:00000184       __imp__GetLastError@0      0056f184     kernel32:KERNEL32.dll
 0004:00000188       __imp__SetConsoleCtrlHandler@8 0056f188     kernel32:KERNEL32.dll
 0004:0000018c       __imp__TerminateProcess@8  0056f18c     kernel32:KERNEL32.dll
 0004:00000190       __imp__GetCurrentProcess@0 0056f190     kernel32:KERNEL32.dll
 0004:00000194       __imp__HeapAlloc@12        0056f194     kernel32:KERNEL32.dll
 0004:00000198       __imp__UnhandledExceptionFilter@4 0056f198     kernel32:KERNEL32.dll
 0004:0000019c       __imp__GetModuleFileNameA@12 0056f19c     kernel32:KERNEL32.dll
 0004:000001a0       __imp__FreeEnvironmentStringsA@4 0056f1a0     kernel32:KERNEL32.dll
 0004:000001a4       __imp__FreeEnvironmentStringsW@4 0056f1a4     kernel32:KERNEL32.dll
 0004:000001a8       __imp__WideCharToMultiByte@32 0056f1a8     kernel32:KERNEL32.dll
 0004:000001ac       __imp__GetEnvironmentStrings@0 0056f1ac     kernel32:KERNEL32.dll
 0004:000001b0       __imp__GetEnvironmentStringsW@0 0056f1b0     kernel32:KERNEL32.dll
 0004:000001b4       __imp__SetHandleCount@4    0056f1b4     kernel32:KERNEL32.dll
 0004:000001b8       __imp__GetStdHandle@4      0056f1b8     kernel32:KERNEL32.dll
 0004:000001bc       __imp__GetFileType@4       0056f1bc     kernel32:KERNEL32.dll
 0004:000001c0       __imp__GetStartupInfoA@4   0056f1c0     kernel32:KERNEL32.dll
 0004:000001c4       __imp__HeapDestroy@4       0056f1c4     kernel32:KERNEL32.dll
 0004:000001c8       __imp__HeapCreate@12       0056f1c8     kernel32:KERNEL32.dll
 0004:000001cc       __imp__VirtualFree@12      0056f1cc     kernel32:KERNEL32.dll
 0004:000001d0       __imp__HeapFree@12         0056f1d0     kernel32:KERNEL32.dll
 0004:000001d4       __imp__RtlUnwind@16        0056f1d4     kernel32:KERNEL32.dll
 0004:000001d8       __imp__WriteFile@20        0056f1d8     kernel32:KERNEL32.dll
 0004:000001dc       __imp__GetCommandLineA@0   0056f1dc     kernel32:KERNEL32.dll
 0004:000001e0       __imp__GetModuleHandleA@4  0056f1e0     kernel32:KERNEL32.dll
 0004:000001e4       __imp__RaiseException@16   0056f1e4     kernel32:KERNEL32.dll
 0004:000001e8       __imp__ReadFile@20         0056f1e8     kernel32:KERNEL32.dll
 0004:000001ec       __imp__SetFilePointer@16   0056f1ec     kernel32:KERNEL32.dll
 0004:000001f0       __imp__FlushFileBuffers@4  0056f1f0     kernel32:KERNEL32.dll
 0004:000001f4       __imp__CloseHandle@4       0056f1f4     kernel32:KERNEL32.dll
 0004:000001f8       __imp__GetFileAttributesA@4 0056f1f8     kernel32:KERNEL32.dll
 0004:000001fc       __imp__VirtualAlloc@16     0056f1fc     kernel32:KERNEL32.dll
 0004:00000200       __imp__HeapReAlloc@16      0056f200     kernel32:KERNEL32.dll
 0004:00000204       __imp__IsBadWritePtr@8     0056f204     kernel32:KERNEL32.dll
 0004:00000208       __imp__GetCPInfo@8         0056f208     kernel32:KERNEL32.dll
 0004:0000020c       __imp__GetACP@0            0056f20c     kernel32:KERNEL32.dll
 0004:00000210       __imp__GetOEMCP@0          0056f210     kernel32:KERNEL32.dll
 0004:00000214       __imp__LoadLibraryA@4      0056f214     kernel32:KERNEL32.dll
 0004:00000218       __imp__MultiByteToWideChar@24 0056f218     kernel32:KERNEL32.dll
 0004:0000021c       __imp__LCMapStringA@24     0056f21c     kernel32:KERNEL32.dll
 0004:00000220       __imp__LCMapStringW@24     0056f220     kernel32:KERNEL32.dll
 0004:00000224       __imp__GetStringTypeA@20   0056f224     kernel32:KERNEL32.dll
 0004:00000228       __imp__GetStringTypeW@16   0056f228     kernel32:KERNEL32.dll
 0004:0000022c       __imp__CompareStringA@24   0056f22c     kernel32:KERNEL32.dll
 0004:00000230       __imp__CompareStringW@24   0056f230     kernel32:KERNEL32.dll
 0004:00000234       __imp__SetEnvironmentVariableA@8 0056f234     kernel32:KERNEL32.dll
 0004:00000238       __imp__SetStdHandle@8      0056f238     kernel32:KERNEL32.dll
 0004:0000023c       __imp__CreateFileA@28      0056f23c     kernel32:KERNEL32.dll
 0004:00000240       __imp__GetExitCodeProcess@8 0056f240     kernel32:KERNEL32.dll
 0004:00000244       __imp__WaitForSingleObject@8 0056f244     kernel32:KERNEL32.dll
 0004:00000248       __imp__CreateProcessA@40   0056f248     kernel32:KERNEL32.dll
 0004:0000024c       __imp__SetEndOfFile@4      0056f24c     kernel32:KERNEL32.dll
 0004:00000250       \177KERNEL32_NULL_THUNK_DATA 0056f250     kernel32:KERNEL32.dll

 entry point at        0001:000fb780

