 ptidej

 Timestamp is 4356a021 (Wed Oct 19 15:36:01 2005)

 Preferred load address is 00400000

 Start         Length     Name                   Class
 0001:00000000 0024c497H .text                   CODE
 0002:00000000 000008e8H .rdata                  DATA
 0002:000008e8 00000000H .edata                  DATA
 0003:00000000 00000104H .CRT$XCA                DATA
 0003:00000104 00000104H .CRT$XCZ                DATA
 0003:00000208 00000104H .CRT$XIA                DATA
 0003:0000030c 0000010eH .CRT$XIC                DATA
 0003:0000041c 00000104H .CRT$XIZ                DATA
 0003:00000520 00000104H .CRT$XPA                DATA
 0003:00000624 00000104H .CRT$XPX                DATA
 0003:00000728 00000104H .CRT$XPZ                DATA
 0003:0000082c 00000104H .CRT$XTA                DATA
 0003:00000930 00000104H .CRT$XTZ                DATA
 0003:00000a40 0003d1b3H .data                   DATA
 0003:0003dbf8 000045a0H .bss                    DATA
 0004:00000000 00000014H .idata$2                DATA
 0004:00000014 00000014H .idata$3                DATA
 0004:00000028 00000140H .idata$4                DATA
 0004:00000168 00000140H .idata$5                DATA
 0004:000002a8 00000585H .idata$6                DATA

  Address         Publics by Value              Rva+Base     Lib:Object

 0001:00000020       ?loadModules@@YAXXZ        00401020 f   ptidej-s.obj
 0001:00000abf       ?call_main@@YAXXZ          00401abf f   ptidej-s.obj
 0001:00000d80       ?metaLoad@CoreClass@@QAEXXZ 00401d80 f   Core:Core.obj
 0001:00008060       ?finite_ask_type@@YAPAVClaireBoolean@@PAVClaireType@@@Z 00409060 f   Core:types.obj
 0001:00008170       ?enumerate_any@@YAPAVbag@@H@Z 00409170 f   Core:types.obj
 0001:00008360       ?_equaltype_ask_any@@YAPAVClaireBoolean@@PAVClaireType@@0@Z 00409360 f   Core:types.obj
 0001:000083a0       ?sort_I_type@@YAPAVClaireClass@@PAVClaireType@@@Z 004093a0 f   Core:types.obj
 0001:00008400       ?_Z_any1@@YAPAVClaireBoolean@@HPAVClaireClass@@@Z 00409400 f   Core:types.obj
 0001:00008490       ?Ztype_any@@YAPAVClaireBoolean@@HH@Z 00409490 f   Core:types.obj
 0001:000085e0       ?self_print_Union_Core@@YAXPAVUnion@@@Z 004095e0 f   Core:types.obj
 0001:000086d0       ?finite_ask_Union@@YAPAVClaireBoolean@@PAVUnion@@@Z 004096d0 f   Core:types.obj
 0001:000087e0       ?self_print_Interval_Core@@YAXPAVInterval@@@Z 004097e0 f   Core:types.obj
 0001:00008820       ?finite_ask_Interval@@YAPAVClaireBoolean@@PAVInterval@@@Z 00409820 f   Core:types.obj
 0001:00008830       ?_dash_dash_integer@@YAPAVInterval@@HH@Z 00409830 f   Core:types.obj
 0001:000088a0       ?self_print_Param_Core@@YAXPAVParam@@@Z 004098a0 f   Core:types.obj
 0001:000089f0       ?finite_ask_Param@@YAPAVClaireBoolean@@PAVParam@@@Z 004099f0 f   Core:types.obj
 0001:00008a10       ?self_print_subtype_Core@@YAXPAVsubtype@@@Z 00409a10 f   Core:types.obj
 0001:00008b40       ?finite_ask_subtype@@YAPAVClaireBoolean@@PAVsubtype@@@Z 00409b40 f   Core:types.obj
 0001:00008c20       ?nth_class1@@YAPAVClaireType@@PAVClaireClass@@PAV1@@Z 00409c20 f   Core:types.obj
 0001:00008da0       ?nth_class2@@YAPAVClaireType@@PAVClaireClass@@PAVlist@@1@Z 00409da0 f   Core:types.obj
 0001:00008fa0       ?param_I_class@@YAPAVClaireType@@PAVClaireClass@@PAV1@@Z 00409fa0 f   Core:types.obj
 0001:000090a0       ?nth_type@@YAPAVClaireType@@PAV1@@Z 0040a0a0 f   Core:types.obj
 0001:000091a0       ?finite_ask_tuple@@YAPAVClaireBoolean@@PAVtuple@@@Z 0040a1a0 f   Core:types.obj
 0001:00009220       ?self_print_Reference_Core@@YAXPAVReference@@@Z 0040a220 f   Core:types.obj
 0001:00009300       ?get_Reference@@YAHPAVReference@@H@Z 0040a300 f   Core:types.obj
 0001:000093c0       ?_at_Reference@@YAHPAVReference@@PAVlist@@H@Z 0040a3c0 f   Core:types.obj
 0001:00009480       ?set_I_collection@@YAPAVset@@PAVClaireCollection@@@Z 0040a480 f   Core:types.obj
 0001:000095e0       ?size_collection@@YAHPAVClaireCollection@@@Z 0040a5e0 f   Core:types.obj
 0001:00009710       ?set_I_set@@YAPAVset@@PAV1@@Z 0040a710 f   Core:types.obj
 0001:00009720       ?size_set@@YAHPAVset@@@Z   0040a720 f   Core:types.obj
 0001:00009730       ?size_list2_Core@@YAHPAVlist@@@Z 0040a730 f   Core:types.obj
 0001:00009750       ?set_I_class@@YAPAVset@@PAVClaireClass@@@Z 0040a750 f   Core:types.obj
 0001:000098c0       ?size_class@@YAHPAVClaireClass@@@Z 0040a8c0 f   Core:types.obj
 0001:00009910       ?set_I_Union@@YAPAVset@@PAVUnion@@@Z 0040a910 f   Core:types.obj
 0001:00009a30       ?size_Union@@YAHPAVUnion@@@Z 0040aa30 f   Core:types.obj
 0001:00009bb0       ?set_I_Interval@@YAPAVset@@PAVInterval@@@Z 0040abb0 f   Core:types.obj
 0001:00009bd0       ?size_Interval@@YAHPAVInterval@@@Z 0040abd0 f   Core:types.obj
 0001:00009be0       ?set_I_Param@@YAPAVset@@PAVParam@@@Z 0040abe0 f   Core:types.obj
 0001:00009cf0       ?size_Param@@YAHPAVParam@@@Z 0040acf0 f   Core:types.obj
 0001:00009d10       ?set_I_subtype@@YAPAVset@@PAVsubtype@@@Z 0040ad10 f   Core:types.obj
 0001:00009e60       ?size_subtype@@YAHPAVsubtype@@@Z 0040ae60 f   Core:types.obj
 0001:00009fb0       ?set_I_tuple@@YAPAVset@@PAVtuple@@@Z 0040afb0 f   Core:types.obj
 0001:0000a2c0       ?size_tuple@@YAHPAVtuple@@@Z 0040b2c0 f   Core:types.obj
 0001:0000a340       ?member_ask_any@@YAPAVClaireBoolean@@HPAVClaireType@@@Z 0040b340 f   Core:types.obj
 0001:0000aa90       ?class_I_type@@YAPAVClaireClass@@PAVClaireType@@@Z 0040ba90 f   Core:types.obj
 0001:0000ad30       ?U_type@@YAPAVClaireType@@PAV1@0@Z 0040bd30 f   Core:types.obj
 0001:0000b300       ?_dot_dot_integer@@YAPAVClaireType@@HH@Z 0040c300 f   Core:types.obj
 0001:0000b320       ?_dot_dot_integer_type@@YAPAVClaireType@@PAV1@0@Z 0040c320 f   Core:types.obj
 0001:0000b470       ?but_any@@YAPAVbag@@HH@Z   0040c470 f   Core:types.obj
 0001:0000b540       ?but_any_type@@YAPAVClaireType@@PAV1@0@Z 0040c540 f   Core:types.obj
 0001:0000b5f0       ?_backslash_type@@YAPAVset@@PAVClaireType@@0@Z 0040c5f0 f   Core:types.obj
 0001:0000b730       ?glb_set@@YAPAVset@@PAV1@PAVClaireType@@@Z 0040c730 f   Core:types.obj
 0001:0000b830       ?glb_Union@@YAPAVClaireType@@PAVUnion@@PAV1@@Z 0040c830 f   Core:types.obj
 0001:0000b970       ?glb_Interval@@YAPAVClaireType@@PAVInterval@@PAV1@@Z 0040c970 f   Core:types.obj
 0001:0000bb50       ?glb_class@@YAPAVClaireType@@PAVClaireClass@@PAV1@@Z 0040cb50 f   Core:types.obj
 0001:0000bde0       ?glb_Param@@YAPAVClaireType@@PAVParam@@PAV1@@Z 0040cde0 f   Core:types.obj
 0001:0000c0f0       ?glb_subtype@@YAPAVClaireType@@PAVsubtype@@PAV1@@Z 0040d0f0 f   Core:types.obj
 0001:0000c410       ?glb_tuple@@YAPAVClaireType@@PAVtuple@@PAV1@@Z 0040d410 f   Core:types.obj
 0001:0000c650       ?glb_Reference@@YAPAVClaireType@@PAVReference@@PAV1@@Z 0040d650 f   Core:types.obj
 0001:0000c660       ?_exp_type@@YAPAVClaireType@@PAV1@0@Z 0040d660 f   Core:types.obj
 0001:0000c6a0       ?join_class@@YAPAVClaireType@@PAVClaireClass@@0@Z 0040d6a0 f   Core:types.obj
 0001:0000c700       ?_exp_list@@YAPAVlist@@PAV1@0@Z 0040d700 f   Core:types.obj
 0001:0000c820       ?Uall_list@@YAPAVClaireType@@PAVlist@@@Z 0040d820 f   Core:types.obj
 0001:0000c8d0       ?_inf_equalt_bag2@@YAPAVClaireBoolean@@PAVbag@@PAVClaireType@@@Z 0040d8d0 f   Core:types.obj
 0001:0000c9e0       ?_inf_equalt_class@@YAPAVClaireBoolean@@PAVClaireClass@@PAVClaireType@@@Z 0040d9e0 f   Core:types.obj
 0001:0000cd20       ?_inf_equalt_Union@@YAPAVClaireBoolean@@PAVUnion@@PAVClaireType@@@Z 0040dd20 f   Core:types.obj
 0001:0000ce90       ?_inf_equalt_Interval@@YAPAVClaireBoolean@@PAVInterval@@PAVClaireType@@@Z 0040de90 f   Core:types.obj
 0001:0000d0b0       ?_inf_equalt_subtype@@YAPAVClaireBoolean@@PAVsubtype@@PAVClaireType@@@Z 0040e0b0 f   Core:types.obj
 0001:0000d240       ?_inf_equalt_Param@@YAPAVClaireBoolean@@PAVParam@@PAVClaireType@@@Z 0040e240 f   Core:types.obj
 0001:0000d3d0       ?_inf_equalt_Reference@@YAPAVClaireBoolean@@PAVReference@@PAVClaireType@@@Z 0040e3d0 f   Core:types.obj
 0001:0000d3e0       ?_inf_equalt_tuple@@YAPAVClaireBoolean@@PAVtuple@@PAVClaireType@@@Z 0040e3e0 f   Core:types.obj
 0001:0000d720       ?_inf_equalt_type@@YAPAVClaireBoolean@@PAVClaireType@@0@Z 0040e720 f   Core:types.obj
 0001:0000dab0       ?_inf_equal_type@@YAPAVClaireBoolean@@PAVClaireType@@0@Z 0040eab0 f   Core:types.obj
 0001:0000db00       ?member_type@@YAPAVClaireType@@PAV1@@Z 0040eb00 f   Core:types.obj
 0001:0000dea0       ?of_extract_type@@YAPAVClaireType@@PAV1@@Z 0040eea0 f   Core:types.obj
 0001:0000df50       ?_at_type@@YAPAVClaireType@@PAV1@PAVproperty@@@Z 0040ef50 f   Core:types.obj
 0001:0000e1f0       ?unique_ask_type@@YAPAVClaireBoolean@@PAVClaireType@@@Z 0040f1f0 f   Core:types.obj
 0001:0000e270       ?the_type@@YAHPAVClaireType@@@Z 0040f270 f   Core:types.obj
 0001:0000e2b0       ?integer_I_set@@YAHPAVset@@@Z 0040f2b0 f   Core:types.obj
 0001:0000e300       ?make_set_integer@@YAPAVset@@H@Z 0040f300 f   Core:types.obj
 0001:0000e3d0       ?abstract_type_set@@YAPAVClaireType@@PAVset@@@Z 0040f3d0 f   Core:types.obj
 0001:0000e4e0       ?abstract_type_operation@@YAPAVClaireType@@PAVoperation@@PAV1@1@Z 0040f4e0 f   Core:types.obj
 0001:0000e790       ?first_arg_type_type@@YAPAVClaireType@@PAV1@0@Z 0040f790 f   Core:types.obj
 0001:0000e7a0       ?first_arg_type_type2@@YAPAVClaireType@@PAV1@00@Z 0040f7a0 f   Core:types.obj
 0001:0000e7b0       ?second_arg_type_type@@YAPAVClaireType@@PAV1@0@Z 0040f7b0 f   Core:types.obj
 0001:0000e7c0       ?meet_arg_types_type@@YAPAVClaireType@@PAV1@0@Z 0040f7c0 f   Core:types.obj
 0001:0000e7e0       ?nth_get_array_type@@YAPAVClaireType@@PAV1@0@Z 0040f7e0 f   Core:types.obj
 0001:0000e7f0       ?nth_array@@YAHPAHH@Z      0040f7f0 f   Core:types.obj
 0001:0000e870       ?nth_array_type@@YAPAVClaireType@@PAV1@0@Z 0040f870 f   Core:types.obj
 0001:0000e880       ?make_array_integer_type@@YAPAVClaireType@@PAV1@00@Z 0040f880 f   Core:types.obj
 0001:0000e950       ?make_list_integer2@@YAPAVlist@@HPAVClaireType@@H@Z 0040f950 f   Core:types.obj
 0001:0000e980       ?make_list_integer2_type@@YAPAVClaireType@@PAV1@00@Z 0040f980 f   Core:types.obj
 0001:0000ea50       ?make_set_array@@YAPAVset@@PAH@Z 0040fa50 f   Core:types.obj
 0001:0000eb00       ?make_set_array_type@@YAPAVClaireType@@PAV1@@Z 0040fb00 f   Core:types.obj
 0001:0000ec50       ?list_I_array_type@@YAPAVClaireType@@PAV1@@Z 0040fc50 f   Core:types.obj
 0001:0000eda0       ?array_I_list_type@@YAPAVClaireType@@PAV1@@Z 0040fda0 f   Core:types.obj
 0001:0000eef0       ?set_I_bag_type@@YAPAVClaireType@@PAV1@@Z 0040fef0 f   Core:types.obj
 0001:0000f040       ?list_I_set_type@@YAPAVClaireType@@PAV1@@Z 00410040 f   Core:types.obj
 0001:0000f190       ?print_in_string_void@@YAXXZ 00410190 f   Core:function.obj
 0001:0000f240       ?end_of_print_void@@YAPADXZ 00410240 f   Core:function.obj
 0001:0000f280       ?buffer_length_void@@YAHXZ 00410280 f   Core:function.obj
 0001:0000f2a0       ?buffer_set_length_integer@@YAXH@Z 004102a0 f   Core:function.obj
 0001:0000f2c0       ?apply_self_print_any@@YAXH@Z 004102c0 f   Core:function.obj
 0001:0000f610       ?self_print_any_Core@@YAXH@Z 00410610 f   Core:function.obj
 0001:0000f680       ?self_print_boolean_Core@@YAXPAVClaireBoolean@@@Z 00410680 f   Core:function.obj
 0001:0000f6b0       ?self_print_function_Core@@YAXPAVClaireFunction@@@Z 004106b0 f   Core:function.obj
 0001:0000f6e0       ?self_print_restriction_Core@@YAXPAVrestriction@@@Z 004106e0 f   Core:function.obj
 0001:0000f810       ?print_any@@YAXH@Z         00410810 f   Core:function.obj
 0001:0000f9e0       ?short_enough_integer@@YAPAVClaireBoolean@@H@Z 004109e0 f   Core:function.obj
 0001:0000fa00       ?complete_I_object@@YAPAVClaireObject@@PAV1@@Z 00410a00 f   Core:function.obj
 0001:0000fd40       ?not_any@@YAPAVClaireBoolean@@H@Z 00410d40 f   Core:function.obj
 0001:0000fd80       ?_I_equal_any@@YAPAVClaireBoolean@@HH@Z 00410d80 f   Core:function.obj
 0001:0000fdb0       ?owner_any@@YAPAVClaireClass@@H@Z 00410db0 f   Core:function.obj
 0001:0000fde0       ?known_ask_any@@YAPAVClaireBoolean@@H@Z 00410de0 f   Core:function.obj
 0001:0000fe00       ?unknown_ask_any@@YAPAVClaireBoolean@@H@Z 00410e00 f   Core:function.obj
 0001:0000fe20       ?check_in_any@@YAHHPAVClaireType@@@Z 00410e20 f   Core:function.obj
 0001:0000fec0       ?check_in_bag@@YAPAVbag@@PAV1@PAVClaireClass@@PAVClaireType@@@Z 00410ec0 f   Core:function.obj
 0001:0000ffd0       ?_inf_any@@YAPAVClaireBoolean@@HH@Z 00410fd0 f   Core:function.obj
 0001:00010020       ?_sup_any@@YAPAVClaireBoolean@@HH@Z 00411020 f   Core:function.obj
 0001:00010070       ?ephemeral_class@@YAHPAVClaireClass@@@Z 00411070 f   Core:function.obj
 0001:00010160       ?abstract_class@@YAHPAVClaireClass@@@Z 00411160 f   Core:function.obj
 0001:00010210       ?final_class@@YAHPAVClaireClass@@@Z 00411210 f   Core:function.obj
 0001:000102c0       ?new_class1@@YAPAVClaireObject@@PAVClaireClass@@@Z 004112c0 f   Core:function.obj
 0001:00010400       ?new_class1_type@@YAPAVClaireType@@PAV1@@Z 00411400 f   Core:function.obj
 0001:000104b0       ?new_class2@@YAPAVthing@@PAVClaireClass@@PAVsymbol@@@Z 004114b0 f   Core:function.obj
 0001:00010530       ?new_class2_type@@YAPAVClaireType@@PAV1@0@Z 00411530 f   Core:function.obj
 0001:000105e0       ?new_object_class_type@@YAPAVClaireType@@PAV1@@Z 004115e0 f   Core:function.obj
 0001:00010690       ?new_thing_class_type@@YAPAVClaireType@@PAV1@0@Z 00411690 f   Core:function.obj
 0001:00010740       ?meet_class@@YAPAVClaireClass@@PAV1@0@Z 00411740 f   Core:function.obj
 0001:000107c0       ?inherit_ask_class@@YAPAVClaireBoolean@@PAVClaireClass@@0@Z 004117c0 f   Core:function.obj
 0001:00010800       ?abstract_property@@YAHPAVproperty@@@Z 00411800 f   Core:function.obj
 0001:000108a0       ?final_relation@@YAXPAVClaireRelation@@@Z 004118a0 f   Core:function.obj
 0001:00010a30       ?close_module@@YAPAVmodule@@PAV1@@Z 00411a30 f   Core:function.obj
 0001:00010c10       ?get_symbol_string@@YAHPAD@Z 00411c10 f   Core:function.obj
 0001:00010c30       ?gensym_void@@YAPAVsymbol@@XZ 00411c30 f   Core:function.obj
 0001:00010c40       ?store_list4@@YAHPAVlist@@HH@Z 00411c40 f   Core:function.obj
 0001:00010cf0       ?store_array1@@YAHPAHHH@Z  00411cf0 f   Core:function.obj
 0001:00010d10       ?commit_integer@@YAXH@Z    00411d10 f   Core:function.obj
 0001:00010d30       ?backtrack_integer@@YAXH@Z 00411d30 f   Core:function.obj
 0001:00010d50       ?store_listargs@@YAHPAVlistargs@@@Z 00411d50 f   Core:function.obj
 0001:00010ef0       ?symbol_I_string2@@YAPAVsymbol@@PAD@Z 00411ef0 f   Core:function.obj
 0001:00010f10       ?externC_string@@YAXPAD@Z  00411f10 f   Core:function.obj
 0001:00010f70       ?externC_string2@@YAHPADPAVClaireClass@@@Z 00411f70 f   Core:function.obj
 0001:00010fe0       ?externC_string2_type@@YAPAVClaireType@@PAV1@0@Z 00411fe0 f   Core:function.obj
 0001:00010ff0       ?nth_get_string@@YAPAVClaireChar@@PADHH@Z 00411ff0 f   Core:function.obj
 0001:00011060       ?nth_put_string@@YAXPADHPAVClaireChar@@H@Z 00412060 f   Core:function.obj
 0001:000110c0       ?make_string_symbol@@YAPADPAVsymbol@@@Z 004120c0 f   Core:function.obj
 0001:000110e0       ?self_print_symbol_Core@@YAHPAVsymbol@@@Z 004120e0 f   Core:function.obj
 0001:00011140       ?_plus_integer@@YAHHH@Z    00412140 f   Core:function.obj
 0001:00011170       ?_plus_integer_type@@YAPAVClaireType@@PAV1@0@Z 00412170 f   Core:function.obj
 0001:00011190       ?_dash_integer1@@YAHHH@Z   00412190 f   Core:function.obj
 0001:000111a0       ?_dash_integer1_type@@YAPAVClaireType@@PAV1@0@Z 004121a0 f   Core:function.obj
 0001:000111c0       ?_inf_inf_integer@@YAHHH@Z 004121c0 f   Core:function.obj
 0001:000111d0       ?_sup_sup_integer@@YAHHH@Z 004121d0 f   Core:function.obj
 0001:000111e0       ?and_integer@@YAHHH@Z      004121e0 f   Core:function.obj
 0001:000111f0       ?or_integer@@YAHHH@Z       004121f0 f   Core:function.obj
 0001:00011200       ?_inf_integer@@YAPAVClaireBoolean@@HH@Z 00412200 f   Core:function.obj
 0001:00011220       ?_inf_equal_integer@@YAPAVClaireBoolean@@HH@Z 00412220 f   Core:function.obj
 0001:00011240       ?_sup_integer@@YAPAVClaireBoolean@@HH@Z 00412240 f   Core:function.obj
 0001:00011260       ?nth_integer@@YAPAVClaireBoolean@@HH@Z 00412260 f   Core:function.obj
 0001:00011280       ?factor_ask_integer@@YAPAVClaireBoolean@@HH@Z 00412280 f   Core:function.obj
 0001:000112a0       ?divide_ask_integer@@YAPAVClaireBoolean@@HH@Z 004122a0 f   Core:function.obj
 0001:000112c0       ?Id_any@@YAHH@Z            004122c0 f   Core:function.obj
 0001:000112d0       ?Id_any_type@@YAPAVClaireType@@PAV1@@Z 004122d0 f   Core:function.obj
 0001:000112e0       ?pair_any@@YAPAVlist@@HH@Z 004122e0 f   Core:function.obj
 0001:00011300       ?pair_1_list@@YAHPAVlist@@@Z 00412300 f   Core:function.obj
 0001:00011310       ?pair_1_list_type@@YAPAVClaireType@@PAV1@@Z 00412310 f   Core:function.obj
 0001:00011320       ?pair_2_list@@YAHPAVlist@@@Z 00412320 f   Core:function.obj
 0001:00011330       ?pair_2_list_type@@YAPAVClaireType@@PAV1@@Z 00412330 f   Core:function.obj
 0001:00011340       ?_plus_float_@@YAHHH@Z     00412340 f   Core:function.obj
 0001:000113f0       ?_plus_float@@YANNN@Z      004123f0 f   Core:function.obj
 0001:00011400       ?_dash_float_@@YAHHH@Z     00412400 f   Core:function.obj
 0001:000114b0       ?_dash_float@@YANNN@Z      004124b0 f   Core:function.obj
 0001:000114c0       ?_star_float_@@YAHHH@Z     004124c0 f   Core:function.obj
 0001:00011570       ?_star_float@@YANNN@Z      00412570 f   Core:function.obj
 0001:00011580       ?_7_float_@@YAHHH@Z        00412580 f   Core:function.obj
 0001:00011630       ?_7_float@@YANNN@Z         00412630 f   Core:function.obj
 0001:00011640       ?_dash_float2_@@YAHH@Z     00412640 f   Core:function.obj
 0001:000116e0       ?_dash_float2@@YANN@Z      004126e0 f   Core:function.obj
 0001:000116f0       ?sqrt_float_@@YAHH@Z       004126f0 f   Core:function.obj
 0001:00011790       ?sqrt_float@@YANN@Z        00412790 f   Core:function.obj
 0001:000117a0       ?_exp_float_@@YAHHH@Z      004127a0 f   Core:function.obj
 0001:00011850       ?_exp_float@@YANNN@Z       00412850 f   Core:function.obj
 0001:00011860       ?log_float_@@YAHH@Z        00412860 f   Core:function.obj
 0001:00011900       ?log_float@@YANN@Z         00412900 f   Core:function.obj
 0001:00011910       ?atan_float_@@YAHH@Z       00412910 f   Core:function.obj
 0001:000119b0       ?atan_float@@YANN@Z        004129b0 f   Core:function.obj
 0001:000119c0       ?string_I_float_@@YAPADH@Z 004129c0 f   Core:function.obj
 0001:000119f0       ?string_I_float@@YAPADN@Z  004129f0 f   Core:function.obj
 0001:00011a10       ?length_bag@@YAHPAVbag@@@Z 00412a10 f   Core:function.obj
 0001:00011a20       ?nth_bag@@YAHPAVbag@@H@Z   00412a20 f   Core:function.obj
 0001:00011aa0       ?nth_bag_type@@YAPAVClaireType@@PAV1@0@Z 00412aa0 f   Core:function.obj
 0001:00011ab0       ?nth_get_bag@@YAHPAVbag@@H@Z 00412ab0 f   Core:function.obj
 0001:00011ac0       ?min_method@@YAHPAVmethod@@PAVbag@@@Z 00412ac0 f   Core:function.obj
 0001:00011b60       ?min_method_type@@YAPAVClaireType@@PAV1@0@Z 00412b60 f   Core:function.obj
 0001:00011b70       ?max_method@@YAHPAVmethod@@PAVbag@@@Z 00412b70 f   Core:function.obj
 0001:00011c10       ?max_method_type@@YAPAVClaireType@@PAV1@0@Z 00412c10 f   Core:function.obj
 0001:00011c20       ?_7_plus_bag@@YAPAVlist@@PAVbag@@0@Z 00412c20 f   Core:function.obj
 0001:00011da0       ?last_list@@YAHPAVlist@@@Z 00412da0 f   Core:function.obj
 0001:00011e00       ?last_list_type@@YAPAVClaireType@@PAV1@@Z 00412e00 f   Core:function.obj
 0001:00011e10       ?rmlast_list@@YAPAVlist@@PAV1@@Z 00412e10 f   Core:function.obj
 0001:00011e30       ?nth_set_list@@YAHPAVlist@@HH@Z 00412e30 f   Core:function.obj
 0001:00011f20       ?car_list@@YAHPAVlist@@@Z  00412f20 f   Core:function.obj
 0001:00011f80       ?hashlist_integer@@YAPAVlist@@H@Z 00412f80 f   Core:function.obj
 0001:00012050       ?hashsize_list@@YAHPAVlist@@@Z 00413050 f   Core:function.obj
 0001:00012090       ?sort_method@@YAPAVlist@@PAVmethod@@PAV1@@Z 00413090 f   Core:function.obj
 0001:000120b0       ?quicksort_list@@YAXPAVlist@@PAVmethod@@HH@Z 004130b0 f   Core:function.obj
 0001:000121c0       ?build_powerset_list@@YAPAVset@@PAVlist@@@Z 004131c0 f   Core:function.obj
 0001:00012340       ?make_copy_list_integer@@YAPAVlist@@HH@Z 00413340 f   Core:function.obj
 0001:000124b0       ?difference_set@@YAPAVset@@PAV1@0@Z 004134b0 f   Core:function.obj
 0001:000125a0       ?nth_equal_array@@YAXPAHHH@Z 004135a0 f   Core:function.obj
 0001:00012690       ?self_print_array_Core@@YAHPAH@Z 00413690 f   Core:function.obj
 0001:000126e0       ?self_print_char_Core@@YAHPAVClaireChar@@@Z 004136e0 f   Core:function.obj
 0001:00012710       ?_inf_equal_char@@YAPAVClaireBoolean@@PAVClaireChar@@0@Z 00413710 f   Core:function.obj
 0001:00012730       ?release_void@@YAHXZ       00413730 f   Core:object.obj
 0001:00012770       ?about_void@@YAHXZ         00413770 f   Core:object.obj
 0001:000128e0       ?get_args_integer@@YAPAVlist@@H@Z 004138e0 f   Core:object.obj
 0001:00012990       ?funcall_method1@@YAHPAVmethod@@H@Z 00413990 f   Core:object.obj
 0001:000129d0       ?funcall_method2@@YAHPAVmethod@@HH@Z 004139d0 f   Core:object.obj
 0001:00012a30       ?funcall_method3@@YAHPAVmethod@@HHH@Z 00413a30 f   Core:object.obj
 0001:00012ac0       ?apply_function@@YAHPAVClaireFunction@@PAVlist@@1@Z 00413ac0 f   Core:object.obj
 0001:00012b30       ?call_property@@YAHPAVproperty@@PAVlistargs@@@Z 00413b30 f   Core:object.obj
 0001:00012b50       ?apply_property@@YAHPAVproperty@@PAVlist@@@Z 00413b50 f   Core:object.obj
 0001:00012c00       ?apply_method@@YAHPAVmethod@@PAVlist@@@Z 00413c00 f   Core:object.obj
 0001:00012c70       ?push_debug_property@@YAXPAVproperty@@HH@Z 00413c70 f   Core:object.obj
 0001:000132b0       ?pop_debug_property@@YAXPAVproperty@@HH@Z 004142b0 f   Core:object.obj
 0001:000134c0       ?tr_indent_boolean@@YAXPAVClaireBoolean@@H@Z 004144c0 f   Core:object.obj
 0001:00013550       ?identified_ask_class@@YAPAVClaireBoolean@@PAVClaireClass@@@Z 00414550 f   Core:object.obj
 0001:000135e0       ?identical_ask_any@@YAPAVClaireBoolean@@HH@Z 004145e0 f   Core:object.obj
 0001:00013600       ?put_property2@@YAHPAVproperty@@PAVClaireObject@@H@Z 00414600 f   Core:object.obj
 0001:00013750       ?add_value_property3@@YAXPAVproperty@@PAVClaireObject@@H@Z 00414750 f   Core:object.obj
 0001:00013950       ?nth_table1@@YAHPAVtable@@H@Z 00414950 f   Core:object.obj
 0001:00013ba0       ?nth_table1_type@@YAPAVClaireType@@PAV1@0@Z 00414ba0 f   Core:object.obj
 0001:00013c70       ?get_table@@YAHPAVtable@@H@Z 00414c70 f   Core:object.obj
 0001:00013cc0       ?get_table_type@@YAPAVClaireType@@PAV1@0@Z 00414cc0 f   Core:object.obj
 0001:00013dc0       ?nth_equal_table1@@YAXPAVtable@@HH@Z 00414dc0 f   Core:object.obj
 0001:00013ec0       ?nth_put_table@@YAXPAVtable@@HH@Z 00414ec0 f   Core:object.obj
 0001:000141e0       ?put_table@@YAXPAVtable@@HH@Z 004151e0 f   Core:object.obj
 0001:00014360       ?add_table@@YAXPAVtable@@HH@Z 00415360 f   Core:object.obj
 0001:00014470       ?add_I_table@@YAXPAVtable@@HH@Z 00415470 f   Core:object.obj
 0001:000144f0       ?add_value_array@@YAPAVClaireBoolean@@PAVtable@@HPAVbag@@H@Z 004154f0 f   Core:object.obj
 0001:00014680       ?add_value_table3@@YAXPAVtable@@HH@Z 00415680 f   Core:object.obj
 0001:000146c0       ?delete_table@@YAHPAVtable@@HH@Z 004156c0 f   Core:object.obj
 0001:00014770       ?nth_table2@@YAHPAVtable@@HH@Z 00415770 f   Core:object.obj
 0001:00014960       ?nth_table2_type@@YAPAVClaireType@@PAV1@00@Z 00415960 f   Core:object.obj
 0001:00014a30       ?nth_equal_table2@@YAXPAVtable@@HHH@Z 00415a30 f   Core:object.obj
 0001:00014c70       ?get_index_table1@@YAHPAVtable@@H@Z 00415c70 f   Core:object.obj
 0001:00014d90       ?get_index_table2@@YAHPAVtable@@HH@Z 00415d90 f   Core:object.obj
 0001:00014dc0       ?erase_table@@YAHPAVtable@@@Z 00415dc0 f   Core:object.obj
 0001:00015090       ?make_table_type@@YAPAVtable@@PAVClaireType@@0H@Z 00416090 f   Core:object.obj
 0001:000150f0       ?funcall_lambda1@@YAHPAVlambda@@H@Z 004160f0 f   Core:object.obj
 0001:00015210       ?funcall_lambda2@@YAHPAVlambda@@HH@Z 00416210 f   Core:object.obj
 0001:00015350       ?funcall_lambda3@@YAHPAVlambda@@HHH@Z 00416350 f   Core:object.obj
 0001:000154b0       ?check_inverse_any@@YAXHH@Z 004164b0 f   Core:object.obj
 0001:00015680       ?invert_relation@@YAPAVbag@@PAVClaireRelation@@H@Z 00416680 f   Core:object.obj
 0001:00015c50       ?domain_I_restriction@@YAPAVClaireClass@@PAVrestriction@@@Z 00416c50 f   Core:object.obj
 0001:00015c80       ?methods_class@@YAPAVset@@PAVClaireClass@@0@Z 00416c80 f   Core:object.obj
 0001:00015dd0       ?reify_listargs@@YAHPAVlistargs@@@Z 00416dd0 f   Core:object.obj
 0001:00015eb0       ?self_print_general_error_Core@@YAXPAVgeneral_error@@@Z 00416eb0 f   Core:object.obj
 0001:00015f90       ?self_print_read_slot_error_Core@@YAXPAVread_slot_error@@@Z 00416f90 f   Core:object.obj
 0001:00016060       ?self_print_range_error_Core@@YAXPAVrange_error@@@Z 00417060 f   Core:object.obj
 0001:00016150       ?self_print_selector_error_Core@@YAXPAVselector_error@@@Z 00417150 f   Core:object.obj
 0001:00016280       ?self_print_return_error_Core@@YAXPAVreturn_error@@@Z 00417280 f   Core:object.obj
 0001:00016290       ?self_print_system_error_Core@@YAXPAVsystem_error@@@Z 00417290 f   Core:object.obj
 0001:00016590       ?self_print_contradiction_Core@@YAXPAVcontradiction@@@Z 00417590 f   Core:object.obj
 0001:000165a0       ?format_string@@YAXPADPAVlist@@@Z 004175a0 f   Core:object.obj
 0001:00016750       ?tformat_string@@YAHPADHPAVlist@@@Z 00417750 f   Core:object.obj
 0001:000167a0       ?princ_bag@@YAXPAVbag@@@Z  004177a0 f   Core:object.obj
 0001:00016800       ?close_global_variable@@YAPAVglobal_variable@@PAV1@@Z 00417800 f   Core:object.obj
 0001:00016880       ?contradiction_I_void@@YAXXZ 00417880 f   Core:object.obj
 0001:000168a0       ?eval_message_property@@YAHPAVproperty@@PAVClaireObject@@HPAVClaireBoolean@@@Z 004178a0 f   Core:method.obj
 0001:00016ad0       ?noeval_message_property2@@YAHPAVproperty@@H@Z 00417ad0 f   Core:method.obj
 0001:00016bd0       ?execute_method@@YAHPAVmethod@@HPAVClaireBoolean@@@Z 00417bd0 f   Core:method.obj
 0001:00016e60       ?eval_any@@YAHH@Z          00417e60 f   Core:method.obj
 0001:00016ea0       ?self_eval_ClaireObject@@YAHPAVClaireObject@@@Z 00417ea0 f   Core:method.obj
 0001:00016ec0       ?inlineok_ask_method@@YAPAVmethod@@PAV1@PAD@Z 00417ec0 f   Core:method.obj
 0001:00017090       ?get_slot@@YAHPAVslot@@PAVClaireObject@@@Z 00418090 f   Core:method.obj
 0001:000170b0       ?put_slot@@YAHPAVslot@@PAVClaireObject@@H@Z 004180b0 f   Core:method.obj
 0001:000170e0       ?get_property@@YAHPAVproperty@@PAVClaireObject@@@Z 004180e0 f   Core:method.obj
 0001:000171e0       ?funcall_property@@YAHPAVproperty@@H@Z 004181e0 f   Core:method.obj
 0001:000172f0       ?read_property@@YAHPAVproperty@@PAVClaireObject@@@Z 004182f0 f   Core:method.obj
 0001:00017460       ?hold_ask_property@@YAPAVClaireBoolean@@PAVproperty@@PAVClaireObject@@H@Z 00418460 f   Core:method.obj
 0001:000175b0       ?write_property@@YAXPAVproperty@@PAVClaireObject@@H@Z 004185b0 f   Core:method.obj
 0001:00017800       ?range_is_wrong_slot@@YAHPAVslot@@H@Z 00418800 f   Core:method.obj
 0001:00017850       ?put_property1@@YAXPAVproperty@@PAVClaireObject@@HPAVClaireClass@@H@Z 00418850 f   Core:method.obj
 0001:00017890       ?update_property@@YAXPAVproperty@@PAVClaireObject@@HPAVClaireClass@@H@Z 00418890 f   Core:method.obj
 0001:00017ac0       ?update_plus_relation@@YAXPAVClaireRelation@@HH@Z 00418ac0 f   Core:method.obj
 0001:00017d80       ?update_dash_relation@@YAXPAVClaireRelation@@HH@Z 00418d80 f   Core:method.obj
 0001:000180b0       ?add_I_property@@YAXPAVproperty@@PAVClaireObject@@HH@Z 004190b0 f   Core:method.obj
 0001:00018150       ?add_value_property@@YAPAVClaireBoolean@@PAVproperty@@PAVClaireObject@@HPAVbag@@H@Z 00419150 f   Core:method.obj
 0001:000182d0       ?add_property@@YAXPAVproperty@@PAVClaireObject@@H@Z 004192d0 f   Core:method.obj
 0001:00018510       ?known_ask_property@@YAPAVClaireBoolean@@PAVproperty@@PAVClaireObject@@@Z 00419510 f   Core:method.obj
 0001:00018620       ?unknown_ask_property@@YAPAVClaireBoolean@@PAVproperty@@PAVClaireObject@@@Z 00419620 f   Core:method.obj
 0001:00018730       ?delete_property@@YAHPAVproperty@@PAVClaireObject@@H@Z 00419730 f   Core:method.obj
 0001:00018930       ?erase_property@@YAHPAVproperty@@PAVClaireObject@@@Z 00419930 f   Core:method.obj
 0001:00018c80       ?set_range_property@@YAXPAVproperty@@PAVClaireClass@@PAVClaireType@@@Z 00419c80 f   Core:method.obj
 0001:00018cb0       ?put_store_property2@@YAXPAVproperty@@PAVClaireObject@@HPAVClaireBoolean@@@Z 00419cb0 f   Core:method.obj
 0001:00018e20       ?multi_ask_any@@YAPAVClaireBoolean@@H@Z 00419e20 f   Core:method.obj
 0001:00018ed0       ?fastcall_relation2@@YAXPAVClaireRelation@@HH@Z 00419ed0 f   Core:method.obj
 0001:00019100       ?insert_definition_property@@YAXPAVproperty@@PAVrestriction@@@Z 0041a100 f   Core:method.obj
 0001:00019190       ?initialize_restriction1@@YAPAVlist@@PAVrestriction@@PAVClaireClass@@PAV1@@Z 0041a190 f   Core:method.obj
 0001:000195b0       ?uniform_restriction@@YAPAVClaireBoolean@@PAVrestriction@@@Z 0041a5b0 f   Core:method.obj
 0001:00019740       ?uniform_property@@YAPAVClaireBoolean@@PAVproperty@@@Z 0041a740 f   Core:method.obj
 0001:000197f0       ?initialize_restriction2@@YAPAVlist@@PAVrestriction@@PAV1@@Z 0041a7f0 f   Core:method.obj
 0001:00019950       ?hashinsert_restriction@@YAHPAVrestriction@@@Z 0041a950 f   Core:method.obj
 0001:00019a00       ?hashinsert_class@@YAHPAVClaireClass@@PAVmethod@@@Z 0041aa00 f   Core:method.obj
 0001:00019a50       ?hashinsert_list@@YAHPAVlist@@PAVmethod@@@Z 0041aa50 f   Core:method.obj
 0001:00019c90       ?hashget_class@@YAPAVClaireObject@@PAVClaireClass@@PAVproperty@@@Z 0041ac90 f   Core:method.obj
 0001:00019d20       ?join_list@@YAPAVClaireBoolean@@PAVlist@@0@Z 0041ad20 f   Core:method.obj
 0001:00019e90       ?_at_property1@@YAPAVClaireObject@@PAVproperty@@PAVClaireClass@@@Z 0041ae90 f   Core:method.obj
 0001:0001a080       ?_at_property2@@YAPAVClaireObject@@PAVproperty@@PAVlist@@@Z 0041b080 f   Core:method.obj
 0001:0001a190       ?matching_ask_list@@YAPAVClaireBoolean@@PAVlist@@HH@Z 0041b190 f   Core:method.obj
 0001:0001a470       ?vmatch_ask_any@@YAPAVClaireBoolean@@HHH@Z 0041b470 f   Core:method.obj
 0001:0001aa80       ?tmatch_ask_list@@YAPAVClaireBoolean@@PAVlist@@0@Z 0041ba80 f   Core:method.obj
 0001:0001ab70       ?tmatch_ask_any@@YAPAVClaireBoolean@@HHPAVlist@@@Z 0041bb70 f   Core:method.obj
 0001:0001b240       ?find_which_property@@YAPAVClaireObject@@PAVproperty@@HPAVClaireClass@@@Z 0041c240 f   Core:method.obj
 0001:0001b300       ?find_which_list@@YAPAVClaireObject@@PAVlist@@PAVClaireClass@@HH@Z 0041c300 f   Core:method.obj
 0001:0001b390       ?find_which_class@@YAPAVClaireObject@@PAVClaireClass@@PAVlist@@HH@Z 0041c390 f   Core:method.obj
 0001:0001b470       ?metaLoad@LanguageClass@@QAEXXZ 0041c470 f   Language:Language.obj
 0001:0001f960       ?self_print_Definition_Language@@YAHPAVDefinition@@@Z 00420960 f   Language:define.obj
 0001:0001fa30       ?self_print_Defobj_Language@@YAXPAVDefobj@@@Z 00420a30 f   Language:define.obj
 0001:0001fc60       ?self_print_Defclass_Language@@YAXPAVDefclass@@@Z 00420c60 f   Language:define.obj
 0001:0001fec0       ?self_print_Defmethod_Language@@YAXPAVDefmethod@@@Z 00420ec0 f   Language:define.obj
 0001:00020030       ?self_print_Defarray_Language@@YAXPAVDefarray@@@Z 00421030 f   Language:define.obj
 0001:00020160       ?self_print_Defrule_Language@@YAXPAVDefrule@@@Z 00421160 f   Language:define.obj
 0001:00020280       ?self_print_Defvar_Language@@YAXPAVDefvar@@@Z 00421280 f   Language:define.obj
 0001:00020350       ?self_eval_Definition@@YAHPAVDefinition@@@Z 00421350 f   Language:define.obj
 0001:000204a0       ?complete_object@@YAHPAVClaireObject@@PAVlist@@@Z 004214a0 f   Language:define.obj
 0001:00020690       ?self_eval_Defobj@@YAHPAVDefobj@@@Z 00421690 f   Language:define.obj
 0001:00020830       ?self_eval_Defclass@@YAHPAVDefclass@@@Z 00421830 f   Language:define.obj
 0001:00020e20       ?self_eval_Defmethod@@YAHPAVDefmethod@@@Z 00421e20 f   Language:define.obj
 0001:00021350       ?attach_comment_any@@YAXH@Z 00422350 f   Language:define.obj
 0001:00021440       ?extract_signature_list@@YAPAVlist@@PAV1@@Z 00422440 f   Language:define.obj
 0001:000216b0       ?extract_pattern_any@@YAHHPAVlist@@@Z 004226b0 f   Language:define.obj
 0001:00021fe0       ?extract_type_any@@YAPAVClaireType@@H@Z 00422fe0 f   Language:define.obj
 0001:00022110       ?extract_item_any@@YAHHH@Z 00423110 f   Language:define.obj
 0001:000223a0       ?extract_pattern_nth_list@@YAHPAVlist@@0@Z 004233a0 f   Language:define.obj
 0001:00022a50       ?extract_class_call_class@@YAPAVClaireObject@@PAVClaireClass@@PAVlist@@@Z 00423a50 f   Language:define.obj
 0001:000234d0       ?extract_range_any@@YAPAVlist@@HPAV1@0@Z 004244d0 f   Language:define.obj
 0001:00023be0       ?bit_vector_listargs2@@YAHPAVlistargs@@@Z 00424be0 f   Language:define.obj
 0001:00023c20       ?extract_status_any@@YAPAVlist@@H@Z 00424c20 f   Language:define.obj
 0001:000241b0       ?type_I_any@@YAPAVClaireType@@H@Z 004251b0 f   Language:define.obj
 0001:00024470       ?self_eval_Defarray@@YAHPAVDefarray@@@Z 00425470 f   Language:define.obj
 0001:00024df0       ?self_print_demon@@YAXPAVdemon@@@Z 00425df0 f   Language:define.obj
 0001:00024e00       ?funcall_demon1@@YAHPAVdemon@@HH@Z 00425e00 f   Language:define.obj
 0001:00024ec0       ?funcall_demon2@@YAHPAVdemon@@HHH@Z 00425ec0 f   Language:define.obj
 0001:00024f90       ?self_eval_Defrule@@YAHPAVDefrule@@@Z 00425f90 f   Language:define.obj
 0001:000252c0       ?eventMethod_ask_relation2@@YAPAVClaireBoolean@@PAVClaireRelation@@@Z 004262c0 f   Language:define.obj
 0001:00025370       ?make_filter_any_@@YAPAVtuple@@H@Z 00426370 f   Language:define.obj
 0001:00025390       ?make_filter_any@@YAPAVtuple@@H@Z 00426390 f   Language:define.obj
 0001:00025ee0       ?make_demon_relation@@YAPAVdemon@@PAVClaireRelation@@PAVsymbol@@PAVlist@@HH@Z 00426ee0 f   Language:define.obj
 0001:000265d0       ?readCall_relation@@YAPAVCall@@PAVClaireRelation@@H@Z 004275d0 f   Language:define.obj
 0001:00026750       ?putCall_relation2@@YAPAVCall@@PAVClaireRelation@@HH@Z 00427750 f   Language:define.obj
 0001:000268f0       ?eval_if_write_relation@@YAXPAVClaireRelation@@@Z 004278f0 f   Language:define.obj
 0001:000271f0       ?eventMethod_property@@YAXPAVproperty@@@Z 004281f0 f   Language:define.obj
 0001:00027280       ?interface_property@@YAXPAVproperty@@@Z 00428280 f   Language:define.obj
 0001:00027620       ?interface_class@@YAXPAVClaireClass@@PAVlistargs@@@Z 00428620 f   Language:define.obj
 0001:00027830       ?self_print_If_Language@@YAXPAVIf@@@Z 00428830 f   Language:control.obj
 0001:00027870       ?printstat_If@@YAXPAVIf@@@Z 00428870 f   Language:control.obj
 0001:00027960       ?printif_any@@YAXH@Z       00428960 f   Language:control.obj
 0001:00027ac0       ?printelse_If@@YAXPAVIf@@@Z 00428ac0 f   Language:control.obj
 0001:00027cc0       ?self_eval_If@@YAHPAVIf@@@Z 00428cc0 f   Language:control.obj
 0001:00027d80       ?self_print_Do_Language@@YAXPAVDo@@@Z 00428d80 f   Language:control.obj
 0001:00027e50       ?printdo_list@@YAXPAVlist@@PAVClaireBoolean@@@Z 00428e50 f   Language:control.obj
 0001:00027f60       ?printblock_any@@YAXH@Z    00428f60 f   Language:control.obj
 0001:00028100       ?self_eval_Do@@YAHPAVDo@@@Z 00429100 f   Language:control.obj
 0001:00028170       ?self_print_Let_Language@@YAXPAVLet@@@Z 00429170 f   Language:control.obj
 0001:00028270       ?printbody_Let@@YAXPAVLet@@@Z 00429270 f   Language:control.obj
 0001:00028420       ?self_eval_Let@@YAHPAVLet@@@Z 00429420 f   Language:control.obj
 0001:00028550       ?self_print_When_Language@@YAXPAVWhen@@@Z 00429550 f   Language:control.obj
 0001:000286b0       ?self_eval_When@@YAHPAVWhen@@@Z 004296b0 f   Language:control.obj
 0001:00028800       ?self_print_Let_plus_Language@@YAXPAVLet_plus@@@Z 00429800 f   Language:control.obj
 0001:00028970       ?self_print_Let_star_Language@@YAXPAVLet_star@@@Z 00429970 f   Language:control.obj
 0001:00028d50       ?self_print_For_Language@@YAXPAVFor@@@Z 00429d50 f   Language:control.obj
 0001:00028e70       ?self_eval_For@@YAHPAVFor@@@Z 00429e70 f   Language:control.obj
 0001:000294c0       ?self_print_Collect_Language@@YAXPAVCollect@@@Z 0042a4c0 f   Language:control.obj
 0001:000295f0       ?self_eval_Collect@@YAHPAVCollect@@@Z 0042a5f0 f   Language:control.obj
 0001:000299e0       ?self_print_Image_Language@@YAXPAVImage@@@Z 0042a9e0 f   Language:control.obj
 0001:00029b10       ?self_eval_Image@@YAHPAVImage@@@Z 0042ab10 f   Language:control.obj
 0001:00029d60       ?self_print_Select_Language@@YAXPAVSelect@@@Z 0042ad60 f   Language:control.obj
 0001:00029e80       ?self_eval_Select@@YAHPAVSelect@@@Z 0042ae80 f   Language:control.obj
 0001:0002a2c0       ?self_print_Lselect_Language@@YAXPAVLselect@@@Z 0042b2c0 f   Language:control.obj
 0001:0002a3e0       ?self_eval_Lselect@@YAHPAVLselect@@@Z 0042b3e0 f   Language:control.obj
 0001:0002a870       ?self_print_Exists_Language@@YAXPAVExists@@@Z 0042b870 f   Language:control.obj
 0001:0002aa20       ?self_eval_Exists@@YAHPAVExists@@@Z 0042ba20 f   Language:control.obj
 0001:0002adc0       ?self_print_Case_Language@@YAXPAVCase@@@Z 0042bdc0 f   Language:control.obj
 0001:0002af70       ?self_eval_Case@@YAHPAVCase@@@Z 0042bf70 f   Language:control.obj
 0001:0002b150       ?self_print_While_Language@@YAXPAVWhile@@@Z 0042c150 f   Language:control.obj
 0001:0002b260       ?self_eval_While@@YAHPAVWhile@@@Z 0042c260 f   Language:control.obj
 0001:0002b520       ?self_print_Handle_Language@@YAXPAVClaireHandle@@@Z 0042c520 f   Language:control.obj
 0001:0002b630       ?self_eval_Handle@@YAHPAVClaireHandle@@@Z 0042c630 f   Language:control.obj
 0001:0002b860       ?self_print_Construct_Language@@YAXPAVConstruct@@@Z 0042c860 f   Language:control.obj
 0001:0002bad0       ?self_eval_List@@YAHPAVList@@@Z 0042cad0 f   Language:control.obj
 0001:0002bcc0       ?self_eval_Set@@YAHPAVSet@@@Z 0042ccc0 f   Language:control.obj
 0001:0002beb0       ?self_eval_Tuple@@YAHPAVTuple@@@Z 0042ceb0 f   Language:control.obj
 0001:0002bfc0       ?self_eval_Array2@@YAHPAVArray@@@Z 0042cfc0 f   Language:control.obj
 0001:0002c1b0       ?self_eval_Macro2@@YAHPAVMacro@@@Z 0042d1b0 f   Language:control.obj
 0001:0002c270       ?self_eval_Error@@YAXPAVError@@@Z 0042d270 f   Language:control.obj
 0001:0002c460       ?self_eval_Printf@@YAHPAVPrintf@@@Z 0042d460 f   Language:control.obj
 0001:0002c840       ?self_eval_Trace@@YAHPAVTrace@@@Z 0042d840 f   Language:control.obj
 0001:0002cad0       ?self_eval_Assert@@YAHPAVAssert@@@Z 0042dad0 f   Language:control.obj
 0001:0002ccd0       ?self_eval_Branch@@YAHPAVBranch@@@Z 0042dcd0 f   Language:control.obj
 0001:0002ce70       ?self_print_Call_Language@@YAXPAVCall@@@Z 0042de70 f   Language:call.obj
 0001:0002d790       ?self_print_Call_plus_Language@@YAHPAVCall_plus@@@Z 0042e790 f   Language:call.obj
 0001:0002d7f0       ?self_eval_Call@@YAHPAVCall@@@Z 0042e7f0 f   Language:call.obj
 0001:0002d920       ?self_eval_Call_plus@@YAHPAVCall_plus@@@Z 0042e920 f   Language:call.obj
 0001:0002dbc0       ?printe_any@@YAXHPAVproperty@@@Z 0042ebc0 f   Language:call.obj
 0001:0002dcb0       ?sugar_ask_any@@YAHHHHH@Z  0042ecb0 f   Language:call.obj
 0001:0002e050       ?self_print_Assign_Language@@YAXPAVAssign@@@Z 0042f050 f   Language:call.obj
 0001:0002e2e0       ?self_eval_Assign@@YAHPAVAssign@@@Z 0042f2e0 f   Language:call.obj
 0001:0002e490       ?self_print_Gassign_Language@@YAXPAVGassign@@@Z 0042f490 f   Language:call.obj
 0001:0002e730       ?self_eval_Gassign@@YAHPAVGassign@@@Z 0042f730 f   Language:call.obj
 0001:0002e7e0       ?self_print_And_Language@@YAXPAVAnd@@@Z 0042f7e0 f   Language:call.obj
 0001:0002e8a0       ?self_eval_And@@YAHPAVAnd@@@Z 0042f8a0 f   Language:call.obj
 0001:0002e9f0       ?self_print_Or_Language@@YAXPAVOr@@@Z 0042f9f0 f   Language:call.obj
 0001:0002eab0       ?self_eval_Or@@YAHPAVOr@@@Z 0042fab0 f   Language:call.obj
 0001:0002ec00       ?self_print_Quote_Language@@YAXPAVQuote@@@Z 0042fc00 f   Language:call.obj
 0001:0002ecb0       ?self_eval_Quote@@YAHPAVQuote@@@Z 0042fcb0 f   Language:call.obj
 0001:0002ecc0       ?self_print_Call_method_Language@@YAXPAVCall_method@@@Z 0042fcc0 f   Language:call.obj
 0001:0002ed90       ?self_eval_Call_method@@YAHPAVCall_method@@@Z 0042fd90 f   Language:call.obj
 0001:0002eee0       ?self_eval_Call_method1@@YAHPAVCall_method1@@@Z 0042fee0 f   Language:call.obj
 0001:0002efc0       ?self_eval_Call_method2@@YAHPAVCall_method2@@@Z 0042ffc0 f   Language:call.obj
 0001:0002f0f0       ?self_print_Call_slot_Language@@YAXPAVCall_slot@@@Z 004300f0 f   Language:call.obj
 0001:0002f1c0       ?self_eval_Call_slot@@YAHPAVCall_slot@@@Z 004301c0 f   Language:call.obj
 0001:0002f2a0       ?self_print_Call_array_Language@@YAXPAVCall_array@@@Z 004302a0 f   Language:call.obj
 0001:0002f360       ?self_eval_Call_array@@YAHPAVCall_array@@@Z 00430360 f   Language:call.obj
 0001:0002f470       ?self_print_Call_table_Language@@YAXPAVCall_table@@@Z 00430470 f   Language:call.obj
 0001:0002f540       ?self_eval_Call_table@@YAHPAVCall_table@@@Z 00430540 f   Language:call.obj
 0001:0002f660       ?self_print_Update_Language@@YAXPAVUpdate@@@Z 00430660 f   Language:call.obj
 0001:0002f750       ?self_eval_Update@@YAHPAVUpdate@@@Z 00430750 f   Language:call.obj
 0001:0002f990       ?self_print_Super_Language@@YAXPAVSuper@@@Z 00430990 f   Language:call.obj
 0001:0002faa0       ?self_eval_Super@@YAHPAVSuper@@@Z 00430aa0 f   Language:call.obj
 0001:0002fc20       ?self_print_Cast_Language@@YAXPAVCast@@@Z 00430c20 f   Language:call.obj
 0001:0002fd10       ?self_eval_Cast@@YAHPAVCast@@@Z 00430d10 f   Language:call.obj
 0001:0002feb0       ?self_print_Return_Language@@YAXPAVReturn@@@Z 00430eb0 f   Language:call.obj
 0001:0002ff80       ?self_eval_Return@@YAHPAVReturn@@@Z 00430f80 f   Language:call.obj
 0001:00030060       ?substitution_any@@YAHHPAVVariable@@H@Z 00431060 f   Language:call.obj
 0001:00030580       ?occurrence_any@@YAHHPAVVariable@@@Z 00431580 f   Language:call.obj
 0001:00030820       ?instruction_copy_any@@YAHH@Z 00431820 f   Language:call.obj
 0001:00030b20       ?no_eval_Instruction@@YAHPAVInstruction@@@Z 00431b20 f   Language:pretty.obj
 0001:00030bb0       ?self_print_unbound_symbol_Language@@YAXPAVunbound_symbol@@@Z 00431bb0 f   Language:pretty.obj
 0001:00030bd0       ?self_eval_unbound_symbol@@YAHPAVunbound_symbol@@@Z 00431bd0 f   Language:pretty.obj
 0001:00030cc0       ?self_print_Variable_Language@@YAXPAVVariable@@@Z 00431cc0 f   Language:pretty.obj
 0001:00030cf0       ?ppvariable_Variable@@YAXPAVVariable@@@Z 00431cf0 f   Language:pretty.obj
 0001:00030de0       ?ppvariable_list@@YAXPAVlist@@@Z 00431de0 f   Language:pretty.obj
 0001:00030ee0       ?self_eval_Variable@@YAHPAVVariable@@@Z 00431ee0 f   Language:pretty.obj
 0001:00030f00       ?write_value_Variable@@YAHPAVVariable@@H@Z 00431f00 f   Language:pretty.obj
 0001:00030f90       ?self_eval_Vardef@@YAHPAVVardef@@@Z 00431f90 f   Language:pretty.obj
 0001:00031020       ?self_eval_global_variable@@YAHPAVglobal_variable@@@Z 00432020 f   Language:pretty.obj
 0001:00031030       ?write_value_global_variable@@YAHPAVglobal_variable@@H@Z 00432030 f   Language:pretty.obj
 0001:000310c0       ?apply_lambda@@YAHPAVlambda@@PAVlist@@@Z 004320c0 f   Language:pretty.obj
 0001:00031200       ?call_lambda2@@YAHPAVlambda@@PAVlistargs@@@Z 00432200 f   Language:pretty.obj
 0001:00031220       ?self_print_lambda_Language@@YAHPAVlambda@@@Z 00432220 f   Language:pretty.obj
 0001:00031300       ?lambda_I_list@@YAPAVlambda@@PAVlist@@H@Z 00432300 f   Language:pretty.obj
 0001:00031440       ?lexical_build_any@@YAHHPAVlist@@H@Z 00432440 f   Language:pretty.obj
 0001:00031ba0       ?lexical_change_any@@YAHHPAVlist@@@Z 00432ba0 f   Language:pretty.obj
 0001:00031c80       ?close_class@@YAPAVClaireClass@@PAV1@@Z 00432c80 f   Language:pretty.obj
 0001:00031c90       ?extract_symbol_any@@YAPAVsymbol@@H@Z 00432c90 f   Language:pretty.obj
 0001:00031f60       ?make_a_property_any@@YAPAVproperty@@H@Z 00432f60 f   Language:pretty.obj
 0001:00032340       ?lbreak_void@@YAHXZ        00433340 f   Language:pretty.obj
 0001:000323b0       ?put_buffer_void@@YAHXZ    004333b0 f   Language:pretty.obj
 0001:000323e0       ?checkfar_void@@YAHXZ      004333e0 f   Language:pretty.obj
 0001:00032430       ?lbreak_integer@@YAHH@Z    00433430 f   Language:pretty.obj
 0001:00032450       ?indent_integer@@YAHH@Z    00433450 f   Language:pretty.obj
 0001:000324a0       ?set_level_void@@YAXXZ     004334a0 f   Language:pretty.obj
 0001:000324b0       ?set_level_integer@@YAXH@Z 004334b0 f   Language:pretty.obj
 0001:000324d0       ?printbox_bag1@@YAHPAVbag@@HHPAD@Z 004334d0 f   Language:pretty.obj
 0001:00032750       ?printbox_bag2@@YAHPAVbag@@@Z 00433750 f   Language:pretty.obj
 0001:00032780       ?printbox_bag3@@YAHPAVbag@@PAD@Z 00433780 f   Language:pretty.obj
 0001:000327b0       ?printl_bag@@YAXPAVbag@@PAD@Z 004337b0 f   Language:pretty.obj
 0001:00032a00       ?printexp_any@@YAXHPAVClaireBoolean@@@Z 00433a00 f   Language:pretty.obj
 0001:00033000       ?pretty_print_any@@YAXH@Z  00434000 f   Language:pretty.obj
 0001:00033060       ?self_print_list_Language@@YAXPAVlist@@@Z 00434060 f   Language:pretty.obj
 0001:00033100       ?self_print_set_Language@@YAXPAVset@@@Z 00434100 f   Language:pretty.obj
 0001:000331c0       ?self_print_tuple_Language@@YAXPAVtuple@@@Z 004341c0 f   Language:pretty.obj
 0001:000331f0       ?metaLoad@ReaderClass@@QAEXXZ 004341f0 f   Reader:Reader.obj
 0001:00036a30       ?inspect_any@@YAHH@Z       00437a30 f   Reader:inspect.obj
 0001:00036e10       ?inspect_loop_any@@YAHHPAVlist@@@Z 00437e10 f   Reader:inspect.obj
 0001:000371f0       ?get_from_integer_any@@YAHHH@Z 004381f0 f   Reader:inspect.obj
 0001:00037350       ?trace_on_any@@YAHH@Z      00438350 f   Reader:inspect.obj
 0001:00037780       ?untrace_any@@YAHH@Z       00438780 f   Reader:inspect.obj
 0001:00037ab0       ?spy_listargs2_Reader@@YAHPAVlistargs@@@Z 00438ab0 f   Reader:inspect.obj
 0001:00037c90       ?self_trace_Trace@@YAHPAVTrace@@@Z 00438c90 f   Reader:inspect.obj
 0001:00037da0       ?trace_rule_relation@@YAXPAVClaireRelation@@PADHHHH@Z 00438da0 f   Reader:inspect.obj
 0001:00037fa0       ?stop_property@@YAHPAVproperty@@PAVlistargs@@@Z 00438fa0 f   Reader:inspect.obj
 0001:000380b0       ?debug_void@@YAXXZ         004390b0 f   Reader:inspect.obj
 0001:00038110       ?call_debug_void@@YAHXZ    00439110 f   Reader:inspect.obj
 0001:00038380       ?breakpoint_void@@YAXXZ    00439380 f   Reader:inspect.obj
 0001:000385e0       ?dn_integer@@YAXH@Z        004395e0 f   Reader:inspect.obj
 0001:00038740       ?up_integer@@YAXH@Z        00439740 f   Reader:inspect.obj
 0001:00038880       ?where_integer@@YAXH@Z     00439880 f   Reader:inspect.obj
 0001:000388e0       ?print_debug_info_integer@@YAXHHH@Z 004398e0 f   Reader:inspect.obj
 0001:00038a70       ?Show_integer@@YAHH@Z      00439a70 f   Reader:inspect.obj
 0001:00038c70       ?block_integer@@YAXH@Z     00439c70 f   Reader:inspect.obj
 0001:00038fa0       ?closure_build_lambda@@YAPAVlist@@PAVlambda@@@Z 00439fa0 f   Reader:inspect.obj
 0001:000390d0       ?closure_build_any@@YAXHPAVlist@@@Z 0043a0d0 f   Reader:inspect.obj
 0001:000392c0       ?call_step_property_Reader@@YAXPAVproperty@@@Z 0043a2c0 f   Reader:inspect.obj
 0001:00039370       ?step_any@@YAXH@Z          0043a370 f   Reader:inspect.obj
 0001:00039510       ?mem_class@@YAHPAVClaireClass@@@Z 0043a510 f   Reader:inspect.obj
 0001:000396a0       ?PRget_property@@YAPAVPRcount@@PAVproperty@@@Z 0043a6a0 f   Reader:inspect.obj
 0001:00039820       ?PRlook_property2@@YAHPAVproperty@@@Z 0043a820 f   Reader:inspect.obj
 0001:00039850       ?PRshow_property@@YAXPAVproperty@@@Z 0043a850 f   Reader:inspect.obj
 0001:00039970       ?PRtime_property@@YAHPAVproperty@@@Z 0043a970 f   Reader:inspect.obj
 0001:000399c0       ?PRshow_void@@YAHXZ        0043a9c0 f   Reader:inspect.obj
 0001:00039d60       ?dependents_method@@YAPAVset@@PAVmethod@@@Z 0043ad60 f   Reader:inspect.obj
 0001:00039f10       ?dependents_any@@YAHH@Z    0043af10 f   Reader:inspect.obj
 0001:0003a2b0       ?PRdepends_property@@YAHPAVproperty@@0@Z 0043b2b0 f   Reader:inspect.obj
 0001:0003a2f0       ?self_eval_delimiter@@YAHPAVdelimiter@@@Z 0043b2f0 f   Reader:file.obj
 0001:0003a370       ?useless_c_integer@@YAPAVClaireBoolean@@H@Z 0043b370 f   Reader:file.obj
 0001:0003a3d0       ?skipc_meta_reader@@YAHPAVmeta_reader@@@Z 0043b3d0 f   Reader:file.obj
 0001:0003a460       ?skipc_I_meta_reader@@YAHPAVmeta_reader@@@Z 0043b460 f   Reader:file.obj
 0001:0003a530       ?cnext_meta_reader@@YAPAVmeta_reader@@PAV1@@Z 0043b530 f   Reader:file.obj
 0001:0003a550       ?findeol_meta_reader@@YAPAVClaireBoolean@@PAVmeta_reader@@@Z 0043b550 f   Reader:file.obj
 0001:0003a600       ?checkno_meta_reader@@YAHPAVmeta_reader@@HH@Z 0043b600 f   Reader:file.obj
 0001:0003a670       ?verify_any@@YAHHHH@Z      0043b670 f   Reader:file.obj
 0001:0003a6c0       ?Serror_string@@YAXPADPAVlist@@@Z 0043b6c0 f   Reader:file.obj
 0001:0003a740       ?extract_variable_any@@YAPAVVariable@@H@Z 0043b740 f   Reader:file.obj
 0001:0003a910       ?bind_I_meta_reader@@YAPAVlist@@PAVmeta_reader@@PAVVariable@@@Z 0043b910 f   Reader:file.obj
 0001:0003a980       ?unbind_I_meta_reader@@YAHPAVmeta_reader@@PAVlist@@@Z 0043b980 f   Reader:file.obj
 0001:0003a9c0       ?_7_string@@YAPADPAD0@Z    0043b9c0 f   Reader:file.obj
 0001:0003aa90       ?restore_state_meta_reader@@YAXPAVmeta_reader@@@Z 0043ba90 f   Reader:file.obj
 0001:0003ab00       ?load_file_string@@YAHPADPAVClaireBoolean@@@Z 0043bb00 f   Reader:file.obj
 0001:0003b0c0       ?load_string@@YAHPAD@Z     0043c0c0 f   Reader:file.obj
 0001:0003b0e0       ?sload_string@@YAHPAD@Z    0043c0e0 f   Reader:file.obj
 0001:0003b100       ?load_file_module@@YAXPAVmodule@@PAVClaireBoolean@@@Z 0043c100 f   Reader:file.obj
 0001:0003b2c0       ?load_module@@YAHPAVmodule@@@Z 0043c2c0 f   Reader:file.obj
 0001:0003b3e0       ?sload_module@@YAHPAVmodule@@@Z 0043c3e0 f   Reader:file.obj
 0001:0003b500       ?add_modules_module@@YAPAVlist@@PAVmodule@@PAVset@@PAV1@@Z 0043c500 f   Reader:file.obj
 0001:0003b790       ?add_modules_list@@YAPAVlist@@PAV1@@Z 0043c790 f   Reader:file.obj
 0001:0003b860       ?eload_string@@YAHPAD@Z    0043c860 f   Reader:file.obj
 0001:0003bc30       ?readblock_port@@YAHPAVClairePort@@@Z 0043cc30 f   Reader:file.obj
 0001:0003bdd0       ?read_port@@YAHPAVClairePort@@@Z 0043cdd0 f   Reader:file.obj
 0001:0003bfc0       ?read_string@@YAHPAD@Z     0043cfc0 f   Reader:file.obj
 0001:0003c180       ?debug_if_possible_void@@YAHXZ 0043d180 f   Reader:file.obj
 0001:0003c1d0       ?print_exception_void@@YAHXZ 0043d1d0 f   Reader:file.obj
 0001:0003c410       ?show_any@@YAHH@Z          0043d410 f   Reader:file.obj
 0001:0003c550       ?kill_object@@YAHPAVClaireObject@@@Z 0043d550 f   Reader:file.obj
 0001:0003c5e0       ?kill_class@@YAHPAVClaireClass@@@Z 0043d5e0 f   Reader:file.obj
 0001:0003c660       ?min_integer@@YAHHH@Z      0043d660 f   Reader:file.obj
 0001:0003c670       ?max_integer@@YAHHH@Z      0043d670 f   Reader:file.obj
 0001:0003c680       ?min_any@@YAHHH@Z          0043d680 f   Reader:file.obj
 0001:0003c6c0       ?max_any@@YAHHH@Z          0043d6c0 f   Reader:file.obj
 0001:0003c700       ?hashgrow_list@@YAPAVlist@@PAV1@PAVproperty@@@Z 0043d700 f   Reader:file.obj
 0001:0003c810       ?known_ask_table@@YAPAVClaireBoolean@@PAVtable@@H@Z 0043d810 f   Reader:file.obj
 0001:0003c840       ?unknown_ask_table@@YAPAVClaireBoolean@@PAVtable@@H@Z 0043d840 f   Reader:file.obj
 0001:0003c870       ?float_I_string_@@YAHPAD@Z 0043d870 f   Reader:file.obj
 0001:0003c900       ?float_I_string@@YANPAD@Z  0043d900 f   Reader:file.obj
 0001:0003ca50       ?_sup_equal_any@@YAPAVClaireBoolean@@HH@Z 0043da50 f   Reader:file.obj
 0001:0003ca80       ?DBregister_Call@@YAPAVCall@@PAV1@@Z 0043da80 f   Reader:syntax.obj
 0001:0003cc40       ?Call_I_property@@YAPAVCall@@PAVproperty@@PAVlist@@@Z 0043dc40 f   Reader:syntax.obj
 0001:0003cd20       ?operation_ask_any@@YAPAVClaireBoolean@@H@Z 0043dd20 f   Reader:syntax.obj
 0001:0003ce40       ?combine_any@@YAHHHH@Z     0043de40 f   Reader:syntax.obj
 0001:0003cf60       ?combine_I_any@@YAHHHH@Z   0043df60 f   Reader:syntax.obj
 0001:0003db00       ?operation_I_any@@YAHH@Z   0043eb00 f   Reader:syntax.obj
 0001:0003dde0       ?operand_I_any@@YAHHH@Z    0043ede0 f   Reader:syntax.obj
 0001:0003e260       ?precedence_I_any@@YAHH@Z  0043f260 f   Reader:syntax.obj
 0001:0003e300       ?nextstruct_meta_reader@@YAHPAVmeta_reader@@PAVkeyword@@1@Z 0043f300 f   Reader:syntax.obj
 0001:0003e620       ?readlet_meta_reader@@YAHPAVmeta_reader@@PAVkeyword@@@Z 0043f620 f   Reader:syntax.obj
 0001:0003ed20       ?readlet_star_meta_reader@@YAHPAVmeta_reader@@PAVlist@@HPAVkeyword@@@Z 0043fd20 f   Reader:syntax.obj
 0001:0003eea0       ?readwhen_meta_reader@@YAHPAVmeta_reader@@PAVkeyword@@@Z 0043fea0 f   Reader:syntax.obj
 0001:0003f0e0       ?readif_meta_reader@@YAHPAVmeta_reader@@H@Z 004400e0 f   Reader:syntax.obj
 0001:0003f2b0       ?readcase_meta_reader@@YAHPAVmeta_reader@@PAVkeyword@@@Z 004402b0 f   Reader:syntax.obj
 0001:0003f520       ?readset_meta_reader@@YAHPAVmeta_reader@@H@Z 00440520 f   Reader:syntax.obj
 0001:0003f9c0       ?dereference_any@@YAHH@Z   004409c0 f   Reader:syntax.obj
 0001:0003fb70       ?nextseq_meta_reader@@YAHPAVmeta_reader@@H@Z 00440b70 f   Reader:syntax.obj
 0001:0003fd10       ?readblock_meta_reader@@YAHPAVmeta_reader@@HH@Z 00440d10 f   Reader:syntax.obj
 0001:00040060       ?Do_I_any@@YAHHH@Z         00441060 f   Reader:syntax.obj
 0001:00040200       ?extract_of_type_Call@@YAPAVClaireType@@PAVCall@@@Z 00441200 f   Reader:syntax.obj
 0001:000403c0       ?readcall_meta_reader@@YAHPAVmeta_reader@@HH@Z 004413c0 f   Reader:syntax.obj
 0001:000412f0       ?nextdefinition_meta_reader@@YAHPAVmeta_reader@@HHPAVClaireBoolean@@@Z 004422f0 f   Reader:syntax.obj
 0001:00041ac0       ?nextmethod_meta_reader@@YAHPAVmeta_reader@@HHPAVClaireBoolean@@11@Z 00442ac0 f   Reader:syntax.obj
 0001:00041cb0       ?nextinst_meta_reader@@YAHPAVmeta_reader@@H@Z 00442cb0 f   Reader:syntax.obj
 0001:00042440       ?nextDefclass_meta_reader@@YAPAVDefclass@@PAVmeta_reader@@HPAVClaireBoolean@@@Z 00443440 f   Reader:syntax.obj
 0001:00042ab0       ?next_meta_reader@@YAHPAVmeta_reader@@@Z 00443ab0 f   Reader:read.obj
 0001:00042ac0       ?firstc_meta_reader@@YAHPAVmeta_reader@@@Z 00443ac0 f   Reader:read.obj
 0001:00042ad0       ?keyword_ask_any@@YAHH@Z   00443ad0 f   Reader:read.obj
 0001:00042b20       ?stop_ask_integer@@YAHH@Z  00443b20 f   Reader:read.obj
 0001:00042ba0       ?nextunit_meta_reader@@YAHPAVmeta_reader@@@Z 00443ba0 f   Reader:read.obj
 0001:00043500       ?nexts_meta_reader@@YAHPAVmeta_reader@@PAVkeyword@@@Z 00444500 f   Reader:read.obj
 0001:00043740       ?loopexp_meta_reader@@YAHPAVmeta_reader@@HPAVkeyword@@PAVClaireBoolean@@@Z 00444740 f   Reader:read.obj
 0001:00043df0       ?nexte_meta_reader@@YAHPAVmeta_reader@@@Z 00444df0 f   Reader:read.obj
 0001:00043f10       ?nextexp_meta_reader@@YAHPAVmeta_reader@@PAVClaireBoolean@@@Z 00444f10 f   Reader:read.obj
 0001:000446c0       ?nexti_meta_reader@@YAHPAVmeta_reader@@H@Z 004456c0 f   Reader:read.obj
 0001:00045090       ?read_escape_meta_reader@@YAHPAVmeta_reader@@@Z 00446090 f   Reader:read.obj
 0001:00045170       ?nextvariable_meta_reader@@YAHPAVmeta_reader@@H@Z 00446170 f   Reader:read.obj
 0001:000452c0       ?nexts_I_meta_reader1@@YAHPAVmeta_reader@@PAVkeyword@@@Z 004462c0 f   Reader:read.obj
 0001:000453c0       ?nexte_I_meta_reader@@YAHPAVmeta_reader@@PAVkeyword@@@Z 004463c0 f   Reader:read.obj
 0001:000454a0       ?nexts_I_meta_reader2@@YAHPAVmeta_reader@@H@Z 004464a0 f   Reader:read.obj
 0001:000455a0       ?nexts_I_meta_reader3@@YAHPAVmeta_reader@@PAVkeyword@@H@Z 004465a0 f   Reader:read.obj
 0001:000456b0       ?extended_comment_ask_meta_reader@@YAPAVClaireBoolean@@PAVmeta_reader@@PAD@Z 004466b0 f   Reader:read.obj
 0001:00045760       ?extended_comment_I_meta_reader@@YAHPAVmeta_reader@@PAD@Z 00446760 f   Reader:read.obj
 0001:00045a20       ?choco_getNbVars@AbstractConstraint@@QAEHXZ 00446a20 f   choco:choco.obj
 0001:00045a3a       ?choco_assignIndices@AbstractConstraint@@QAEHPAV1@H@Z 00446a3a f   choco:choco.obj
 0001:00045a5b       ?choco_getConstraintIdx@AbstractConstraint@@QAEHH@Z 00446a5b f   choco:choco.obj
 0001:00045a7b       ?choco_setConstraintIndex@AbstractConstraint@@QAEXHH@Z 00446a7b f   choco:choco.obj
 0001:00045a9c       ?choco_askIfEntailed@AbstractConstraint@@QAEHXZ 00446a9c f   choco:choco.obj
 0001:00045ab6       ?choco_testIfSatisfied@AbstractConstraint@@QAEPAVClaireBoolean@@XZ 00446ab6 f   choco:choco.obj
 0001:00045ad0       ?choco_testIfCompletelyInstantiated@AbstractConstraint@@QAEPAVClaireBoolean@@XZ 00446ad0 f   choco:choco.obj
 0001:00045aea       ?choco_propagate@AbstractConstraint@@QAEXXZ 00446aea f   choco:choco.obj
 0001:00045b04       ?choco_awakeOnInf@AbstractConstraint@@QAEXH@Z 00446b04 f   choco:choco.obj
 0001:00045b24       ?choco_awakeOnSup@AbstractConstraint@@QAEXH@Z 00446b24 f   choco:choco.obj
 0001:00045b44       ?choco_awakeOnInst@AbstractConstraint@@QAEXH@Z 00446b44 f   choco:choco.obj
 0001:00045b64       ?choco_awakeOnRem@AbstractConstraint@@QAEXHH@Z 00446b64 f   choco:choco.obj
 0001:00045b88       ?choco_domainIncludedIn@IntVar@@QAEPAVClaireBoolean@@PAVlist@@@Z 00446b88 f   choco:choco.obj
 0001:00045ba8       ?choco_hasExactDomain@IntVar@@QAEPAVClaireBoolean@@XZ 00446ba8 f   choco:choco.obj
 0001:00045bc2       ?choco_getInf@IntVar@@QAEHXZ 00446bc2 f   choco:choco.obj
 0001:00045bdc       ?choco_getSup@IntVar@@QAEHXZ 00446bdc f   choco:choco.obj
 0001:00045bf6       ?choco_getNextActiveEventQueue@PropagationEngine@@QAEHXZ 00446bf6 f   choco:choco.obj
 0001:00045c10       ?choco_selectBranchingObject@AbstractBranching@@QAEHXZ 00446c10 f   choco:choco.obj
 0001:00045c2a       ?choco_goDownBranch@AbstractBranching@@QAEXHH@Z 00446c2a f   choco:choco.obj
 0001:00045c4e       ?choco_traceDownBranch@AbstractBranching@@QAEXHH@Z 00446c4e f   choco:choco.obj
 0001:00045c72       ?choco_goUpBranch@AbstractBranching@@QAEXHH@Z 00446c72 f   choco:choco.obj
 0001:00045c96       ?choco_traceUpBranch@AbstractBranching@@QAEXHH@Z 00446c96 f   choco:choco.obj
 0001:00045cba       ?choco_getFirstBranch@AbstractBranching@@QAEHH@Z 00446cba f   choco:choco.obj
 0001:00045cda       ?choco_getNextBranch@AbstractBranching@@QAEHHH@Z 00446cda f   choco:choco.obj
 0001:00045cfe       ?choco_finishedBranching@AbstractBranching@@QAEPAVClaireBoolean@@HH@Z 00446cfe f   choco:choco.obj
 0001:00045d22       ?choco_branchOn@AbstractBranching@@QAEPAVClaireBoolean@@HH@Z 00446d22 f   choco:choco.obj
 0001:00045d46       ?choco_mayExpandNewNode@GlobalSearchLimit@@QAEPAVClaireBoolean@@PAVGlobalSearchSolver@@@Z 00446d46 f   choco:choco.obj
 0001:00045d63       ?choco_domainSequence@AbstractIntDomain@@QAEPAVlist@@XZ 00446d63 f   choco:choco.obj
 0001:00045d7d       ?choco_domainSet@AbstractIntDomain@@QAEPAVset@@XZ 00446d7d f   choco:choco.obj
 0001:00045d97       ?choco_updateDomainInf@AbstractIntDomain@@QAEHH@Z 00446d97 f   choco:choco.obj
 0001:00045db7       ?choco_updateDomainSup@AbstractIntDomain@@QAEHH@Z 00446db7 f   choco:choco.obj
 0001:00045dd7       ?choco_getDomainInf@AbstractIntDomain@@QAEHXZ 00446dd7 f   choco:choco.obj
 0001:00045df1       ?choco_getDomainSup@AbstractIntDomain@@QAEHXZ 00446df1 f   choco:choco.obj
 0001:00045e0b       ?choco_containsValInDomain@AbstractIntDomain@@QAEPAVClaireBoolean@@H@Z 00446e0b f   choco:choco.obj
 0001:00045e2b       ?choco_getNextValue@AbstractIntDomain@@QAEHH@Z 00446e2b f   choco:choco.obj
 0001:00045e4b       ?choco_getPrevValue@AbstractIntDomain@@QAEHH@Z 00446e4b f   choco:choco.obj
 0001:00045e6b       ?choco_removeDomainVal@AbstractIntDomain@@QAEPAVClaireBoolean@@H@Z 00446e6b f   choco:choco.obj
 0001:00045e8b       ?choco_restrict@AbstractIntDomain@@QAEXH@Z 00446e8b f   choco:choco.obj
 0001:00045eab       ?choco_getDomainCard@AbstractIntDomain@@QAEHXZ 00446eab f   choco:choco.obj
 0001:00045ec5       ?choco_getKernel@AbstractSetDomain@@QAEPAVlist@@XZ 00446ec5 f   choco:choco.obj
 0001:00045edf       ?choco_getEnveloppe@AbstractSetDomain@@QAEPAVlist@@XZ 00446edf f   choco:choco.obj
 0001:00045ef9       ?choco_getKernelSize@AbstractSetDomain@@QAEHXZ 00446ef9 f   choco:choco.obj
 0001:00045f13       ?choco_getEnveloppeSize@AbstractSetDomain@@QAEHXZ 00446f13 f   choco:choco.obj
 0001:00045f2d       ?choco_getEnveloppeInf@AbstractSetDomain@@QAEHXZ 00446f2d f   choco:choco.obj
 0001:00045f47       ?choco_getEnveloppeSup@AbstractSetDomain@@QAEHXZ 00446f47 f   choco:choco.obj
 0001:00045f61       ?choco_isInKernel@AbstractSetDomain@@QAEPAVClaireBoolean@@H@Z 00446f61 f   choco:choco.obj
 0001:00045f81       ?choco_isInEnveloppe@AbstractSetDomain@@QAEPAVClaireBoolean@@H@Z 00446f81 f   choco:choco.obj
 0001:00045fa1       ?choco_updateKernel@AbstractSetDomain@@QAEPAVClaireBoolean@@H@Z 00446fa1 f   choco:choco.obj
 0001:00045fc1       ?choco_updateEnveloppe@AbstractSetDomain@@QAEPAVClaireBoolean@@H@Z 00446fc1 f   choco:choco.obj
 0001:00045fe1       ?choco_popSomeEvents@EventCollection@@QAEXXZ 00446fe1 f   choco:choco.obj
 0001:00045ffb       ?choco_getTruthValue@BinRelation@@QAEPAVClaireBoolean@@HH@Z 00446ffb f   choco:choco.obj
 0001:0004601f       ?choco_filter@LinComb@@QAEXPAVClaireBoolean@@H@Z 0044701f f   choco:choco.obj
 0001:00046043       ?choco_filterOnImprovedLowerBound@LinComb@@QAEPAVClaireBoolean@@XZ 00447043 f   choco:choco.obj
 0001:0004605d       ?choco_filterOnImprovedUpperBound@LinComb@@QAEPAVClaireBoolean@@XZ 0044705d f   choco:choco.obj
 0001:00046077       ?choco_selectVar@VarSelector@@QAEHXZ 00447077 f   choco:choco.obj
 0001:00046091       ?choco_isOver@ValIterator@@QAEPAVClaireBoolean@@PAVIntVar@@H@Z 00447091 f   choco:choco.obj
 0001:000460b5       ?choco_getFirstVal@ValIterator@@QAEHPAVIntVar@@@Z 004470b5 f   choco:choco.obj
 0001:000460d5       ?choco_getNextVal@ValIterator@@QAEHPAVIntVar@@H@Z 004470d5 f   choco:choco.obj
 0001:000460f9       ?choco_getBestVal@ValSelector@@QAEHPAVIntVar@@@Z 004470f9 f   choco:choco.obj
 0001:00046119       ?metaLoad@chocoClass@@QAEXXZ 00447119 f   choco:choco.obj
 0001:0006a460       ?fcall@property@@QAEHH@Z   0046b460 f i choco:choco.obj
 0001:0006a4a0       ?fcall@property@@QAEHHH@Z  0046b4a0 f i choco:choco.obj
 0001:0006a4f0       ?fcall@property@@QAEHHHH@Z 0046b4f0 f i choco:choco.obj
 0001:0006a540       ?_float_@@YAHN@Z           0046b540 f i choco:choco.obj
 0001:0006a600       ?choco_closeLargeIntConstraint_LargeIntConstraint@@YAXPAVLargeIntConstraint@@@Z 0046b600 f   choco:const.obj
 0001:0006a632       ?choco_delay_IntConstraint@@YAPAVDelayer@@PAVIntConstraint@@H@Z 0046b632 f   choco:const.obj
 0001:0006a742       ?claire_self_print_Delayer_choco@@YAXPAVDelayer@@@Z 0046b742 f   choco:const.obj
 0001:0006a875       ?choco_closeCompositeConstraint_BinCompositeConstraint@@YAXPAVBinCompositeConstraint@@@Z 0046b875 f   choco:const.obj
 0001:0006a98b       ?choco_closeCompositeConstraint_LargeCompositeConstraint@@YAXPAVLargeCompositeConstraint@@@Z 0046b98b f   choco:const.obj
 0001:0006ab30       ?choco_getNbVarsFromSubConst_LargeCompositeConstraint@@YAHPAVLargeCompositeConstraint@@@Z 0046bb30 f   choco:const.obj
 0001:0006ab44       ?choco_connectHook_any_choco@@YAHHPAVAbstractConstraint@@@Z 0046bb44 f   choco:const.obj
 0001:0006ab51       ?choco_reconnectHook_any_choco@@YAHHPAVAbstractConstraint@@@Z 0046bb51 f   choco:const.obj
 0001:0006ab5e       ?choco_disconnectHook_any_choco@@YAHHPAVAbstractConstraint@@@Z 0046bb5e f   choco:const.obj
 0001:0006ab6b       ?choco_assignIndices_AbstractConstraint@@YAHPAVAbstractConstraint@@0H@Z 0046bb6b f   choco:const.obj
 0001:0006abe3       ?choco_assignIndices_UnIntConstraint@@YAHPAVUnIntConstraint@@PAVAbstractConstraint@@H@Z 0046bbe3 f   choco:const.obj
 0001:0006ad17       ?choco_assignIndices_BinIntConstraint@@YAHPAVBinIntConstraint@@PAVAbstractConstraint@@H@Z 0046bd17 f   choco:const.obj
 0001:0006ae8e       ?choco_assignIndices_TernIntConstraint@@YAHPAVTernIntConstraint@@PAVAbstractConstraint@@H@Z 0046be8e f   choco:const.obj
 0001:0006b049       ?choco_assignIndices_LargeIntConstraint@@YAHPAVLargeIntConstraint@@PAVAbstractConstraint@@H@Z 0046c049 f   choco:const.obj
 0001:0006b0fd       ?choco_assignIndices_BinCompositeConstraint@@YAHPAVBinCompositeConstraint@@PAVAbstractConstraint@@H@Z 0046c0fd f   choco:const.obj
 0001:0006b273       ?choco_assignIndices_LargeCompositeConstraint@@YAHPAVLargeCompositeConstraint@@PAVAbstractConstraint@@H@Z 0046c273 f   choco:const.obj
 0001:0006b3aa       ?choco_setConstraintIndex_AbstractConstraint@@YAXPAVAbstractConstraint@@HH@Z 0046c3aa f   choco:const.obj
 0001:0006b40e       ?choco_setConstraintIndex_UnIntConstraint@@YAXPAVUnIntConstraint@@HH@Z 0046c40e f   choco:const.obj
 0001:0006b483       ?choco_setConstraintIndex_BinIntConstraint@@YAXPAVBinIntConstraint@@HH@Z 0046c483 f   choco:const.obj
 0001:0006b50a       ?choco_setConstraintIndex_TernIntConstraint@@YAXPAVTernIntConstraint@@HH@Z 0046c50a f   choco:const.obj
 0001:0006b5a4       ?choco_setConstraintIndex_LargeIntConstraint@@YAXPAVLargeIntConstraint@@HH@Z 0046c5a4 f   choco:const.obj
 0001:0006b62c       ?choco_setConstraintIndex_BinCompositeConstraint@@YAXPAVBinCompositeConstraint@@HH@Z 0046c62c f   choco:const.obj
 0001:0006b77c       ?choco_setConstraintIndex_LargeCompositeConstraint@@YAXPAVLargeCompositeConstraint@@HH@Z 0046c77c f   choco:const.obj
 0001:0006b9b2       ?choco_setConstraintIndex_Delayer@@YAXPAVDelayer@@HH@Z 0046c9b2 f   choco:const.obj
 0001:0006babb       ?choco_getConstraintIdx_AbstractConstraint@@YAHPAVAbstractConstraint@@H@Z 0046cabb f   choco:const.obj
 0001:0006bb1e       ?choco_getConstraintIdx_UnIntConstraint@@YAHPAVUnIntConstraint@@H@Z 0046cb1e f   choco:const.obj
 0001:0006bba4       ?choco_getConstraintIdx_BinIntConstraint@@YAHPAVBinIntConstraint@@H@Z 0046cba4 f   choco:const.obj
 0001:0006bc3a       ?choco_getConstraintIdx_TernIntConstraint@@YAHPAVTernIntConstraint@@H@Z 0046cc3a f   choco:const.obj
 0001:0006bce4       ?choco_getConstraintIdx_LargeIntConstraint@@YAHPAVLargeIntConstraint@@H@Z 0046cce4 f   choco:const.obj
 0001:0006bd7c       ?choco_getConstraintIdx_BinCompositeConstraint@@YAHPAVBinCompositeConstraint@@H@Z 0046cd7c f   choco:const.obj
 0001:0006bf01       ?choco_getConstraintIdx_LargeCompositeConstraint@@YAHPAVLargeCompositeConstraint@@H@Z 0046cf01 f   choco:const.obj
 0001:0006c154       ?choco_getConstraintIdx_Delayer@@YAHPAVDelayer@@H@Z 0046d154 f   choco:const.obj
 0001:0006c277       ?choco_getPriority_AbstractConstraint_choco@@YAHPAVAbstractConstraint@@@Z 0046d277 f   choco:const.obj
 0001:0006c281       ?choco_getPriority_Delayer_choco@@YAHPAVDelayer@@@Z 0046d281 f   choco:const.obj
 0001:0006c28c       ?choco_testIfCompletelyInstantiated_IntConstraint@@YAPAVClaireBoolean@@PAVIntConstraint@@@Z 0046d28c f   choco:const.obj
 0001:0006c454       ?choco_testIfCompletelyInstantiated_UnIntConstraint@@YAPAVClaireBoolean@@PAVUnIntConstraint@@@Z 0046d454 f   choco:const.obj
 0001:0006c588       ?choco_testIfCompletelyInstantiated_BinIntConstraint@@YAPAVClaireBoolean@@PAVBinIntConstraint@@@Z 0046d588 f   choco:const.obj
 0001:0006c749       ?choco_testIfCompletelyInstantiated_TernIntConstraint@@YAPAVClaireBoolean@@PAVTernIntConstraint@@@Z 0046d749 f   choco:const.obj
 0001:0006c97c       ?choco_testIfCompletelyInstantiated_LargeIntConstraint@@YAPAVClaireBoolean@@PAVLargeIntConstraint@@@Z 0046d97c f   choco:const.obj
 0001:0006cb2f       ?choco_testIfCompletelyInstantiated_BinCompositeConstraint@@YAPAVClaireBoolean@@PAVBinCompositeConstraint@@@Z 0046db2f f   choco:const.obj
 0001:0006ccf0       ?choco_testIfCompletelyInstantiated_LargeCompositeConstraint@@YAPAVClaireBoolean@@PAVLargeCompositeConstraint@@@Z 0046dcf0 f   choco:const.obj
 0001:0006cfac       ?choco_getNbVars_AbstractConstraint@@YAHPAVAbstractConstraint@@@Z 0046dfac f   choco:const.obj
 0001:0006d00a       ?choco_getNbVars_UnIntConstraint@@YAHPAVUnIntConstraint@@@Z 0046e00a f   choco:const.obj
 0001:0006d014       ?choco_getNbVars_BinIntConstraint@@YAHPAVBinIntConstraint@@@Z 0046e014 f   choco:const.obj
 0001:0006d01e       ?choco_getNbVars_TernIntConstraint@@YAHPAVTernIntConstraint@@@Z 0046e01e f   choco:const.obj
 0001:0006d028       ?choco_getNbVars_LargeIntConstraint@@YAHPAVLargeIntConstraint@@@Z 0046e028 f   choco:const.obj
 0001:0006d033       ?choco_getNbVars_LargeCompositeConstraint@@YAHPAVLargeCompositeConstraint@@@Z 0046e033 f   choco:const.obj
 0001:0006d077       ?choco_getNbVars_BinCompositeConstraint@@YAHPAVBinCompositeConstraint@@@Z 0046e077 f   choco:const.obj
 0001:0006d19d       ?choco_getVar_AbstractConstraint_choco@@YAPAVAbstractVar@@PAVAbstractConstraint@@H@Z 0046e19d f   choco:const.obj
 0001:0006d31e       ?choco_getVar_UnIntConstraint_choco@@YAPAVAbstractVar@@PAVUnIntConstraint@@H@Z 0046e31e f   choco:const.obj
 0001:0006d38c       ?choco_getVar_BinIntConstraint_choco@@YAPAVAbstractVar@@PAVBinIntConstraint@@H@Z 0046e38c f   choco:const.obj
 0001:0006d41d       ?choco_getVar_TernIntConstraint_choco@@YAPAVAbstractVar@@PAVTernIntConstraint@@H@Z 0046e41d f   choco:const.obj
 0001:0006d4c2       ?choco_getVar_LargeIntConstraint_choco@@YAPAVAbstractVar@@PAVLargeIntConstraint@@H@Z 0046e4c2 f   choco:const.obj
 0001:0006d580       ?choco_getVar_LargeCompositeConstraint_choco@@YAPAVAbstractVar@@PAVLargeCompositeConstraint@@H@Z 0046e580 f   choco:const.obj
 0001:0006d807       ?choco_getVar_BinCompositeConstraint_choco@@YAPAVAbstractVar@@PAVBinCompositeConstraint@@H@Z 0046e807 f   choco:const.obj
 0001:0006d97e       ?choco_disconnect_AbstractConstraint_choco@@YAXPAVAbstractConstraint@@@Z 0046e97e f   choco:const.obj
 0001:0006d9da       ?choco_connect_AbstractConstraint_choco@@YAXPAVAbstractConstraint@@@Z 0046e9da f   choco:const.obj
 0001:0006da36       ?choco_opposite_AbstractConstraint@@YAPAVAbstractConstraint@@PAV1@@Z 0046ea36 f   choco:const.obj
 0001:0006da95       ?choco_askIfEntailed_AbstractConstraint@@YAHPAVAbstractConstraint@@@Z 0046ea95 f   choco:const.obj
 0001:0006db06       ?choco_propagate_Ephemeral@@YAXPAVEphemeral@@@Z 0046eb06 f   choco:const.obj
 0001:0006db62       ?choco_awakeOnInf_AbstractConstraint@@YAXPAVAbstractConstraint@@H@Z 0046eb62 f   choco:const.obj
 0001:0006db76       ?choco_awakeOnSup_AbstractConstraint@@YAXPAVAbstractConstraint@@H@Z 0046eb76 f   choco:const.obj
 0001:0006db8a       ?choco_awakeOnInst_AbstractConstraint@@YAXPAVAbstractConstraint@@H@Z 0046eb8a f   choco:const.obj
 0001:0006db9e       ?choco_awakeOnRem_AbstractConstraint@@YAXPAVAbstractConstraint@@HH@Z 0046eb9e f   choco:const.obj
 0001:0006dbb2       ?choco_awakeOnVar_AbstractConstraint@@YAXPAVAbstractConstraint@@H@Z 0046ebb2 f   choco:const.obj
 0001:0006dbc6       ?choco_awake_AbstractConstraint_choco@@YAXPAVAbstractConstraint@@@Z 0046ebc6 f   choco:const.obj
 0001:0006dbda       ?choco_awakeOnKer_AbstractConstraint@@YAXPAVAbstractConstraint@@H@Z 0046ebda f   choco:const.obj
 0001:0006dbee       ?choco_awakeOnEnv_AbstractConstraint@@YAXPAVAbstractConstraint@@H@Z 0046ebee f   choco:const.obj
 0001:0006dc02       ?choco_awakeOnInstSet_AbstractConstraint@@YAXPAVAbstractConstraint@@H@Z 0046ec02 f   choco:const.obj
 0001:0006dc16       ?choco_testIfSatisfied_AbstractConstraint@@YAPAVClaireBoolean@@PAVAbstractConstraint@@@Z 0046ec16 f   choco:const.obj
 0001:0006dc77       ?choco_testIfCompletelyInstantiated_AbstractConstraint@@YAPAVClaireBoolean@@PAVAbstractConstraint@@@Z 0046ec77 f   choco:const.obj
 0001:0006dcd8       ?choco_propagate_UnIntConstraint@@YAXPAVUnIntConstraint@@@Z 0046ecd8 f   choco:const.obj
 0001:0006dcff       ?choco_propagate_BinIntConstraint@@YAXPAVBinIntConstraint@@@Z 0046ecff f   choco:const.obj
 0001:0006dd48       ?choco_propagate_LargeIntConstraint@@YAXPAVLargeIntConstraint@@@Z 0046ed48 f   choco:const.obj
 0001:0006dd9b       ?choco_doAwake_AbstractConstraint@@YAXPAVAbstractConstraint@@@Z 0046ed9b f   choco:const.obj
 0001:0006ddbd       ?choco_doPropagate_AbstractConstraint@@YAXPAVAbstractConstraint@@@Z 0046edbd f   choco:const.obj
 0001:0006ddd1       ?choco_doAwakeOnInf_AbstractConstraint@@YAXPAVAbstractConstraint@@H@Z 0046edd1 f   choco:const.obj
 0001:0006dde9       ?choco_doAwakeOnSup_AbstractConstraint@@YAXPAVAbstractConstraint@@H@Z 0046ede9 f   choco:const.obj
 0001:0006de01       ?choco_doAwakeOnInst_AbstractConstraint@@YAXPAVAbstractConstraint@@H@Z 0046ee01 f   choco:const.obj
 0001:0006de19       ?choco_doAwakeOnKer_AbstractConstraint@@YAXPAVAbstractConstraint@@H@Z 0046ee19 f   choco:const.obj
 0001:0006de40       ?choco_doAwakeOnEnv_AbstractConstraint@@YAXPAVAbstractConstraint@@H@Z 0046ee40 f   choco:const.obj
 0001:0006de67       ?choco_doAwakeOnInstSet_AbstractConstraint@@YAXPAVAbstractConstraint@@H@Z 0046ee67 f   choco:const.obj
 0001:0006de8e       ?choco_doAwakeOnRem_AbstractConstraint@@YAXPAVAbstractConstraint@@HH@Z 0046ee8e f   choco:const.obj
 0001:0006deaa       ?choco_doAwakeOnVar_AbstractConstraint@@YAXPAVAbstractConstraint@@H@Z 0046eeaa f   choco:const.obj
 0001:0006dec2       ?choco_askIfTrue_AbstractConstraint@@YAHPAVAbstractConstraint@@@Z 0046eec2 f   choco:const.obj
 0001:0006ded6       ?choco_testIfTrue_AbstractConstraint@@YAPAVClaireBoolean@@PAVAbstractConstraint@@@Z 0046eed6 f   choco:const.obj
 0001:0006df07       ?choco_testIfInstantiated_AbstractConstraint@@YAPAVClaireBoolean@@PAVAbstractConstraint@@@Z 0046ef07 f   choco:const.obj
 0001:0006df38       ?choco_abstractIncInf_AbstractConstraint@@YAPAVClaireBoolean@@PAVAbstractConstraint@@H@Z 0046ef38 f   choco:const.obj
 0001:0006df42       ?choco_abstractDecSup_AbstractConstraint@@YAPAVClaireBoolean@@PAVAbstractConstraint@@H@Z 0046ef42 f   choco:const.obj
 0001:0006df4c       ?choco_abstractInstantiate_AbstractConstraint@@YAPAVClaireBoolean@@PAVAbstractConstraint@@H@Z 0046ef4c f   choco:const.obj
 0001:0006df56       ?choco_abstractRemoveVal_AbstractConstraint@@YAPAVClaireBoolean@@PAVAbstractConstraint@@HH@Z 0046ef56 f   choco:const.obj
 0001:0006df60       ?choco_awakeOnInf_Delayer@@YAXPAVDelayer@@H@Z 0046ef60 f   choco:const.obj
 0001:0006e094       ?choco_awakeOnSup_Delayer@@YAXPAVDelayer@@H@Z 0046f094 f   choco:const.obj
 0001:0006e1c8       ?choco_awakeOnInst_Delayer@@YAXPAVDelayer@@H@Z 0046f1c8 f   choco:const.obj
 0001:0006e2fc       ?choco_awakeOnRem_Delayer@@YAXPAVDelayer@@HH@Z 0046f2fc f   choco:const.obj
 0001:0006e433       ?choco_testIfSatisfied_Delayer@@YAPAVClaireBoolean@@PAVDelayer@@@Z 0046f433 f   choco:const.obj
 0001:0006e567       ?choco_testIfCompletelyInstantiated_Delayer@@YAPAVClaireBoolean@@PAVDelayer@@@Z 0046f567 f   choco:const.obj
 0001:0006e69b       ?choco_getNbVars_Delayer@@YAHPAVDelayer@@@Z 0046f69b f   choco:const.obj
 0001:0006e7b9       ?choco_askIfEntailed_Delayer@@YAHPAVDelayer@@@Z 0046f7b9 f   choco:const.obj
 0001:0006e8d7       ?choco_propagate_Delayer@@YAXPAVDelayer@@@Z 0046f8d7 f   choco:const.obj
 0001:0006e9e6       ?choco_awake_Delayer_choco@@YAXPAVDelayer@@@Z 0046f9e6 f   choco:const.obj
 0001:0006eae6       ?choco_getVar_Delayer_choco@@YAPAVAbstractVar@@PAVDelayer@@H@Z 0046fae6 f   choco:const.obj
 0001:0006ec02       ?choco_addIntVar_Problem@@YAXPAVProblem@@PAVIntVar@@@Z 0046fc02 f   choco:const.obj
 0001:0006ed2f       ?choco_connect_IntConstraint_choco@@YAXPAVIntConstraint@@@Z 0046fd2f f   choco:const.obj
 0001:0006eedd       ?choco_connect_UnIntConstraint_choco@@YAXPAVUnIntConstraint@@@Z 0046fedd f   choco:const.obj
 0001:0006f00e       ?choco_connect_BinIntConstraint_choco@@YAXPAVBinIntConstraint@@@Z 0047000e f   choco:const.obj
 0001:0006f15d       ?choco_connect_TernIntConstraint_choco@@YAXPAVTernIntConstraint@@@Z 0047015d f   choco:const.obj
 0001:0006f2ca       ?choco_connect_LargeIntConstraint_choco@@YAXPAVLargeIntConstraint@@@Z 004702ca f   choco:const.obj
 0001:0006f432       ?choco_connect_CompositeConstraint_choco@@YAXPAVCompositeConstraint@@@Z 00470432 f   choco:const.obj
 0001:0006f56d       ?choco_connect_Delayer_choco@@YAXPAVDelayer@@@Z 0047056d f   choco:const.obj
 0001:0006f6c7       ?choco_connectIntVar_AbstractConstraint1@@YAXPAVAbstractConstraint@@PAVIntVar@@H@Z 004706c7 f   choco:const.obj
 0001:0006f6fa       ?choco_connectIntVar_AbstractConstraint2@@YAXPAVAbstractConstraint@@PAVIntVar@@HPAVClaireBoolean@@222@Z 004706fa f   choco:const.obj
 0001:0006f8c2       ?choco_connectIntVarEvents_IntVar_choco@@YAXPAVIntVar@@PAVClaireBoolean@@111@Z 004708c2 f   choco:const.obj
 0001:0006fa25       ?choco_connectEvent_VarEvent@@YAXPAVVarEvent@@HPAVClaireBoolean@@@Z 00470a25 f   choco:const.obj
 0001:0006fc12       ?choco_disconnectIntVar_IntVar@@YAXPAVIntVar@@H@Z 00470c12 f   choco:const.obj
 0001:0006fc53       ?choco_disconnectIntVarEvents_IntVar_choco@@YAXPAVIntVar@@HPAVClaireBoolean@@111@Z 00470c53 f   choco:const.obj
 0001:0006fdc6       ?choco_disconnectEvent_VarEvent@@YAXPAVVarEvent@@H@Z 00470dc6 f   choco:const.obj
 0001:0007009b       ?choco_connectSetVar_AbstractConstraint1@@YAXPAVAbstractConstraint@@PAVSetVar@@H@Z 0047109b f   choco:const.obj
 0001:000700c8       ?choco_connectSetVar_AbstractConstraint2@@YAXPAVAbstractConstraint@@PAVSetVar@@HPAVClaireBoolean@@22@Z 004710c8 f   choco:const.obj
 0001:0007027e       ?choco_connectSetVarEvents_SetVar_choco@@YAXPAVSetVar@@PAVClaireBoolean@@11@Z 0047127e f   choco:const.obj
 0001:000703bf       ?choco_disconnectSetVar_SetVar@@YAXPAVSetVar@@H@Z 004713bf f   choco:const.obj
 0001:000703fa       ?choco_disconnectSetVarEvents_SetVar_choco@@YAXPAVSetVar@@HPAVClaireBoolean@@11@Z 004713fa f   choco:const.obj
 0001:00070547       ?choco_reconnectSetVar_SetVar@@YAXPAVSetVar@@H@Z 00471547 f   choco:const.obj
 0001:00070582       ?choco_reconnectSetVarEvents_SetVar_choco@@YAXPAVSetVar@@HPAVClaireBoolean@@11@Z 00471582 f   choco:const.obj
 0001:000706cf       ?choco_disconnect_UnIntConstraint_choco@@YAXPAVUnIntConstraint@@@Z 004716cf f   choco:const.obj
 0001:00070802       ?choco_disconnect_BinIntConstraint_choco@@YAXPAVBinIntConstraint@@@Z 00471802 f   choco:const.obj
 0001:00070952       ?choco_disconnect_TernIntConstraint_choco@@YAXPAVTernIntConstraint@@@Z 00471952 f   choco:const.obj
 0001:00070ac2       ?choco_disconnect_LargeIntConstraint_choco@@YAXPAVLargeIntConstraint@@@Z 00471ac2 f   choco:const.obj
 0001:00070c36       ?choco_disconnect_Delayer_choco@@YAXPAVDelayer@@@Z 00471c36 f   choco:const.obj
 0001:00070d68       ?choco_reconnect_UnIntConstraint_choco@@YAXPAVUnIntConstraint@@@Z 00471d68 f   choco:const.obj
[...]
 0003:00032674       ??_C@_02EPOC@_I?$AA@       00681674     Kernel:Clport.obj
 0003:00032678       ??_C@_04DGGD@_ask?$AA@     00681678     Kernel:Clport.obj
 0003:00032680       ??_C@_05GCKN@_star?$AA@    00681680     Kernel:Clport.obj
 0003:00032688       ??_C@_02BJCL@_Z?$AA@       00681688     Kernel:Clport.obj
 0003:0003268c       ??_C@_05CGBA@_plus?$AA@    0068168c     Kernel:Clport.obj
 0003:00032694       ??_C@_05BJAO@_dash?$AA@    00681694     Kernel:Clport.obj
 0003:0003269c       ??_C@_04KEMD@_and?$AA@     0068169c     Kernel:Clport.obj
 0003:000326a4       ??_C@_0L@LJCJ@_backslash?$AA@ 006816a4     Kernel:Clport.obj
 0003:000326b0       ??_C@_02LKHI@_7?$AA@       006816b0     Kernel:Clport.obj
 0003:000326b4       ??_C@_04BFF@_dot?$AA@      006816b4     Kernel:Clport.obj
 0003:000326bc       ??_C@_05CKH@ms?4?5?6?$AA@  006816bc     Kernel:Clport.obj
 0003:000326c4       ??_C@_0BB@NFFF@?$FN?5Elapsed?5time?3?5?$AA@ 006816c4     Kernel:Clport.obj
 0003:000326d8       ??_C@_08OMEM@Counter?$FL?$AA@ 006816d8     Kernel:Clport.obj
 0003:000326e8       ?CKernelRelease@@3NA       006816e8     Kernel:Clenv.obj
 0003:000326f0       ??_C@_0P@GBCA@System?5Error?3?5?$AA@ 006816f0     Kernel:Clenv.obj
 0003:00032700       ??_C@_07FELA@?5?$FLline?5?$AA@ 00681700     Kernel:Clenv.obj
 0003:00032708       ??_C@_0BN@BEGA@Assertion?5violation?5in?5file?5?$AA@ 00681708     Kernel:Clenv.obj
 0003:00032728       ??_C@_0CK@JDPK@Aha?5?$CB?5?$FOC?5was?5entered?5on?5a?5PC?5?4?4?4@ 00681728     Kernel:Clenv.obj
 0003:00032754       ??_C@_0DA@BAAD@?6An?5error?5has?5occured?5in?5the?5com@ 00681754     Kernel:Clenv.obj
 0003:00032784       ??_C@_0CK@JLGA@increasing?5memory?5size?5by?52?$FO?$CFd?5a@ 00681784     Console:clConsole.obj
 0003:000327b0       ??_C@_02INOP@?9s?$AA@      006817b0     Console:clConsole.obj
 0003:000327b4       ??_C@_0DK@KICL@There?5is?5not?5enough?5memory?5for?5C@ 006817b4     Console:clConsole.obj
 0003:000327f0       ??_C@_08JOEH@?0?5line?3?5?$AA@ 006817f0     Console:clConsole.obj
 0003:000327fc       ??_C@_0M@PJAG@?9?9?9?9?5file?3?5?$AA@ 006817fc     Console:clConsole.obj
 0003:00032808       ??_C@_03BIJ@?$FN?$DO?5?$AA@ 00681808     Console:clConsole.obj
 0003:0003280c       ??_C@_05PLJF@eval?$FL?$AA@ 0068180c     Console:clConsole.obj
 0003:00032814       ??_C@_02CPLA@?$DO?5?$AA@   00681814     Console:clConsole.obj
 0003:00032818       ??_C@_0CO@MOBO@?$DO?$DO?$DO?$DO?$DO?$DO?$DO?$DO?$DO?$DO?$DO?$DO?$DO?$DO?5please?5fix?5the?5in@ 00681818     Console:clConsole.obj
 0003:00032848       ??_C@_0CA@IELM@d?3?2claire?2v2?49?2src?2make?2init?4cl?$AA@ 00681848     Console:clConsole.obj
 0003:00032868       ??_C@_0CL@PFHB@?9?9?9?9?9?9?9?9?9?9?9?9?9?9?9?5Debug?5?9?9?9?9?9?9?9?9?9?9@ 00681868     Console:clConsole.obj
 0003:00032894       ??_C@_02CEFE@?9f?$AA@      00681894     Console:clConsole.obj
 0003:00032898       ??_C@_0L@MAIF@?$CFs?$FL?$CFd?3?$CFd?$FN?$CI?$AA@ 00681898     Console:clConsole.obj
 0003:000328a4       ??_C@_07NPDM@?$DM?$CFs?3?$CFd?$DO?$AA@ 006818a4     Console:clConsole.obj
 0003:000328ac       ??_C@_07BKHE@method?$DM?$AA@ 006818ac     Console:clConsole.obj
 0003:000328b4       ??_C@_05NPA@slot?$DM?$AA@  006818b4     Console:clConsole.obj
 0003:000328bc       ??_C@_04ELGI@?8?$CFc?8?$AA@ 006818bc     Console:clConsole.obj
 0003:000328c4       ??_C@_06GNAI@CFALSE?$AA@   006818c4     Console:clConsole.obj
 0003:000328cc       ??_C@_05FEDN@CTRUE?$AA@    006818cc     Console:clConsole.obj
 0003:000328d4       ??_C@_03MEAP@?8?$CFs?$AA@  006818d4     Console:clConsole.obj
 0003:000328d8       ??_C@_06HLEI@?$EA?$CFd?6?0?5?$AA@ 006818d8     Console:clConsole.obj
 0003:000328e0       ??_C@_05CLBC@EMPTY?$AA@    006818e0     Console:clConsole.obj
 0003:000328e8       ??_C@_0O@PCKO@Chunk?$FL?$CFd?3?$CFd?$FN?$CI?$AA@ 006818e8     Console:clConsole.obj
 0003:000328f8       ??_C@_07DBHD@NOTHING?$AA@  006818f8     Console:clConsole.obj
 0003:00032900       ??_C@_05OIDB@CNULL?$AA@    00681900     Console:clConsole.obj
 0003:00032908       ??_C@_04HPGM@?$CFs?3?5?$AA@ 00681908     Console:clConsole.obj
 0003:00032910       __aexit_rtn                00681910     LIBC:crt0.obj
 0003:00032914       ___app_type                00681914     LIBC:crt0.obj
 0003:00032920       __fltused                  00681920     LIBC:fpinit.obj
 0003:00032924       __ldused                   00681924     LIBC:fpinit.obj
 0003:00032928       __FPinit                   00681928     LIBC:fpinit.obj
 0003:0003292c       __FPmtinit                 0068192c     LIBC:fpinit.obj
 0003:00032930       __FPmtterm                 00681930     LIBC:fpinit.obj
 0003:00032940       __half                     00681940     LIBC:pow.obj
 0003:00032958       __iob                      00681958     LIBC:_file.obj
 0003:00032bd8       __XcptActTab               00681bd8     LIBC:winxfltr.obj
 0003:00032c50       __First_FPE_Indx           00681c50     LIBC:winxfltr.obj
 0003:00032c54       __Num_FPE                  00681c54     LIBC:winxfltr.obj
 0003:00032c58       __XcptActTabCount          00681c58     LIBC:winxfltr.obj
 0003:00032c5c       __fpecode                  00681c5c     LIBC:winxfltr.obj
 0003:00032c60       ___badioinfo               00681c60     LIBC:ioinit.obj
 0003:00032c68       __amblksiz                 00681c68     LIBC:heapinit.obj
 0003:00032c6c       __NLG_Destination          00681c6c     LIBC:exsup.obj
 0003:00032d10       __cfltcvt_tab              00681d10     LIBC:cmiscdat.obj
 0003:00032d30       __infinity                 00681d30     LIBC:87tran.obj
 0003:00032d3a       __minfinity                00681d3a     LIBC:87tran.obj
 0003:00032d44       __logemax                  00681d44     LIBC:87tran.obj
 0003:00032d74       __OP_EXPjmptab             00681d74     LIBC:87tran.obj
 0003:00032da0       __indefinite               00681da0     LIBC:87disp.obj
 0003:00032daa       __piby2                    00681daa     LIBC:87disp.obj
 0003:00032dbc       __cpower                   00681dbc     LIBC:87disp.obj
 0003:00032dd0       __pctype                   00681dd0     LIBC:ctype.obj
 0003:00032dd4       __pwctype                  00681dd4     LIBC:ctype.obj
 0003:00032dd8       __ctype                    00681dd8     LIBC:ctype.obj
 0003:00032fdc       ___mb_cur_max              00681fdc     LIBC:nlsdata1.obj
 0003:00032fe0       ___decimal_point           00681fe0     LIBC:nlsdata1.obj
 0003:00032fe4       ___decimal_point_length    00681fe4     LIBC:nlsdata1.obj
 0003:00032fe8       __timezone                 00681fe8     LIBC:timeset.obj
 0003:00032fec       __daylight                 00681fec     LIBC:timeset.obj
 0003:00032ff0       __dstbias                  00681ff0     LIBC:timeset.obj
 0003:00033074       __tzname                   00682074     LIBC:timeset.obj
 0003:0003309c       ___nullstring              0068209c     LIBC:output.obj
 0003:000330a0       ___wnullstring             006820a0     LIBC:output.obj
 0003:00033180       __d_inf                    00682180     LIBC:util.obj
 0003:00033188       __d_ind                    00682188     LIBC:util.obj
 0003:00033190       __d_max                    00682190     LIBC:util.obj
 0003:00033198       __d_min                    00682198     LIBC:util.obj
 0003:000331a0       __d_mzero                  006821a0     LIBC:util.obj
 0003:000331e0       ___sbh_threshold           006821e0     LIBC:sbheap.obj
 0003:00033480       __lpdays                   00682480     LIBC:days.obj
 0003:000334b4       __days                     006824b4     LIBC:days.obj
 0003:000334f0       __matherr_flag             006824f0     LIBC:matherr.obj
 0003:00033668       __p_overlay                00682668     LIBC:dospawn.obj
 0003:00033670       __pow10pos                 00682670     LIBC:constpow.obj
 0003:000337d0       __pow10neg                 006827d0     LIBC:constpow.obj
 0003:0003dc00       ?Core@@3VCoreClass@@A      0068cc00     Core:Core.obj
 0003:0003df08       ??_C@_00A@?$AA@            0068cf08     Core:function.obj
 0003:0003df10       ?Language@@3VLanguageClass@@A 0068cf10     Language:Language.obj
 0003:0003e15c       ?iClaire@@3VNameSpace@@A   0068d15c     Language:Language.obj
 0003:0003e160       ?Reader@@3VReaderClass@@A  0068d160     Reader:Reader.obj
 0003:0003e418       ?choco@@3VchocoClass@@A    0068d418     choco:choco.obj
 0003:0003f180       ?ice@@3ViceClass@@A        0068e180     ice:ice.obj
 0003:0003f390       ?palm@@3VpalmClass@@A      0068e390     palm:palm.obj
 0003:0003fe98       ?ptidej@@3VptidejClass@@A  0068ee98     ptidej:ptidej.obj
 0003:000402d8       ?mClaire@@3VNameSpace@@A   0068f2d8     Kernel:Kernel.obj
 0003:000402dc       ?claire@@3VNameSpace@@A    0068f2dc     Kernel:Kernel.obj
 0003:000402e0       ?Kernel@@3VKernelClass@@A  0068f2e0     Kernel:Kernel.obj
 0003:00040620       ?ClEnv@@3PAVClaireEnvironment@@A 0068f620     Kernel:Kernel.obj
 0003:00040624       ?CNULL@@3HA                0068f624     Kernel:Kernel.obj
 0003:00040628       ?ClRes@@3PAVClaireResource@@A 0068f628     Kernel:Kernel.obj
 0003:0004062c       ?CFALSE@@3PAVClaireBoolean@@A 0068f62c     Kernel:Kernel.obj
 0003:00040630       ?ClAlloc@@3PAVClaireAllocation@@A 0068f630     Kernel:Clalloc.OBJ
 0003:00040634       ?CL_dummy@@3PAHA           0068f634     Kernel:Clalloc.OBJ
 0003:00040638       ?Cmemory@@3PAHA            0068f638     Kernel:Clalloc.OBJ
 0003:0004063c       ?BadGuy@@3HA               0068f63c     Kernel:Clalloc.OBJ
 0003:00040640       ?maxIndex@@3HA             0068f640     Kernel:Clalloc.OBJ
 0003:00040644       ?MyMark@@3PAVCPFile@@A     0068f644     Kernel:Clport.obj
 0003:000406ac       ?store_d@@3HA              0068f6ac     Console:clConsole.obj
 0003:000406b0       ?store_i@@3HA              0068f6b0     Console:clConsole.obj
 0003:000406b4       ?store_b@@3HA              0068f6b4     Console:clConsole.obj
 0003:000406b8       ?STACK@@3PAVlist@@A        0068f6b8     Console:clConsole.obj
 0003:000406bc       ?NBEVAL@@3HA               0068f6bc     Console:clConsole.obj
 0003:000406c0       ?MODE@@3HA                 0068f6c0     Console:clConsole.obj
 0003:000406c4       __aenvptr                  0068f6c4     LIBC:crt0.obj
 0003:000406c8       __wenvptr                  0068f6c8     LIBC:crt0.obj
 0003:000406cc       ___error_mode              0068f6cc     LIBC:crt0.obj
 0003:000406d0       ___fastflag                0068f6d0     LIBC:fpinit.obj
 0003:000406d4       __adjust_fdiv              0068f6d4     LIBC:fpinit.obj
 0003:0004072c       _errno                     0068f72c     LIBC:crt0dat.obj
 0003:00040730       __doserrno                 0068f730     LIBC:crt0dat.obj
 0003:00040734       __umaskval                 0068f734     LIBC:crt0dat.obj
 0003:00040738       __osver                    0068f738     LIBC:crt0dat.obj
 0003:0004073c       __winver                   0068f73c     LIBC:crt0dat.obj
 0003:00040740       __winmajor                 0068f740     LIBC:crt0dat.obj
 0003:00040744       __winminor                 0068f744     LIBC:crt0dat.obj
 0003:00040748       ___argc                    0068f748     LIBC:crt0dat.obj
 0003:0004074c       ___argv                    0068f74c     LIBC:crt0dat.obj
 0003:00040750       ___wargv                   0068f750     LIBC:crt0dat.obj
 0003:00040754       __environ                  0068f754     LIBC:crt0dat.obj
 0003:00040758       ___initenv                 0068f758     LIBC:crt0dat.obj
 0003:0004075c       __wenviron                 0068f75c     LIBC:crt0dat.obj
 0003:00040760       ___winitenv                0068f760     LIBC:crt0dat.obj
 0003:00040764       __pgmptr                   0068f764     LIBC:crt0dat.obj
 0003:00040768       __wpgmptr                  0068f768     LIBC:crt0dat.obj
 0003:0004076c       __exitflag                 0068f76c     LIBC:crt0dat.obj
 0003:00040770       __C_Termination_Done       0068f770     LIBC:crt0dat.obj
 0003:00040774       __C_Exit_Done              0068f774     LIBC:crt0dat.obj
 0003:00040778       __cflush                   0068f778     LIBC:_file.obj
 0003:0004077c       __pxcptinfoptrs            0068f77c     LIBC:winxfltr.obj
 0003:00040888       __adbgmsg                  0068f888     LIBC:crt0msg.obj
 0003:00040984       __stdbuf                   0068f984     LIBC:_sftbuf.obj
 0003:0004098c       __newmode                  0068f98c     LIBC:_newmode.obj
 0003:00040990       ?_pnhHeap@@3P6AHI@ZA       0068f990     LIBC:handler.obj
 0003:000409dc       ___lc_handle               0068f9dc     LIBC:nlsdata2.obj
 0003:000409f4       ___lc_codepage             0068f9f4     LIBC:nlsdata2.obj
 0003:000409f8       ___lc_collate_cp           0068f9f8     LIBC:nlsdata2.obj
 0003:00040a04       __commode                  0068fa04     LIBC:ncommode.obj
 0003:00040a08       __fmode                    0068fa08     LIBC:txtmode.obj
 0003:00040a0c       ___mbcodepage              0068fa0c     <common>
 0003:00040a90       ___mbulinfo                0068fa90     <common>
 0003:00040a9c       ___ismbcodepage            0068fa9c     <common>
 0003:00040aa0       __mbcasemap                0068faa0     <common>
 0003:00040ba0       __mbctype                  0068fba0     <common>
 0003:00040ca4       ___mblcid                  0068fca4     <common>
 0003:00040ca8       ___sbh_sizeHeaderList      0068fca8     <common>
 0003:00040cb8       ___sbh_indGroupDefer       0068fcb8     <common>
 0003:00040cbc       ___sbh_pHeaderScan         0068fcbc     <common>
 0003:00040cc0       ___sbh_pHeaderDefer        0068fcc0     <common>
 0003:00040cc4       ___sbh_cntHeaderList       0068fcc4     <common>
 0003:00040cc8       ___sbh_pHeaderList         0068fcc8     <common>
 0003:00040ccc       __crtheap                  0068fccc     <common>
 0003:00040ce0       ___pioinfo                 0068fce0     <common>
 0003:00040e1c       __nhandle                  0068fe1c     <common>
 0003:00040e20       ___piob                    0068fe20     <common>
 0003:00041160       __bufin                    00690160     <common>
 0003:00042160       __nstream                  00691160     <common>
 0003:00042164       ___env_initialized         00691164     <common>
 0003:00042174       ___mbctype_initialized     00691174     <common>
 0003:00042178       ___onexitend               00691178     <common>
 0003:0004217c       ___onexitbegin             0069117c     <common>
 0003:00042180       __setjmpexused             00691180     <common>
 0003:0004218c       __acmdln                   0069118c     <common>
 0004:00000000       __IMPORT_DESCRIPTOR_KERNEL32 00692000     kernel32:KERNEL32.dll
 0004:00000014       __NULL_IMPORT_DESCRIPTOR   00692014     kernel32:KERNEL32.dll
 0004:00000168       __imp__GetProcAddress@8    00692168     kernel32:KERNEL32.dll
 0004:0000016c       __imp__GetVersion@0        0069216c     kernel32:KERNEL32.dll
 0004:00000170       __imp__ExitProcess@4       00692170     kernel32:KERNEL32.dll
 0004:00000174       __imp__GetTimeZoneInformation@4 00692174     kernel32:KERNEL32.dll
 0004:00000178       __imp__GetSystemTime@4     00692178     kernel32:KERNEL32.dll
 0004:0000017c       __imp__GetLocalTime@4      0069217c     kernel32:KERNEL32.dll
 0004:00000180       __imp__GetSystemTimeAsFileTime@4 00692180     kernel32:KERNEL32.dll
 0004:00000184       __imp__GetLastError@0      00692184     kernel32:KERNEL32.dll
 0004:00000188       __imp__SetConsoleCtrlHandler@8 00692188     kernel32:KERNEL32.dll
 0004:0000018c       __imp__TerminateProcess@8  0069218c     kernel32:KERNEL32.dll
 0004:00000190       __imp__GetCurrentProcess@0 00692190     kernel32:KERNEL32.dll
 0004:00000194       __imp__HeapAlloc@12        00692194     kernel32:KERNEL32.dll
 0004:00000198       __imp__UnhandledExceptionFilter@4 00692198     kernel32:KERNEL32.dll
 0004:0000019c       __imp__GetModuleFileNameA@12 0069219c     kernel32:KERNEL32.dll
 0004:000001a0       __imp__FreeEnvironmentStringsA@4 006921a0     kernel32:KERNEL32.dll
 0004:000001a4       __imp__FreeEnvironmentStringsW@4 006921a4     kernel32:KERNEL32.dll
 0004:000001a8       __imp__WideCharToMultiByte@32 006921a8     kernel32:KERNEL32.dll
 0004:000001ac       __imp__GetEnvironmentStrings@0 006921ac     kernel32:KERNEL32.dll
 0004:000001b0       __imp__GetEnvironmentStringsW@0 006921b0     kernel32:KERNEL32.dll
 0004:000001b4       __imp__SetHandleCount@4    006921b4     kernel32:KERNEL32.dll
 0004:000001b8       __imp__GetStdHandle@4      006921b8     kernel32:KERNEL32.dll
 0004:000001bc       __imp__GetFileType@4       006921bc     kernel32:KERNEL32.dll
 0004:000001c0       __imp__GetStartupInfoA@4   006921c0     kernel32:KERNEL32.dll
 0004:000001c4       __imp__HeapDestroy@4       006921c4     kernel32:KERNEL32.dll
 0004:000001c8       __imp__HeapCreate@12       006921c8     kernel32:KERNEL32.dll
 0004:000001cc       __imp__VirtualFree@12      006921cc     kernel32:KERNEL32.dll
 0004:000001d0       __imp__HeapFree@12         006921d0     kernel32:KERNEL32.dll
 0004:000001d4       __imp__RtlUnwind@16        006921d4     kernel32:KERNEL32.dll
 0004:000001d8       __imp__WriteFile@20        006921d8     kernel32:KERNEL32.dll
 0004:000001dc       __imp__GetCommandLineA@0   006921dc     kernel32:KERNEL32.dll
 0004:000001e0       __imp__GetModuleHandleA@4  006921e0     kernel32:KERNEL32.dll
 0004:000001e4       __imp__RaiseException@16   006921e4     kernel32:KERNEL32.dll
 0004:000001e8       __imp__ReadFile@20         006921e8     kernel32:KERNEL32.dll
 0004:000001ec       __imp__SetFilePointer@16   006921ec     kernel32:KERNEL32.dll
 0004:000001f0       __imp__FlushFileBuffers@4  006921f0     kernel32:KERNEL32.dll
 0004:000001f4       __imp__CloseHandle@4       006921f4     kernel32:KERNEL32.dll
 0004:000001f8       __imp__GetFileAttributesA@4 006921f8     kernel32:KERNEL32.dll
 0004:000001fc       __imp__VirtualAlloc@16     006921fc     kernel32:KERNEL32.dll
 0004:00000200       __imp__HeapReAlloc@16      00692200     kernel32:KERNEL32.dll
 0004:00000204       __imp__IsBadWritePtr@8     00692204     kernel32:KERNEL32.dll
 0004:00000208       __imp__GetCPInfo@8         00692208     kernel32:KERNEL32.dll
 0004:0000020c       __imp__GetACP@0            0069220c     kernel32:KERNEL32.dll
 0004:00000210       __imp__GetOEMCP@0          00692210     kernel32:KERNEL32.dll
 0004:00000214       __imp__LoadLibraryA@4      00692214     kernel32:KERNEL32.dll
 0004:00000218       __imp__MultiByteToWideChar@24 00692218     kernel32:KERNEL32.dll
 0004:0000021c       __imp__LCMapStringA@24     0069221c     kernel32:KERNEL32.dll
 0004:00000220       __imp__LCMapStringW@24     00692220     kernel32:KERNEL32.dll
 0004:00000224       __imp__GetStringTypeA@20   00692224     kernel32:KERNEL32.dll
 0004:00000228       __imp__GetStringTypeW@16   00692228     kernel32:KERNEL32.dll
 0004:0000022c       __imp__CompareStringA@24   0069222c     kernel32:KERNEL32.dll
 0004:00000230       __imp__CompareStringW@24   00692230     kernel32:KERNEL32.dll
 0004:00000234       __imp__SetEnvironmentVariableA@8 00692234     kernel32:KERNEL32.dll
 0004:00000238       __imp__SetStdHandle@8      00692238     kernel32:KERNEL32.dll
 0004:0000023c       __imp__CreateFileA@28      0069223c     kernel32:KERNEL32.dll
 0004:00000240       __imp__GetExitCodeProcess@8 00692240     kernel32:KERNEL32.dll
 0004:00000244       __imp__WaitForSingleObject@8 00692244     kernel32:KERNEL32.dll
 0004:00000248       __imp__CreateProcessA@40   00692248     kernel32:KERNEL32.dll
 0004:0000024c       __imp__SetEndOfFile@4      0069224c     kernel32:KERNEL32.dll
 0004:00000250       \177KERNEL32_NULL_THUNK_DATA 00692250     kernel32:KERNEL32.dll

 entry point at        0001:001c96e0

